******************************************************************************
                  TI ARM Linker PC v20.2.2                     
******************************************************************************
>> Linked Sun May 30 20:59:49 2021

OUTPUT FILE NAME:   <empty_EK_TM4C1294XL_TI.out>
ENTRY POINT SYMBOL: "_c_int00"  address: 0000bc4d


MEMORY CONFIGURATION

         name            origin    length      used     unused   attr    fill
----------------------  --------  ---------  --------  --------  ----  --------
  FLASH                 00000000   00100000  00012ec2  000ed13e  R  X
  SRAM                  20000000   00040000  00004c71  0003b38f  RW X


SEGMENT ALLOCATION MAP

run origin  load origin   length   init length attrs members
----------  ----------- ---------- ----------- ----- -------
00000000    00000000    00012ed0   00012ed0    r-x
  00000000    00000000    0000003c   0000003c    r-- .resetVecs
  00000040    00000040    0000ef6a   0000ef6a    r-x .text
  0000efb0    0000efb0    00003af4   00003af4    r-- .const
  00012aa8    00012aa8    00000428   00000428    r-- .cinit
20000000    20000000    00004c78   00000000    rw-
  20000000    20000000    00000360   00000000    rw- .vecs
  20000360    20000360    000033f5   00000000    rw- .bss
  20003758    20003758    00000d1c   00000000    rw- .data
  20004478    20004478    00000800   00000000    rw- .stack


SECTION ALLOCATION MAP

 output                                  attributes/
section   page    origin      length       input sections
--------  ----  ----------  ----------   ----------------
.text      0    00000040    0000ef6a     
                  00000040    00000a4e     rtsv7M4_T_le_v4SPD16_eabi.lib : _printfi.c.obj (.text:__TI_printfi)
                  00000a8e    00000002     motorCode.obj (.text:ADCFxn)
                  00000a90    000009c0     rtsv7M4_T_le_v4SPD16_eabi.lib : e_pow.c.obj (.text:pow)
                  00001450    000006ac     MotorLib.lib : motorlib.obj (.text)
                  00001afc    00000004     driverlib.lib : i2c.obj (.text:I2CMasterControl)
                  00001b00    00000430     sysbios.aem4f : BIOS.obj (.text:ti_sysbios_family_arm_m3_Hwi_excDumpRegs__I)
                  00001f30    00000390     grlib_demo.obj (.text:drawGraphPoint)
                  000022c0    00000374     grlib.lib : image.obj (.text:InternalImageDraw)
                  00002634    00000004     driverlib.lib : i2c.obj (.text:I2CMasterDataGet)
                  00002638    0000034c     sysbios.aem4f : BIOS.obj (.text:ti_sysbios_knl_Event_pend__E)
                  00002984    0000034c     ti.targets.arm.rtsarm.aem4f : System.oem4f (.text:xdc_runtime_System_doPrint__I)
                  00002cd0    000002f8     grlib.lib : image.obj (.text:PixelTransparentDraw)
                  00002fc8    000002d0     sysbios.aem4f : BIOS.obj (.text:ti_sysbios_knl_Semaphore_pend__E)
                  00003298    00000270     rtsv7M4_T_le_v4SPD16_eabi.lib : _printfi.c.obj (.text:_pconv_a)
                  00003508    0000026c     sysbios.aem4f : BIOS.obj (.text:ti_sysbios_heaps_HeapMem_free__E)
                  00003774    00000268     touch.obj (.text:TouchScreenDebouncer)
                  000039dc    00000254     grlib.lib : string.obj (.text:GrFontGlyphRender)
                  00003c30    00000250     sysbios.aem4f : BIOS.obj (.text:ti_sysbios_heaps_HeapMem_alloc__E)
                  00003e80    00000234                   : BIOS.obj (.text:ti_sysbios_knl_Task_Instance_finalize__E)
                  000040b4    0000020c     drivers_tivaware.aem4f : UARTTiva.oem4f (.text:UARTTiva_open)
                  000042c0    00000204     Boot.aem4f : Boot_sysctl.oem4f (.text:ti_catalog_arm_cortexm4_tiva_ce_Boot_sysCtlClockFreqSetI__I)
                  000044c4    00000200     driverlib.lib : sysctl.obj (.text:SysCtlClockFreqSet)
                  000046c4    00000004                   : i2c.obj (.text:I2CMasterDataPut)
                  000046c8    000001f4     sysbios.aem4f : BIOS.obj (.text:ti_sysbios_family_arm_m3_Hwi_excHandlerMax__I)
                  000048bc    00000004     driverlib.lib : uart.obj (.text:UARTIntClear)
                  000048c0    000001f0     sysbios.aem4f : BIOS.obj (.text:ti_sysbios_knl_Task_sleep__E)
                  00004ab0    000001e4     Kentec320x240x16_ssd2119_spi.obj (.text:Kentec320x240x16_SSD2119Init)
                  00004c94    000001dc     Kentec320x240x16_ssd2119_spi.obj (.text:Kentec320x240x16_SSD2119PixelDrawMultiple)
                  00004e70    000001d4     grlib_demo.obj (.text:OnGraphsPage)
                  00005044    000001d0     rtsv7M4_T_le_v4SPD16_eabi.lib : _printfi.c.obj (.text:_pconv_g)
                  00005214    00000004     grlib.lib : widget.obj (.text:WidgetDefaultMsgProc)
                  00005218    000001c0     sysbios.aem4f : BIOS.obj (.text:ti_sysbios_knl_Task_Instance_init__E)
                  000053d8    000001b6     rtsv7M4_T_le_v4SPD16_eabi.lib : fd_add_t2.asm.obj (.text)
                  0000558e    00000002                                   : _lock.c.obj (.text:_nop)
                  00005590    000001a4     pinout.obj (.text:PinoutSet)
                  00005734    00000190     grlib.lib : canvas.obj (.text:CanvasPaint)
                  000058c4    00000180     motorCode.obj (.text:motorFxn)
                  00005a44    0000017e     grlib.lib : pushbutton.obj (.text:RectangularButtonPaint)
                  00005bc2    00000002     rtsv7M4_T_le_v4SPD16_eabi.lib : div0.asm.obj (.text)
                  00005bc4    00000178     touch.obj (.text:TouchScreenIntHandler)
                  00005d3c    00000174     motorCode.obj (.text:initMotor)
                  00005eb0    00000174     sysbios.aem4f : BIOS.obj (.text:ti_sysbios_family_arm_m3_Hwi_excBusFault__I)
                  00006024    00000170     drivers_tivaware.aem4f : PWMTiva.oem4f (.text:PWMTiva_open)
                  00006194    00000168     sensors_api.obj (.text:taskAcceleration)
                  000062fc    00000004     rtsv7M4_T_le_v4SPD16_eabi.lib : exit.c.obj (.text:abort:abort)
                  00006300    00000164     sysbios.aem4f : BIOS.obj (.text:ti_sysbios_family_arm_m3_Hwi_excUsageFault__I)
                  00006464    0000015c     motorCode.obj (.text:initHallABC)
                  000065c0    00000158     grlib_demo.obj (.text:initWidgets)
                  00006718    00000158     rtsv7M4_T_le_v4SPD16_eabi.lib : e_sqrt.c.obj (.text:sqrt)
                  00006870    00000150     drivers_tivaware.aem4f : GPIOTiva.oem4f (.text:GPIO_setConfig)
                  000069c0    00000148     sysbios.aem4f : BIOS.obj (.text:ti_sysbios_family_arm_m3_Hwi_excMemFault__I)
                  00006b08    0000013c     rtsv7M4_T_le_v4SPD16_eabi.lib : _printfi.c.obj (.text:_pconv_e)
                  00006c44    00000004     empty_pem4f.oem4f (.text:ti_sysbios_BIOS_RtsGateProxy_enter__E)
                  00006c48    0000013c     sysbios.aem4f : BIOS.obj (.text:ti_sysbios_heaps_HeapMem_Instance_init__E)
                  00006d84    00000136     rtsv7M4_T_le_v4SPD16_eabi.lib : fd_div_t2.asm.obj (.text)
                  00006eba    00000132     driverlib.lib : gpio.obj (.text:GPIOPadConfigSet)
                  00006fec    00000124     rtsv7M4_T_le_v4SPD16_eabi.lib : _printfi.c.obj (.text:fcvt)
                  00007110    00000120     sysbios.aem4f : BIOS.obj (.text:ti_sysbios_family_arm_lm4_Timer_start__E)
                  00007230    0000011c     grlib_demo.obj (.text:OnSettingsPage)
                  0000734c    00000004     empty_pem4f.oem4f (.text:ti_sysbios_BIOS_RtsGateProxy_leave__E)
                  00007350    0000011c     sysbios.aem4f : BIOS.obj (.text:ti_sysbios_knl_Clock_Instance_init__E)
                  0000746c    00000118     ti.targets.arm.rtsarm.aem4f : Error.oem4f (.text:xdc_runtime_Error_policyDefault__E)
                  00007584    00000114     drivers_tivaware.aem4f : PWMTimerTiva.oem4f (.text:PWMTimerTiva_open)
                  00007698    00000114     sensors_api.obj (.text:initAcceleration)
                  000077ac    00000110     rtsv7M4_T_le_v4SPD16_eabi.lib : s_scalbn.c.obj (.text:scalbn)
                  000078bc    0000010c     Kentec320x240x16_ssd2119_spi.obj (.text:Kentec320x240x16_SSD2119RectFill)
                  000079c8    0000010c     touch.obj (.text:TouchScreenInit)
                  00007ad4    00000106     grlib.lib : line.obj (.text:GrLineDraw)
                  00007bda    00000002     empty_pem4f.oem4f (.text:ti_sysbios_BIOS_nullFunc__I)
                  00007bdc    00000104     motorCode.obj (.text:filterFxn)
                  00007ce0    00000104     sysbios.aem4f : BIOS.obj (.text:ti_sysbios_knl_Event_post__E)
                  00007de4    00000100     ti.targets.arm.rtsarm.aem4f : Core-mem.oem4f (.text:xdc_runtime_Core_createObject__I)
                  00007ee4    000000fc     rtsv7M4_T_le_v4SPD16_eabi.lib : fd_mul_t2.asm.obj (.text)
                  00007fe0    000000f8     bmi160.obj (.text:getAccelVector)
                  000080d8    000000f8     ti.targets.arm.rtsarm.aem4f : Startup.oem4f (.text:xdc_runtime_Startup_startMods__I)
                  000081d0    000000f8     empty_pem4f.oem4f (.text:xdc_runtime_System_printfExtend__I)
                  000082c8    000000f4     sysbios.aem4f : m3_Hwi_asm.obj (.text:ti_sysbios_family_arm_m3_Hwi_dispatch__I)
                  000083bc    000000f2     grlib.lib : pushbutton.obj (.text:RectangularButtonClick)
                  000084ae    000000f0     drivers_tivaware.aem4f : PWMTiva.oem4f (.text:PWMTiva_setDuty)
                  0000859e    00000002     empty_pem4f.oem4f (.text:xdc_runtime_Startup_reset__I)
                  000085a0    000000f0     empty.obj (.text:main)
                  00008690    000000ec     sysbios.aem4f : BIOS.obj (.text:ti_sysbios_knl_Semaphore_post__E)
                  0000877c    000000e8     grlib.lib : widget.obj (.text:WidgetMessageQueueAdd)
                  00008864    000000e0     drivers_tivaware.aem4f : I2CTiva.oem4f (.text:I2CTiva_open)
                  00008944    000000d6                            : I2CTiva.oem4f (.text:I2CTiva_hwiFxn)
                  00008a1a    00000002     --HOLE-- [fill = 0]
                  00008a1c    000000d0     motorCode.obj (.text:HallFxn)
                  00008aec    000000cc     ti.targets.arm.rtsarm.aem4f : Core-smem.oem4f (.text:xdc_runtime_Core_constructObject__I)
                  00008bb8    000000c2     bmi160.obj (.text:BMI160Init)
                  00008c7a    000000c0     grlib.lib : string.obj (.text:GrDefaultStringRenderer)
                  00008d3a    00000006     driverlib.lib : gpio.obj (.text:GPIOIntClear)
                  00008d40    000000bc     sysbios.aem4f : BIOS.obj (.text:ti_sysbios_family_arm_m3_Hwi_excDebugMon__I)
                  00008dfc    00000004                   : BIOS.obj (.text:ti_sysbios_family_arm_lm4_Timer_masterEnable__I)
                  00008e00    000000bc                   : BIOS.obj (.text:ti_sysbios_family_arm_m3_Hwi_excHardFault__I)
                  00008ebc    000000b8     EK_TM4C1294XL.obj (.text:EK_TM4C1294XL_initGeneral)
                  00008f74    000000b8     grlib.lib : line.obj (.text:GrLineClip)
                  0000902c    000000b8     Kentec320x240x16_ssd2119_spi.obj (.text:InitSPILCDInterface)
                  000090e4    000000b8     drivers_tivaware.aem4f : PWMTimerTiva.oem4f (.text:PWMTimerTiva_setDuty)
                  0000919c    000000b4     grlib_demo.obj (.text:OnDecrease)
                  00009250    000000b4     grlib.lib : widget.obj (.text:WidgetMessageSendPostOrder)
                  00009304    00000004     empty_pem4f.oem4f (.text:ti_sysbios_family_arm_m3_Hwi_destruct)
                  00009308    000000b4     sysbios.aem4f : BIOS.obj (.text:ti_sysbios_gates_GateMutex_enter__E)
                  000093bc    00000004     empty_pem4f.oem4f (.text:ti_sysbios_family_arm_m3_TaskSupport_Module__startupDone__S)
                  000093c0    000000b4     sysbios.aem4f : BIOS.obj (.text:ti_sysbios_knl_Task_checkStacks__E)
                  00009474    000000b1     rtsv7M4_T_le_v4SPD16_eabi.lib : _printfi.c.obj (.text:_ltostr)
                  00009525    00000003     --HOLE-- [fill = 0]
                  00009528    000000b0     grlib_demo.obj (.text:OnIncrease)
                  000095d8    000000b0     sensors_api.obj (.text:initSensors)
                  00009688    000000ac     drivers_tivaware.aem4f : UARTTiva.oem4f (.text:readTaskBlocking)
                  00009734    00000004     empty_pem4f.oem4f (.text:ti_sysbios_hal_Hwi_HwiProxy_delete)
                  00009738    000000ac     sysbios.aem4f : BIOS.obj (.text:ti_sysbios_family_arm_lm4_Timer_enableTiva__I)
                  000097e4    00000004     empty_pem4f.oem4f (.text:ti_sysbios_heaps_HeapMem_Module_GateProxy_enter__E)
                  000097e8    000000a8     sysbios.aem4f : BIOS.obj (.text:ti_sysbios_family_arm_lm4_Timer_enableTimers__I)
                  00009890    000000a4                   : BIOS.obj (.text:ti_sysbios_knl_Clock_Instance_finalize__E)
                  00009934    000000a0     auto_init.aem4f : auto_init.oem4f (.text)
                  000099d4    000000a0     ti.targets.arm.rtsarm.aem4f : Text.oem4f (.text:xdc_runtime_Text_putMod__E)
                  00009a74    0000009c     grlib_demo.obj (.text:OnStartMotor)
                  00009b10    0000009c     motorCode.obj (.text:PIControlFxn)
                  00009bac    0000009c     rtsv7M4_T_le_v4SPD16_eabi.lib : memcpy_t2.asm.obj (.text)
                  00009c48    0000009c     sysbios.aem4f : BIOS.obj (.text:ti_sysbios_knl_Semaphore_Instance_init__E)
                  00009ce4    0000009a     ti.targets.arm.rtsarm.aem4f : Text.oem4f (.text:xdc_runtime_Text_putSite__E)
                  00009d7e    00000098     drivers_tivaware.aem4f : UARTTiva.oem4f (.text:UARTTiva_readPolling)
                  00009e16    00000002     --HOLE-- [fill = 0]
                  00009e18    00000098     Boot.aem4f : Boot.oem4f (.text:ti_catalog_arm_cortexm4_tiva_ce_Boot_sysCtlClockFreqSet__E)
                  00009eb0    00000096     rtsv7M4_T_le_v4SPD16_eabi.lib : ull_div_t2.asm.obj (.text)
                  00009f46    00000094     drivers_tivaware.aem4f : UARTTiva.oem4f (.text:UARTTiva_write)
                  00009fda    00000006     driverlib.lib : gpio.obj (.text:GPIOPinRead)
                  00009fe0    00000094     sysbios.aem4f : BIOS.obj (.text:ti_sysbios_family_arm_m3_Hwi_Instance_init__E)
                  0000a074    00000004     empty_pem4f.oem4f (.text:ti_sysbios_heaps_HeapMem_Module_GateProxy_leave__E)
                  0000a078    00000094     sysbios.aem4f : BIOS.obj (.text:ti_sysbios_family_arm_m3_Hwi_initNVIC__E)
                  0000a10c    00000004     empty_pem4f.oem4f (.text:ti_sysbios_knl_Clock_TimerProxy_getMaxTicks__E)
                  0000a110    00000094     sysbios.aem4f : BIOS.obj (.text:ti_sysbios_knl_Task_postInit__I)
                  0000a1a4    0000008c     drivers_tivaware.aem4f : GPIOTiva.oem4f (.text:GPIO_init)
                  0000a230    0000008c                            : UARTTiva.oem4f (.text:UARTTiva_control)
                  0000a2bc    0000008c     motorCode.obj (.text:accelLimitFxn)
                  0000a348    0000008c     sysbios.aem4f : m3_TaskSupport_asm.obj (.text:ti_sysbios_family_arm_m3_TaskSupport_buildTaskStack)
                  0000a3d4    0000008a     drivers_tivaware.aem4f : UARTTiva.oem4f (.text:readIsrTextBlocking)
                  0000a45e    00000002     --HOLE-- [fill = 0]
                  0000a460    00000088                            : PWMTiva.oem4f (.text:PWMTiva_control)
                  0000a4e8    00000088     grlib_demo.obj (.text:initUI)
                  0000a570    00000086     grlib.lib : rectangle.obj (.text:GrRectFill)
                  0000a5f6    00000086     rtsv7M4_T_le_v4SPD16_eabi.lib : fd_cmp_t2.asm.obj (.text:__aeabi_cdcmple)
                  0000a67c    00000086                                   : fd_cmp_t2.asm.obj (.text:__aeabi_cdrcmple)
                  0000a702    00000006     driverlib.lib : gpio.obj (.text:GPIOPinWrite)
                  0000a708    00000084     sysbios.aem4f : BIOS.obj (.text:ti_sysbios_family_arm_m3_Hwi_postInit__I)
                  0000a78c    00000082     drivers_tivaware.aem4f : UARTTiva.oem4f (.text:readIsrTextCallback)
                  0000a80e    0000007e                            : I2CTiva.oem4f (.text:I2CTiva_transfer)
                  0000a88c    0000007a     driverlib.lib : adc.obj (.text:ADCSequenceStepConfigure)
                  0000a906    0000007a     drivers_tivaware.aem4f : UARTTiva.oem4f (.text:readTaskCallback)
                  0000a980    0000007a     rtsv7M4_T_le_v4SPD16_eabi.lib : memset_t2.asm.obj (.text)
                  0000a9fa    00000006     grlib.lib : string.obj (.text:GrContextFontSet)
                  0000aa00    00000074     sysbios.aem4f : BIOS.obj (.text:ti_sysbios_knl_Clock_start__E)
                  0000aa74    00000004     empty_pem4f.oem4f (.text:ti_sysbios_knl_Clock_destruct)
                  0000aa78    00000070     sysbios.aem4f : BIOS.obj (.text:ti_sysbios_knl_Clock_workFunc__E)
                  0000aae8    00000070                   : BIOS.obj (.text:ti_sysbios_knl_Task_exit__E)
                  0000ab58    0000006e     rtsv7M4_T_le_v4SPD16_eabi.lib : _printfi.c.obj (.text:_mcpy)
                  0000abc6    0000006e                                   : fd_tos_t2.asm.obj (.text)
                  0000ac34    0000006d     ti.targets.arm.rtsarm.aem4f : System.oem4f (.text:xdc_runtime_System_formatNum__I)
                  0000aca1    00000003     --HOLE-- [fill = 0]
                  0000aca4    0000006c     drivers_tivaware.aem4f : PWMTimerTiva.oem4f (.text:PWMTimerTiva_control)
                  0000ad10    0000006c     empty_pem4f.oem4f (.text:ti_sysbios_family_arm_m3_Hwi_Object__create__S)
                  0000ad7c    00000004     empty_pem4f.oem4f (.text:ti_sysbios_knl_Queue_destruct)
                  0000ad80    0000006c     sysbios.aem4f : BIOS.obj (.text:ti_sysbios_knl_Swi_restoreHwi__E)
                  0000adec    0000006c     drivers_tivaware.aem4f : UARTTiva.oem4f (.text:writeData)
                  0000ae58    0000006c     ti.targets.arm.rtsarm.aem4f : Error.oem4f (.text:xdc_runtime_Error_print__E)
                  0000aec4    0000006c                                 : Memory.oem4f (.text:xdc_runtime_Memory_alloc__E)
                  0000af30    0000006a     drivers_tivaware.aem4f : PWMTiva.oem4f (.text:PWMTiva_close)
                  0000af9a    00000002     --HOLE-- [fill = 0]
                  0000af9c    00000068     grlib.lib : context.obj (.text:GrContextInit)
                  0000b004    00000068               : string.obj (.text:GrStringWidthGet)
                  0000b06c    00000068     driverlib.lib : interrupt.obj (.text:IntEnable)
                  0000b0d4    00000068     Kentec320x240x16_ssd2119_spi.obj (.text:Kentec320x240x16_SSD2119LineDrawH)
                  0000b13c    00000068     Kentec320x240x16_ssd2119_spi.obj (.text:Kentec320x240x16_SSD2119LineDrawV)
                  0000b1a4    00000068     rtsv7M4_T_le_v4SPD16_eabi.lib : copy_decompress_lzss.c.obj (.text:decompress:lzss:__TI_decompress_lzss)
                  0000b20c    00000066     grlib.lib : context.obj (.text:GrContextClipRegionSet)
                  0000b272    00000066               : rectangle.obj (.text:GrRectDraw)
                  0000b2d8    00000066     ti.targets.arm.rtsarm.aem4f : Core-mem.oem4f (.text:xdc_runtime_Core_deleteObject__I)
                  0000b33e    00000002     --HOLE-- [fill = 0]
                  0000b340    00000064     drivers_tivaware.aem4f : GPIOTiva.oem4f (.text:GPIO_hwiIntFxn)
                  0000b3a4    00000064     grlib_demo.obj (.text:OnGraphsMain)
                  0000b408    00000064     grlib.lib : widget.obj (.text:WidgetMessageQueueProcess)
                  0000b46c    00000064     rtsv7M4_T_le_v4SPD16_eabi.lib : s_frexp.c.obj (.text:frexp)
                  0000b4d0    00000064     sysbios.aem4f : BIOS.obj (.text:ti_sysbios_family_arm_lm4_Timer_Module_startup__E)
                  0000b534    00000064     empty_pem4f.oem4f (.text:ti_sysbios_family_arm_m3_Hwi_create)
                  0000b598    00000064     sysbios.aem4f : BIOS.obj (.text:ti_sysbios_family_arm_m3_Hwi_dispatchC__I)
                  0000b5fc    00000064     empty_pem4f.oem4f (.text:ti_sysbios_hal_Hwi_create)
                  0000b660    00000062     drivers_tivaware.aem4f : I2CTiva.oem4f (.text:I2CTiva_primeTransfer)
                  0000b6c2    00000002     --HOLE-- [fill = 0]
                  0000b6c4    00000060     driverlib.lib : timer.obj (.text:TimerConfigure)
                  0000b724    00000060     Kentec320x240x16_ssd2119_spi.obj (.text:WriteDataSPI)
                  0000b784    00000060     motorCode.obj (.text:statesFxn)
                  0000b7e4    00000004     empty_pem4f.oem4f (.text:ti_sysbios_knl_Semaphore_destruct)
                  0000b7e8    00000060     sysbios.aem4f : BIOS.obj (.text:ti_sysbios_knl_Task_schedule__I)
                  0000b848    0000005f     bmi160.obj (.text:writeI2C)
                  0000b8a7    00000001     --HOLE-- [fill = 0]
                  0000b8a8    0000005e     grlib.lib : widget.obj (.text:WidgetMessageSendPreOrder)
                  0000b906    0000005e     drivers_tivaware.aem4f : UARTTiva.oem4f (.text:readIsrBinaryBlocking)
                  0000b964    0000005c     Kentec320x240x16_ssd2119_spi.obj (.text:WriteCommandSPI)
                  0000b9c0    0000005c     sysbios.aem4f : BIOS.obj (.text:ti_sysbios_knl_Swi_run__I)
                  0000ba1c    00000004     ti.targets.arm.rtsarm.aem4f : Error.oem4f (.text:xdc_runtime_Error_getSite__E)
                  0000ba20    0000005c     sysbios.aem4f : BIOS.obj (.text:ti_sysbios_knl_Swi_schedule__I)
                  0000ba7c    00000004     empty_pem4f.oem4f (.text:xdc_runtime_System_Module_GateProxy_enter__E)
                  0000ba80    0000005c     sysbios.aem4f : BIOS.obj (.text:ti_sysbios_knl_Task_Module_startup__E)
                  0000badc    0000005c     empty_pem4f.oem4f (.text:ti_sysbios_knl_Task_create)
                  0000bb38    0000005c     sysbios.aem4f : BIOS.obj (.text:ti_sysbios_knl_Task_startCore__E)
                  0000bb94    0000005b     ti.targets.arm.rtsarm.aem4f : Text.oem4f (.text:xdc_runtime_Text_putLab__E)
                  0000bbef    00000001     --HOLE-- [fill = 0]
                  0000bbf0    0000005a     grlib.lib : string.obj (.text:FontWideGlyphDataGet)
                  0000bc4a    00000002     --HOLE-- [fill = 0]
                  0000bc4c    00000058     boot.aem4f : boot.oem4f (.text)
                  0000bca4    00000058     rtsv7M4_T_le_v4SPD16_eabi.lib : hostwrite.c.obj (.text:HOSTwrite)
                  0000bcfc    00000058     driverlib.lib : timer.obj (.text:TimerControlTrigger)
                  0000bd54    00000058     bmi160.obj (.text:readI2C)
                  0000bdac    00000058     empty_pem4f.oem4f (.text:ti_sysbios_family_arm_m3_Hwi_construct)
                  0000be04    00000058     sysbios.aem4f : m3_Hwi_asm_switch.obj (.text:ti_sysbios_family_arm_m3_Hwi_initStacks__E)
                  0000be5c    00000056     driverlib.lib : gpio.obj (.text:GPIOIntTypeSet)
                  0000beb2    00000056     rtsv7M4_T_le_v4SPD16_eabi.lib : _printfi.c.obj (.text:_pconv_f)
                  0000bf08    00000054     EK_TM4C1294XL.obj (.text:EK_TM4C1294XL_initUART)
                  0000bf5c    00000054     rtsv7M4_T_le_v4SPD16_eabi.lib : _ltoa.c.obj (.text:__TI_ltoa)
                  0000bfb0    00000054     drivers_tivaware.aem4f : UARTTiva.oem4f (.text:readIsrBinaryCallback)
                  0000c004    00000054     ti.targets.arm.rtsarm.aem4f : Assert.oem4f (.text:xdc_runtime_Assert_raise__I)
                  0000c058    00000052     rtsv7M4_T_le_v4SPD16_eabi.lib : _printfi.c.obj (.text:_ecpy)
                  0000c0aa    00000002     --HOLE-- [fill = 0]
                  0000c0ac    00000050     motorCode.obj (.text:ADC0_Init)
                  0000c0fc    00000050     driverlib.lib : adc.obj (.text:ADCSequenceConfigure)
                  0000c14c    00000050     drivers_tivaware.aem4f : GPIOTiva.oem4f (.text:GPIO_setCallback)
                  0000c19c    00000050                            : GPIOTiva.oem4f (.text:GPIO_write)
                  0000c1ec    00000050                            : UARTTiva.oem4f (.text:UARTTiva_writeCancel)
                  0000c23c    00000050     Boot.aem4f : Boot_sysctl.oem4f (.text:_SysCtlFrequencyGet)
                  0000c28c    00000004     empty_pem4f.oem4f (.text:xdc_runtime_System_Module_GateProxy_leave__E)
                  0000c290    00000050     sysbios.aem4f : BIOS.obj (.text:ti_sysbios_family_arm_m3_Hwi_Module_startup__E)
                  0000c2e0    00000050     ti.targets.arm.rtsarm.aem4f : Startup.oem4f (.text:xdc_runtime_Startup_exec__E)
                  0000c330    00000050                                 : Text.oem4f (.text:xdc_runtime_Text_visitRope2__I)
                  0000c380    0000004c     driverlib.lib : i2c.obj (.text:I2CMasterInitExpClk)
                  0000c3cc    0000004c     drivers_tivaware.aem4f : UARTTiva.oem4f (.text:UARTTiva_close)
                  0000c418    0000004c     grlib.lib : widget.obj (.text:WidgetRemove)
                  0000c464    0000004c     rtsv7M4_T_le_v4SPD16_eabi.lib : atoi.c.obj (.text:atoi)
                  0000c4b0    0000004c                                   : cpy_tbl.c.obj (.text:copy_in)
                  0000c4fc    0000004c     grlib_demo.obj (.text:drawSettingValue)
                  0000c548    0000004c     motorCode.obj (.text:initUART)
                  0000c594    00000004     ti.targets.arm.rtsarm.aem4f : System.oem4f (.text:xdc_runtime_System_aprintf_va__F)
                  0000c598    0000004c     sysbios.aem4f : BIOS.obj (.text:ti_sysbios_family_arm_lm4_Timer_setAvailMask__E)
                  0000c5e4    00000004     ti.targets.arm.rtsarm.aem4f : System.oem4f (.text:xdc_runtime_System_printf_va__F)
                  0000c5e8    0000004c     sysbios.aem4f : BIOS.obj (.text:ti_sysbios_heaps_HeapMem_getStats__E)
                  0000c634    00000004     --HOLE-- [fill = 0]
                  0000c638    0000004c                   : BIOS.obj (.text:ti_sysbios_knl_Swi_runLoop__I)
                  0000c684    00000004     --HOLE-- [fill = 0]
                  0000c688    0000004c                   : BIOS.obj (.text:ti_sysbios_knl_Task_allBlockedFunction__I)
                  0000c6d4    0000004a     drivers_tivaware.aem4f : PWMTimerTiva.oem4f (.text:PWMTimerTiva_close)
                  0000c71e    0000004a     grlib.lib : string.obj (.text:UpdateContextCharMapping)
                  0000c768    00000048     driverlib.lib : gpio.obj (.text:GPIOPinConfigure)
                  0000c7b0    00000048                   : sysctl.obj (.text:_SysCtlFrequencyGet)
                  0000c7f8    00000048     bmi160.obj (.text:accelThreshold)
                  0000c840    00000048     rtsv7M4_T_le_v4SPD16_eabi.lib : fd_toi_t2.asm.obj (.text)
                  0000c888    00000048     sysbios.aem4f : BIOS.obj (.text:ti_sysbios_family_arm_m3_Hwi_disableInterrupt__E)
                  0000c8d0    00000048                   : BIOS.obj (.text:ti_sysbios_family_arm_m3_Hwi_enableInterrupt__E)
                  0000c918    00000048                   : BIOS.obj (.text:ti_sysbios_family_arm_m3_Hwi_excReserved__I)
                  0000c960    00000046     grlib.lib : line.obj (.text:GrLineDrawH)
                  0000c9a6    00000046               : line.obj (.text:GrLineDrawV)
                  0000c9ec    00000046     Kentec320x240x16_ssd2119_spi.obj (.text:Kentec320x240x16_SSD2119PixelDraw)
                  0000ca32    00000046     drivers_tivaware.aem4f : RingBuf.oem4f (.text:RingBuf_put)
                  0000ca78    00000046     driverlib.lib : uart.obj (.text:UARTConfigSetExpClk)
                  0000cabe    00000046     ti.targets.arm.rtsarm.aem4f : Core-params.oem4f (.text:xdc_runtime_Core_assignParams__I)
                  0000cb04    00000004     --HOLE-- [fill = 0]
                  0000cb08    00000044     sysbios.aem4f : BIOS.obj (.text:ti_sysbios_family_arm_lm4_Timer_isrStub__E)
                  0000cb4c    00000004     --HOLE-- [fill = 0]
                  0000cb50    00000044                   : BIOS.obj (.text:ti_sysbios_family_arm_m3_Hwi_getStackInfo__E)
                  0000cb94    00000004     --HOLE-- [fill = 0]
                  0000cb98    00000044                   : BIOS.obj (.text:ti_sysbios_knl_Swi_post__E)
                  0000cbdc    00000044     ti.targets.arm.rtsarm.aem4f : Error.oem4f (.text:xdc_runtime_Error_setX__E)
                  0000cc20    00000044                                 : SysMin.oem4f (.text:xdc_runtime_SysMin_flush__E)
                  0000cc64    00000044                                 : Text.oem4f (.text:xdc_runtime_Text_xprintf__I)
                  0000cca8    00000042     drivers_tivaware.aem4f : UARTTiva.oem4f (.text:UARTTiva_hwiIntFxn)
                  0000ccea    00000042                            : UARTTiva.oem4f (.text:UARTTiva_writePolling)
                  0000cd2c    00000040     grlib_demo.obj (.text:OnMainMenu)
                  0000cd6c    00000040     grlib_demo.obj (.text:OnSettingsMain)
                  0000cdac    00000040     drivers_tivaware.aem4f : RingBuf.oem4f (.text:RingBuf_get)
                  0000cdec    00000040                            : UARTTiva.oem4f (.text:UARTTiva_read)
                  0000ce2c    00000040     rtsv7M4_T_le_v4SPD16_eabi.lib : u_divt2.asm.obj (.text)
                  0000ce6c    00000040                                   : sprintf.c.obj (.text:sprintf)
                  0000ceac    00000004     --HOLE-- [fill = 0]
                  0000ceb0    00000040     sysbios.aem4f : BIOS.obj (.text:ti_sysbios_family_arm_lm4_Timer_startup__E)
                  0000cef0    0000003e     rtsv7M4_T_le_v4SPD16_eabi.lib : _printfi.c.obj (.text:_fcpy)
                  0000cf2e    00000002     --HOLE-- [fill = 0]
                  0000cf30    0000003c     EK_TM4C1294XL.obj (.text:EK_TM4C1294XL_initI2C)
                  0000cf6c    0000003c     driverlib.lib : ssi.obj (.text:SSIConfigSetExpClk)
                  0000cfa8    0000003c     sysbios.aem4f : BIOS.obj (.text:ti_sysbios_family_arm_m3_Hwi_excSvCall__I)
                  0000cfe4    00000004     --HOLE-- [fill = 0]
                  0000cfe8    0000003c                   : BIOS.obj (.text:ti_sysbios_heaps_HeapMem_init__I)
                  0000d024    00000004     --HOLE-- [fill = 0]
                  0000d028    0000003c                   : BIOS.obj (.text:ti_sysbios_knl_Swi_restore__E)
                  0000d064    0000003a     grlib.lib : string.obj (.text:FontGlyphDataGet)
                  0000d09e    0000003a     drivers_tivaware.aem4f : I2CTiva.oem4f (.text:I2CTiva_completeTransfer)
                  0000d0d8    00000038                            : I2C.oem4f (.text:I2C_init)
                  0000d110    00000038                            : PWM.oem4f (.text:PWM_init)
                  0000d148    00000038     driverlib.lib : sysctl.obj (.text:SysCtlPeripheralReady)
                  0000d180    00000038     drivers_tivaware.aem4f : UART.oem4f (.text:UART_init)
                  0000d1b8    00000038     rtsv7M4_T_le_v4SPD16_eabi.lib : trgmsg.c.obj (.text:__TI_writemsg)
                  0000d1f0    00000038                                   : fs_tod_t2.asm.obj (.text)
                  0000d228    00000038     motorCode.obj (.text:startMotor)
                  0000d260    00000038     sysbios.aem4f : BIOS.obj (.text:ti_sysbios_family_arm_m3_Hwi_excNoIsr__I)
                  0000d298    00000038     empty_pem4f.oem4f (.text:ti_sysbios_knl_Clock_create)
                  0000d2d0    00000038     sysbios.aem4f : BIOS.obj (.text:ti_sysbios_knl_Task_processVitalTaskFlag__I)
                  0000d308    00000038     ti.targets.arm.rtsarm.aem4f : SysMin.oem4f (.text:xdc_runtime_SysMin_putch__E)
                  0000d340    00000038                                 : System.oem4f (.text:xdc_runtime_System_atexit__E)
                  0000d378    00000036     grlib.lib : line.obj (.text:GrClipCodeGet)
                  0000d3ae    00000036     drivers_tivaware.aem4f : I2CTiva.oem4f (.text:I2CTiva_close)
                  0000d3e4    00000036                            : UARTTiva.oem4f (.text:UARTTiva_readCancel)
                  0000d41a    00000002     --HOLE-- [fill = 0]
                  0000d41c    00000034     driverlib.lib : sysctl.obj (.text:SysCtlPeripheralEnable)
                  0000d450    00000034     rtsv7M4_T_le_v4SPD16_eabi.lib : trgmsg.c.obj (.text:__TI_readmsg)
                  0000d484    00000004     --HOLE-- [fill = 0]
                  0000d488    00000034     sysbios.aem4f : BIOS.obj (.text:ti_sysbios_family_arm_m3_Hwi_Instance_finalize__E)
                  0000d4bc    00000004     --HOLE-- [fill = 0]
                  0000d4c0    00000034                   : BIOS.obj (.text:ti_sysbios_family_arm_m3_Hwi_excNmi__I)
                  0000d4f4    00000004     --HOLE-- [fill = 0]
                  0000d4f8    00000034                   : BIOS.obj (.text:ti_sysbios_hal_Hwi_checkStack)
                  0000d52c    00000034     empty_pem4f.oem4f (.text:ti_sysbios_knl_Clock_construct)
                  0000d560    00000034     ti.targets.arm.rtsarm.aem4f : Core-label.oem4f (.text:xdc_runtime_Core_assignLabel__I)
                  0000d594    00000033                                 : Text.oem4f (.text:xdc_runtime_Text_printVisFxn__I)
                  0000d5c7    00000001     --HOLE-- [fill = 0]
                  0000d5c8    00000032     sysbios.aem4f : BIOS.obj (.text:ti_sysbios_hal_Hwi_initStack)
                  0000d5fa    00000002     --HOLE-- [fill = 0]
                  0000d5fc    00000030     drivers_tivaware.aem4f : GPIOTiva.oem4f (.text:GPIO_enableInt)
                  0000d62c    00000030                            : GPIOTiva.oem4f (.text:GPIO_read)
                  0000d65c    00000030                            : I2C.oem4f (.text:I2C_open)
                  0000d68c    00000030     grlib_demo.obj (.text:OnGraphAcceleration)
                  0000d6bc    00000030     drivers_tivaware.aem4f : PWMTiva.oem4f (.text:PWMTiva_init)
                  0000d6ec    00000030                            : PWM.oem4f (.text:PWM_open)
                  0000d71c    00000030                            : UART.oem4f (.text:UART_open)
                  0000d74c    00000030     sensors_api.obj (.text:accelEStopIntterupt)
                  0000d77c    00000030     motorCode.obj (.text:readABC)
                  0000d7ac    00000030     empty_pem4f.oem4f (.text:ti_sysbios_BIOS_atExitFunc__I)
                  0000d7dc    00000004     --HOLE-- [fill = 0]
                  0000d7e0    00000030     sysbios.aem4f : BIOS.obj (.text:ti_sysbios_family_arm_lm4_Timer_stop__E)
                  0000d810    00000030                   : BIOS.obj (.text:ti_sysbios_family_arm_m3_TaskSupport_start__E)
                  0000d840    00000030     empty_pem4f.oem4f (.text:ti_sysbios_gates_GateHwi_Object__create__S)
                  0000d870    00000030     empty_pem4f.oem4f (.text:ti_sysbios_gates_GateHwi_create)
                  0000d8a0    00000030     empty_pem4f.oem4f (.text:ti_sysbios_gates_GateMutex_Object__create__S)
                  0000d8d0    00000030     empty_pem4f.oem4f (.text:ti_sysbios_heaps_HeapMem_Object__create__S)
                  0000d900    00000030     sysbios.aem4f : BIOS.obj (.text:ti_sysbios_knl_Event_pendTimeout__I)
                  0000d930    00000030     empty_pem4f.oem4f (.text:ti_sysbios_knl_Semaphore_construct)
                  0000d960    00000030     sysbios.aem4f : BIOS.obj (.text:ti_sysbios_knl_Semaphore_pendTimeout__I)
                  0000d990    00000030                   : BIOS.obj (.text:ti_sysbios_knl_Task_unblockI__E)
                  0000d9c0    00000030     ti.targets.arm.rtsarm.aem4f : SysMin.oem4f (.text:xdc_runtime_SysMin_abort__E)
                  0000d9f0    00000030                                 : System.oem4f (.text:xdc_runtime_System_processAtExit__E)
                  0000da20    0000002e     grlib.lib : string.obj (.text:GrStringNextCharGet)
                  0000da4e    0000002e     rtsv7M4_T_le_v4SPD16_eabi.lib : i_tofd_t2.asm.obj (.text)
                  0000da7c    0000002c     grlib.lib : string.obj (.text:GrFontBaselineGet)
                  0000daa8    0000002c               : string.obj (.text:GrFontHeightGet)
                  0000dad4    0000002c               : pushbutton.obj (.text:RectangularButtonMsgProc)
                  0000db00    0000002c               : widget.obj (.text:WidgetIsInTree)
                  0000db2c    0000002c     empty_pem4f.oem4f (.text:ti_sysbios_knl_Clock_doTick__I)
                  0000db58    0000002c     empty_pem4f.oem4f (.text:ti_sysbios_knl_Event_construct)
                  0000db84    0000002c     empty_pem4f.oem4f (.text:ti_sysbios_knl_Queue_construct)
                  0000dbb0    0000002c     sysbios.aem4f : BIOS.obj (.text:ti_sysbios_knl_Task_restore__E)
                  0000dbdc    0000002c     ti.targets.arm.rtsarm.aem4f : Text.oem4f (.text:xdc_runtime_Text_cordText__E)
                  0000dc08    0000002a     driverlib.lib : gpio.obj (.text:GPIODirModeSet)
                  0000dc32    0000002a     ti.targets.arm.rtsarm.aem4f : System.oem4f (.text:xdc_runtime_System_putchar__I)
                  0000dc5c    00000028     Kentec320x240x16_ssd2119_spi.obj (.text:Kentec320x240x16_SSD2119ColorTranslate)
                  0000dc84    00000028     grlib_demo.obj (.text:OnGraphSpeed)
                  0000dcac    00000004     --HOLE-- [fill = 0]
                  0000dcb0    00000028     sysbios.aem4f : BIOS.obj (.text:ti_sysbios_hal_Hwi_Instance_init__E)
                  0000dcd8    00000028                   : BIOS.obj (.text:ti_sysbios_knl_Swi_Module_startup__E)
                  0000dd00    00000026     grlib.lib : string.obj (.text:GrFontInfoGet)
                  0000dd26    00000026     sysbios.aem4f : m3_Hwi_asm.obj (.text:ti_sysbios_family_arm_m3_Hwi_pendSV__I)
                  0000dd4c    00000026     ti.targets.arm.rtsarm.aem4f : System.oem4f (.text:xdc_runtime_System_avprintf__E)
                  0000dd72    00000002     --HOLE-- [fill = 0]
                  0000dd74    00000024     grlib_demo.obj (.text:OnGraphLight)
                  0000dd98    00000024     grlib_demo.obj (.text:OnGraphPower)
                  0000ddbc    00000024     sensors_api.obj (.text:setAccelThreshold)
                  0000dde0    00000024     empty_pem4f.oem4f (.text:ti_sysbios_BIOS_errorRaiseHook__I)
                  0000de04    00000024     empty_pem4f.oem4f (.text:ti_sysbios_BIOS_registerRTSLock__I)
                  0000de28    00000024     empty_pem4f.oem4f (.text:ti_sysbios_BIOS_removeRTSLock__I)
                  0000de4c    00000024     empty_pem4f.oem4f (.text:ti_sysbios_BIOS_startFunc__I)
                  0000de70    00000024     empty_pem4f.oem4f (.text:ti_sysbios_gates_GateMutex_Object__delete__S)
                  0000de94    00000004     --HOLE-- [fill = 0]
                  0000de98    00000024     sysbios.aem4f : BIOS.obj (.text:ti_sysbios_knl_Clock_Module_startup__E)
                  0000debc    00000004     --HOLE-- [fill = 0]
                  0000dec0    00000024                   : BIOS.obj (.text:ti_sysbios_knl_Task_restoreHwi__E)
                  0000dee4    00000024     ti.targets.arm.rtsarm.aem4f : System.oem4f (.text:xdc_runtime_System_vprintf__E)
                  0000df08    00000022     grlib.lib : string.obj (.text:GrFontGlyphDataGet)
                  0000df2a    00000022     driverlib.lib : pwm.obj (.text:PWMGenConfigure)
                  0000df4c    00000022     drivers_tivaware.aem4f : PWMTiva.oem4f (.text:PWMTiva_getPeriodCounts)
                  0000df6e    00000002     --HOLE-- [fill = 0]
                  0000df70    00000022     sysbios.aem4f : BIOS.obj (.text:ti_sysbios_family_arm_lm4_Timer_write__I)
                  0000df92    00000022     empty_pem4f.oem4f (.text:xdc_runtime_SysMin_output__I)
                  0000dfb4    00000020     drivers_tivaware.aem4f : GPIOTiva.oem4f (.text:GPIO_clearInt)
                  0000dfd4    00000020     driverlib.lib : uart.obj (.text:UARTDisable)
                  0000dff4    00000020     Boot.aem4f : Boot_sysctl.oem4f (.text:_SysCtlMemTimingGet)
                  0000e014    00000020     driverlib.lib : sysctl.obj (.text:_SysCtlMemTimingGet)
                  0000e034    00000020     motorCode.obj (.text:setSpeed)
                  0000e054    00000020     empty_pem4f.oem4f (.text:ti_sysbios_BIOS_rtsLock__I)
                  0000e074    00000020     empty_pem4f.oem4f (.text:ti_sysbios_family_arm_m3_Hwi_Object__delete__S)
                  0000e094    00000020     sysbios.aem4f : m3_Hwi_asm.obj (.text:ti_sysbios_family_arm_m3_Hwi_excHandlerAsm__I)
                  0000e0b4    00000004     --HOLE-- [fill = 0]
                  0000e0b8    00000020                   : BIOS.obj (.text:ti_sysbios_family_arm_m3_Hwi_excHandler__I)
                  0000e0d8    00000020     empty_pem4f.oem4f (.text:ti_sysbios_gates_GateHwi_Object__delete__S)
                  0000e0f8    00000020     empty_pem4f.oem4f (.text:ti_sysbios_heaps_HeapMem_Object__delete__S)
                  0000e118    00000020     empty_pem4f.oem4f (.text:ti_sysbios_knl_Clock_Object__destruct__S)
                  0000e138    00000020     sysbios.aem4f : BIOS.obj (.text:ti_sysbios_knl_Idle_run__E)
                  0000e158    00000020     empty_pem4f.oem4f (.text:ti_sysbios_knl_Semaphore_Object__destruct__S)
                  0000e178    00000020     ti.targets.arm.rtsarm.aem4f : Registry.oem4f (.text:xdc_runtime_Registry_findById__E)
                  0000e198    00000020                                 : SysMin.oem4f (.text:xdc_runtime_SysMin_Module_startup__E)
                  0000e1b8    0000001e     grlib.lib : string.obj (.text:GrFontCodepageGet)
                  0000e1d6    0000001e     driverlib.lib : pwm.obj (.text:PWMPulseWidthSet)
                  0000e1f4    0000001e     drivers_tivaware.aem4f : PWMTiva.oem4f (.text:PWMTiva_getPeriodMicroSecs)
                  0000e212    0000001e     grlib.lib : widget.obj (.text:WidgetAdd)
                  0000e230    0000001e     sysbios.aem4f : m3_Hwi_asm_switch.obj (.text:ti_sysbios_family_xxx_Hwi_switchAndRunFunc)
                  0000e24e    00000002     --HOLE-- [fill = 0]
                  0000e250    0000001c     grlib.lib : widget.obj (.text:WidgetPointerMessage)
                  0000e26c    0000001c     drivers_tivaware.aem4f : GPIOTiva.oem4f (.text:getGpioIntIndex)
                  0000e288    0000001c     rtsv7M4_T_le_v4SPD16_eabi.lib : memccpy.c.obj (.text:memccpy)
                  0000e2a4    0000001c     empty_pem4f.oem4f (.text:ti_sysbios_family_arm_m3_Hwi_Object__destruct__S)
                  0000e2c0    0000001c     sysbios.aem4f : BIOS.obj (.text:ti_sysbios_gates_GateMutex_Instance_init__E)
                  0000e2dc    0000001c     empty_pem4f.oem4f (.text:ti_sysbios_hal_Hwi_HwiProxy_create)
                  0000e2f8    0000001c     empty_pem4f.oem4f (.text:ti_sysbios_knl_Queue_Object__destruct__S)
                  0000e314    00000004     --HOLE-- [fill = 0]
                  0000e318    0000001c     sysbios.aem4f : BIOS.obj (.text:ti_sysbios_knl_Queue_put__E)
                  0000e334    00000004     --HOLE-- [fill = 0]
                  0000e338    0000001c                   : BIOS.obj (.text:ti_sysbios_knl_Task_enter__I)
                  0000e354    0000001c     ti.targets.arm.rtsarm.aem4f : Error.oem4f (.text:xdc_runtime_Error_raiseX__E)
                  0000e370    0000001c                                 : Memory.oem4f (.text:xdc_runtime_Memory_valloc__E)
                  0000e38c    0000001c                                 : SysMin.oem4f (.text:xdc_runtime_SysMin_exit__E)
                  0000e3a8    0000001c                                 : System.oem4f (.text:xdc_runtime_System_abort__E)
                  0000e3c4    0000001a     rtsv7M4_T_le_v4SPD16_eabi.lib : s_copysign.c.obj (.text:copysign)
                  0000e3de    0000001a     empty_pem4f.oem4f (.text:ti_sysbios_family_arm_m3_Hwi_Handle__label__S)
                  0000e3f8    0000001a     empty_pem4f.oem4f (.text:ti_sysbios_gates_GateHwi_Handle__label__S)
                  0000e412    0000001a     empty_pem4f.oem4f (.text:ti_sysbios_gates_GateMutex_Handle__label__S)
                  0000e42c    0000001a     empty_pem4f.oem4f (.text:ti_sysbios_heaps_HeapMem_Handle__label__S)
                  0000e446    0000001a     empty_pem4f.oem4f (.text:ti_sysbios_knl_Swi_Handle__label__S)
                  0000e460    0000001a     empty_pem4f.oem4f (.text:ti_sysbios_knl_Task_Handle__label__S)
                  0000e47a    0000001a     empty_pem4f.oem4f (.text:xdc_runtime_System_aprintf__E)
                  0000e494    0000001a     empty_pem4f.oem4f (.text:xdc_runtime_System_printf__E)
                  0000e4ae    00000018     driverlib.lib : gpio.obj (.text:GPIOPinTypeGPIOOutput)
                  0000e4c6    00000018                   : timer.obj (.text:TimerControlLevel)
                  0000e4de    00000002     --HOLE-- [fill = 0]
                  0000e4e0    00000018                   : timer.obj (.text:TimerDisable)
                  0000e4f8    00000018     drivers_tivaware.aem4f : UART.oem4f (.text:UART_Params_init)
                  0000e510    00000018     rtsv7M4_T_le_v4SPD16_eabi.lib : args_main.c.obj (.text:_args_main)
                  0000e528    00000018                                   : sprintf.c.obj (.text:_outs)
                  0000e540    00000018     empty.obj (.text:heartBeatFxn)
                  0000e558    00000018     empty_pem4f.oem4f (.text:ti_sysbios_BIOS_rtsUnlock__I)
                  0000e570    00000018     empty_pem4f.oem4f (.text:ti_sysbios_family_arm_lm4_Timer_Module__startupDone__F)
                  0000e588    00000018     empty_pem4f.oem4f (.text:ti_sysbios_family_arm_m3_Hwi_Module__startupDone__F)
                  0000e5a0    00000018     sysbios.aem4f : m3_TaskSupport_asm.obj (.text:ti_sysbios_family_arm_m3_TaskSupport_swap__E)
                  0000e5b8    00000018                   : BIOS.obj (.text:ti_sysbios_gates_GateMutex_leave__E)
                  0000e5d0    00000018                   : BIOS.obj (.text:ti_sysbios_knl_Task_sleepTimeout__I)
                  0000e5e8    00000018     ti.targets.arm.rtsarm.aem4f : Error.oem4f (.text:xdc_runtime_Error_check__E)
                  0000e600    00000018                                 : System.oem4f (.text:xdc_runtime_System_exit__E)
                  0000e618    00000018                                 : Text.oem4f (.text:xdc_runtime_Text_ropeText__E)
                  0000e630    00000016     grlib.lib : string.obj (.text:GrStringDraw)
                  0000e646    00000016     driverlib.lib : i2c.obj (.text:I2CMasterErr)
                  0000e65c    00000016     rtsv7M4_T_le_v4SPD16_eabi.lib : strchr.c.obj (.text:strchr)
                  0000e672    00000016     empty_pem4f.oem4f (.text:ti_sysbios_BIOS_exitFunc__I)
                  0000e688    00000016     motorCode.obj (.text:ti_sysbios_gates_GateHwi_Params_init)
                  0000e69e    00000016     motorCode.obj (.text:ti_sysbios_hal_Hwi_Params_init)
                  0000e6b4    00000016     empty.obj (.text:ti_sysbios_knl_Clock_Params_init)
                  0000e6ca    00000016     motorCode.obj (.text:ti_sysbios_knl_Clock_Params_init)
                  0000e6e0    00000016     sensors_api.obj (.text:ti_sysbios_knl_Clock_Params_init)
                  0000e6f6    00000016     motorCode.obj (.text:ti_sysbios_knl_Semaphore_Params_init)
                  0000e70c    00000016     sensors_api.obj (.text:ti_sysbios_knl_Semaphore_Params_init)
                  0000e722    00000016     sensors_api.obj (.text:ti_sysbios_knl_Task_Params_init)
                  0000e738    00000014     grlib.lib : canvas.obj (.text:CanvasMsgProc)
                  0000e74c    00000014     Kentec320x240x16_ssd2119_spi.obj (.text:LED_OFF)
                  0000e760    00000014     Kentec320x240x16_ssd2119_spi.obj (.text:LED_ON)
                  0000e774    00000014     grlib_demo.obj (.text:OnSettingAcceleration)
                  0000e788    00000014     grlib_demo.obj (.text:OnSettingCurrent)
                  0000e79c    00000014     grlib_demo.obj (.text:OnSettingSpeed)
                  0000e7b0    00000014     driverlib.lib : pwm.obj (.text:PWMClockSet)
                  0000e7c4    00000014                   : sysctl.obj (.text:SysCtlPWMClockSet)
                  0000e7d8    00000014     touch.obj (.text:TouchScreenCallbackSet)
                  0000e7ec    00000014     driverlib.lib : uart.obj (.text:UARTEnable)
                  0000e800    00000014     grlib.lib : widget.obj (.text:WidgetMutexGet)
                  0000e814    00000014     empty.obj (.text:bmiHeartBeatFxn)
                  0000e828    00000014     motorCode.obj (.text:getSpeed)
                  0000e83c    00000014     rtsv7M4_T_le_v4SPD16_eabi.lib : strlen.c.obj (.text:strlen)
                  0000e850    00000014     empty_pem4f.oem4f (.text:ti_sysbios_family_arm_m3_Hwi_Object__get__S)
                  0000e864    00000004     --HOLE-- [fill = 0]
                  0000e868    00000014     sysbios.aem4f : BIOS.obj (.text:ti_sysbios_family_arm_m3_Hwi_switchFromBootStack__E)
                  0000e87c    00000014     empty_pem4f.oem4f (.text:ti_sysbios_heaps_HeapMem_Object__get__S)
                  0000e890    00000014     sysbios.aem4f : BIOS.obj (.text:ti_sysbios_knl_Event_Instance_init__E)
                  0000e8a4    00000014     empty_pem4f.oem4f (.text:ti_sysbios_knl_Swi_Object__get__S)
                  0000e8b8    00000014     motorCode.obj (.text:waitFxn)
                  0000e8cc    00000012     driverlib.lib : gpio.obj (.text:GPIOPinTypeADC)
                  0000e8de    00000012                   : gpio.obj (.text:GPIOPinTypeEthernetLED)
                  0000e8f0    00000012                   : gpio.obj (.text:GPIOPinTypeGPIOInput)
                  0000e902    00000012                   : gpio.obj (.text:GPIOPinTypeI2C)
                  0000e914    00000012                   : gpio.obj (.text:GPIOPinTypeI2CSCL)
                  0000e926    00000012                   : gpio.obj (.text:GPIOPinTypePWM)
                  0000e938    00000012                   : gpio.obj (.text:GPIOPinTypeSSI)
                  0000e94a    00000012                   : gpio.obj (.text:GPIOPinTypeTimer)
                  0000e95c    00000012                   : gpio.obj (.text:GPIOPinTypeUART)
                  0000e96e    00000012                   : gpio.obj (.text:GPIOPinTypeUSBAnalog)
                  0000e980    00000012                   : gpio.obj (.text:GPIOPinTypeUSBDigital)
                  0000e992    00000012                   : pwm.obj (.text:PWMGenPeriodGet)
                  0000e9a4    00000012                   : pwm.obj (.text:PWMOutputInvert)
                  0000e9b6    00000012                   : pwm.obj (.text:PWMOutputState)
                  0000e9c8    00000012     drivers_tivaware.aem4f : RingBuf.oem4f (.text:RingBuf_construct)
                  0000e9da    00000012     driverlib.lib : ssi.obj (.text:SSIDataGetNonBlocking)
                  0000e9ec    00000012                   : timer.obj (.text:TimerLoadSet)
                  0000e9fe    00000012                   : timer.obj (.text:TimerMatchSet)
                  0000ea10    00000012                   : timer.obj (.text:TimerPrescaleMatchSet)
                  0000ea22    00000012                   : timer.obj (.text:TimerPrescaleSet)
                  0000ea34    00000004     --HOLE-- [fill = 0]
                  0000ea38    00000012     sysbios.aem4f : BIOS.obj (.text:ti_sysbios_hal_Hwi_Module_startup__E)
                  0000ea4a    00000012     rtsv7M4_T_le_v4SPD16_eabi.lib : wcslen.c.obj (.text:wcslen)
                  0000ea5c    00000012     empty_pem4f.oem4f (.text:xdc_runtime_Startup_exec__I)
                  0000ea6e    00000002     --HOLE-- [fill = 0]
                  0000ea70    00000010     empty_pem4f.oem4f (.text:.bootCodeSection:ti_catalog_arm_cortexm4_tiva_ce_Boot_init__I)
                  0000ea80    00000010     driverlib.lib : adc.obj (.text:ADCIntEnable)
                  0000ea90    00000010     drivers_tivaware.aem4f : I2C.oem4f (.text:I2C_Params_init)
                  0000eaa0    00000010     driverlib.lib : pwm.obj (.text:PWMGenPeriodSet)
                  0000eab0    00000010     drivers_tivaware.aem4f : PWM.oem4f (.text:PWM_Params_init)
                  0000eac0    00000010                            : UARTTiva.oem4f (.text:readBlockingTimeout)
                  0000ead0    00000010     sensors_api.obj (.text:swiAcceleration)
                  0000eae0    00000010     sysbios.aem4f : BIOS.obj (.text:ti_sysbios_BIOS_getCpuFreq__E)
                  0000eaf0    00000010                   : BIOS.obj (.text:ti_sysbios_BIOS_setThreadType__E)
                  0000eb00    00000010                   : BIOS.obj (.text:ti_sysbios_BIOS_start__E)
                  0000eb10    00000010                   : m3_TaskSupport_asm.obj (.text:ti_sysbios_family_arm_m3_TaskSupport_glue)
                  0000eb20    00000010                   : BIOS.obj (.text:ti_sysbios_gates_GateMutex_Instance_finalize__E)
                  0000eb30    00000010     empty_pem4f.oem4f (.text:ti_sysbios_hal_Hwi_HwiProxy_Object__create__S)
                  0000eb40    00000010     sysbios.aem4f : BIOS.obj (.text:ti_sysbios_knl_Semaphore_Instance_finalize__E)
                  0000eb50    00000010                   : BIOS.obj (.text:ti_sysbios_knl_Swi_disable__E)
                  0000eb60    00000010     empty_pem4f.oem4f (.text:ti_sysbios_knl_Task_Object__get__S)
                  0000eb70    00000010     sysbios.aem4f : BIOS.obj (.text:ti_sysbios_knl_Task_disable__E)
                  0000eb80    00000010     ti.targets.arm.rtsarm.aem4f : Gate.oem4f (.text:xdc_runtime_Gate_leaveSystem__E)
                  0000eb90    00000010                                 : Memory.oem4f (.text:xdc_runtime_Memory_free__E)
                  0000eba0    00000010                                 : SysMin.oem4f (.text:xdc_runtime_SysMin_ready__E)
                  0000ebb0    00000010                                 : System.oem4f (.text:xdc_runtime_System_vsnprintf__E)
                  0000ebc0    00000010     empty_pem4f.oem4f (.text:xdc_runtime_Text_visitRope__I)
                  0000ebd0    0000000e     driverlib.lib : adc.obj (.text:ADCSequenceEnable)
                  0000ebde    0000000e                   : gpio.obj (.text:GPIOIntStatus)
                  0000ebec    0000000e     grlib.lib : image.obj (.text:GrImageDraw)
                  0000ebfa    0000000e     driverlib.lib : timer.obj (.text:TimerEnable)
                  0000ec08    0000000e                   : uart.obj (.text:UARTCharGetNonBlocking)
                  0000ec16    0000000e                   : uart.obj (.text:UARTCharPutNonBlocking)
                  0000ec24    0000000e     rtsv7M4_T_le_v4SPD16_eabi.lib : copy_decompress_none.c.obj (.text:decompress:none:__TI_decompress_none)
                  0000ec32    00000006     driverlib.lib : i2c.obj (.text:I2CMasterIntDisable)
                  0000ec38    0000000e     sysbios.aem4f : BIOS.obj (.text:ti_sysbios_knl_Idle_loop__E)
                  0000ec46    00000002     --HOLE-- [fill = 0]
                  0000ec48    0000000e                   : BIOS.obj (.text:ti_sysbios_knl_Queue_empty__E)
                  0000ec56    0000000c     driverlib.lib : gpio.obj (.text:GPIOIntEnable)
                  0000ec62    0000000c                   : pwm.obj (.text:PWMGenDisable)
                  0000ec6e    0000000c                   : pwm.obj (.text:PWMGenEnable)
                  0000ec7a    0000000c     drivers_tivaware.aem4f : RingBuf.oem4f (.text:RingBuf_peek)
                  0000ec86    0000000c     driverlib.lib : uart.obj (.text:UARTFlowControlSet)
                  0000ec92    0000000c     drivers_tivaware.aem4f : UARTTiva.oem4f (.text:UARTTiva_init)
                  0000ec9e    00000002     --HOLE-- [fill = 0]
                  0000eca0    0000000c     rtsv7M4_T_le_v4SPD16_eabi.lib : _lock.c.obj (.text:_register_lock)
                  0000ecac    0000000c                                   : _lock.c.obj (.text:_register_unlock)
                  0000ecb8    0000000c                                   : copy_zero_init.c.obj (.text:decompress:ZI:__TI_zero_init)
                  0000ecc4    0000000c     motorCode.obj (.text:getState)
                  0000ecd0    0000000c     sysbios.aem4f : BIOS.obj (.text:ti_sysbios_family_arm_lm4_Timer_getAvailMask__E)
                  0000ecdc    00000004     --HOLE-- [fill = 0]
                  0000ece0    0000000c                   : BIOS.obj (.text:ti_sysbios_family_arm_lm4_Timer_getMaxTicks__E)
                  0000ecec    0000000c     empty_pem4f.oem4f (.text:ti_sysbios_family_arm_m3_Hwi_Params__init__S)
                  0000ecf8    0000000c     sysbios.aem4f : BIOS.obj (.text:ti_sysbios_family_arm_m3_Hwi_disableFxn__E)
                  0000ed04    00000004     --HOLE-- [fill = 0]
                  0000ed08    0000000c                   : BIOS.obj (.text:ti_sysbios_family_arm_m3_TaskSupport_checkStack__E)
                  0000ed14    00000004     --HOLE-- [fill = 0]
                  0000ed18    0000000c                   : BIOS.obj (.text:ti_sysbios_family_arm_m3_TaskSupport_getStackAlignment__E)
                  0000ed24    0000000c     empty_pem4f.oem4f (.text:ti_sysbios_gates_GateHwi_Params__init__S)
                  0000ed30    0000000c     sysbios.aem4f : BIOS.obj (.text:ti_sysbios_gates_GateHwi_enter__E)
                  0000ed3c    0000000c     empty_pem4f.oem4f (.text:ti_sysbios_hal_Hwi_Params__init__S)
                  0000ed48    0000000c     empty_pem4f.oem4f (.text:ti_sysbios_knl_Clock_Params__init__S)
                  0000ed54    00000004     --HOLE-- [fill = 0]
                  0000ed58    0000000c     sysbios.aem4f : BIOS.obj (.text:ti_sysbios_knl_Clock_getTicks__E)
                  0000ed64    0000000c     motorCode.obj (.text:ti_sysbios_knl_Event_handle)
                  0000ed70    0000000c     empty_pem4f.oem4f (.text:ti_sysbios_knl_Queue_Object__get__S)
                  0000ed7c    0000000c     empty_pem4f.oem4f (.text:ti_sysbios_knl_Semaphore_Params__init__S)
                  0000ed88    0000000c     motorCode.obj (.text:ti_sysbios_knl_Semaphore_handle)
                  0000ed94    0000000c     sensors_api.obj (.text:ti_sysbios_knl_Semaphore_handle)
                  0000eda0    0000000c     empty_pem4f.oem4f (.text:ti_sysbios_knl_Task_Params__init__S)
                  0000edac    0000000c     empty.obj (.text:updateGraphUI)
                  0000edb8    0000000c     ti.targets.arm.rtsarm.aem4f : Error.oem4f (.text:xdc_runtime_Error_init__E)
                  0000edc4    0000000c                                 : Gate.oem4f (.text:xdc_runtime_Gate_enterSystem__E)
                  0000edd0    0000000c                                 : Memory.oem4f (.text:xdc_runtime_Memory_calloc__E)
                  0000eddc    0000000c                                 : Memory.oem4f (.text:xdc_runtime_Memory_getMaxDefaultTypeAlign__E)
                  0000ede8    0000000a     driverlib.lib : adc.obj (.text:ADCIntClear)
                  0000edf2    0000000a                   : i2c.obj (.text:I2CMasterDisable)
                  0000edfc    0000000a                   : i2c.obj (.text:I2CMasterEnable)
                  0000ee06    0000000a     drivers_tivaware.aem4f : I2CTiva.oem4f (.text:I2CTiva_init)
                  0000ee10    0000000a                            : I2C.oem4f (.text:I2C_transfer)
                  0000ee1a    0000000a     Kentec320x240x16_ssd2119_spi.obj (.text:Kentec320x240x16_SSD2119Flush)
                  0000ee24    0000000a     drivers_tivaware.aem4f : PWMTimerTiva.oem4f (.text:PWMTimerTiva_getPeriodCounts)
                  0000ee2e    0000000a                            : PWM.oem4f (.text:PWM_setDuty)
                  0000ee38    0000000a     driverlib.lib : ssi.obj (.text:SSIDataPut)
                  0000ee42    0000000a                   : ssi.obj (.text:SSIEnable)
                  0000ee4c    0000000a                   : uart.obj (.text:UARTCharGet)
                  0000ee56    0000000a                   : uart.obj (.text:UARTCharPut)
                  0000ee60    0000000a                   : uart.obj (.text:UARTIntDisable)
                  0000ee6a    0000000a                   : uart.obj (.text:UARTIntStatus)
                  0000ee74    0000000a     drivers_tivaware.aem4f : UART.oem4f (.text:UART_write)
                  0000ee7e    0000000a     rtsv7M4_T_le_v4SPD16_eabi.lib : sprintf.c.obj (.text:_outc)
                  0000ee88    0000000a     sysbios.aem4f : BIOS.obj (.text:ti_sysbios_hal_Hwi_Instance_finalize__E)
                  0000ee92    0000000a     empty_pem4f.oem4f (.text:xdc_runtime_IHeap_alloc)
                  0000ee9c    0000000a     empty_pem4f.oem4f (.text:xdc_runtime_IHeap_free)
                  0000eea6    00000008     EK_TM4C1294XL.obj (.text:EK_TM4C1294XL_initGPIO)
                  0000eeae    00000008     grlib.lib : charmap.obj (.text:GrMapISO8859_1_Unicode)
                  0000eeb6    00000008     driverlib.lib : i2c.obj (.text:I2CMasterIntClear)
                  0000eebe    00000008                   : i2c.obj (.text:I2CMasterSlaveAddrSet)
                  0000eec6    00000008     drivers_tivaware.aem4f : I2CTiva.oem4f (.text:I2CTiva_blockingCallback)
                  0000eece    00000008                            : PWMTimerTiva.oem4f (.text:PWMTimerTiva_init)
                  0000eed6    00000008     driverlib.lib : ssi.obj (.text:SSIBusy)
                  0000eede    00000008                   : uart.obj (.text:UARTIntEnable)
                  0000eee6    00000008                   : uart.obj (.text:UARTRxErrorGet)
                  0000eeee    00000002     --HOLE-- [fill = 0]
                  0000eef0    00000008     rtsv7M4_T_le_v4SPD16_eabi.lib : errno.c.obj (.text:__aeabi_errno_addr)
                  0000eef8    00000008     drivers_tivaware.aem4f : UARTTiva.oem4f (.text:readSemCallback)
                  0000ef00    00000008     sysbios.aem4f : BIOS.obj (.text:ti_sysbios_family_arm_lm4_Timer_masterDisable__I)
                  0000ef08    00000008                   : BIOS.obj (.text:ti_sysbios_family_arm_m3_Hwi_doSwiRestore__I)
                  0000ef10    00000008                   : BIOS.obj (.text:ti_sysbios_family_arm_m3_Hwi_startup__E)
                  0000ef18    00000008     drivers_tivaware.aem4f : UARTTiva.oem4f (.text:writeSemCallback)
                  0000ef20    00000006     driverlib.lib : i2c.obj (.text:I2CMasterIntEnable)
                  0000ef26    00000006     drivers_tivaware.aem4f : I2CTiva.oem4f (.text:I2CTiva_control)
                  0000ef2c    00000006                            : PWMTimerTiva.oem4f (.text:PWMTimerTiva_getPeriodMicroSecs)
                  0000ef32    00000006     driverlib.lib : sysctl.obj (.text:SysCtlDelay)
                  0000ef38    00000006                   : uart.obj (.text:UARTFIFOLevelSet)
                  0000ef3e    00000006                   : uart.obj (.text:UARTRxErrorClear)
                  0000ef44    00000006     grlib.lib : widget.obj (.text:WidgetMutexPut)
                  0000ef4a    00000006     ti.targets.arm.rtsarm.aem4f : System.oem4f (.text:xdc_runtime_System_Module_startup__E)
                  0000ef50    00000006     sysbios.aem4f : BIOS.obj (.text:ti_sysbios_family_arm_m3_Hwi_doTaskRestore__I)
                  0000ef56    00000002     --HOLE-- [fill = 0]
                  0000ef58    00000006                   : BIOS.obj (.text:ti_sysbios_family_arm_m3_Hwi_restoreFxn__E)
                  0000ef5e    00000002     --HOLE-- [fill = 0]
                  0000ef60    00000006                   : BIOS.obj (.text:ti_sysbios_gates_GateHwi_leave__E)
                  0000ef66    00000002     --HOLE-- [fill = 0]
                  0000ef68    00000006                   : BIOS.obj (.text:ti_sysbios_heaps_HeapMem_isBlocking__E)
                  0000ef6e    00000002     --HOLE-- [fill = 0]
                  0000ef70    00000006                   : BIOS.obj (.text:ti_sysbios_knl_Clock_stop__E)
                  0000ef76    00000002     --HOLE-- [fill = 0]
                  0000ef78    00000006                   : BIOS.obj (.text:ti_sysbios_knl_Queue_Instance_init__E)
                  0000ef7e    00000002     --HOLE-- [fill = 0]
                  0000ef80    00000006                   : BIOS.obj (.text:ti_sysbios_knl_Swi_startup__E)
                  0000ef86    00000002     --HOLE-- [fill = 0]
                  0000ef88    00000004                   : BIOS.obj (.text:ti_sysbios_gates_GateHwi_query__E)
                  0000ef8c    00000004     --HOLE-- [fill = 0]
                  0000ef90    00000004                   : BIOS.obj (.text:ti_sysbios_gates_GateMutex_query__E)
                  0000ef94    00000004     --HOLE-- [fill = 0]
                  0000ef98    00000004                   : BIOS.obj (.text:ti_sysbios_knl_Task_startup__E)
                  0000ef9c    00000004     --HOLE-- [fill = 0]
                  0000efa0    00000002                   : BIOS.obj (.text:ti_sysbios_gates_GateHwi_Instance_init__E)
                  0000efa2    00000006     --HOLE-- [fill = 0]
                  0000efa8    00000002                   : BIOS.obj (.text:ti_sysbios_knl_Clock_logTick__E)

.const     0    0000efb0    00003af4     
                  0000efb0    0000192e     empty_pem4f.oem4f (.const:xdc_runtime_Text_charTab__A)
                  000108de    000007e5     grlib.lib : fontcmss18.obj (.const:.string:g_pui8Cmss18Data)
                  000110c3    00000782               : fontcmss18b.obj (.const:.string:g_pui8Cmss18bData)
                  00011845    00000001     empty_pem4f.oem4f (.const:xdc_runtime_Error_policy__C)
                  00011846    00000002     empty_pem4f.oem4f (.const:ti_catalog_arm_cortexm4_tiva_ce_Boot_Module__id__C)
                  00011848    000001b0     driverlib.lib : sysctl.obj (.const:g_pppui32XTALtoVCO)
                  000119f8    00000120     Boot.aem4f : Boot_sysctl.oem4f (.const:g_pppui32XTALtoVCO)
                  00011b18    00000101     rtsv7M4_T_le_v4SPD16_eabi.lib : ctype.c.obj (.const:.string:_ctypes_)
                  00011c19    00000001     --HOLE-- [fill = 0]
                  00011c1a    00000002     empty_pem4f.oem4f (.const:ti_sysbios_family_arm_m3_Hwi_Module__id__C)
                  00011c1c    000000c8     grlib.lib : fontcmss18.obj (.const:g_sFontCmss18)
                  00011ce4    000000c8               : fontcmss18b.obj (.const:g_sFontCmss18b)
                  00011dac    000000c0     empty_pem4f.oem4f (.const:xdc_runtime_Text_nodeTab__A)
                  00011e6c    0000009e     grlib_demo.obj (.const:.string)
                  00011f0a    00000002     empty_pem4f.oem4f (.const:ti_sysbios_gates_GateMutex_Module__id__C)
                  00011f0c    00000090     driverlib.lib : gpio.obj (.const:g_pui32GPIOBaseAddrs)
                  00011f9c    00000070                   : interrupt.obj (.const)
                  0001200c    0000006c     Boot.aem4f : Boot_sysctl.oem4f (.const:g_pui32Xtals)
                  00012078    0000006c     driverlib.lib : sysctl.obj (.const:g_pui32Xtals)
                  000120e4    00000060     MotorLib.lib : motorlib.obj (.const:PWM_config)
                  00012144    00000058     empty_pem4f.oem4f (.const:.string)
                  0001219c    00000054     drivers_tivaware.aem4f : GPIOTiva.oem4f (.const:.string)
                  000121f0    00000054     MotorLib.lib : motorlib.obj (.const:motorLibPWMTivaHWAttrs)
                  00012244    0000004c     drivers_tivaware.aem4f : UARTTiva.oem4f (.const)
                  00012290    00000048                            : GPIOTiva.oem4f (.const:gpioBaseAddresses)
                  000122d8    0000003c     empty_pem4f.oem4f (.const:ti_sysbios_knl_Task_Object__PARAMS__C)
                  00012314    00000004     bmi160.obj (.const)
                  00012318    00000030     rtsv7M4_T_le_v4SPD16_eabi.lib : e_pow.c.obj (.const:$O1$$)
                  00012348    00000030     Boot.aem4f : Boot_sysctl.oem4f (.const:g_sXTALtoMEMTIM)
                  00012378    00000030     driverlib.lib : sysctl.obj (.const:g_sXTALtoMEMTIM)
                  000123a8    00000030     empty_pem4f.oem4f (.const:ti_sysbios_family_arm_m3_Hwi_Object__PARAMS__C)
                  000123d8    00000030     EK_TM4C1294XL.obj (.const:uartTivaHWAttrs)
                  00012408    0000002c     empty_pem4f.oem4f (.const:ti_sysbios_hal_Hwi_Object__PARAMS__C)
                  00012434    00000028     drivers_tivaware.aem4f : UARTTiva.oem4f (.const:UARTTiva_fxnTable)
                  0001245c    00000028     Kentec320x240x16_ssd2119_spi.obj (.const:g_sKentec320x240x16_SSD2119)
                  00012484    00000028     empty_pem4f.oem4f (.const:ti_sysbios_heaps_HeapMem_Module__FXNS__C)
                  000124ac    00000024     EK_TM4C1294XL.obj (.const:UART_config)
                  000124d0    00000024     drivers_tivaware.aem4f : UART.oem4f (.const:UART_defaultParams)
                  000124f4    00000024     empty_pem4f.oem4f (.const:ti_sysbios_gates_GateHwi_Module__FXNS__C)
                  00012518    00000024     empty_pem4f.oem4f (.const:ti_sysbios_gates_GateMutex_Module__FXNS__C)
                  0001253c    00000024     empty_pem4f.oem4f (.const:ti_sysbios_heaps_HeapMem_Object__PARAMS__C)
                  00012560    00000024     empty_pem4f.oem4f (.const:ti_sysbios_knl_Clock_Object__PARAMS__C)
                  00012584    00000024     empty_pem4f.oem4f (.const:ti_sysbios_knl_Semaphore_Object__PARAMS__C)
                  000125a8    00000020     drivers_tivaware.aem4f : PWMTimerTiva.oem4f (.const)
                  000125c8    00000020                            : PWMTiva.oem4f (.const)
                  000125e8    00000020     empty_pem4f.oem4f (.const:ti_sysbios_family_arm_m3_Hwi_Object__DESC__C)
                  00012608    00000020     empty_pem4f.oem4f (.const:ti_sysbios_gates_GateHwi_Object__DESC__C)
                  00012628    00000020     empty_pem4f.oem4f (.const:ti_sysbios_gates_GateMutex_Object__DESC__C)
                  00012648    00000020     empty_pem4f.oem4f (.const:ti_sysbios_hal_Hwi_Object__DESC__C)
                  00012668    00000020     empty_pem4f.oem4f (.const:ti_sysbios_heaps_HeapMem_Object__DESC__C)
                  00012688    00000020     empty_pem4f.oem4f (.const:ti_sysbios_knl_Clock_Object__DESC__C)
                  000126a8    00000020     empty_pem4f.oem4f (.const:ti_sysbios_knl_Event_Object__DESC__C)
                  000126c8    00000020     empty_pem4f.oem4f (.const:ti_sysbios_knl_Queue_Object__DESC__C)
                  000126e8    00000020     empty_pem4f.oem4f (.const:ti_sysbios_knl_Semaphore_Object__DESC__C)
                  00012708    00000020     empty_pem4f.oem4f (.const:ti_sysbios_knl_Task_Object__DESC__C)
                  00012728    00000020     empty_pem4f.oem4f (.const:xdc_runtime_Startup_sfxnTab__A)
                  00012748    0000001c     drivers_tivaware.aem4f : I2CTiva.oem4f (.const)
                  00012764    0000001c     touch.obj (.const:g_pi32TouchParameters)
                  00012780    00000018     EK_TM4C1294XL.obj (.const:I2C_config)
                  00012798    00000018     empty_pem4f.oem4f (.const:ti_sysbios_gates_GateHwi_Object__PARAMS__C)
                  000127b0    00000018     empty_pem4f.oem4f (.const:ti_sysbios_gates_GateMutex_Object__PARAMS__C)
                  000127c8    00000018     empty_pem4f.oem4f (.const:ti_sysbios_knl_Event_Object__PARAMS__C)
                  000127e0    00000018     empty_pem4f.oem4f (.const:ti_sysbios_knl_Queue_Object__PARAMS__C)
                  000127f8    00000014     EK_TM4C1294XL.obj (.const:GPIOTiva_config)
                  0001280c    00000014     empty_pem4f.oem4f (.const:xdc_runtime_Startup_firstFxns__A)
                  00012820    00000010     drivers_tivaware.aem4f : I2C.oem4f (.const)
                  00012830    00000010     grlib.lib : context.obj (.const)
                  00012840    00000010     MotorLib.lib : motorlib.obj (.const:motorLibPWMTimerTivaHWAttrs)
                  00012850    00000010     empty_pem4f.oem4f (.const:xdc_runtime_Startup_sfxnRts__A)
                  00012860    0000000c     drivers_tivaware.aem4f : PWM.oem4f (.const)
                  0001286c    0000000c     EK_TM4C1294XL.obj (.const:i2cTivaHWAttrs)
                  00012878    00000008     Boot.aem4f : Boot_sysctl.oem4f (.const)
                  00012880    00000008     driverlib.lib : sysctl.obj (.const)
                  00012888    00000008     empty_pem4f.oem4f (.const:ti_sysbios_family_arm_m3_Hwi_excHookFuncs__A)
                  00012890    00000008     empty_pem4f.oem4f (.const:ti_sysbios_knl_Idle_funcList__C)
                  00012898    00000008     empty_pem4f.oem4f (.const:xdc_runtime_Startup_firstFxns__C)
                  000128a0    00000008     empty_pem4f.oem4f (.const:xdc_runtime_Startup_lastFxns__C)
                  000128a8    00000004     empty_pem4f.oem4f (.const:ti_catalog_arm_cortexm4_tiva_ce_Boot_A_mustNotUseEnhancedClockMode__C)
                  000128ac    00000004     empty_pem4f.oem4f (.const:ti_catalog_arm_cortexm4_tiva_ce_Boot_Module__diagsEnabled__C)
                  000128b0    00000004     empty_pem4f.oem4f (.const:ti_catalog_arm_cortexm4_tiva_ce_Boot_Module__diagsIncluded__C)
                  000128b4    00000004     empty_pem4f.oem4f (.const:ti_catalog_arm_cortexm4_tiva_ce_Boot_Module__diagsMask__C)
                  000128b8    00000004     empty_pem4f.oem4f (.const:ti_sysbios_family_arm_lm4_Timer_enableFunc__C)
                  000128bc    00000004     empty_pem4f.oem4f (.const:ti_sysbios_family_arm_lm4_Timer_numTimerDevices__C)
                  000128c0    00000004     empty_pem4f.oem4f (.const:ti_sysbios_family_arm_lm4_Timer_startupNeeded__C)
                  000128c4    00000004     empty_pem4f.oem4f (.const:ti_sysbios_family_arm_m3_Hwi_E_NMI__C)
                  000128c8    00000004     empty_pem4f.oem4f (.const:ti_sysbios_family_arm_m3_Hwi_E_alreadyDefined__C)
                  000128cc    00000004     empty_pem4f.oem4f (.const:ti_sysbios_family_arm_m3_Hwi_E_busFault__C)
                  000128d0    00000004     empty_pem4f.oem4f (.const:ti_sysbios_family_arm_m3_Hwi_E_debugMon__C)
                  000128d4    00000004     empty_pem4f.oem4f (.const:ti_sysbios_family_arm_m3_Hwi_E_hardFault__C)
                  000128d8    00000004     empty_pem4f.oem4f (.const:ti_sysbios_family_arm_m3_Hwi_E_memFault__C)
                  000128dc    00000004     empty_pem4f.oem4f (.const:ti_sysbios_family_arm_m3_Hwi_E_noIsr__C)
                  000128e0    00000004     empty_pem4f.oem4f (.const:ti_sysbios_family_arm_m3_Hwi_E_reserved__C)
                  000128e4    00000004     empty_pem4f.oem4f (.const:ti_sysbios_family_arm_m3_Hwi_E_svCall__C)
                  000128e8    00000004     empty_pem4f.oem4f (.const:ti_sysbios_family_arm_m3_Hwi_E_usageFault__C)
                  000128ec    00000004     empty_pem4f.oem4f (.const:ti_sysbios_family_arm_m3_Hwi_NUM_INTERRUPTS__C)
                  000128f0    00000004     empty_pem4f.oem4f (.const:ti_sysbios_family_arm_m3_Hwi_Object__count__C)
                  000128f4    00000004     empty_pem4f.oem4f (.const:ti_sysbios_family_arm_m3_Hwi_ccr__C)
                  000128f8    00000004     empty_pem4f.oem4f (.const:ti_sysbios_family_arm_m3_Hwi_excHandlerFunc__C)
                  000128fc    00000004     empty_pem4f.oem4f (.const:ti_sysbios_family_arm_m3_Hwi_excHookFuncs__C)
                  00012900    00000004     empty_pem4f.oem4f (.const:ti_sysbios_family_arm_m3_Hwi_nullIsrFunc__C)
                  00012904    00000004     empty_pem4f.oem4f (.const:ti_sysbios_family_arm_m3_Hwi_priGroup__C)
                  00012908    00000004     empty_pem4f.oem4f (.const:ti_sysbios_family_arm_m3_TaskSupport_stackAlignment__C)
                  0001290c    00000004     empty_pem4f.oem4f (.const:ti_sysbios_gates_GateMutex_A_badContext__C)
                  00012910    00000004     empty_pem4f.oem4f (.const:ti_sysbios_gates_GateMutex_Instance_State_sem__O)
                  00012914    00000004     empty_pem4f.oem4f (.const:ti_sysbios_gates_GateMutex_Module__diagsEnabled__C)
                  00012918    00000004     empty_pem4f.oem4f (.const:ti_sysbios_gates_GateMutex_Module__diagsIncluded__C)
                  0001291c    00000004     empty_pem4f.oem4f (.const:ti_sysbios_gates_GateMutex_Module__diagsMask__C)
                  00012920    00000004     empty_pem4f.oem4f (.const:ti_sysbios_hal_Hwi_E_stackOverflow__C)
                  00012924    00000004     empty_pem4f.oem4f (.const:ti_sysbios_heaps_HeapMem_A_align__C)
                  00012928    00000004     empty_pem4f.oem4f (.const:ti_sysbios_heaps_HeapMem_A_heapSize__C)
                  0001292c    00000004     empty_pem4f.oem4f (.const:ti_sysbios_heaps_HeapMem_A_invalidFree__C)
                  00012930    00000004     empty_pem4f.oem4f (.const:ti_sysbios_heaps_HeapMem_A_zeroBlock__C)
                  00012934    00000004     empty_pem4f.oem4f (.const:ti_sysbios_heaps_HeapMem_E_memory__C)
                  00012938    00000004     empty_pem4f.oem4f (.const:ti_sysbios_heaps_HeapMem_Module__diagsEnabled__C)
                  0001293c    00000004     empty_pem4f.oem4f (.const:ti_sysbios_heaps_HeapMem_Module__diagsIncluded__C)
                  00012940    00000004     empty_pem4f.oem4f (.const:ti_sysbios_heaps_HeapMem_Module__diagsMask__C)
                  00012944    00000004     empty_pem4f.oem4f (.const:ti_sysbios_heaps_HeapMem_Module__gateObj__C)
                  00012948    00000004     empty_pem4f.oem4f (.const:ti_sysbios_heaps_HeapMem_Object__count__C)
                  0001294c    00000004     empty_pem4f.oem4f (.const:ti_sysbios_heaps_HeapMem_reqAlign__C)
                  00012950    00000004     empty_pem4f.oem4f (.const:ti_sysbios_knl_Clock_A_badThreadType__C)
                  00012954    00000004     empty_pem4f.oem4f (.const:ti_sysbios_knl_Clock_Module_State_clockQ__O)
                  00012958    00000004     empty_pem4f.oem4f (.const:ti_sysbios_knl_Clock_Module__diagsEnabled__C)
                  0001295c    00000004     empty_pem4f.oem4f (.const:ti_sysbios_knl_Clock_Module__diagsIncluded__C)
                  00012960    00000004     empty_pem4f.oem4f (.const:ti_sysbios_knl_Clock_Module__diagsMask__C)
                  00012964    00000004     empty_pem4f.oem4f (.const:ti_sysbios_knl_Event_A_badContext__C)
                  00012968    00000004     empty_pem4f.oem4f (.const:ti_sysbios_knl_Event_A_eventInUse__C)
                  0001296c    00000004     empty_pem4f.oem4f (.const:ti_sysbios_knl_Event_A_nullEventId__C)
                  00012970    00000004     empty_pem4f.oem4f (.const:ti_sysbios_knl_Event_A_nullEventMasks__C)
[...]
000129f4  xdc_runtime_Assert_E_assertFailed__C                                 
000129f8  xdc_runtime_Core_A_initializedParams__C                              
000129fc  xdc_runtime_Core_Module__diagsEnabled__C                             
00012a00  xdc_runtime_Core_Module__diagsIncluded__C                            
00012a04  xdc_runtime_Core_Module__diagsMask__C                                
00012a08  xdc_runtime_Error_E_generic__C                                       
00012a0c  xdc_runtime_Error_E_memory__C                                        
00012a10  xdc_runtime_Error_Module__diagsEnabled__C                            
00012a14  xdc_runtime_Error_Module__diagsIncluded__C                           
00012a18  xdc_runtime_Error_Module__diagsMask__C                               
00012a1c  xdc_runtime_Error_Module__loggerFxn8__C                              
00012a20  xdc_runtime_Error_Module__loggerObj__C                               
00012a24  xdc_runtime_Error_policyFxn__C                                       
00012a28  xdc_runtime_Error_raiseHook__C                                       
00012a2c  xdc_runtime_IGateProvider_Interface__BASE__C                         
00012a30  xdc_runtime_IHeap_Interface__BASE__C                                 
00012a34  xdc_runtime_IModule_Interface__BASE__C                               
00012a38  xdc_runtime_Log_L_error__C                                           
00012a3c  xdc_runtime_Memory_defaultHeapInstance__C                            
00012a40  xdc_runtime_Startup_execImpl__C                                      
00012a44  xdc_runtime_Startup_maxPasses__C                                     
00012a48  xdc_runtime_Startup_sfxnRts__C                                       
00012a4c  xdc_runtime_Startup_sfxnTab__C                                       
00012a50  xdc_runtime_SysMin_bufSize__C                                        
00012a54  xdc_runtime_SysMin_outputFunc__C                                     
00012a58  xdc_runtime_System_Module__gateObj__C                                
00012a5c  xdc_runtime_System_abortFxn__C                                       
00012a60  xdc_runtime_System_exitFxn__C                                        
00012a64  xdc_runtime_System_extendFxn__C                                      
00012a68  xdc_runtime_System_maxAtexitHandlers__C                              
00012a6c  xdc_runtime_Text_charTab__C                                          
00012a70  xdc_runtime_Text_nameEmpty__C                                        
00012a74  xdc_runtime_Text_nameStatic__C                                       
00012a78  xdc_runtime_Text_nameUnknown__C                                      
00012a7c  xdc_runtime_Text_nodeTab__C                                          
00012a80  xdc_runtime_Text_visitRopeFxn__C                                     
00012a84  ti_sysbios_hal_Hwi_Module__id__C                                     
00012a86  ti_sysbios_heaps_HeapMem_Module__id__C                               
00012a88  ti_sysbios_knl_Clock_Module__id__C                                   
00012a8a  ti_sysbios_knl_Event_Module__id__C                                   
00012a8c  ti_sysbios_knl_Semaphore_Module__id__C                               
00012a8e  ti_sysbios_knl_Task_Module__id__C                                    
00012a90  xdc_runtime_Core_Module__id__C                                       
00012a92  xdc_runtime_Error_Module__loggerDefined__C                           
00012a94  xdc_runtime_Error_maxDepth__C                                        
00012a96  xdc_runtime_Main_Module__id__C                                       
00012a98  xdc_runtime_Memory_Module__id__C                                     
00012a9a  xdc_runtime_SysMin_flushAtExit__C                                    
00012a9c  xdc_runtime_Text_charCnt__C                                          
00012a9e  xdc_runtime_Text_isLoaded__C                                         
00012aa0  xdc_runtime_Text_registryModsLastId__C                               
00012aa2  xdc_runtime_Text_unnamedModsLastId__C                                
00012aa8  __TI_static_base__                                                   
00012e98  __TI_Handler_Table_Base                                              
00012ea4  __TI_Handler_Table_Limit                                             
00012eb8  __TI_CINIT_Base                                                      
00012ed0  __TI_CINIT_Limit                                                     
20000000  __start___llvm_prf_cnts                                              
20000000  __stop___llvm_prf_cnts                                               
20000000  ti_sysbios_family_arm_m3_Hwi_ramVectors                              
20000360  ti_sysbios_knl_Task_Instance_State_0_stack__A                        
20000b60  ti_sysbios_knl_Task_Instance_State_1_stack__A                        
20001360  ti_sysbios_knl_Task_Instance_State_2_stack__A                        
20001b60  ti_sysbios_knl_Task_Instance_State_3_stack__A                        
20001d60  ti_sysbios_heaps_HeapMem_Instance_State_0_buf__A                     
20002560  xdc_runtime_SysMin_Module_State_0_outbuf__A                          
20002960  ti_sysbios_family_arm_m3_Hwi_dispatchTable                           
20002cc0  taskAccelStack                                                       
20002ec0  uartTivaObjects                                                      
20003198  __CIOBUF_                                                            
20003348  i2cTivaObjects                                                       
200033c8  uartTivaRingBuffer                                                   
20003408  motorLibPWMObjects                                                   
20003440  eb                                                                   
20003470  sContext                                                             
2000349c  clkSensorParams                                                      
200034c0  clockAccelerationStruct                                              
200034e4  clockUpdateGraph                                                     
20003508  uartParams                                                           
2000358c  maxTime                                                              
200035ac  minTime                                                              
200035cc  semAccelStruct                                                       
200035e8  semStruct                                                            
20003604  gHwiprms                                                             
2000361c  motorLibPWMTimerObjects                                              
20003634  accelerationBuffer                                                   
20003648  evtStruct                                                            
2000365c  valueText                                                            
20003680  av                                                                   
20003694  graphMax                                                             
2000369c  graphMin                                                             
200036a4  parmbuf                                                              
200036ac  SysTicks                                                             
200036b0  accel_mag                                                            
200036b4  acceleration                                                         
200036b8  acceleration_avg                                                     
200036bc  adc0                                                                 
200036c0  data_Graph                                                           
200036c4  delta_rpm                                                            
200036c8  delta_time                                                           
200036cc  error                                                                
200036d0  evtHandle                                                            
200036d4  g_accelerationLimit                                                  
200036d8  g_currentLimit                                                       
200036dc  g_drawingGraph                                                       
200036e0  g_motorSpeed                                                         
200036e4  g_numPlotOverflow                                                    
200036e8  g_numPlotPoints                                                      
200036ec  g_pi32ParmSet                                                        
200036f4  g_sCurrentPanel                                                      
200036f8  g_ui32SysClock                                                       
200036fc  gateHwi                                                              
20003704  graphIntMax                                                          
20003708  graphIntMin                                                          
2000370c  hA                                                                   
20003710  hB                                                                   
20003714  hC                                                                   
20003718  hallA                                                                
2000371c  hallB                                                                
20003720  hallC                                                                
20003724  output                                                               
20003728  previousPoint                                                        
2000372c  rpm_avg                                                              
20003730  rpm_from_UI                                                          
20003734  semAccelHandle                                                       
20003738  semHandle                                                            
2000373c  sensori2c                                                            
20003740  uart                                                                 
20003744  y_graph_step                                                         
20003748  g_i16TouchX                                                          
2000374a  g_i16TouchY                                                          
2000374c  ThresholdAccel                                                       
2000374d  e_event                                                              
2000374e  e_stop                                                               
2000374f  motorStartedUI                                                       
20003750  motorState                                                           
20003751  print_from_clock                                                     
20003752  running                                                              
20003753  success                                                              
20003754  updateGraph                                                          
20003758  ti_sysbios_knl_Task_Object__table__V                                 
20003888  ti_sysbios_knl_Swi_Module_State_0_readyQ__A                          
20003908  motor                                                                
2000390c  prevMotor                                                            
20003910  prevSysTick                                                          
20003914  deltaPos                                                             
20003918  clock_time_mins                                                      
2000391c  clock_time_secs                                                      
20003920  rpm_actual                                                           
20003924  acceleration_sum                                                     
20003928  rpm_prev                                                             
2000392c  integral_error                                                       
20003930  rpm_desired                                                          
20003934  rpm_int                                                              
20003938  jump                                                                 
2000393c  Kp                                                                   
20003940  Ki                                                                   
20003944  clock_count                                                          
20003948  rpm_sum                                                              
2000394c  min_per_sysTick                                                      
20003950  rotation                                                             
20003954  rpm_sum_c                                                            
20003958  dummy                                                                
2000395c  g_sGraphAcceleration                                                 
200039ac  g_sGraphBack                                                         
200039fc  g_sGraphExit                                                         
20003a4c  g_sGraphLight                                                        
20003a9c  g_sGraphOption                                                       
20003aec  g_sGraphPower                                                        
20003b3c  g_sGraphSpeed                                                        
20003b8c  g_sGraphTitle                                                        
20003bdc  g_sMotorOption                                                       
20003c2c  g_sSetOption                                                         
20003c7c  g_sSettingAcceleration                                               
20003ccc  g_sSettingBack                                                       
20003d1c  g_sSettingCurrent                                                    
20003d6c  g_sSettingDecrease                                                   
20003dbc  g_sSettingExit                                                       
20003e0c  g_sSettingIncrease                                                   
20003e5c  g_sSettingSpeed                                                      
20003eac  g_sSettingTitle                                                      
20003efc  g_sSettingValue                                                      
20003f4c  ti_sysbios_knl_Task_Module__state__V                                 
20003f90  g_sGraph                                                             
20003fd0  g_sGraphPage                                                         
20004010  g_sGraphsMainPage                                                    
20004050  g_sMainPage                                                          
20004090  g_sSettingPage                                                       
200040d0  g_sSettingsMainPage                                                  
20004110  ti_sysbios_family_arm_lm4_Timer_Module_State_0_device__A             
20004150  ti_sysbios_family_arm_lm4_Timer_Object__table__V                     
20004190  ti_sysbios_gates_GateMutex_Object__table__V                          
200041c8  ti_sysbios_family_arm_m3_Hwi_Module__state__V                        
200041fc  ti_sysbios_family_arm_m3_Hwi_Object__table__V                        
2000422c  ti_sysbios_knl_Swi_Object__table__V                                  
2000425c  g_sRoot                                                              
2000428a  ti_sysbios_family_arm_m3_Hwi_Module_State_0_excActive__A             
2000428c  ti_sysbios_knl_Clock_Module__state__V                                
200042b8  gpioPinConfigs                                                       
200042dc  ti_sysbios_BIOS_Module__state__V                                     
20004300  ti_sysbios_family_arm_lm4_Timer_Module_State_0_handles__A            
20004320  ti_sysbios_knl_Task_Module_State_0_readyQ__A                         
20004340  ti_sysbios_knl_Swi_Module__state__V                                  
20004374  ti_sysbios_heaps_HeapMem_Object__table__V                            
2000438c  x_graph_step                                                         
20004390  x_graph_start                                                        
20004394  y_graph_start                                                        
20004398  y_graph_max                                                          
2000439c  y_graph_end                                                          
200043a0  gpioCallbackFunctions                                                
200043ac  ti_sysbios_family_arm_lm4_Timer_Module__state__V                     
200043b8  xdc_runtime_SysMin_Module__state__V                                  
200043c4  _lock                                                                
200043c8  _unlock                                                              
200043cc  ti_sysbios_family_arm_m3_Hwi_Module__root__V                         
200043d4  ti_sysbios_gates_GateHwi_Module__root__V                             
200043dc  ti_sysbios_gates_GateMutex_Module__root__V                           
200043e4  ti_sysbios_hal_Hwi_Module__root__V                                   
200043ec  ti_sysbios_heaps_HeapMem_Module__root__V                             
200043f4  ti_sysbios_knl_Clock_Module__root__V                                 
200043fc  ti_sysbios_knl_Event_Module__root__V                                 
20004404  ti_sysbios_knl_Queue_Module__root__V                                 
2000440c  ti_sysbios_knl_Semaphore_Module__root__V                             
20004414  ti_sysbios_knl_Task_Module__root__V                                  
2000441c  xdc_runtime_Registry_Module__state__V                                
20004424  xdc_runtime_Startup_Module__state__V                                 
2000442c  xdc_runtime_System_Module_State_0_atexitHandlers__A                  
20004434  xdc_runtime_System_Module__state__V                                  
20004442  xdc_runtime_Error_Module__state__V                                   
20004450  errno                                                                
20004454  main_func_sp                                                         
20004458  triggerThreshold                                                     
2000445c  ti_sysbios_family_arm_m3_Hwi_Module_State_0_excContext__A            
20004460  ti_sysbios_family_arm_m3_Hwi_Module_State_0_excStack__A              
20004464  ti_sysbios_gates_GateHwi_Object__table__V                            
20004468  ti_sysbios_knl_Task_Module_State_0_idleTask__A                       
2000446c  g_i16TouchMin                                                        
20004470  xdc_runtime_Memory_Module__state__V                                  
20004478  __stack                                                              
20004c78  __STACK_END                                                          
e000e000  ti_sysbios_family_arm_m3_Hwi_nvic                                    
ffffffff  __TI_pprof_out_hndl                                                  
ffffffff  __TI_prof_data_size                                                  
ffffffff  __TI_prof_data_start                                                 
ffffffff  __binit__                                                            
ffffffff  __c_args__                                                           
ffffffff  binit                                                                
UNDEFED   SHT$$INIT_ARRAY$$Base                                                
UNDEFED   SHT$$INIT_ARRAY$$Limit                                               

[1005 symbols]
