******************************************************************************
                  TI ARM Linker PC v20.2.2                     
******************************************************************************
>> Linked Mon May 31 19:25:38 2021

OUTPUT FILE NAME:   <empty_EK_TM4C1294XL_TI.out>
ENTRY POINT SYMBOL: "_c_int00"  address: 0000b7d5


MEMORY CONFIGURATION

         name            origin    length      used     unused   attr    fill
----------------------  --------  ---------  --------  --------  ----  --------
  FLASH                 00000000   00100000  00013cb6  000ec34a  R  X
  SRAM                  20000000   00040000  00004898  0003b768  RW X


SEGMENT ALLOCATION MAP

run origin  load origin   length   init length attrs members
----------  ----------- ---------- ----------- ----- -------
00000000    00000000    00013cc0   00013cc0    r-x
  00000000    00000000    0000003c   0000003c    r-- .resetVecs
  00000040    00000040    0000ecc2   0000ecc2    r-x .text
  0000ed08    0000ed08    00004b80   00004b80    r-- .const
  00013888    00013888    00000438   00000438    r-- .cinit
20000000    20000000    00004898   00000000    rw-
  20000000    20000000    00000360   00000000    rw- .vecs
  20000360    20000360    00003530   00000000    rw- .bss
  20003890    20003890    00000d08   00000000    rw- .data
  20004598    20004598    00000300   00000000    rw- .stack


SECTION ALLOCATION MAP

 output                                  attributes/
section   page    origin      length       input sections
--------  ----  ----------  ----------   ----------------
.text      0    00000040    0000ecc2     
                  00000040    00000a4e     rtsv7M4_T_le_v4SPD16_eabi.lib : _printfi.c.obj (.text:__TI_printfi)
                  00000a8e    00000002                                   : _lock.c.obj (.text:_nop)
                  00000a90    000006ac     MotorLib.lib : motorlib.obj (.text)
                  0000113c    00000004     driverlib.lib : i2c.obj (.text:I2CMasterControl)
                  00001140    00000430     sysbios.aem4f : BIOS.obj (.text:ti_sysbios_family_arm_m3_Hwi_excDumpRegs__I)
                  00001570    000003f0     grlib_demo.obj (.text:drawGraphPoint)
                  00001960    00000374     grlib.lib : image.obj (.text:InternalImageDraw)
                  00001cd4    00000004     driverlib.lib : i2c.obj (.text:I2CMasterDataGet)
                  00001cd8    0000034c     sysbios.aem4f : BIOS.obj (.text:ti_sysbios_knl_Event_pend__E)
                  00002024    0000034c     ti.targets.arm.rtsarm.aem4f : System.oem4f (.text:xdc_runtime_System_doPrint__I)
                  00002370    000002f8     grlib.lib : image.obj (.text:PixelTransparentDraw)
                  00002668    000002d0     sysbios.aem4f : BIOS.obj (.text:ti_sysbios_knl_Semaphore_pend__E)
                  00002938    000002a0     rtsv7M4_T_le_v4SPD16_eabi.lib : mktime.c.obj (.text:__mktime32)
                  00002bd8    00000270                                   : _printfi.c.obj (.text:_pconv_a)
                  00002e48    0000026c     sysbios.aem4f : BIOS.obj (.text:ti_sysbios_heaps_HeapMem_free__E)
                  000030b4    00000268     touch.obj (.text:TouchScreenDebouncer)
                  0000331c    00000254     grlib.lib : string.obj (.text:GrFontGlyphRender)
                  00003570    00000250     sysbios.aem4f : BIOS.obj (.text:ti_sysbios_heaps_HeapMem_alloc__E)
                  000037c0    00000234                   : BIOS.obj (.text:ti_sysbios_knl_Task_Instance_finalize__E)
                  000039f4    00000210     motorCode.obj (.text:motorFxn)
                  00003c04    0000020c     drivers_tivaware.aem4f : UARTTiva.oem4f (.text:UARTTiva_open)
                  00003e10    00000204     Boot.aem4f : Boot_sysctl.oem4f (.text:ti_catalog_arm_cortexm4_tiva_ce_Boot_sysCtlClockFreqSetI__I)
                  00004014    00000200     driverlib.lib : sysctl.obj (.text:SysCtlClockFreqSet)
                  00004214    00000200     rtsv7M4_T_le_v4SPD16_eabi.lib : s_exp2.c.obj (.text:exp2)
                  00004414    00000004     driverlib.lib : i2c.obj (.text:I2CMasterDataPut)
                  00004418    000001f4     sysbios.aem4f : BIOS.obj (.text:ti_sysbios_family_arm_m3_Hwi_excHandlerMax__I)
                  0000460c    000001e8     empty_pem4f.oem4f (.text:xdc_runtime_System_printfExtend__I)
                  000047f4    000001e4     Kentec320x240x16_ssd2119_spi.obj (.text:Kentec320x240x16_SSD2119Init)
                  000049d8    000001dc     Kentec320x240x16_ssd2119_spi.obj (.text:Kentec320x240x16_SSD2119PixelDrawMultiple)
                  00004bb4    000001d4     grlib_demo.obj (.text:OnGraphsPage)
                  00004d88    000001d0     rtsv7M4_T_le_v4SPD16_eabi.lib : _printfi.c.obj (.text:_pconv_g)
                  00004f58    000001c0     sysbios.aem4f : BIOS.obj (.text:ti_sysbios_knl_Task_Instance_init__E)
                  00005118    000001b6     rtsv7M4_T_le_v4SPD16_eabi.lib : fd_add_t2.asm.obj (.text)
                  000052ce    00000002                                   : div0.asm.obj (.text)
                  000052d0    000001a4     pinout.obj (.text:PinoutSet)
                  00005474    00000190     grlib.lib : canvas.obj (.text:CanvasPaint)
                  00005604    0000017e               : pushbutton.obj (.text:RectangularButtonPaint)
                  00005782    00000002     empty_pem4f.oem4f (.text:ti_sysbios_BIOS_nullFunc__I)
                  00005784    00000178     touch.obj (.text:TouchScreenIntHandler)
                  000058fc    00000174     motorCode.obj (.text:initMotor)
                  00005a70    00000174     sysbios.aem4f : BIOS.obj (.text:ti_sysbios_family_arm_m3_Hwi_excBusFault__I)
                  00005be4    00000170     drivers_tivaware.aem4f : PWMTiva.oem4f (.text:PWMTiva_open)
                  00005d54    00000004     driverlib.lib : uart.obj (.text:UARTIntClear)
                  00005d58    00000164     sysbios.aem4f : BIOS.obj (.text:ti_sysbios_family_arm_m3_Hwi_excUsageFault__I)
                  00005ebc    00000160     grlib_demo.obj (.text:initWidgets)
                  0000601c    00000150     drivers_tivaware.aem4f : GPIOTiva.oem4f (.text:GPIO_setConfig)
                  0000616c    00000148     motorCode.obj (.text:initHallABC)
                  000062b4    00000004     grlib.lib : widget.obj (.text:WidgetDefaultMsgProc)
                  000062b8    00000148     sysbios.aem4f : BIOS.obj (.text:ti_sysbios_family_arm_m3_Hwi_excMemFault__I)
                  00006400    0000013c     rtsv7M4_T_le_v4SPD16_eabi.lib : _printfi.c.obj (.text:_pconv_e)
                  0000653c    00000004                                   : exit.c.obj (.text:abort:abort)
                  00006540    0000013c     sysbios.aem4f : BIOS.obj (.text:ti_sysbios_heaps_HeapMem_Instance_init__E)
                  0000667c    00000136     rtsv7M4_T_le_v4SPD16_eabi.lib : fd_div_t2.asm.obj (.text)
                  000067b2    00000002     empty_pem4f.oem4f (.text:xdc_runtime_Startup_reset__I)
                  000067b4    00000134     rtsv7M4_T_le_v4SPD16_eabi.lib : localtim.c.obj (.text:__localtime32)
                  000068e8    00000132     driverlib.lib : gpio.obj (.text:GPIOPadConfigSet)
                  00006a1a    00000002     --HOLE-- [fill = 0]
                  00006a1c    00000124     grlib_demo.obj (.text:OnSettingsPage)
                  00006b40    00000124     rtsv7M4_T_le_v4SPD16_eabi.lib : _printfi.c.obj (.text:fcvt)
                  00006c64    00000004     empty_pem4f.oem4f (.text:ti_sysbios_BIOS_RtsGateProxy_enter__E)
                  00006c68    00000120     sysbios.aem4f : BIOS.obj (.text:ti_sysbios_family_arm_lm4_Timer_start__E)
                  00006d88    0000011c                   : BIOS.obj (.text:ti_sysbios_knl_Clock_Instance_init__E)
                  00006ea4    00000118     ti.targets.arm.rtsarm.aem4f : Error.oem4f (.text:xdc_runtime_Error_policyDefault__E)
                  00006fbc    00000114     drivers_tivaware.aem4f : PWMTimerTiva.oem4f (.text:PWMTimerTiva_open)
                  000070d0    00000114     empty.obj (.text:main)
                  000071e4    00000110     rtsv7M4_T_le_v4SPD16_eabi.lib : s_scalbn.c.obj (.text:scalbn)
                  000072f4    0000010c     Kentec320x240x16_ssd2119_spi.obj (.text:Kentec320x240x16_SSD2119RectFill)
                  00007400    0000010c     touch.obj (.text:TouchScreenInit)
                  0000750c    00000106     grlib.lib : line.obj (.text:GrLineDraw)
                  00007612    00000006     driverlib.lib : gpio.obj (.text:GPIOIntClear)
                  00007618    00000104     sysbios.aem4f : BIOS.obj (.text:ti_sysbios_knl_Event_post__E)
                  0000771c    00000100     ti.targets.arm.rtsarm.aem4f : Core-mem.oem4f (.text:xdc_runtime_Core_createObject__I)
                  0000781c    000000fc     rtsv7M4_T_le_v4SPD16_eabi.lib : fd_mul_t2.asm.obj (.text)
                  00007918    000000f8     ti.targets.arm.rtsarm.aem4f : Startup.oem4f (.text:xdc_runtime_Startup_startMods__I)
                  00007a10    000000f4     motorCode.obj (.text:filterFxn)
                  00007b04    000000f4     sysbios.aem4f : m3_Hwi_asm.obj (.text:ti_sysbios_family_arm_m3_Hwi_dispatch__I)
                  00007bf8    000000f2     grlib.lib : pushbutton.obj (.text:RectangularButtonClick)
                  00007cea    000000f0     drivers_tivaware.aem4f : PWMTiva.oem4f (.text:PWMTiva_setDuty)
                  00007dda    00000006     driverlib.lib : gpio.obj (.text:GPIOPinRead)
                  00007de0    000000ec     sysbios.aem4f : BIOS.obj (.text:ti_sysbios_knl_Semaphore_post__E)
                  00007ecc    000000e8     grlib.lib : widget.obj (.text:WidgetMessageQueueAdd)
                  00007fb4    000000e0     drivers_tivaware.aem4f : I2CTiva.oem4f (.text:I2CTiva_open)
                  00008094    000000d6                            : I2CTiva.oem4f (.text:I2CTiva_hwiFxn)
                  0000816a    00000002     --HOLE-- [fill = 0]
                  0000816c    000000d0     motorCode.obj (.text:HallFxn)
                  0000823c    000000cc     ti.targets.arm.rtsarm.aem4f : Core-smem.oem4f (.text:xdc_runtime_Core_constructObject__I)
                  00008308    000000c4     sensor_api.obj (.text:initLightTask)
                  000083cc    000000c0     grlib.lib : string.obj (.text:GrDefaultStringRenderer)
                  0000848c    00000004     empty_pem4f.oem4f (.text:ti_sysbios_BIOS_RtsGateProxy_leave__E)
                  00008490    000000bc     sysbios.aem4f : BIOS.obj (.text:ti_sysbios_family_arm_m3_Hwi_excDebugMon__I)
                  0000854c    00000004                   : BIOS.obj (.text:ti_sysbios_family_arm_lm4_Timer_masterEnable__I)
                  00008550    000000bc                   : BIOS.obj (.text:ti_sysbios_family_arm_m3_Hwi_excHardFault__I)
                  0000860c    000000b8     EK_TM4C1294XL.obj (.text:EK_TM4C1294XL_initGeneral)
                  000086c4    000000b8     grlib.lib : line.obj (.text:GrLineClip)
                  0000877c    000000b8     Kentec320x240x16_ssd2119_spi.obj (.text:InitSPILCDInterface)
                  00008834    000000b8     drivers_tivaware.aem4f : PWMTimerTiva.oem4f (.text:PWMTimerTiva_setDuty)
                  000088ec    000000b4     grlib_demo.obj (.text:OnDecrease)
                  000089a0    000000b4     grlib.lib : widget.obj (.text:WidgetMessageSendPostOrder)
                  00008a54    00000004     empty_pem4f.oem4f (.text:ti_sysbios_family_arm_m3_Hwi_destruct)
                  00008a58    000000b4     sysbios.aem4f : BIOS.obj (.text:ti_sysbios_gates_GateMutex_enter__E)
                  00008b0c    00000004     empty_pem4f.oem4f (.text:ti_sysbios_family_arm_m3_TaskSupport_Module__startupDone__S)
                  00008b10    000000b4     sysbios.aem4f : BIOS.obj (.text:ti_sysbios_knl_Task_checkStacks__E)
                  00008bc4    000000b1     rtsv7M4_T_le_v4SPD16_eabi.lib : _printfi.c.obj (.text:_ltostr)
                  00008c75    00000003     --HOLE-- [fill = 0]
                  00008c78    000000b0     grlib_demo.obj (.text:OnIncrease)
                  00008d28    000000ac     drivers_tivaware.aem4f : UARTTiva.oem4f (.text:readTaskBlocking)
                  00008dd4    00000004     empty_pem4f.oem4f (.text:ti_sysbios_hal_Hwi_HwiProxy_delete)
                  00008dd8    000000ac     sysbios.aem4f : BIOS.obj (.text:ti_sysbios_family_arm_lm4_Timer_enableTiva__I)
                  00008e84    000000a8     grlib_demo.obj (.text:initUI)
                  00008f2c    00000004     empty_pem4f.oem4f (.text:ti_sysbios_heaps_HeapMem_Module_GateProxy_enter__E)
                  00008f30    000000a8     sysbios.aem4f : BIOS.obj (.text:ti_sysbios_family_arm_lm4_Timer_enableTimers__I)
                  00008fd8    000000a4                   : BIOS.obj (.text:ti_sysbios_knl_Clock_Instance_finalize__E)
                  0000907c    000000a0     grlib_demo.obj (.text:OnStartMotor)
                  0000911c    000000a0     auto_init.aem4f : auto_init.oem4f (.text)
                  000091bc    000000a0     ti.targets.arm.rtsarm.aem4f : Text.oem4f (.text:xdc_runtime_Text_putMod__E)
                  0000925c    0000009c     motorCode.obj (.text:PIControlFxn)
                  000092f8    0000009c     sensor_api.obj (.text:initLightSensor)
                  00009394    0000009c     rtsv7M4_T_le_v4SPD16_eabi.lib : memcpy_t2.asm.obj (.text)
                  00009430    0000009c     sysbios.aem4f : BIOS.obj (.text:ti_sysbios_knl_Semaphore_Instance_init__E)
                  000094cc    0000009a     ti.targets.arm.rtsarm.aem4f : Text.oem4f (.text:xdc_runtime_Text_putSite__E)
                  00009566    00000098     drivers_tivaware.aem4f : UARTTiva.oem4f (.text:UARTTiva_readPolling)
                  000095fe    00000002     --HOLE-- [fill = 0]
                  00009600    00000098     Boot.aem4f : Boot.oem4f (.text:ti_catalog_arm_cortexm4_tiva_ce_Boot_sysCtlClockFreqSet__E)
                  00009698    00000096     rtsv7M4_T_le_v4SPD16_eabi.lib : ull_div_t2.asm.obj (.text)
                  0000972e    00000094     drivers_tivaware.aem4f : UARTTiva.oem4f (.text:UARTTiva_write)
                  000097c2    00000006     driverlib.lib : gpio.obj (.text:GPIOPinWrite)
                  000097c8    00000094     sysbios.aem4f : BIOS.obj (.text:ti_sysbios_family_arm_m3_Hwi_Instance_init__E)
                  0000985c    00000004     empty_pem4f.oem4f (.text:ti_sysbios_heaps_HeapMem_Module_GateProxy_leave__E)
                  00009860    00000094     sysbios.aem4f : BIOS.obj (.text:ti_sysbios_family_arm_m3_Hwi_initNVIC__E)
                  000098f4    00000004     empty_pem4f.oem4f (.text:ti_sysbios_knl_Clock_TimerProxy_getMaxTicks__E)
                  000098f8    00000094     sysbios.aem4f : BIOS.obj (.text:ti_sysbios_knl_Task_postInit__I)
                  0000998c    00000090     motorCode.obj (.text:accelLimitFxn)
                  00009a1c    0000008c     drivers_tivaware.aem4f : GPIOTiva.oem4f (.text:GPIO_init)
                  00009aa8    0000008c                            : UARTTiva.oem4f (.text:UARTTiva_control)
                  00009b34    0000008c     sysbios.aem4f : m3_TaskSupport_asm.obj (.text:ti_sysbios_family_arm_m3_TaskSupport_buildTaskStack)
                  00009bc0    0000008a     drivers_tivaware.aem4f : UARTTiva.oem4f (.text:readIsrTextBlocking)
                  00009c4a    00000002     --HOLE-- [fill = 0]
                  00009c4c    00000088                            : PWMTiva.oem4f (.text:PWMTiva_control)
                  00009cd4    00000086     grlib.lib : rectangle.obj (.text:GrRectFill)
                  00009d5a    00000086     rtsv7M4_T_le_v4SPD16_eabi.lib : fd_cmp_t2.asm.obj (.text:__aeabi_cdcmple)
                  00009de0    00000086                                   : fd_cmp_t2.asm.obj (.text:__aeabi_cdrcmple)
                  00009e66    00000002     --HOLE-- [fill = 0]
                  00009e68    00000084     sysbios.aem4f : BIOS.obj (.text:ti_sysbios_family_arm_m3_Hwi_postInit__I)
                  00009eec    00000082     drivers_tivaware.aem4f : UARTTiva.oem4f (.text:readIsrTextCallback)
                  00009f6e    0000007e                            : I2CTiva.oem4f (.text:I2CTiva_transfer)
                  00009fec    0000007c     motorCode.obj (.text:ADCTriggerFxn)
                  0000a068    0000007a     driverlib.lib : adc.obj (.text:ADCSequenceStepConfigure)
                  0000a0e2    0000007a     drivers_tivaware.aem4f : UARTTiva.oem4f (.text:readTaskCallback)
                  0000a15c    0000007a     rtsv7M4_T_le_v4SPD16_eabi.lib : memset_t2.asm.obj (.text)
                  0000a1d6    00000002     --HOLE-- [fill = 0]
                  0000a1d8    00000074     sysbios.aem4f : BIOS.obj (.text:ti_sysbios_knl_Clock_start__E)
                  0000a24c    00000070     opt3001.obj (.text:OPT3001Convert)
                  0000a2bc    00000004     empty_pem4f.oem4f (.text:ti_sysbios_knl_Clock_destruct)
                  0000a2c0    00000070     sysbios.aem4f : BIOS.obj (.text:ti_sysbios_knl_Clock_workFunc__E)
                  0000a330    00000070                   : BIOS.obj (.text:ti_sysbios_knl_Task_exit__E)
                  0000a3a0    0000006e     rtsv7M4_T_le_v4SPD16_eabi.lib : _printfi.c.obj (.text:_mcpy)
                  0000a40e    0000006e                                   : fd_tos_t2.asm.obj (.text)
                  0000a47c    0000006e                                   : ll_div_t2.asm.obj (.text)
                  0000a4ea    00000002     --HOLE-- [fill = 0]
                  0000a4ec    0000006d     ti.targets.arm.rtsarm.aem4f : System.oem4f (.text:xdc_runtime_System_formatNum__I)
                  0000a559    00000003     --HOLE-- [fill = 0]
                  0000a55c    0000006c     grlib_demo.obj (.text:OnGraphsMain)
                  0000a5c8    0000006c     drivers_tivaware.aem4f : PWMTimerTiva.oem4f (.text:PWMTimerTiva_control)
                  0000a634    0000006c     rtsv7M4_T_le_v4SPD16_eabi.lib : asctime.c.obj (.text:asctime)
                  0000a6a0    0000006c     empty_pem4f.oem4f (.text:ti_sysbios_family_arm_m3_Hwi_Object__create__S)
                  0000a70c    00000004     empty_pem4f.oem4f (.text:ti_sysbios_knl_Queue_destruct)
                  0000a710    0000006c     sysbios.aem4f : BIOS.obj (.text:ti_sysbios_knl_Swi_restoreHwi__E)
                  0000a77c    0000006c     drivers_tivaware.aem4f : UARTTiva.oem4f (.text:writeData)
                  0000a7e8    0000006c     ti.targets.arm.rtsarm.aem4f : Error.oem4f (.text:xdc_runtime_Error_print__E)
                  0000a854    0000006c                                 : Memory.oem4f (.text:xdc_runtime_Memory_alloc__E)
                  0000a8c0    0000006a     drivers_tivaware.aem4f : PWMTiva.oem4f (.text:PWMTiva_close)
                  0000a92a    00000002     --HOLE-- [fill = 0]
                  0000a92c    00000068     grlib_demo.obj (.text:DrawDayNight)
                  0000a994    00000068     grlib_demo.obj (.text:DrawTime)
                  0000a9fc    00000068     grlib.lib : context.obj (.text:GrContextInit)
                  0000aa64    00000068               : string.obj (.text:GrStringWidthGet)
                  0000aacc    00000068     driverlib.lib : interrupt.obj (.text:IntEnable)
                  0000ab34    00000068     Kentec320x240x16_ssd2119_spi.obj (.text:Kentec320x240x16_SSD2119LineDrawH)
                  0000ab9c    00000068     Kentec320x240x16_ssd2119_spi.obj (.text:Kentec320x240x16_SSD2119LineDrawV)
                  0000ac04    00000068     rtsv7M4_T_le_v4SPD16_eabi.lib : copy_decompress_lzss.c.obj (.text:decompress:lzss:__TI_decompress_lzss)
                  0000ac6c    00000066     grlib.lib : context.obj (.text:GrContextClipRegionSet)
                  0000acd2    00000066               : rectangle.obj (.text:GrRectDraw)
                  0000ad38    00000066     opt3001.obj (.text:OPT3001Read)
                  0000ad9e    00000066     ti.targets.arm.rtsarm.aem4f : Core-mem.oem4f (.text:xdc_runtime_Core_deleteObject__I)
                  0000ae04    00000064     drivers_tivaware.aem4f : GPIOTiva.oem4f (.text:GPIO_hwiIntFxn)
                  0000ae68    00000064     opt3001.obj (.text:OPT3001Test)
                  0000aecc    00000064     grlib.lib : widget.obj (.text:WidgetMessageQueueProcess)
                  0000af30    00000064     rtsv7M4_T_le_v4SPD16_eabi.lib : s_frexp.c.obj (.text:frexp)
                  0000af94    00000064     empty.obj (.text:setupLightSensor)
                  0000aff8    00000064     sysbios.aem4f : BIOS.obj (.text:ti_sysbios_family_arm_lm4_Timer_Module_startup__E)
                  0000b05c    00000064     empty_pem4f.oem4f (.text:ti_sysbios_family_arm_m3_Hwi_create)
                  0000b0c0    00000064     sysbios.aem4f : BIOS.obj (.text:ti_sysbios_family_arm_m3_Hwi_dispatchC__I)
                  0000b124    00000064     empty_pem4f.oem4f (.text:ti_sysbios_hal_Hwi_create)
                  0000b188    00000062     drivers_tivaware.aem4f : I2CTiva.oem4f (.text:I2CTiva_primeTransfer)
                  0000b1ea    00000002     --HOLE-- [fill = 0]
                  0000b1ec    00000060     driverlib.lib : timer.obj (.text:TimerConfigure)
                  0000b24c    00000060     Kentec320x240x16_ssd2119_spi.obj (.text:WriteDataSPI)
                  0000b2ac    00000060     motorCode.obj (.text:statesFxn)
                  0000b30c    00000060     sensor_api.obj (.text:taskLight)
                  0000b36c    00000004     empty_pem4f.oem4f (.text:ti_sysbios_knl_Semaphore_destruct)
                  0000b370    00000060     sysbios.aem4f : BIOS.obj (.text:ti_sysbios_knl_Task_schedule__I)
                  0000b3d0    0000005e     grlib.lib : widget.obj (.text:WidgetMessageSendPreOrder)
                  0000b42e    0000005e     drivers_tivaware.aem4f : UARTTiva.oem4f (.text:readIsrBinaryBlocking)
                  0000b48c    0000005c     Kentec320x240x16_ssd2119_spi.obj (.text:WriteCommandSPI)
                  0000b4e8    0000005c     sensor_api.obj (.text:getLight)
                  0000b544    00000004     ti.targets.arm.rtsarm.aem4f : Error.oem4f (.text:xdc_runtime_Error_getSite__E)
                  0000b548    0000005c     sysbios.aem4f : BIOS.obj (.text:ti_sysbios_knl_Swi_run__I)
                  0000b5a4    00000004     empty_pem4f.oem4f (.text:xdc_runtime_System_Module_GateProxy_enter__E)
                  0000b5a8    0000005c     sysbios.aem4f : BIOS.obj (.text:ti_sysbios_knl_Swi_schedule__I)
                  0000b604    00000004     empty_pem4f.oem4f (.text:xdc_runtime_System_Module_GateProxy_leave__E)
                  0000b608    0000005c     sysbios.aem4f : BIOS.obj (.text:ti_sysbios_knl_Task_Module_startup__E)
                  0000b664    0000005c     empty_pem4f.oem4f (.text:ti_sysbios_knl_Task_create)
                  0000b6c0    0000005c     sysbios.aem4f : BIOS.obj (.text:ti_sysbios_knl_Task_startCore__E)
                  0000b71c    0000005b     ti.targets.arm.rtsarm.aem4f : Text.oem4f (.text:xdc_runtime_Text_putLab__E)
                  0000b777    00000001     --HOLE-- [fill = 0]
                  0000b778    0000005a     grlib.lib : string.obj (.text:FontWideGlyphDataGet)
                  0000b7d2    00000002     --HOLE-- [fill = 0]
                  0000b7d4    00000058     boot.aem4f : boot.oem4f (.text)
                  0000b82c    00000058     rtsv7M4_T_le_v4SPD16_eabi.lib : hostwrite.c.obj (.text:HOSTwrite)
                  0000b884    00000058     driverlib.lib : timer.obj (.text:TimerControlTrigger)
                  0000b8dc    00000058     empty_pem4f.oem4f (.text:ti_sysbios_family_arm_m3_Hwi_construct)
                  0000b934    00000058     sysbios.aem4f : m3_Hwi_asm_switch.obj (.text:ti_sysbios_family_arm_m3_Hwi_initStacks__E)
                  0000b98c    00000056     driverlib.lib : gpio.obj (.text:GPIOIntTypeSet)
                  0000b9e2    00000056     rtsv7M4_T_le_v4SPD16_eabi.lib : _printfi.c.obj (.text:_pconv_f)
                  0000ba38    00000054                                   : _ltoa.c.obj (.text:__TI_ltoa)
                  0000ba8c    00000054     drivers_tivaware.aem4f : UARTTiva.oem4f (.text:readIsrBinaryCallback)
                  0000bae0    00000054     ti.targets.arm.rtsarm.aem4f : Assert.oem4f (.text:xdc_runtime_Assert_raise__I)
                  0000bb34    00000052     rtsv7M4_T_le_v4SPD16_eabi.lib : _printfi.c.obj (.text:_ecpy)
                  0000bb86    00000002     --HOLE-- [fill = 0]
                  0000bb88    00000050     motorCode.obj (.text:ADC0_Init)
                  0000bbd8    00000050     driverlib.lib : adc.obj (.text:ADCSequenceConfigure)
                  0000bc28    00000050     drivers_tivaware.aem4f : GPIOTiva.oem4f (.text:GPIO_setCallback)
                  0000bc78    00000050                            : GPIOTiva.oem4f (.text:GPIO_toggle)
                  0000bcc8    00000050                            : GPIOTiva.oem4f (.text:GPIO_write)
                  0000bd18    00000050     opt3001.obj (.text:OPT3001WriteI2C)
                  0000bd68    00000050     drivers_tivaware.aem4f : UARTTiva.oem4f (.text:UARTTiva_writeCancel)
                  0000bdb8    00000050     Boot.aem4f : Boot_sysctl.oem4f (.text:_SysCtlFrequencyGet)
                  0000be08    00000050     sysbios.aem4f : BIOS.obj (.text:ti_sysbios_family_arm_m3_Hwi_Module_startup__E)
                  0000be58    00000050     ti.targets.arm.rtsarm.aem4f : Startup.oem4f (.text:xdc_runtime_Startup_exec__E)
                  0000bea8    00000050                                 : Text.oem4f (.text:xdc_runtime_Text_visitRope2__I)
                  0000bef8    0000004c     driverlib.lib : i2c.obj (.text:I2CMasterInitExpClk)
                  0000bf44    0000004c     drivers_tivaware.aem4f : UARTTiva.oem4f (.text:UARTTiva_close)
                  0000bf90    0000004c     grlib.lib : widget.obj (.text:WidgetRemove)
                  0000bfdc    0000004c     rtsv7M4_T_le_v4SPD16_eabi.lib : atoi.c.obj (.text:atoi)
                  0000c028    0000004c                                   : cpy_tbl.c.obj (.text:copy_in)
                  0000c074    0000004c     grlib_demo.obj (.text:drawSettingValue)
                  0000c0c0    0000004c     motorCode.obj (.text:initUART)
                  0000c10c    0000004c     rtsv7M4_T_le_v4SPD16_eabi.lib : snprintf.c.obj (.text:snprintf)
                  0000c158    0000004c     sysbios.aem4f : BIOS.obj (.text:ti_sysbios_family_arm_lm4_Timer_setAvailMask__E)
                  0000c1a4    00000004     ti.targets.arm.rtsarm.aem4f : System.oem4f (.text:xdc_runtime_System_aprintf_va__F)
                  0000c1a8    0000004c     sysbios.aem4f : BIOS.obj (.text:ti_sysbios_heaps_HeapMem_getStats__E)
                  0000c1f4    00000004     ti.targets.arm.rtsarm.aem4f : System.oem4f (.text:xdc_runtime_System_printf_va__F)
                  0000c1f8    0000004c     sysbios.aem4f : BIOS.obj (.text:ti_sysbios_knl_Swi_runLoop__I)
                  0000c244    00000004     --HOLE-- [fill = 0]
                  0000c248    0000004c                   : BIOS.obj (.text:ti_sysbios_knl_Task_allBlockedFunction__I)
                  0000c294    0000004a     drivers_tivaware.aem4f : PWMTimerTiva.oem4f (.text:PWMTimerTiva_close)
                  0000c2de    0000004a     grlib.lib : string.obj (.text:UpdateContextCharMapping)
                  0000c328    00000048     driverlib.lib : gpio.obj (.text:GPIOPinConfigure)
                  0000c370    00000048     rtsv7M4_T_le_v4SPD16_eabi.lib : hosttime.c.obj (.text:HOSTtime)
                  0000c3b8    00000048     grlib_demo.obj (.text:OnMainMenu)
                  0000c400    00000048     grlib_demo.obj (.text:OnSettingsMain)
                  0000c448    00000048     driverlib.lib : sysctl.obj (.text:_SysCtlFrequencyGet)
                  0000c490    00000048     rtsv7M4_T_le_v4SPD16_eabi.lib : fd_toi_t2.asm.obj (.text)
                  0000c4d8    00000048     sysbios.aem4f : BIOS.obj (.text:ti_sysbios_family_arm_m3_Hwi_disableInterrupt__E)
                  0000c520    00000048                   : BIOS.obj (.text:ti_sysbios_family_arm_m3_Hwi_enableInterrupt__E)
                  0000c568    00000048                   : BIOS.obj (.text:ti_sysbios_family_arm_m3_Hwi_excReserved__I)
                  0000c5b0    00000046     grlib.lib : line.obj (.text:GrLineDrawH)
                  0000c5f6    00000046               : line.obj (.text:GrLineDrawV)
                  0000c63c    00000046     Kentec320x240x16_ssd2119_spi.obj (.text:Kentec320x240x16_SSD2119PixelDraw)
                  0000c682    00000046     drivers_tivaware.aem4f : RingBuf.oem4f (.text:RingBuf_put)
                  0000c6c8    00000046     driverlib.lib : uart.obj (.text:UARTConfigSetExpClk)
                  0000c70e    00000046     ti.targets.arm.rtsarm.aem4f : Core-params.oem4f (.text:xdc_runtime_Core_assignParams__I)
                  0000c754    00000044     rtsv7M4_T_le_v4SPD16_eabi.lib : fd_tou_t2.asm.obj (.text)
                  0000c798    00000044     sysbios.aem4f : BIOS.obj (.text:ti_sysbios_family_arm_lm4_Timer_isrStub__E)
                  0000c7dc    00000004     --HOLE-- [fill = 0]
                  0000c7e0    00000044                   : BIOS.obj (.text:ti_sysbios_family_arm_m3_Hwi_getStackInfo__E)
                  0000c824    00000004     --HOLE-- [fill = 0]
                  0000c828    00000044                   : BIOS.obj (.text:ti_sysbios_knl_Swi_post__E)
                  0000c86c    00000044     ti.targets.arm.rtsarm.aem4f : Error.oem4f (.text:xdc_runtime_Error_setX__E)
                  0000c8b0    00000044                                 : SysMin.oem4f (.text:xdc_runtime_SysMin_flush__E)
                  0000c8f4    00000044                                 : Text.oem4f (.text:xdc_runtime_Text_xprintf__I)
                  0000c938    00000042     drivers_tivaware.aem4f : UARTTiva.oem4f (.text:UARTTiva_hwiIntFxn)
                  0000c97a    00000042                            : UARTTiva.oem4f (.text:UARTTiva_writePolling)
                  0000c9bc    00000040     opt3001.obj (.text:OPT3001ReadI2C)
                  0000c9fc    00000040     drivers_tivaware.aem4f : RingBuf.oem4f (.text:RingBuf_get)
                  0000ca3c    00000040                            : UARTTiva.oem4f (.text:UARTTiva_read)
                  0000ca7c    00000040     rtsv7M4_T_le_v4SPD16_eabi.lib : u_divt2.asm.obj (.text)
                  0000cabc    00000040                                   : sprintf.c.obj (.text:sprintf)
                  0000cafc    00000004     --HOLE-- [fill = 0]
                  0000cb00    00000040     sysbios.aem4f : BIOS.obj (.text:ti_sysbios_family_arm_lm4_Timer_startup__E)
                  0000cb40    0000003e     rtsv7M4_T_le_v4SPD16_eabi.lib : _printfi.c.obj (.text:_fcpy)
                  0000cb7e    00000002     --HOLE-- [fill = 0]
                  0000cb80    0000003c     EK_TM4C1294XL.obj (.text:EK_TM4C1294XL_initI2C)
                  0000cbbc    0000003c     driverlib.lib : ssi.obj (.text:SSIConfigSetExpClk)
                  0000cbf8    0000003c     sysbios.aem4f : BIOS.obj (.text:ti_sysbios_family_arm_m3_Hwi_excSvCall__I)
                  0000cc34    00000004     --HOLE-- [fill = 0]
                  0000cc38    0000003c                   : BIOS.obj (.text:ti_sysbios_heaps_HeapMem_init__I)
                  0000cc74    00000004     --HOLE-- [fill = 0]
                  0000cc78    0000003c                   : BIOS.obj (.text:ti_sysbios_knl_Swi_restore__E)
                  0000ccb4    0000003a     grlib.lib : string.obj (.text:FontGlyphDataGet)
                  0000ccee    0000003a     drivers_tivaware.aem4f : I2CTiva.oem4f (.text:I2CTiva_completeTransfer)
                  0000cd28    00000038                            : I2C.oem4f (.text:I2C_init)
                  0000cd60    00000038                            : PWM.oem4f (.text:PWM_init)
                  0000cd98    00000038     driverlib.lib : sysctl.obj (.text:SysCtlPeripheralReady)
                  0000cdd0    00000038     drivers_tivaware.aem4f : UART.oem4f (.text:UART_init)
                  0000ce08    00000038     rtsv7M4_T_le_v4SPD16_eabi.lib : trgmsg.c.obj (.text:__TI_writemsg)
                  0000ce40    00000038                                   : fs_tod_t2.asm.obj (.text)
                  0000ce78    00000038     motorCode.obj (.text:startMotor)
                  0000ceb0    00000038     sysbios.aem4f : BIOS.obj (.text:ti_sysbios_family_arm_m3_Hwi_excNoIsr__I)
                  0000cee8    00000038     empty_pem4f.oem4f (.text:ti_sysbios_knl_Clock_create)
                  0000cf20    00000038     sysbios.aem4f : BIOS.obj (.text:ti_sysbios_knl_Task_processVitalTaskFlag__I)
                  0000cf58    00000038     ti.targets.arm.rtsarm.aem4f : SysMin.oem4f (.text:xdc_runtime_SysMin_putch__E)
                  0000cf90    00000038                                 : System.oem4f (.text:xdc_runtime_System_atexit__E)
                  0000cfc8    00000036     grlib.lib : line.obj (.text:GrClipCodeGet)
                  0000cffe    00000036     drivers_tivaware.aem4f : I2CTiva.oem4f (.text:I2CTiva_close)
                  0000d034    00000036                            : UARTTiva.oem4f (.text:UARTTiva_readCancel)
                  0000d06a    00000002     --HOLE-- [fill = 0]
                  0000d06c    00000034     driverlib.lib : sysctl.obj (.text:SysCtlPeripheralEnable)
                  0000d0a0    00000034     rtsv7M4_T_le_v4SPD16_eabi.lib : trgmsg.c.obj (.text:__TI_readmsg)
                  0000d0d4    00000004     --HOLE-- [fill = 0]
                  0000d0d8    00000034     sysbios.aem4f : BIOS.obj (.text:ti_sysbios_family_arm_m3_Hwi_Instance_finalize__E)
                  0000d10c    00000004     --HOLE-- [fill = 0]
                  0000d110    00000034                   : BIOS.obj (.text:ti_sysbios_family_arm_m3_Hwi_excNmi__I)
                  0000d144    00000004     --HOLE-- [fill = 0]
                  0000d148    00000034                   : BIOS.obj (.text:ti_sysbios_hal_Hwi_checkStack)
                  0000d17c    00000034     empty_pem4f.oem4f (.text:ti_sysbios_knl_Clock_construct)
                  0000d1b0    00000034     ti.targets.arm.rtsarm.aem4f : Core-label.oem4f (.text:xdc_runtime_Core_assignLabel__I)
                  0000d1e4    00000033                                 : Text.oem4f (.text:xdc_runtime_Text_printVisFxn__I)
                  0000d217    00000001     --HOLE-- [fill = 0]
                  0000d218    00000032     sysbios.aem4f : BIOS.obj (.text:ti_sysbios_hal_Hwi_initStack)
                  0000d24a    00000002     --HOLE-- [fill = 0]
                  0000d24c    00000030     drivers_tivaware.aem4f : GPIOTiva.oem4f (.text:GPIO_enableInt)
                  0000d27c    00000030                            : GPIOTiva.oem4f (.text:GPIO_read)
                  0000d2ac    00000030                            : I2C.oem4f (.text:I2C_open)
                  0000d2dc    00000030     grlib_demo.obj (.text:OnGraphAcceleration)
                  0000d30c    00000030     drivers_tivaware.aem4f : PWMTiva.oem4f (.text:PWMTiva_init)
                  0000d33c    00000030                            : PWM.oem4f (.text:PWM_open)
                  0000d36c    00000030                            : UART.oem4f (.text:UART_open)
                  0000d39c    00000030     rtsv7M4_T_le_v4SPD16_eabi.lib : snprintf.c.obj (.text:_outs)
                  0000d3cc    00000030     motorCode.obj (.text:readABC)
                  0000d3fc    00000030     empty_pem4f.oem4f (.text:ti_sysbios_BIOS_atExitFunc__I)
                  0000d42c    00000004     --HOLE-- [fill = 0]
                  0000d430    00000030     sysbios.aem4f : BIOS.obj (.text:ti_sysbios_family_arm_lm4_Timer_stop__E)
                  0000d460    00000030                   : BIOS.obj (.text:ti_sysbios_family_arm_m3_TaskSupport_start__E)
                  0000d490    00000030     empty_pem4f.oem4f (.text:ti_sysbios_gates_GateHwi_Object__create__S)
                  0000d4c0    00000030     empty_pem4f.oem4f (.text:ti_sysbios_gates_GateHwi_create)
                  0000d4f0    00000030     empty_pem4f.oem4f (.text:ti_sysbios_gates_GateMutex_Object__create__S)
                  0000d520    00000030     empty_pem4f.oem4f (.text:ti_sysbios_heaps_HeapMem_Object__create__S)
                  0000d550    00000030     sysbios.aem4f : BIOS.obj (.text:ti_sysbios_knl_Event_pendTimeout__I)
                  0000d580    00000030     empty_pem4f.oem4f (.text:ti_sysbios_knl_Semaphore_construct)
                  0000d5b0    00000030     sysbios.aem4f : BIOS.obj (.text:ti_sysbios_knl_Semaphore_pendTimeout__I)
                  0000d5e0    00000030                   : BIOS.obj (.text:ti_sysbios_knl_Task_unblockI__E)
                  0000d610    00000030     ti.targets.arm.rtsarm.aem4f : SysMin.oem4f (.text:xdc_runtime_SysMin_abort__E)
                  0000d640    00000030                                 : System.oem4f (.text:xdc_runtime_System_processAtExit__E)
                  0000d670    0000002e     grlib.lib : string.obj (.text:GrStringNextCharGet)
                  0000d69e    0000002e     opt3001.obj (.text:OPT3001Enable)
                  0000d6cc    0000002e     rtsv7M4_T_le_v4SPD16_eabi.lib : i_tofd_t2.asm.obj (.text)
                  0000d6fa    00000002     --HOLE-- [fill = 0]
                  0000d6fc    0000002c     EK_TM4C1294XL.obj (.text:EK_TM4C1294XL_initUART)
                  0000d728    0000002c     grlib.lib : string.obj (.text:GrFontBaselineGet)
                  0000d754    0000002c               : string.obj (.text:GrFontHeightGet)
                  0000d780    0000002c               : pushbutton.obj (.text:RectangularButtonMsgProc)
                  0000d7ac    0000002c               : widget.obj (.text:WidgetIsInTree)
                  0000d7d8    0000002c     empty_pem4f.oem4f (.text:ti_sysbios_knl_Clock_doTick__I)
                  0000d804    0000002c     empty_pem4f.oem4f (.text:ti_sysbios_knl_Event_construct)
                  0000d830    0000002c     empty_pem4f.oem4f (.text:ti_sysbios_knl_Queue_construct)
                  0000d85c    00000004     --HOLE-- [fill = 0]
                  0000d860    0000002c     sysbios.aem4f : BIOS.obj (.text:ti_sysbios_knl_Task_restore__E)
                  0000d88c    0000002c     ti.targets.arm.rtsarm.aem4f : Text.oem4f (.text:xdc_runtime_Text_cordText__E)
                  0000d8b8    0000002a     driverlib.lib : gpio.obj (.text:GPIODirModeSet)
                  0000d8e2    0000002a     ti.targets.arm.rtsarm.aem4f : System.oem4f (.text:xdc_runtime_System_putchar__I)
                  0000d90c    00000028     Kentec320x240x16_ssd2119_spi.obj (.text:Kentec320x240x16_SSD2119ColorTranslate)
                  0000d934    00000028     grlib_demo.obj (.text:OnGraphLight)
                  0000d95c    00000028     grlib_demo.obj (.text:OnGraphSpeed)
                  0000d984    00000004     --HOLE-- [fill = 0]
                  0000d988    00000028     sysbios.aem4f : BIOS.obj (.text:ti_sysbios_hal_Hwi_Instance_init__E)
                  0000d9b0    00000028                   : BIOS.obj (.text:ti_sysbios_knl_Swi_Module_startup__E)
                  0000d9d8    00000027     empty.obj (.text:lightFxn)
                  0000d9ff    00000001     --HOLE-- [fill = 0]
                  0000da00    00000026     grlib.lib : string.obj (.text:GrFontInfoGet)
                  0000da26    00000026     sysbios.aem4f : m3_Hwi_asm.obj (.text:ti_sysbios_family_arm_m3_Hwi_pendSV__I)
                  0000da4c    00000026     ti.targets.arm.rtsarm.aem4f : System.oem4f (.text:xdc_runtime_System_avprintf__E)
                  0000da72    00000002     --HOLE-- [fill = 0]
                  0000da74    00000024     grlib_demo.obj (.text:OnGraphPower)
                  0000da98    00000024     empty_pem4f.oem4f (.text:ti_sysbios_BIOS_errorRaiseHook__I)
                  0000dabc    00000024     empty_pem4f.oem4f (.text:ti_sysbios_BIOS_registerRTSLock__I)
                  0000dae0    00000024     empty_pem4f.oem4f (.text:ti_sysbios_BIOS_removeRTSLock__I)
                  0000db04    00000024     empty_pem4f.oem4f (.text:ti_sysbios_BIOS_startFunc__I)
                  0000db28    00000024     empty_pem4f.oem4f (.text:ti_sysbios_gates_GateMutex_Object__delete__S)
                  0000db4c    00000004     --HOLE-- [fill = 0]
                  0000db50    00000024     sysbios.aem4f : BIOS.obj (.text:ti_sysbios_knl_Clock_Module_startup__E)
                  0000db74    00000004     --HOLE-- [fill = 0]
                  0000db78    00000024                   : BIOS.obj (.text:ti_sysbios_knl_Task_restoreHwi__E)
                  0000db9c    00000024     ti.targets.arm.rtsarm.aem4f : System.oem4f (.text:xdc_runtime_System_vprintf__E)
                  0000dbc0    00000022     grlib.lib : string.obj (.text:GrFontGlyphDataGet)
                  0000dbe2    00000022     driverlib.lib : pwm.obj (.text:PWMGenConfigure)
                  0000dc04    00000022     drivers_tivaware.aem4f : PWMTiva.oem4f (.text:PWMTiva_getPeriodCounts)
                  0000dc26    00000002     --HOLE-- [fill = 0]
                  0000dc28    00000022     sysbios.aem4f : BIOS.obj (.text:ti_sysbios_family_arm_lm4_Timer_write__I)
                  0000dc4a    00000022     empty_pem4f.oem4f (.text:xdc_runtime_SysMin_output__I)
                  0000dc6c    00000020     motorCode.obj (.text:ADCFxn)
                  0000dc8c    00000020     drivers_tivaware.aem4f : GPIOTiva.oem4f (.text:GPIO_clearInt)
                  0000dcac    00000020     driverlib.lib : uart.obj (.text:UARTDisable)
                  0000dccc    00000020     Boot.aem4f : Boot_sysctl.oem4f (.text:_SysCtlMemTimingGet)
                  0000dcec    00000020     driverlib.lib : sysctl.obj (.text:_SysCtlMemTimingGet)
                  0000dd0c    00000020     rtsv7M4_T_le_v4SPD16_eabi.lib : u_tofd_t2.asm.obj (.text)
                  0000dd2c    00000020     motorCode.obj (.text:setSpeed)
                  0000dd4c    00000020     empty_pem4f.oem4f (.text:ti_sysbios_BIOS_rtsLock__I)
                  0000dd6c    00000020     empty_pem4f.oem4f (.text:ti_sysbios_family_arm_m3_Hwi_Object__delete__S)
                  0000dd8c    00000020     sysbios.aem4f : m3_Hwi_asm.obj (.text:ti_sysbios_family_arm_m3_Hwi_excHandlerAsm__I)
                  0000ddac    00000004     --HOLE-- [fill = 0]
                  0000ddb0    00000020                   : BIOS.obj (.text:ti_sysbios_family_arm_m3_Hwi_excHandler__I)
                  0000ddd0    00000020     empty_pem4f.oem4f (.text:ti_sysbios_gates_GateHwi_Object__delete__S)
                  0000ddf0    00000020     empty_pem4f.oem4f (.text:ti_sysbios_heaps_HeapMem_Object__delete__S)
                  0000de10    00000020     empty_pem4f.oem4f (.text:ti_sysbios_knl_Clock_Object__destruct__S)
                  0000de30    00000020     sysbios.aem4f : BIOS.obj (.text:ti_sysbios_knl_Idle_run__E)
                  0000de50    00000020     empty_pem4f.oem4f (.text:ti_sysbios_knl_Semaphore_Object__destruct__S)
                  0000de70    00000020     ti.targets.arm.rtsarm.aem4f : Registry.oem4f (.text:xdc_runtime_Registry_findById__E)
                  0000de90    00000020                                 : SysMin.oem4f (.text:xdc_runtime_SysMin_Module_startup__E)
                  0000deb0    0000001e     driverlib.lib : adc.obj (.text:ADCSequenceDataGet)
                  0000dece    0000001e     grlib.lib : string.obj (.text:GrFontCodepageGet)
                  0000deec    0000001e     driverlib.lib : pwm.obj (.text:PWMPulseWidthSet)
                  0000df0a    0000001e     drivers_tivaware.aem4f : PWMTiva.oem4f (.text:PWMTiva_getPeriodMicroSecs)
                  0000df28    0000001e     grlib.lib : widget.obj (.text:WidgetAdd)
                  0000df46    0000001e     sysbios.aem4f : m3_Hwi_asm_switch.obj (.text:ti_sysbios_family_xxx_Hwi_switchAndRunFunc)
                  0000df64    0000001c     grlib.lib : widget.obj (.text:WidgetPointerMessage)
                  0000df80    0000001c     drivers_tivaware.aem4f : GPIOTiva.oem4f (.text:getGpioIntIndex)
                  0000df9c    0000001c     empty.obj (.text:heartBeatFxn)
                  0000dfb8    0000001c     rtsv7M4_T_le_v4SPD16_eabi.lib : memccpy.c.obj (.text:memccpy)
                  0000dfd4    0000001c     empty_pem4f.oem4f (.text:ti_sysbios_family_arm_m3_Hwi_Object__destruct__S)
                  0000dff0    0000001c     sysbios.aem4f : BIOS.obj (.text:ti_sysbios_gates_GateMutex_Instance_init__E)
                  0000e00c    0000001c     empty_pem4f.oem4f (.text:ti_sysbios_hal_Hwi_HwiProxy_create)
                  0000e028    0000001c     empty_pem4f.oem4f (.text:ti_sysbios_knl_Queue_Object__destruct__S)
                  0000e044    00000004     --HOLE-- [fill = 0]
                  0000e048    0000001c     sysbios.aem4f : BIOS.obj (.text:ti_sysbios_knl_Queue_put__E)
                  0000e064    00000004     --HOLE-- [fill = 0]
                  0000e068    0000001c                   : BIOS.obj (.text:ti_sysbios_knl_Task_enter__I)
                  0000e084    0000001c     ti.targets.arm.rtsarm.aem4f : Error.oem4f (.text:xdc_runtime_Error_raiseX__E)
                  0000e0a0    0000001c                                 : Memory.oem4f (.text:xdc_runtime_Memory_valloc__E)
                  0000e0bc    0000001c                                 : SysMin.oem4f (.text:xdc_runtime_SysMin_exit__E)
                  0000e0d8    0000001c                                 : System.oem4f (.text:xdc_runtime_System_abort__E)
                  0000e0f4    0000001a     rtsv7M4_T_le_v4SPD16_eabi.lib : s_copysign.c.obj (.text:copysign)
                  0000e10e    0000001a     empty_pem4f.oem4f (.text:ti_sysbios_family_arm_m3_Hwi_Handle__label__S)
                  0000e128    0000001a     empty_pem4f.oem4f (.text:ti_sysbios_gates_GateHwi_Handle__label__S)
                  0000e142    0000001a     empty_pem4f.oem4f (.text:ti_sysbios_gates_GateMutex_Handle__label__S)
                  0000e15c    0000001a     empty_pem4f.oem4f (.text:ti_sysbios_heaps_HeapMem_Handle__label__S)
                  0000e176    0000001a     empty_pem4f.oem4f (.text:ti_sysbios_knl_Swi_Handle__label__S)
                  0000e190    0000001a     empty_pem4f.oem4f (.text:ti_sysbios_knl_Task_Handle__label__S)
                  0000e1aa    0000001a     empty_pem4f.oem4f (.text:xdc_runtime_System_aprintf__E)
                  0000e1c4    0000001a     empty_pem4f.oem4f (.text:xdc_runtime_System_printf__E)
                  0000e1de    00000018     driverlib.lib : adc.obj (.text:ADCProcessorTrigger)
                  0000e1f6    00000018                   : gpio.obj (.text:GPIOPinTypeGPIOOutput)
                  0000e20e    00000018                   : timer.obj (.text:TimerControlLevel)
                  0000e226    00000002     --HOLE-- [fill = 0]
                  0000e228    00000018                   : timer.obj (.text:TimerDisable)
                  0000e240    00000018     drivers_tivaware.aem4f : UART.oem4f (.text:UART_Params_init)
                  0000e258    00000018     rtsv7M4_T_le_v4SPD16_eabi.lib : args_main.c.obj (.text:_args_main)
                  0000e270    00000018                                   : snprintf.c.obj (.text:_outc)
                  0000e288    00000018                                   : sprintf.c.obj (.text:_outs)
                  0000e2a0    00000018     empty_pem4f.oem4f (.text:ti_sysbios_BIOS_rtsUnlock__I)
                  0000e2b8    00000018     empty_pem4f.oem4f (.text:ti_sysbios_family_arm_lm4_Timer_Module__startupDone__F)
                  0000e2d0    00000018     empty_pem4f.oem4f (.text:ti_sysbios_family_arm_m3_Hwi_Module__startupDone__F)
                  0000e2e8    00000018     sysbios.aem4f : m3_TaskSupport_asm.obj (.text:ti_sysbios_family_arm_m3_TaskSupport_swap__E)
                  0000e300    00000018                   : BIOS.obj (.text:ti_sysbios_gates_GateMutex_leave__E)
                  0000e318    00000018     ti.targets.arm.rtsarm.aem4f : Error.oem4f (.text:xdc_runtime_Error_check__E)
                  0000e330    00000018                                 : System.oem4f (.text:xdc_runtime_System_exit__E)
                  0000e348    00000018                                 : Text.oem4f (.text:xdc_runtime_Text_ropeText__E)
                  0000e360    00000016     grlib.lib : string.obj (.text:GrStringDraw)
                  0000e376    00000016     driverlib.lib : i2c.obj (.text:I2CMasterErr)
                  0000e38c    00000016     rtsv7M4_T_le_v4SPD16_eabi.lib : strchr.c.obj (.text:strchr)
                  0000e3a2    00000016     empty_pem4f.oem4f (.text:ti_sysbios_BIOS_exitFunc__I)
                  0000e3b8    00000016     motorCode.obj (.text:ti_sysbios_gates_GateHwi_Params_init)
                  0000e3ce    00000016     motorCode.obj (.text:ti_sysbios_hal_Hwi_Params_init)
                  0000e3e4    00000016     empty.obj (.text:ti_sysbios_knl_Clock_Params_init)
                  0000e3fa    00000016     motorCode.obj (.text:ti_sysbios_knl_Clock_Params_init)
                  0000e410    00000016     sensor_api.obj (.text:ti_sysbios_knl_Clock_Params_init)
                  0000e426    00000016     motorCode.obj (.text:ti_sysbios_knl_Semaphore_Params_init)
                  0000e43c    00000016     sensor_api.obj (.text:ti_sysbios_knl_Semaphore_Params_init)
                  0000e452    00000016     empty.obj (.text:ti_sysbios_knl_Task_Params_init)
                  0000e468    00000016     sensor_api.obj (.text:ti_sysbios_knl_Task_Params_init)
                  0000e47e    00000014     grlib.lib : canvas.obj (.text:CanvasMsgProc)
                  0000e492    00000002     --HOLE-- [fill = 0]
                  0000e494    00000014     Kentec320x240x16_ssd2119_spi.obj (.text:LED_OFF)
                  0000e4a8    00000014     Kentec320x240x16_ssd2119_spi.obj (.text:LED_ON)
                  0000e4bc    00000014     grlib_demo.obj (.text:OnSettingAcceleration)
                  0000e4d0    00000014     grlib_demo.obj (.text:OnSettingCurrent)
                  0000e4e4    00000014     grlib_demo.obj (.text:OnSettingSpeed)
                  0000e4f8    00000014     driverlib.lib : pwm.obj (.text:PWMClockSet)
                  0000e50c    00000014                   : sysctl.obj (.text:SysCtlPWMClockSet)
                  0000e520    00000014     touch.obj (.text:TouchScreenCallbackSet)
                  0000e534    00000014     driverlib.lib : uart.obj (.text:UARTEnable)
                  0000e548    00000014     grlib.lib : widget.obj (.text:WidgetMutexGet)
                  0000e55c    00000014     motorCode.obj (.text:getSpeed)
                  0000e570    00000014     rtsv7M4_T_le_v4SPD16_eabi.lib : strcpy.c.obj (.text:strcpy)
                  0000e584    00000014                                   : strlen.c.obj (.text:strlen)
                  0000e598    00000014     empty_pem4f.oem4f (.text:ti_sysbios_family_arm_m3_Hwi_Object__get__S)
                  0000e5ac    00000004     --HOLE-- [fill = 0]
                  0000e5b0    00000014     sysbios.aem4f : BIOS.obj (.text:ti_sysbios_family_arm_m3_Hwi_switchFromBootStack__E)
                  0000e5c4    00000014     empty_pem4f.oem4f (.text:ti_sysbios_heaps_HeapMem_Object__get__S)
                  0000e5d8    00000014     sysbios.aem4f : BIOS.obj (.text:ti_sysbios_knl_Event_Instance_init__E)
                  0000e5ec    00000014     empty_pem4f.oem4f (.text:ti_sysbios_knl_Swi_Object__get__S)
                  0000e600    00000012     driverlib.lib : gpio.obj (.text:GPIOPinTypeADC)
                  0000e612    00000012                   : gpio.obj (.text:GPIOPinTypeEthernetLED)
                  0000e624    00000012                   : gpio.obj (.text:GPIOPinTypeGPIOInput)
                  0000e636    00000012                   : gpio.obj (.text:GPIOPinTypeI2C)
                  0000e648    00000012                   : gpio.obj (.text:GPIOPinTypeI2CSCL)
                  0000e65a    00000012                   : gpio.obj (.text:GPIOPinTypePWM)
                  0000e66c    00000012                   : gpio.obj (.text:GPIOPinTypeSSI)
                  0000e67e    00000012                   : gpio.obj (.text:GPIOPinTypeTimer)
                  0000e690    00000012                   : gpio.obj (.text:GPIOPinTypeUART)
                  0000e6a2    00000012                   : gpio.obj (.text:GPIOPinTypeUSBAnalog)
                  0000e6b4    00000012                   : gpio.obj (.text:GPIOPinTypeUSBDigital)
                  0000e6c6    00000012                   : pwm.obj (.text:PWMGenPeriodGet)
                  0000e6d8    00000012                   : pwm.obj (.text:PWMOutputInvert)
                  0000e6ea    00000012                   : pwm.obj (.text:PWMOutputState)
                  0000e6fc    00000012     drivers_tivaware.aem4f : RingBuf.oem4f (.text:RingBuf_construct)
                  0000e70e    00000012     driverlib.lib : ssi.obj (.text:SSIDataGetNonBlocking)
                  0000e720    00000012                   : timer.obj (.text:TimerLoadSet)
                  0000e732    00000012                   : timer.obj (.text:TimerMatchSet)
                  0000e744    00000012                   : timer.obj (.text:TimerPrescaleMatchSet)
                  0000e756    00000012                   : timer.obj (.text:TimerPrescaleSet)
                  0000e768    00000012     sysbios.aem4f : BIOS.obj (.text:ti_sysbios_hal_Hwi_Module_startup__E)
                  0000e77a    00000012     rtsv7M4_T_le_v4SPD16_eabi.lib : wcslen.c.obj (.text:wcslen)
                  0000e78c    00000012     empty_pem4f.oem4f (.text:xdc_runtime_Startup_exec__I)
                  0000e79e    00000002     --HOLE-- [fill = 0]
                  0000e7a0    00000010     empty_pem4f.oem4f (.text:.bootCodeSection:ti_catalog_arm_cortexm4_tiva_ce_Boot_init__I)
                  0000e7b0    00000010     driverlib.lib : adc.obj (.text:ADCIntEnable)
                  0000e7c0    00000010     drivers_tivaware.aem4f : I2C.oem4f (.text:I2C_Params_init)
                  0000e7d0    00000010     driverlib.lib : pwm.obj (.text:PWMGenPeriodSet)
                  0000e7e0    00000010     drivers_tivaware.aem4f : PWM.oem4f (.text:PWM_Params_init)
                  0000e7f0    00000010     empty.obj (.text:incrementTime)
                  0000e800    00000010     drivers_tivaware.aem4f : UARTTiva.oem4f (.text:readBlockingTimeout)
                  0000e810    00000010     sensor_api.obj (.text:swiLight)
                  0000e820    00000010     sysbios.aem4f : BIOS.obj (.text:ti_sysbios_BIOS_getCpuFreq__E)
                  0000e830    00000010                   : BIOS.obj (.text:ti_sysbios_BIOS_setThreadType__E)
                  0000e840    00000010                   : BIOS.obj (.text:ti_sysbios_BIOS_start__E)
                  0000e850    00000010                   : m3_TaskSupport_asm.obj (.text:ti_sysbios_family_arm_m3_TaskSupport_glue)
                  0000e860    00000010                   : BIOS.obj (.text:ti_sysbios_gates_GateMutex_Instance_finalize__E)
                  0000e870    00000010     empty_pem4f.oem4f (.text:ti_sysbios_hal_Hwi_HwiProxy_Object__create__S)
                  0000e880    00000010     sysbios.aem4f : BIOS.obj (.text:ti_sysbios_knl_Semaphore_Instance_finalize__E)
                  0000e890    00000010                   : BIOS.obj (.text:ti_sysbios_knl_Swi_disable__E)
                  0000e8a0    00000010     empty_pem4f.oem4f (.text:ti_sysbios_knl_Task_Object__get__S)
                  0000e8b0    00000010     sysbios.aem4f : BIOS.obj (.text:ti_sysbios_knl_Task_disable__E)
                  0000e8c0    00000010     ti.targets.arm.rtsarm.aem4f : Gate.oem4f (.text:xdc_runtime_Gate_leaveSystem__E)
                  0000e8d0    00000010                                 : Memory.oem4f (.text:xdc_runtime_Memory_free__E)
                  0000e8e0    00000010                                 : SysMin.oem4f (.text:xdc_runtime_SysMin_ready__E)
                  0000e8f0    00000010                                 : System.oem4f (.text:xdc_runtime_System_vsnprintf__E)
                  0000e900    00000010     empty_pem4f.oem4f (.text:xdc_runtime_Text_visitRope__I)
                  0000e910    0000000e     driverlib.lib : adc.obj (.text:ADCSequenceEnable)
                  0000e91e    0000000e                   : gpio.obj (.text:GPIOIntStatus)
                  0000e92c    0000000e     grlib.lib : image.obj (.text:GrImageDraw)
                  0000e93a    0000000e     driverlib.lib : timer.obj (.text:TimerEnable)
                  0000e948    0000000e                   : uart.obj (.text:UARTCharGetNonBlocking)
                  0000e956    0000000e                   : uart.obj (.text:UARTCharPutNonBlocking)
                  0000e964    0000000e     rtsv7M4_T_le_v4SPD16_eabi.lib : time.c.obj (.text:__time32)
                  0000e972    0000000e                                   : copy_decompress_none.c.obj (.text:decompress:none:__TI_decompress_none)
                  0000e980    0000000e     sysbios.aem4f : BIOS.obj (.text:ti_sysbios_knl_Idle_loop__E)
                  0000e98e    00000002     --HOLE-- [fill = 0]
                  0000e990    0000000e                   : BIOS.obj (.text:ti_sysbios_knl_Queue_empty__E)
                  0000e99e    0000000c     driverlib.lib : gpio.obj (.text:GPIOIntEnable)
                  0000e9aa    0000000c                   : pwm.obj (.text:PWMGenDisable)
                  0000e9b6    0000000c                   : pwm.obj (.text:PWMGenEnable)
                  0000e9c2    0000000c     drivers_tivaware.aem4f : RingBuf.oem4f (.text:RingBuf_peek)
                  0000e9ce    0000000c     driverlib.lib : uart.obj (.text:UARTFlowControlSet)
                  0000e9da    0000000c     drivers_tivaware.aem4f : UARTTiva.oem4f (.text:UARTTiva_init)
                  0000e9e6    00000002     --HOLE-- [fill = 0]
                  0000e9e8    0000000c     rtsv7M4_T_le_v4SPD16_eabi.lib : _lock.c.obj (.text:_register_lock)
                  0000e9f4    0000000c                                   : _lock.c.obj (.text:_register_unlock)
                  0000ea00    0000000c                                   : copy_zero_init.c.obj (.text:decompress:ZI:__TI_zero_init)
                  0000ea0c    0000000c     motorCode.obj (.text:getState)
                  0000ea18    0000000c     sysbios.aem4f : BIOS.obj (.text:ti_sysbios_family_arm_lm4_Timer_getAvailMask__E)
                  0000ea24    00000004     --HOLE-- [fill = 0]
                  0000ea28    0000000c                   : BIOS.obj (.text:ti_sysbios_family_arm_lm4_Timer_getMaxTicks__E)
                  0000ea34    0000000c     empty_pem4f.oem4f (.text:ti_sysbios_family_arm_m3_Hwi_Params__init__S)
                  0000ea40    0000000c     sysbios.aem4f : BIOS.obj (.text:ti_sysbios_family_arm_m3_Hwi_disableFxn__E)
                  0000ea4c    00000004     --HOLE-- [fill = 0]
                  0000ea50    0000000c                   : BIOS.obj (.text:ti_sysbios_family_arm_m3_TaskSupport_checkStack__E)
                  0000ea5c    00000004     --HOLE-- [fill = 0]
                  0000ea60    0000000c                   : BIOS.obj (.text:ti_sysbios_family_arm_m3_TaskSupport_getStackAlignment__E)
                  0000ea6c    0000000c     empty_pem4f.oem4f (.text:ti_sysbios_gates_GateHwi_Params__init__S)
                  0000ea78    0000000c     sysbios.aem4f : BIOS.obj (.text:ti_sysbios_gates_GateHwi_enter__E)
                  0000ea84    0000000c     empty_pem4f.oem4f (.text:ti_sysbios_hal_Hwi_Params__init__S)
                  0000ea90    0000000c     empty_pem4f.oem4f (.text:ti_sysbios_knl_Clock_Params__init__S)
                  0000ea9c    00000004     --HOLE-- [fill = 0]
                  0000eaa0    0000000c     sysbios.aem4f : BIOS.obj (.text:ti_sysbios_knl_Clock_getTicks__E)
                  0000eaac    0000000c     motorCode.obj (.text:ti_sysbios_knl_Event_handle)
                  0000eab8    0000000c     empty_pem4f.oem4f (.text:ti_sysbios_knl_Queue_Object__get__S)
                  0000eac4    0000000c     empty_pem4f.oem4f (.text:ti_sysbios_knl_Semaphore_Params__init__S)
                  0000ead0    0000000c     motorCode.obj (.text:ti_sysbios_knl_Semaphore_handle)
                  0000eadc    0000000c     sensor_api.obj (.text:ti_sysbios_knl_Semaphore_handle)
                  0000eae8    0000000c     empty_pem4f.oem4f (.text:ti_sysbios_knl_Task_Params__init__S)
                  0000eaf4    0000000c     empty.obj (.text:updateGraphUI)
                  0000eb00    0000000c     ti.targets.arm.rtsarm.aem4f : Error.oem4f (.text:xdc_runtime_Error_init__E)
                  0000eb0c    0000000c                                 : Gate.oem4f (.text:xdc_runtime_Gate_enterSystem__E)
                  0000eb18    0000000c                                 : Memory.oem4f (.text:xdc_runtime_Memory_calloc__E)
                  0000eb24    0000000c                                 : Memory.oem4f (.text:xdc_runtime_Memory_getMaxDefaultTypeAlign__E)
                  0000eb30    0000000a     driverlib.lib : adc.obj (.text:ADCIntClear)
                  0000eb3a    0000000a                   : i2c.obj (.text:I2CMasterDisable)
                  0000eb44    0000000a                   : i2c.obj (.text:I2CMasterEnable)
                  0000eb4e    0000000a     drivers_tivaware.aem4f : I2CTiva.oem4f (.text:I2CTiva_init)
                  0000eb58    0000000a                            : I2C.oem4f (.text:I2C_transfer)
                  0000eb62    0000000a     Kentec320x240x16_ssd2119_spi.obj (.text:Kentec320x240x16_SSD2119Flush)
                  0000eb6c    0000000a     drivers_tivaware.aem4f : PWMTimerTiva.oem4f (.text:PWMTimerTiva_getPeriodCounts)
                  0000eb76    0000000a                            : PWM.oem4f (.text:PWM_setDuty)
                  0000eb80    0000000a     driverlib.lib : ssi.obj (.text:SSIDataPut)
                  0000eb8a    0000000a                   : ssi.obj (.text:SSIEnable)
                  0000eb94    0000000a                   : uart.obj (.text:UARTCharGet)
                  0000eb9e    0000000a                   : uart.obj (.text:UARTCharPut)
                  0000eba8    0000000a                   : uart.obj (.text:UARTIntDisable)
                  0000ebb2    0000000a                   : uart.obj (.text:UARTIntStatus)
                  0000ebbc    0000000a     drivers_tivaware.aem4f : UART.oem4f (.text:UART_write)
                  0000ebc6    0000000a     rtsv7M4_T_le_v4SPD16_eabi.lib : sprintf.c.obj (.text:_outc)
                  0000ebd0    0000000a     sysbios.aem4f : BIOS.obj (.text:ti_sysbios_hal_Hwi_Instance_finalize__E)
                  0000ebda    0000000a     empty_pem4f.oem4f (.text:xdc_runtime_IHeap_alloc)
                  0000ebe4    0000000a     empty_pem4f.oem4f (.text:xdc_runtime_IHeap_free)
                  0000ebee    00000008     EK_TM4C1294XL.obj (.text:EK_TM4C1294XL_initGPIO)
                  0000ebf6    00000008     grlib.lib : charmap.obj (.text:GrMapISO8859_1_Unicode)
                  0000ebfe    00000008     driverlib.lib : i2c.obj (.text:I2CMasterIntClear)
                  0000ec06    00000008                   : i2c.obj (.text:I2CMasterSlaveAddrSet)
                  0000ec0e    00000008     drivers_tivaware.aem4f : I2CTiva.oem4f (.text:I2CTiva_blockingCallback)
                  0000ec16    00000008                            : PWMTimerTiva.oem4f (.text:PWMTimerTiva_init)
                  0000ec1e    00000008     driverlib.lib : ssi.obj (.text:SSIBusy)
                  0000ec26    00000008                   : uart.obj (.text:UARTIntEnable)
                  0000ec2e    00000008                   : uart.obj (.text:UARTRxErrorGet)
                  0000ec36    00000002     --HOLE-- [fill = 0]
                  0000ec38    00000008     rtsv7M4_T_le_v4SPD16_eabi.lib : errno.c.obj (.text:__aeabi_errno_addr)
                  0000ec40    00000008     drivers_tivaware.aem4f : UARTTiva.oem4f (.text:readSemCallback)
                  0000ec48    00000008     sysbios.aem4f : BIOS.obj (.text:ti_sysbios_family_arm_lm4_Timer_masterDisable__I)
                  0000ec50    00000008                   : BIOS.obj (.text:ti_sysbios_family_arm_m3_Hwi_doSwiRestore__I)
                  0000ec58    00000008                   : BIOS.obj (.text:ti_sysbios_family_arm_m3_Hwi_startup__E)
                  0000ec60    00000008     drivers_tivaware.aem4f : UARTTiva.oem4f (.text:writeSemCallback)
                  0000ec68    00000006     grlib.lib : string.obj (.text:GrContextFontSet)
                  0000ec6e    00000006     driverlib.lib : i2c.obj (.text:I2CMasterIntDisable)
                  0000ec74    00000006                   : i2c.obj (.text:I2CMasterIntEnable)
                  0000ec7a    00000006     drivers_tivaware.aem4f : I2CTiva.oem4f (.text:I2CTiva_control)
                  0000ec80    00000006                            : PWMTimerTiva.oem4f (.text:PWMTimerTiva_getPeriodMicroSecs)
                  0000ec86    00000006     driverlib.lib : sysctl.obj (.text:SysCtlDelay)
                  0000ec8c    00000006                   : uart.obj (.text:UARTFIFOLevelSet)
                  0000ec92    00000006                   : uart.obj (.text:UARTRxErrorClear)
                  0000ec98    00000006     grlib.lib : widget.obj (.text:WidgetMutexPut)
                  0000ec9e    00000002     --HOLE-- [fill = 0]
                  0000eca0    00000006     sysbios.aem4f : BIOS.obj (.text:ti_sysbios_family_arm_m3_Hwi_doTaskRestore__I)
                  0000eca6    00000002     --HOLE-- [fill = 0]
                  0000eca8    00000006                   : BIOS.obj (.text:ti_sysbios_family_arm_m3_Hwi_restoreFxn__E)
                  0000ecae    00000002     --HOLE-- [fill = 0]
                  0000ecb0    00000006                   : BIOS.obj (.text:ti_sysbios_gates_GateHwi_leave__E)
                  0000ecb6    00000002     --HOLE-- [fill = 0]
                  0000ecb8    00000006                   : BIOS.obj (.text:ti_sysbios_heaps_HeapMem_isBlocking__E)
                  0000ecbe    00000002     --HOLE-- [fill = 0]
                  0000ecc0    00000006                   : BIOS.obj (.text:ti_sysbios_knl_Clock_stop__E)
                  0000ecc6    00000002     --HOLE-- [fill = 0]
                  0000ecc8    00000006                   : BIOS.obj (.text:ti_sysbios_knl_Queue_Instance_init__E)
                  0000ecce    00000002     --HOLE-- [fill = 0]
                  0000ecd0    00000006                   : BIOS.obj (.text:ti_sysbios_knl_Swi_startup__E)
                  0000ecd6    00000006     ti.targets.arm.rtsarm.aem4f : System.oem4f (.text:xdc_runtime_System_Module_startup__E)
                  0000ecdc    00000004     --HOLE-- [fill = 0]
                  0000ece0    00000004     sysbios.aem4f : BIOS.obj (.text:ti_sysbios_gates_GateHwi_query__E)
                  0000ece4    00000004     --HOLE-- [fill = 0]
                  0000ece8    00000004                   : BIOS.obj (.text:ti_sysbios_gates_GateMutex_query__E)
                  0000ecec    00000004     --HOLE-- [fill = 0]
                  0000ecf0    00000004                   : BIOS.obj (.text:ti_sysbios_knl_Task_startup__E)
                  0000ecf4    00000004     --HOLE-- [fill = 0]
                  0000ecf8    00000002                   : BIOS.obj (.text:ti_sysbios_gates_GateHwi_Instance_init__E)
                  0000ecfa    00000006     --HOLE-- [fill = 0]
                  0000ed00    00000002                   : BIOS.obj (.text:ti_sysbios_knl_Clock_logTick__E)

.const     0    0000ed08    00004b80     
                  0000ed08    00001922     empty_pem4f.oem4f (.const:xdc_runtime_Text_charTab__A)
                  0001062a    00000002     empty_pem4f.oem4f (.const:ti_catalog_arm_cortexm4_tiva_ce_Boot_Module__id__C)
                  0001062c    00000004     empty_pem4f.oem4f (.const:ti_catalog_arm_cortexm4_tiva_ce_Boot_A_mustNotUseEnhancedClockMode__C)
                  00010630    00001000     rtsv7M4_T_le_v4SPD16_eabi.lib : s_exp2.c.obj (.const:tbl)
                  00011630    000007e5     grlib.lib : fontcmss18.obj (.const:.string:g_pui8Cmss18Data)
                  00011e15    00000782               : fontcmss18b.obj (.const:.string:g_pui8Cmss18bData)
                  00012597    00000001     empty_pem4f.oem4f (.const:xdc_runtime_Error_policy__C)
                  00012598    000001b0     driverlib.lib : sysctl.obj (.const:g_pppui32XTALtoVCO)
                  00012748    00000120     Boot.aem4f : Boot_sysctl.oem4f (.const:g_pppui32XTALtoVCO)
                  00012868    00000101     rtsv7M4_T_le_v4SPD16_eabi.lib : ctype.c.obj (.const:.string:_ctypes_)
                  00012969    00000001     --HOLE-- [fill = 0]
                  0001296a    00000002     empty_pem4f.oem4f (.const:ti_sysbios_family_arm_m3_Hwi_Module__id__C)
                  0001296c    000000c8     grlib.lib : fontcmss18.obj (.const:g_sFontCmss18)
                  00012a34    000000c8               : fontcmss18b.obj (.const:g_sFontCmss18b)
                  00012afc    000000c0     empty_pem4f.oem4f (.const:xdc_runtime_Text_nodeTab__A)
                  00012bbc    0000009e     grlib_demo.obj (.const:.string)
                  00012c5a    00000002     empty_pem4f.oem4f (.const:ti_sysbios_gates_GateMutex_Module__id__C)
                  00012c5c    00000090     driverlib.lib : gpio.obj (.const:g_pui32GPIOBaseAddrs)
                  00012cec    00000070                   : interrupt.obj (.const)
                  00012d5c    0000006c     Boot.aem4f : Boot_sysctl.oem4f (.const:g_pui32Xtals)
                  00012dc8    0000006c     driverlib.lib : sysctl.obj (.const:g_pui32Xtals)
                  00012e34    00000060     rtsv7M4_T_le_v4SPD16_eabi.lib : mktime.c.obj (.const:$O1$$)
                  00012e94    00000060     MotorLib.lib : motorlib.obj (.const:PWM_config)
                  00012ef4    00000058     empty_pem4f.oem4f (.const:.string)
                  00012f4c    00000054     drivers_tivaware.aem4f : GPIOTiva.oem4f (.const:.string)
                  00012fa0    00000054     MotorLib.lib : motorlib.obj (.const:motorLibPWMTivaHWAttrs)
                  00012ff4    0000004c     rtsv7M4_T_le_v4SPD16_eabi.lib : asctime.c.obj (.const:$O1$$)
                  00013040    0000004c                                   : asctime.c.obj (.const:.string)
                  0001308c    0000004c     drivers_tivaware.aem4f : UARTTiva.oem4f (.const)
                  000130d8    00000048                            : GPIOTiva.oem4f (.const:gpioBaseAddresses)
                  00013120    0000003c     empty_pem4f.oem4f (.const:ti_sysbios_knl_Task_Object__PARAMS__C)
                  0001315c    00000030     Boot.aem4f : Boot_sysctl.oem4f (.const:g_sXTALtoMEMTIM)
                  0001318c    00000030     driverlib.lib : sysctl.obj (.const:g_sXTALtoMEMTIM)
                  000131bc    00000030     empty_pem4f.oem4f (.const:ti_sysbios_family_arm_m3_Hwi_Object__PARAMS__C)
                  000131ec    0000002c     empty_pem4f.oem4f (.const:ti_sysbios_hal_Hwi_Object__PARAMS__C)
                  00013218    00000028     drivers_tivaware.aem4f : UARTTiva.oem4f (.const:UARTTiva_fxnTable)
                  00013240    00000028     Kentec320x240x16_ssd2119_spi.obj (.const:g_sKentec320x240x16_SSD2119)
                  00013268    00000028     empty_pem4f.oem4f (.const:ti_sysbios_heaps_HeapMem_Module__FXNS__C)
                  00013290    00000024     drivers_tivaware.aem4f : UART.oem4f (.const:UART_defaultParams)
                  000132b4    00000024     empty_pem4f.oem4f (.const:ti_sysbios_gates_GateHwi_Module__FXNS__C)
                  000132d8    00000024     empty_pem4f.oem4f (.const:ti_sysbios_gates_GateMutex_Module__FXNS__C)
                  000132fc    00000024     empty_pem4f.oem4f (.const:ti_sysbios_heaps_HeapMem_Object__PARAMS__C)
                  00013320    00000024     empty_pem4f.oem4f (.const:ti_sysbios_knl_Clock_Object__PARAMS__C)
                  00013344    00000024     empty_pem4f.oem4f (.const:ti_sysbios_knl_Semaphore_Object__PARAMS__C)
                  00013368    00000020     drivers_tivaware.aem4f : PWMTimerTiva.oem4f (.const)
                  00013388    00000020                            : PWMTiva.oem4f (.const)
                  000133a8    00000020     empty_pem4f.oem4f (.const:ti_sysbios_family_arm_m3_Hwi_Object__DESC__C)
                  000133c8    00000020     empty_pem4f.oem4f (.const:ti_sysbios_gates_GateHwi_Object__DESC__C)
                  000133e8    00000020     empty_pem4f.oem4f (.const:ti_sysbios_gates_GateMutex_Object__DESC__C)
                  00013408    00000020     empty_pem4f.oem4f (.const:ti_sysbios_hal_Hwi_Object__DESC__C)
                  00013428    00000020     empty_pem4f.oem4f (.const:ti_sysbios_heaps_HeapMem_Object__DESC__C)
                  00013448    00000020     empty_pem4f.oem4f (.const:ti_sysbios_knl_Clock_Object__DESC__C)
                  00013468    00000020     empty_pem4f.oem4f (.const:ti_sysbios_knl_Event_Object__DESC__C)
                  00013488    00000020     empty_pem4f.oem4f (.const:ti_sysbios_knl_Queue_Object__DESC__C)
                  000134a8    00000020     empty_pem4f.oem4f (.const:ti_sysbios_knl_Semaphore_Object__DESC__C)
                  000134c8    00000020     empty_pem4f.oem4f (.const:ti_sysbios_knl_Task_Object__DESC__C)
                  000134e8    00000020     empty_pem4f.oem4f (.const:xdc_runtime_Startup_sfxnTab__A)
                  00013508    0000001c     drivers_tivaware.aem4f : I2CTiva.oem4f (.const)
                  00013524    0000001c     touch.obj (.const:g_pi32TouchParameters)
                  00013540    00000018     EK_TM4C1294XL.obj (.const:I2C_config)
                  00013558    00000018     EK_TM4C1294XL.obj (.const:UART_config)
                  00013570    00000018     empty_pem4f.oem4f (.const:ti_sysbios_gates_GateHwi_Object__PARAMS__C)
                  00013588    00000018     empty_pem4f.oem4f (.const:ti_sysbios_gates_GateMutex_Object__PARAMS__C)
                  000135a0    00000018     empty_pem4f.oem4f (.const:ti_sysbios_knl_Event_Object__PARAMS__C)
                  000135b8    00000018     empty_pem4f.oem4f (.const:ti_sysbios_knl_Queue_Object__PARAMS__C)
                  000135d0    00000018     EK_TM4C1294XL.obj (.const:uartTivaHWAttrs)
                  000135e8    00000014     EK_TM4C1294XL.obj (.const:GPIOTiva_config)
                  000135fc    00000014     empty_pem4f.oem4f (.const:xdc_runtime_Startup_firstFxns__A)
                  00013610    00000010     drivers_tivaware.aem4f : I2C.oem4f (.const)
                  00013620    00000010     grlib.lib : context.obj (.const)
                  00013630    00000010     MotorLib.lib : motorlib.obj (.const:motorLibPWMTimerTivaHWAttrs)
                  00013640    00000010     empty_pem4f.oem4f (.const:xdc_runtime_Startup_sfxnRts__A)
                  00013650    0000000c     drivers_tivaware.aem4f : PWM.oem4f (.const)
                  0001365c    0000000c     EK_TM4C1294XL.obj (.const:i2cTivaHWAttrs)
                  00013668    00000008     Boot.aem4f : Boot_sysctl.oem4f (.const)
                  00013670    00000008     driverlib.lib : sysctl.obj (.const)
                  00013678    00000008     empty_pem4f.oem4f (.const:ti_sysbios_family_arm_m3_Hwi_excHookFuncs__A)
                  00013680    00000008     empty_pem4f.oem4f (.const:ti_sysbios_knl_Idle_funcList__C)
                  00013688    00000008     empty_pem4f.oem4f (.const:xdc_runtime_Startup_firstFxns__C)
                  00013690    00000008     empty_pem4f.oem4f (.const:xdc_runtime_Startup_lastFxns__C)
                  00013698    00000004     empty_pem4f.oem4f (.const:ti_catalog_arm_cortexm4_tiva_ce_Boot_Module__diagsEnabled__C)
                  0001369c    00000004     empty_pem4f.oem4f (.const:ti_catalog_arm_cortexm4_tiva_ce_Boot_Module__diagsIncluded__C)
                  000136a0    00000004     empty_pem4f.oem4f (.const:ti_catalog_arm_cortexm4_tiva_ce_Boot_Module__diagsMask__C)
                  000136a4    00000004     empty_pem4f.oem4f (.const:ti_sysbios_family_arm_lm4_Timer_enableFunc__C)
                  000136a8    00000004     empty_pem4f.oem4f (.const:ti_sysbios_family_arm_lm4_Timer_numTimerDevices__C)
                  000136ac    00000004     empty_pem4f.oem4f (.const:ti_sysbios_family_arm_lm4_Timer_startupNeeded__C)
                  000136b0    00000004     empty_pem4f.oem4f (.const:ti_sysbios_family_arm_m3_Hwi_E_NMI__C)
                  000136b4    00000004     empty_pem4f.oem4f (.const:ti_sysbios_family_arm_m3_Hwi_E_alreadyDefined__C)
                  000136b8    00000004     empty_pem4f.oem4f (.const:ti_sysbios_family_arm_m3_Hwi_E_busFault__C)
                  000136bc    00000004     empty_pem4f.oem4f (.const:ti_sysbios_family_arm_m3_Hwi_E_debugMon__C)
                  000136c0    00000004     empty_pem4f.oem4f (.const:ti_sysbios_family_arm_m3_Hwi_E_hardFault__C)
                  000136c4    00000004     empty_pem4f.oem4f (.const:ti_sysbios_family_arm_m3_Hwi_E_memFault__C)
                  000136c8    00000004     empty_pem4f.oem4f (.const:ti_sysbios_family_arm_m3_Hwi_E_noIsr__C)
                  000136cc    00000004     empty_pem4f.oem4f (.const:ti_sysbios_family_arm_m3_Hwi_E_reserved__C)
                  000136d0    00000004     empty_pem4f.oem4f (.const:ti_sysbios_family_arm_m3_Hwi_E_svCall__C)
                  000136d4    00000004     empty_pem4f.oem4f (.const:ti_sysbios_family_arm_m3_Hwi_E_usageFault__C)
                  000136d8    00000004     empty_pem4f.oem4f (.const:ti_sysbios_family_arm_m3_Hwi_NUM_INTERRUPTS__C)
                  000136dc    00000004     empty_pem4f.oem4f (.const:ti_sysbios_family_arm_m3_Hwi_Object__count__C)
                  000136e0    00000004     empty_pem4f.oem4f (.const:ti_sysbios_family_arm_m3_Hwi_ccr__C)
                  000136e4    00000004     empty_pem4f.oem4f (.const:ti_sysbios_family_arm_m3_Hwi_excHandlerFunc__C)
                  000136e8    00000004     empty_pem4f.oem4f (.const:ti_sysbios_family_arm_m3_Hwi_excHookFuncs__C)
                  000136ec    00000004     empty_pem4f.oem4f (.const:ti_sysbios_family_arm_m3_Hwi_nullIsrFunc__C)
                  000136f0    00000004     empty_pem4f.oem4f (.const:ti_sysbios_family_arm_m3_Hwi_priGroup__C)
                  000136f4    00000004     empty_pem4f.oem4f (.const:ti_sysbios_family_arm_m3_TaskSupport_stackAlignment__C)
                  000136f8    00000004     empty_pem4f.oem4f (.const:ti_sysbios_gates_GateMutex_A_badContext__C)
                  000136fc    00000004     empty_pem4f.oem4f (.const:ti_sysbios_gates_GateMutex_Instance_State_sem__O)
                  00013700    00000004     empty_pem4f.oem4f (.const:ti_sysbios_gates_GateMutex_Module__diagsEnabled__C)
                  00013704    00000004     empty_pem4f.oem4f (.const:ti_sysbios_gates_GateMutex_Module__diagsIncluded__C)
                  00013708    00000004     empty_pem4f.oem4f (.const:ti_sysbios_gates_GateMutex_Module__diagsMask__C)
                  0001370c    00000004     empty_pem4f.oem4f (.const:ti_sysbios_hal_Hwi_E_stackOverflow__C)
                  00013710    00000004     empty_pem4f.oem4f (.const:ti_sysbios_heaps_HeapMem_A_align__C)
                  00013714    00000004     empty_pem4f.oem4f (.const:ti_sysbios_heaps_HeapMem_A_heapSize__C)
[...]
000137ec  xdc_runtime_Error_E_generic__C                                       
000137f0  xdc_runtime_Error_E_memory__C                                        
000137f4  xdc_runtime_Error_Module__diagsEnabled__C                            
000137f8  xdc_runtime_Error_Module__diagsIncluded__C                           
000137fc  xdc_runtime_Error_Module__diagsMask__C                               
00013800  xdc_runtime_Error_Module__loggerFxn8__C                              
00013804  xdc_runtime_Error_Module__loggerObj__C                               
00013808  xdc_runtime_Error_policyFxn__C                                       
0001380c  xdc_runtime_Error_raiseHook__C                                       
00013810  xdc_runtime_IGateProvider_Interface__BASE__C                         
00013814  xdc_runtime_IHeap_Interface__BASE__C                                 
00013818  xdc_runtime_IModule_Interface__BASE__C                               
0001381c  xdc_runtime_Log_L_error__C                                           
00013820  xdc_runtime_Memory_defaultHeapInstance__C                            
00013824  xdc_runtime_Startup_execImpl__C                                      
00013828  xdc_runtime_Startup_maxPasses__C                                     
0001382c  xdc_runtime_Startup_sfxnRts__C                                       
00013830  xdc_runtime_Startup_sfxnTab__C                                       
00013834  xdc_runtime_SysMin_bufSize__C                                        
00013838  xdc_runtime_SysMin_outputFunc__C                                     
0001383c  xdc_runtime_System_Module__gateObj__C                                
00013840  xdc_runtime_System_abortFxn__C                                       
00013844  xdc_runtime_System_exitFxn__C                                        
00013848  xdc_runtime_System_extendFxn__C                                      
0001384c  xdc_runtime_System_maxAtexitHandlers__C                              
00013850  xdc_runtime_Text_charTab__C                                          
00013854  xdc_runtime_Text_nameEmpty__C                                        
00013858  xdc_runtime_Text_nameStatic__C                                       
0001385c  xdc_runtime_Text_nameUnknown__C                                      
00013860  xdc_runtime_Text_nodeTab__C                                          
00013864  xdc_runtime_Text_visitRopeFxn__C                                     
00013868  ti_sysbios_hal_Hwi_Module__id__C                                     
0001386a  ti_sysbios_heaps_HeapMem_Module__id__C                               
0001386c  ti_sysbios_knl_Clock_Module__id__C                                   
0001386e  ti_sysbios_knl_Event_Module__id__C                                   
00013870  ti_sysbios_knl_Semaphore_Module__id__C                               
00013872  ti_sysbios_knl_Task_Module__id__C                                    
00013874  xdc_runtime_Core_Module__id__C                                       
00013876  xdc_runtime_Error_Module__loggerDefined__C                           
00013878  xdc_runtime_Error_maxDepth__C                                        
0001387a  xdc_runtime_Main_Module__id__C                                       
0001387c  xdc_runtime_Memory_Module__id__C                                     
0001387e  xdc_runtime_SysMin_flushAtExit__C                                    
00013880  xdc_runtime_Text_charCnt__C                                          
00013882  xdc_runtime_Text_isLoaded__C                                         
00013884  xdc_runtime_Text_registryModsLastId__C                               
00013886  xdc_runtime_Text_unnamedModsLastId__C                                
00013888  __TI_static_base__                                                   
00013c8c  __TI_Handler_Table_Base                                              
00013c98  __TI_Handler_Table_Limit                                             
00013ca8  __TI_CINIT_Base                                                      
00013cc0  __TI_CINIT_Limit                                                     
20000000  __start___llvm_prf_cnts                                              
20000000  __stop___llvm_prf_cnts                                               
20000000  ti_sysbios_family_arm_m3_Hwi_ramVectors                              
20000360  ti_sysbios_knl_Task_Instance_State_0_stack__A                        
20000b60  ti_sysbios_knl_Task_Instance_State_1_stack__A                        
20001360  ti_sysbios_knl_Task_Instance_State_2_stack__A                        
20001560  taskLightStack                                                       
20002560  ti_sysbios_heaps_HeapMem_Instance_State_0_buf__A                     
20002960  xdc_runtime_SysMin_Module_State_0_outbuf__A                          
20002d60  ti_sysbios_family_arm_m3_Hwi_dispatchTable                           
20003200  __CIOBUF_                                                            
20003320  uartTivaObjects                                                      
2000347c  i2cTivaObjects                                                       
200034fc  motorLibPWMObjects                                                   
20003534  eb                                                                   
20003564  sContext                                                             
20003590  clkSensorParams                                                      
200035b4  clockLightStruct                                                     
200035d8  clockUpdateGraph                                                     
200035fc  clockUpdateTime                                                      
20003680  maxTime                                                              
200036a0  minTime                                                              
200036c0  uartTivaRingBuffer                                                   
200036fc  semLightStruct                                                       
20003718  semStruct                                                            
20003734  gHwiprms                                                             
2000374c  lightBuffer                                                          
20003764  motorLibPWMTimerObjects                                              
2000377c  evtStruct                                                            
20003790  valueText                                                            
200037b4  pui32ADC0Value                                                       
200037c8  graphMax                                                             
200037d0  graphMin                                                             
200037d8  parmbuf                                                              
200037e0  SysTicks                                                             
200037e4  acceleration                                                         
200037e8  acceleration_avg                                                     
200037ec  adc0                                                                 
200037f0  current                                                              
200037f4  data_Graph                                                           
200037f8  delta_rpm                                                            
200037fc  delta_time                                                           
20003800  error                                                                
20003804  evtHandle                                                            
20003808  g_accelerationLimit                                                  
2000380c  g_currentLimit                                                       
20003810  g_drawingGraph                                                       
20003814  g_motorSpeed                                                         
20003818  g_numPlotOverflow                                                    
2000381c  g_numPlotPoints                                                      
20003820  g_pi32ParmSet                                                        
20003828  g_sCurrentPanel                                                      
2000382c  g_ui32SysClock                                                       
20003830  gateHwi                                                              
20003838  graphIntMax                                                          
2000383c  graphIntMin                                                          
20003840  hA                                                                   
20003844  hB                                                                   
20003848  hC                                                                   
2000384c  hallA                                                                
20003850  hallB                                                                
20003854  hallC                                                                
20003858  light_i2c                                                            
2000385c  output                                                               
20003860  previousPoint                                                        
20003864  rpm_avg                                                              
20003868  rpm_from_UI                                                          
2000386c  semHandle                                                            
20003870  semLightHandle                                                       
20003874  t                                                                    
20003878  uart                                                                 
2000387c  voltage                                                              
20003880  y_graph_step                                                         
20003884  g_i16TouchX                                                          
20003886  g_i16TouchY                                                          
20003888  e_event                                                              
20003889  e_stop                                                               
2000388a  motorStartedUI                                                       
2000388b  motorState                                                           
2000388c  print_from_clock                                                     
2000388d  running                                                              
2000388e  success                                                              
2000388f  updateGraph                                                          
20003890  ti_sysbios_knl_Task_Object__table__V                                 
20003974  ti_sysbios_knl_Swi_Module_State_0_readyQ__A                          
200039f4  motor                                                                
200039f8  prevMotor                                                            
200039fc  prevSysTick                                                          
20003a00  deltaPos                                                             
20003a04  clock_time_mins                                                      
20003a08  clock_time_secs                                                      
20003a0c  rpm_actual                                                           
20003a10  acceleration_sum                                                     
20003a14  rpm_prev                                                             
20003a18  integral_error                                                       
20003a1c  rpm_desired                                                          
20003a20  rpm_int                                                              
20003a24  jump                                                                 
20003a28  Kp                                                                   
20003a2c  Ki                                                                   
20003a30  clock_count                                                          
20003a34  rpm_sum                                                              
20003a38  min_per_sysTick                                                      
20003a3c  rotation                                                             
20003a40  rpm_sum_c                                                            
20003a44  dummy                                                                
20003a48  adc_test                                                             
20003a4c  vref                                                                 
20003a50  stepVoltage                                                          
20003a54  shunt                                                                
20003a58  gain                                                                 
20003a5c  g_sGraphAcceleration                                                 
20003aac  g_sGraphBack                                                         
20003afc  g_sGraphExit                                                         
20003b4c  g_sGraphLight                                                        
20003b9c  g_sGraphOption                                                       
20003bec  g_sGraphPower                                                        
20003c3c  g_sGraphSpeed                                                        
20003c8c  g_sGraphTitle                                                        
20003cdc  g_sMotorOption                                                       
20003d2c  g_sSetOption                                                         
20003d7c  g_sSettingAcceleration                                               
20003dcc  g_sSettingBack                                                       
20003e1c  g_sSettingCurrent                                                    
20003e6c  g_sSettingDecrease                                                   
20003ebc  g_sSettingExit                                                       
20003f0c  g_sSettingIncrease                                                   
20003f5c  g_sSettingSpeed                                                      
20003fac  g_sSettingTitle                                                      
20003ffc  g_sSettingValue                                                      
2000404c  ti_sysbios_knl_Task_Module__state__V                                 
20004090  g_sGraph                                                             
200040d0  g_sGraphPage                                                         
20004110  g_sGraphsMainPage                                                    
20004150  g_sMainPage                                                          
20004190  g_sSettingPage                                                       
200041d0  g_sSettingsMainPage                                                  
20004210  ti_sysbios_family_arm_lm4_Timer_Module_State_0_device__A             
20004250  ti_sysbios_family_arm_lm4_Timer_Object__table__V                     
20004290  ti_sysbios_gates_GateMutex_Object__table__V                          
200042c8  ti_sysbios_family_arm_m3_Hwi_Module__state__V                        
200042fc  ti_sysbios_family_arm_m3_Hwi_Object__table__V                        
2000432c  ti_sysbios_knl_Swi_Object__table__V                                  
2000435c  g_sRoot                                                              
2000438a  ti_sysbios_family_arm_m3_Hwi_Module_State_0_excActive__A             
2000438c  ti_sysbios_knl_Clock_Module__state__V                                
200043dc  ti_sysbios_BIOS_Module__state__V                                     
20004400  ti_sysbios_family_arm_lm4_Timer_Module_State_0_handles__A            
20004420  ti_sysbios_knl_Task_Module_State_0_readyQ__A                         
20004440  gpioPinConfigs                                                       
2000445c  ti_sysbios_knl_Swi_Module__state__V                                  
20004490  ti_sysbios_heaps_HeapMem_Object__table__V                            
200044a8  x_graph_step                                                         
200044ac  x_graph_start                                                        
200044b0  y_graph_start                                                        
200044b4  y_graph_max                                                          
200044b8  y_graph_end                                                          
200044bc  _tz                                                                  
200044cc  ti_sysbios_family_arm_lm4_Timer_Module__state__V                     
200044d8  xdc_runtime_SysMin_Module__state__V                                  
200044e4  _lock                                                                
200044e8  _unlock                                                              
200044ec  gpioCallbackFunctions                                                
200044f4  ti_sysbios_family_arm_m3_Hwi_Module__root__V                         
200044fc  ti_sysbios_gates_GateHwi_Module__root__V                             
20004504  ti_sysbios_gates_GateMutex_Module__root__V                           
2000450c  ti_sysbios_hal_Hwi_Module__root__V                                   
20004514  ti_sysbios_heaps_HeapMem_Module__root__V                             
2000451c  ti_sysbios_knl_Clock_Module__root__V                                 
20004524  ti_sysbios_knl_Event_Module__root__V                                 
2000452c  ti_sysbios_knl_Queue_Module__root__V                                 
20004534  ti_sysbios_knl_Semaphore_Module__root__V                             
2000453c  ti_sysbios_knl_Task_Module__root__V                                  
20004544  xdc_runtime_Registry_Module__state__V                                
2000454c  xdc_runtime_Startup_Module__state__V                                 
20004554  xdc_runtime_System_Module_State_0_atexitHandlers__A                  
2000455c  xdc_runtime_System_Module__state__V                                  
2000456a  xdc_runtime_Error_Module__state__V                                   
20004578  errno                                                                
2000457c  main_func_sp                                                         
20004580  ti_sysbios_family_arm_m3_Hwi_Module_State_0_excContext__A            
20004584  ti_sysbios_family_arm_m3_Hwi_Module_State_0_excStack__A              
20004588  ti_sysbios_gates_GateHwi_Object__table__V                            
2000458c  ti_sysbios_knl_Task_Module_State_0_idleTask__A                       
20004590  g_i16TouchMin                                                        
20004594  xdc_runtime_Memory_Module__state__V                                  
20004598  __stack                                                              
20004898  __STACK_END                                                          
e000e000  ti_sysbios_family_arm_m3_Hwi_nvic                                    
ffffffff  __TI_pprof_out_hndl                                                  
ffffffff  __TI_prof_data_size                                                  
ffffffff  __TI_prof_data_start                                                 
ffffffff  __binit__                                                            
ffffffff  __c_args__                                                           
ffffffff  binit                                                                
UNDEFED   SHT$$INIT_ARRAY$$Base                                                
UNDEFED   SHT$$INIT_ARRAY$$Limit                                               

[1023 symbols]
