******************************************************************************
                  TI ARM Linker PC v20.2.4                     
******************************************************************************
>> Linked Tue Jun  1 12:11:09 2021

OUTPUT FILE NAME:   <empty_EK_TM4C1294XL_TI.out>
ENTRY POINT SYMBOL: "_c_int00"  address: 0000c935


MEMORY CONFIGURATION

         name            origin    length      used     unused   attr    fill
----------------------  --------  ---------  --------  --------  ----  --------
  FLASH                 00000000   00100000  00014fae  000eb052  R  X
  SRAM                  20000000   00040000  0000521e  0003ade2  RW X


SEGMENT ALLOCATION MAP

run origin  load origin   length   init length attrs members
----------  ----------- ---------- ----------- ----- -------
00000000    00000000    00014fb8   00014fb8    r-x
  00000000    00000000    0000003c   0000003c    r-- .resetVecs
  00000040    00000040    0000ff52   0000ff52    r-x .text
  0000ff98    0000ff98    00004be0   00004be0    r-- .const
  00014b78    00014b78    00000440   00000440    r-- .cinit
20000000    20000000    00005220   00000000    rw-
  20000000    20000000    00000360   00000000    rw- .vecs
  20000360    20000360    00003eaa   00000000    rw- .bss
  2000420c    2000420c    00000d14   00000000    rw- .data
  20004f20    20004f20    00000300   00000000    rw- .stack


SECTION ALLOCATION MAP

 output                                  attributes/
section   page    origin      length       input sections
--------  ----  ----------  ----------   ----------------
.text      0    00000040    0000ff52     
                  00000040    00000a4e     rtsv7M4_T_le_v4SPD16_eabi.lib : _printfi.c.obj (.text:__TI_printfi)
                  00000a8e    00000002                                   : _lock.c.obj (.text:_nop)
                  00000a90    000009c0                                   : e_pow.c.obj (.text:pow)
                  00001450    000006ac     MotorLib.lib : motorlib.obj (.text)
                  00001afc    00000004     driverlib.lib : i2c.obj (.text:I2CMasterControl)
                  00001b00    00000430     sysbios.aem4f : BIOS.obj (.text:ti_sysbios_family_arm_m3_Hwi_excDumpRegs__I)
                  00001f30    00000400     grlib_demo.obj (.text:drawGraphPoint)
                  00002330    00000374     grlib.lib : image.obj (.text:InternalImageDraw)
                  000026a4    00000004     driverlib.lib : i2c.obj (.text:I2CMasterDataGet)
                  000026a8    0000034c     sysbios.aem4f : BIOS.obj (.text:ti_sysbios_knl_Event_pend__E)
                  000029f4    0000034c     ti.targets.arm.rtsarm.aem4f : System.oem4f (.text:xdc_runtime_System_doPrint__I)
                  00002d40    000002f8     grlib.lib : image.obj (.text:PixelTransparentDraw)
                  00003038    000002d0     sysbios.aem4f : BIOS.obj (.text:ti_sysbios_knl_Semaphore_pend__E)
                  00003308    000002a0     rtsv7M4_T_le_v4SPD16_eabi.lib : mktime.c.obj (.text:__mktime32)
                  000035a8    00000270                                   : _printfi.c.obj (.text:_pconv_a)
                  00003818    0000026c     sysbios.aem4f : BIOS.obj (.text:ti_sysbios_heaps_HeapMem_free__E)
                  00003a84    00000268     touch.obj (.text:TouchScreenDebouncer)
                  00003cec    00000254     grlib.lib : string.obj (.text:GrFontGlyphRender)
                  00003f40    00000250     sysbios.aem4f : BIOS.obj (.text:ti_sysbios_heaps_HeapMem_alloc__E)
                  00004190    00000234                   : BIOS.obj (.text:ti_sysbios_knl_Task_Instance_finalize__E)
                  000043c4    0000020c     drivers_tivaware.aem4f : UARTTiva.oem4f (.text:UARTTiva_open)
                  000045d0    00000204     Boot.aem4f : Boot_sysctl.oem4f (.text:ti_catalog_arm_cortexm4_tiva_ce_Boot_sysCtlClockFreqSetI__I)
                  000047d4    00000200     driverlib.lib : sysctl.obj (.text:SysCtlClockFreqSet)
                  000049d4    00000200     rtsv7M4_T_le_v4SPD16_eabi.lib : s_exp2.c.obj (.text:exp2)
                  00004bd4    00000004     driverlib.lib : i2c.obj (.text:I2CMasterDataPut)
                  00004bd8    000001f4     sysbios.aem4f : BIOS.obj (.text:ti_sysbios_family_arm_m3_Hwi_excHandlerMax__I)
                  00004dcc    00000004     driverlib.lib : uart.obj (.text:UARTIntClear)
                  00004dd0    000001f0     sysbios.aem4f : BIOS.obj (.text:ti_sysbios_knl_Task_sleep__E)
                  00004fc0    000001e8     empty_pem4f.oem4f (.text:xdc_runtime_System_printfExtend__I)
                  000051a8    000001e4     Kentec320x240x16_ssd2119_spi.obj (.text:Kentec320x240x16_SSD2119Init)
                  0000538c    000001dc     Kentec320x240x16_ssd2119_spi.obj (.text:Kentec320x240x16_SSD2119PixelDrawMultiple)
                  00005568    000001d4     grlib_demo.obj (.text:OnGraphsPage)
                  0000573c    000001d0     rtsv7M4_T_le_v4SPD16_eabi.lib : _printfi.c.obj (.text:_pconv_g)
                  0000590c    00000004     grlib.lib : widget.obj (.text:WidgetDefaultMsgProc)
                  00005910    000001c0     sysbios.aem4f : BIOS.obj (.text:ti_sysbios_knl_Task_Instance_init__E)
                  00005ad0    000001b8     motor_api.obj (.text:motorFxn)
                  00005c88    000001b6     rtsv7M4_T_le_v4SPD16_eabi.lib : fd_add_t2.asm.obj (.text)
                  00005e3e    00000002                                   : div0.asm.obj (.text)
                  00005e40    000001a4     pinout.obj (.text:PinoutSet)
                  00005fe4    00000190     grlib.lib : canvas.obj (.text:CanvasPaint)
                  00006174    0000017e               : pushbutton.obj (.text:RectangularButtonPaint)
                  000062f2    00000002     empty_pem4f.oem4f (.text:ti_sysbios_BIOS_nullFunc__I)
                  000062f4    00000178     touch.obj (.text:TouchScreenIntHandler)
                  0000646c    00000174     motor_api.obj (.text:initMotor)
                  000065e0    00000174     sysbios.aem4f : BIOS.obj (.text:ti_sysbios_family_arm_m3_Hwi_excBusFault__I)
                  00006754    00000170     drivers_tivaware.aem4f : PWMTiva.oem4f (.text:PWMTiva_open)
                  000068c4    00000004     rtsv7M4_T_le_v4SPD16_eabi.lib : exit.c.obj (.text:abort:abort)
                  000068c8    00000164     sysbios.aem4f : BIOS.obj (.text:ti_sysbios_family_arm_m3_Hwi_excUsageFault__I)
                  00006a2c    00000160     grlib_demo.obj (.text:initWidgets)
                  00006b8c    00000158     rtsv7M4_T_le_v4SPD16_eabi.lib : e_sqrt.c.obj (.text:sqrt)
                  00006ce4    00000150     drivers_tivaware.aem4f : GPIOTiva.oem4f (.text:GPIO_setConfig)
                  00006e34    00000148     motor_api.obj (.text:initHallABC)
                  00006f7c    00000004     empty_pem4f.oem4f (.text:ti_sysbios_BIOS_RtsGateProxy_enter__E)
                  00006f80    00000148     sysbios.aem4f : BIOS.obj (.text:ti_sysbios_family_arm_m3_Hwi_excMemFault__I)
                  000070c8    0000013c     rtsv7M4_T_le_v4SPD16_eabi.lib : _printfi.c.obj (.text:_pconv_e)
                  00007204    00000004     empty_pem4f.oem4f (.text:ti_sysbios_BIOS_RtsGateProxy_leave__E)
                  00007208    0000013c     sysbios.aem4f : BIOS.obj (.text:ti_sysbios_heaps_HeapMem_Instance_init__E)
                  00007344    00000136     rtsv7M4_T_le_v4SPD16_eabi.lib : fd_div_t2.asm.obj (.text)
                  0000747a    00000002     empty_pem4f.oem4f (.text:xdc_runtime_Startup_reset__I)
                  0000747c    00000134     rtsv7M4_T_le_v4SPD16_eabi.lib : localtim.c.obj (.text:__localtime32)
                  000075b0    00000132     driverlib.lib : gpio.obj (.text:GPIOPadConfigSet)
                  000076e2    00000002     --HOLE-- [fill = 0]
                  000076e4    00000128     grlib_demo.obj (.text:OnSettingsPage)
                  0000780c    00000124     rtsv7M4_T_le_v4SPD16_eabi.lib : _printfi.c.obj (.text:fcvt)
                  00007930    00000120     sysbios.aem4f : BIOS.obj (.text:ti_sysbios_family_arm_lm4_Timer_start__E)
                  00007a50    0000011c                   : BIOS.obj (.text:ti_sysbios_knl_Clock_Instance_init__E)
                  00007b6c    00000118     ti.targets.arm.rtsarm.aem4f : Error.oem4f (.text:xdc_runtime_Error_policyDefault__E)
                  00007c84    00000114     drivers_tivaware.aem4f : PWMTimerTiva.oem4f (.text:PWMTimerTiva_open)
                  00007d98    00000114     sensors_api.obj (.text:initAcceleration)
                  00007eac    00000114     empty.obj (.text:main)
                  00007fc0    00000110     rtsv7M4_T_le_v4SPD16_eabi.lib : s_scalbn.c.obj (.text:scalbn)
                  000080d0    0000010c     Kentec320x240x16_ssd2119_spi.obj (.text:Kentec320x240x16_SSD2119RectFill)
                  000081dc    0000010c     touch.obj (.text:TouchScreenInit)
                  000082e8    00000106     grlib.lib : line.obj (.text:GrLineDraw)
                  000083ee    00000002     --HOLE-- [fill = 0]
                  000083f0    00000104     sysbios.aem4f : BIOS.obj (.text:ti_sysbios_knl_Event_post__E)
                  000084f4    00000100     ti.targets.arm.rtsarm.aem4f : Core-mem.oem4f (.text:xdc_runtime_Core_createObject__I)
                  000085f4    000000fc     rtsv7M4_T_le_v4SPD16_eabi.lib : fd_mul_t2.asm.obj (.text)
                  000086f0    000000f8     motor_api.obj (.text:filterFxn)
                  000087e8    000000f8     bmi160.obj (.text:getAccelVector)
                  000088e0    000000f8     ti.targets.arm.rtsarm.aem4f : Startup.oem4f (.text:xdc_runtime_Startup_startMods__I)
                  000089d8    000000f4     sysbios.aem4f : m3_Hwi_asm.obj (.text:ti_sysbios_family_arm_m3_Hwi_dispatch__I)
                  00008acc    000000f2     grlib.lib : pushbutton.obj (.text:RectangularButtonClick)
                  00008bbe    000000f0     drivers_tivaware.aem4f : PWMTiva.oem4f (.text:PWMTiva_setDuty)
                  00008cae    00000002     --HOLE-- [fill = 0]
                  00008cb0    000000ec     sensors_api.obj (.text:taskAcceleration)
                  00008d9c    00000004     sysbios.aem4f : BIOS.obj (.text:ti_sysbios_family_arm_lm4_Timer_masterEnable__I)
                  00008da0    000000ec                   : BIOS.obj (.text:ti_sysbios_knl_Semaphore_post__E)
                  00008e8c    000000e8     grlib.lib : widget.obj (.text:WidgetMessageQueueAdd)
                  00008f74    000000e0     drivers_tivaware.aem4f : I2CTiva.oem4f (.text:I2CTiva_open)
                  00009054    000000d6                            : I2CTiva.oem4f (.text:I2CTiva_hwiFxn)
                  0000912a    00000002     --HOLE-- [fill = 0]
                  0000912c    000000cc     ti.targets.arm.rtsarm.aem4f : Core-smem.oem4f (.text:xdc_runtime_Core_constructObject__I)
                  000091f8    000000c4     motor_api.obj (.text:HallFxn)
                  000092bc    000000c4     grlib_demo.obj (.text:OnDecrease)
                  00009380    000000c4     sensors_api.obj (.text:initLightTask)
                  00009444    000000c2     bmi160.obj (.text:BMI160Init)
                  00009506    000000c0     grlib.lib : string.obj (.text:GrDefaultStringRenderer)
                  000095c6    00000002     --HOLE-- [fill = 0]
                  000095c8    000000c0     grlib_demo.obj (.text:OnIncrease)
                  00009688    000000c0     sensors_api.obj (.text:initSensors)
                  00009748    000000bc     motor_api.obj (.text:PIControlFxn)
                  00009804    00000004     empty_pem4f.oem4f (.text:ti_sysbios_family_arm_m3_Hwi_destruct)
                  00009808    000000bc     sysbios.aem4f : BIOS.obj (.text:ti_sysbios_family_arm_m3_Hwi_excDebugMon__I)
                  000098c4    00000004     empty_pem4f.oem4f (.text:ti_sysbios_family_arm_m3_TaskSupport_Module__startupDone__S)
                  000098c8    000000bc     sysbios.aem4f : BIOS.obj (.text:ti_sysbios_family_arm_m3_Hwi_excHardFault__I)
                  00009984    000000b8     EK_TM4C1294XL.obj (.text:EK_TM4C1294XL_initGeneral)
                  00009a3c    000000b8     grlib.lib : line.obj (.text:GrLineClip)
                  00009af4    000000b8     Kentec320x240x16_ssd2119_spi.obj (.text:InitSPILCDInterface)
                  00009bac    000000b8     drivers_tivaware.aem4f : PWMTimerTiva.oem4f (.text:PWMTimerTiva_setDuty)
                  00009c64    000000b4     grlib_demo.obj (.text:OnStartMotor)
                  00009d18    000000b4     grlib.lib : widget.obj (.text:WidgetMessageSendPostOrder)
                  00009dcc    00000004     empty_pem4f.oem4f (.text:ti_sysbios_hal_Hwi_HwiProxy_delete)
                  00009dd0    000000b4     sysbios.aem4f : BIOS.obj (.text:ti_sysbios_gates_GateMutex_enter__E)
                  00009e84    00000004     empty_pem4f.oem4f (.text:ti_sysbios_heaps_HeapMem_Module_GateProxy_enter__E)
                  00009e88    000000b4     sysbios.aem4f : BIOS.obj (.text:ti_sysbios_knl_Task_checkStacks__E)
                  00009f3c    000000b1     rtsv7M4_T_le_v4SPD16_eabi.lib : _printfi.c.obj (.text:_ltostr)
                  00009fed    00000001     --HOLE-- [fill = 0]
                  00009fee    000000ac     drivers_tivaware.aem4f : UARTTiva.oem4f (.text:readTaskBlocking)
                  0000a09a    00000006     driverlib.lib : gpio.obj (.text:GPIOIntClear)
                  0000a0a0    000000ac     sysbios.aem4f : BIOS.obj (.text:ti_sysbios_family_arm_lm4_Timer_enableTiva__I)
                  0000a14c    000000a8     grlib_demo.obj (.text:initUI)
                  0000a1f4    00000004     empty_pem4f.oem4f (.text:ti_sysbios_heaps_HeapMem_Module_GateProxy_leave__E)
                  0000a1f8    000000a8     sysbios.aem4f : BIOS.obj (.text:ti_sysbios_family_arm_lm4_Timer_enableTimers__I)
                  0000a2a0    000000a4                   : BIOS.obj (.text:ti_sysbios_knl_Clock_Instance_finalize__E)
                  0000a344    000000a0     auto_init.aem4f : auto_init.oem4f (.text)
                  0000a3e4    000000a0     ti.targets.arm.rtsarm.aem4f : Text.oem4f (.text:xdc_runtime_Text_putMod__E)
                  0000a484    0000009c     rtsv7M4_T_le_v4SPD16_eabi.lib : memcpy_t2.asm.obj (.text)
                  0000a520    0000009c     sysbios.aem4f : BIOS.obj (.text:ti_sysbios_knl_Semaphore_Instance_init__E)
                  0000a5bc    0000009a     ti.targets.arm.rtsarm.aem4f : Text.oem4f (.text:xdc_runtime_Text_putSite__E)
                  0000a656    00000098     drivers_tivaware.aem4f : UARTTiva.oem4f (.text:UARTTiva_readPolling)
                  0000a6ee    00000002     --HOLE-- [fill = 0]
                  0000a6f0    00000098     Boot.aem4f : Boot.oem4f (.text:ti_catalog_arm_cortexm4_tiva_ce_Boot_sysCtlClockFreqSet__E)
                  0000a788    00000096     rtsv7M4_T_le_v4SPD16_eabi.lib : ull_div_t2.asm.obj (.text)
                  0000a81e    00000094     drivers_tivaware.aem4f : UARTTiva.oem4f (.text:UARTTiva_write)
                  0000a8b2    00000006     driverlib.lib : gpio.obj (.text:GPIOPinRead)
                  0000a8b8    00000094     sysbios.aem4f : BIOS.obj (.text:ti_sysbios_family_arm_m3_Hwi_Instance_init__E)
                  0000a94c    00000004     empty_pem4f.oem4f (.text:ti_sysbios_knl_Clock_TimerProxy_getMaxTicks__E)
                  0000a950    00000094     sysbios.aem4f : BIOS.obj (.text:ti_sysbios_family_arm_m3_Hwi_initNVIC__E)
                  0000a9e4    00000004     empty_pem4f.oem4f (.text:ti_sysbios_knl_Clock_destruct)
                  0000a9e8    00000094     sysbios.aem4f : BIOS.obj (.text:ti_sysbios_knl_Task_postInit__I)
                  0000aa7c    0000008c     drivers_tivaware.aem4f : GPIOTiva.oem4f (.text:GPIO_init)
                  0000ab08    0000008c                            : UARTTiva.oem4f (.text:UARTTiva_control)
                  0000ab94    0000008c     motor_api.obj (.text:accelLimitFxn)
                  0000ac20    0000008c     sysbios.aem4f : m3_TaskSupport_asm.obj (.text:ti_sysbios_family_arm_m3_TaskSupport_buildTaskStack)
                  0000acac    0000008a     drivers_tivaware.aem4f : UARTTiva.oem4f (.text:readIsrTextBlocking)
                  0000ad36    00000002     --HOLE-- [fill = 0]
                  0000ad38    00000088                            : PWMTiva.oem4f (.text:PWMTiva_control)
                  0000adc0    00000086     grlib.lib : rectangle.obj (.text:GrRectFill)
                  0000ae46    00000086     rtsv7M4_T_le_v4SPD16_eabi.lib : fd_cmp_t2.asm.obj (.text:__aeabi_cdcmple)
                  0000aecc    00000086                                   : fd_cmp_t2.asm.obj (.text:__aeabi_cdrcmple)
                  0000af52    00000006     driverlib.lib : gpio.obj (.text:GPIOPinWrite)
                  0000af58    00000084     sysbios.aem4f : BIOS.obj (.text:ti_sysbios_family_arm_m3_Hwi_postInit__I)
                  0000afdc    00000082     drivers_tivaware.aem4f : UARTTiva.oem4f (.text:readIsrTextCallback)
                  0000b05e    0000007e                            : I2CTiva.oem4f (.text:I2CTiva_transfer)
                  0000b0dc    0000007a     driverlib.lib : adc.obj (.text:ADCSequenceStepConfigure)
                  0000b156    0000007a     drivers_tivaware.aem4f : UARTTiva.oem4f (.text:readTaskCallback)
                  0000b1d0    0000007a     rtsv7M4_T_le_v4SPD16_eabi.lib : memset_t2.asm.obj (.text)
                  0000b24a    00000002     --HOLE-- [fill = 0]
                  0000b24c    00000078     sensors_api.obj (.text:getAcceleration)
                  0000b2c4    00000074     motor_api.obj (.text:ADCTriggerFxn)
                  0000b338    00000074     sysbios.aem4f : BIOS.obj (.text:ti_sysbios_knl_Clock_start__E)
                  0000b3ac    00000070     opt3001.obj (.text:OPT3001Convert)
                  0000b41c    00000004     empty_pem4f.oem4f (.text:ti_sysbios_knl_Queue_destruct)
                  0000b420    00000070     sysbios.aem4f : BIOS.obj (.text:ti_sysbios_knl_Clock_workFunc__E)
                  0000b490    00000070                   : BIOS.obj (.text:ti_sysbios_knl_Task_exit__E)
                  0000b500    0000006e     rtsv7M4_T_le_v4SPD16_eabi.lib : _printfi.c.obj (.text:_mcpy)
                  0000b56e    0000006e                                   : fd_tos_t2.asm.obj (.text)
                  0000b5dc    0000006e                                   : ll_div_t2.asm.obj (.text)
                  0000b64a    00000002     --HOLE-- [fill = 0]
                  0000b64c    0000006d     ti.targets.arm.rtsarm.aem4f : System.oem4f (.text:xdc_runtime_System_formatNum__I)
                  0000b6b9    00000003     --HOLE-- [fill = 0]
                  0000b6bc    0000006c     grlib_demo.obj (.text:OnGraphsMain)
                  0000b728    0000006c     drivers_tivaware.aem4f : PWMTimerTiva.oem4f (.text:PWMTimerTiva_control)
                  0000b794    0000006c     rtsv7M4_T_le_v4SPD16_eabi.lib : asctime.c.obj (.text:asctime)
                  0000b800    0000006c     empty_pem4f.oem4f (.text:ti_sysbios_family_arm_m3_Hwi_Object__create__S)
                  0000b86c    00000004     empty_pem4f.oem4f (.text:ti_sysbios_knl_Semaphore_destruct)
                  0000b870    0000006c     sysbios.aem4f : BIOS.obj (.text:ti_sysbios_knl_Swi_restoreHwi__E)
                  0000b8dc    0000006c     drivers_tivaware.aem4f : UARTTiva.oem4f (.text:writeData)
                  0000b948    0000006c     ti.targets.arm.rtsarm.aem4f : Error.oem4f (.text:xdc_runtime_Error_print__E)
                  0000b9b4    0000006c                                 : Memory.oem4f (.text:xdc_runtime_Memory_alloc__E)
                  0000ba20    0000006a     drivers_tivaware.aem4f : PWMTiva.oem4f (.text:PWMTiva_close)
                  0000ba8a    00000002     --HOLE-- [fill = 0]
                  0000ba8c    00000068     grlib_demo.obj (.text:DrawDayNight)
                  0000baf4    00000068     grlib_demo.obj (.text:DrawTime)
                  0000bb5c    00000068     grlib.lib : context.obj (.text:GrContextInit)
                  0000bbc4    00000068               : string.obj (.text:GrStringWidthGet)
                  0000bc2c    00000068     driverlib.lib : interrupt.obj (.text:IntEnable)
                  0000bc94    00000068     Kentec320x240x16_ssd2119_spi.obj (.text:Kentec320x240x16_SSD2119LineDrawH)
                  0000bcfc    00000068     Kentec320x240x16_ssd2119_spi.obj (.text:Kentec320x240x16_SSD2119LineDrawV)
                  0000bd64    00000068     rtsv7M4_T_le_v4SPD16_eabi.lib : copy_decompress_lzss.c.obj (.text:decompress:lzss:__TI_decompress_lzss)
                  0000bdcc    00000066     grlib.lib : context.obj (.text:GrContextClipRegionSet)
                  0000be32    00000066               : rectangle.obj (.text:GrRectDraw)
                  0000be98    00000066     opt3001.obj (.text:OPT3001Read)
                  0000befe    00000066     ti.targets.arm.rtsarm.aem4f : Core-mem.oem4f (.text:xdc_runtime_Core_deleteObject__I)
                  0000bf64    00000064     drivers_tivaware.aem4f : GPIOTiva.oem4f (.text:GPIO_hwiIntFxn)
                  0000bfc8    00000064     opt3001.obj (.text:OPT3001Test)
                  0000c02c    00000064     grlib.lib : widget.obj (.text:WidgetMessageQueueProcess)
                  0000c090    00000064     rtsv7M4_T_le_v4SPD16_eabi.lib : s_frexp.c.obj (.text:frexp)
                  0000c0f4    00000064     empty.obj (.text:setupLightSensor)
                  0000c158    00000064     sysbios.aem4f : BIOS.obj (.text:ti_sysbios_family_arm_lm4_Timer_Module_startup__E)
                  0000c1bc    00000064     empty_pem4f.oem4f (.text:ti_sysbios_family_arm_m3_Hwi_create)
                  0000c220    00000064     sysbios.aem4f : BIOS.obj (.text:ti_sysbios_family_arm_m3_Hwi_dispatchC__I)
                  0000c284    00000064     empty_pem4f.oem4f (.text:ti_sysbios_hal_Hwi_create)
                  0000c2e8    00000062     drivers_tivaware.aem4f : I2CTiva.oem4f (.text:I2CTiva_primeTransfer)
                  0000c34a    00000002     --HOLE-- [fill = 0]
                  0000c34c    00000060     driverlib.lib : timer.obj (.text:TimerConfigure)
                  0000c3ac    00000060     Kentec320x240x16_ssd2119_spi.obj (.text:WriteDataSPI)
                  0000c40c    00000060     motor_api.obj (.text:statesFxn)
                  0000c46c    00000060     sensors_api.obj (.text:taskLight)
                  0000c4cc    00000004     ti.targets.arm.rtsarm.aem4f : Error.oem4f (.text:xdc_runtime_Error_getSite__E)
                  0000c4d0    00000060     sysbios.aem4f : BIOS.obj (.text:ti_sysbios_knl_Task_schedule__I)
                  0000c530    0000005e     grlib.lib : widget.obj (.text:WidgetMessageSendPreOrder)
                  0000c58e    0000005e     drivers_tivaware.aem4f : UARTTiva.oem4f (.text:readIsrBinaryBlocking)
                  0000c5ec    0000005c     Kentec320x240x16_ssd2119_spi.obj (.text:WriteCommandSPI)
                  0000c648    0000005c     sensors_api.obj (.text:getLight)
                  0000c6a4    00000004     empty_pem4f.oem4f (.text:xdc_runtime_System_Module_GateProxy_enter__E)
                  0000c6a8    0000005c     sysbios.aem4f : BIOS.obj (.text:ti_sysbios_knl_Swi_run__I)
                  0000c704    00000004     empty_pem4f.oem4f (.text:xdc_runtime_System_Module_GateProxy_leave__E)
                  0000c708    0000005c     sysbios.aem4f : BIOS.obj (.text:ti_sysbios_knl_Swi_schedule__I)
                  0000c764    00000004     ti.targets.arm.rtsarm.aem4f : System.oem4f (.text:xdc_runtime_System_aprintf_va__F)
                  0000c768    0000005c     sysbios.aem4f : BIOS.obj (.text:ti_sysbios_knl_Task_Module_startup__E)
                  0000c7c4    0000005c     empty_pem4f.oem4f (.text:ti_sysbios_knl_Task_create)
                  0000c820    0000005c     sysbios.aem4f : BIOS.obj (.text:ti_sysbios_knl_Task_startCore__E)
                  0000c87c    0000005b     ti.targets.arm.rtsarm.aem4f : Text.oem4f (.text:xdc_runtime_Text_putLab__E)
                  0000c8d7    00000001     --HOLE-- [fill = 0]
                  0000c8d8    0000005a     grlib.lib : string.obj (.text:FontWideGlyphDataGet)
                  0000c932    00000002     --HOLE-- [fill = 0]
                  0000c934    00000058     boot.aem4f : boot.oem4f (.text)
                  0000c98c    00000058     rtsv7M4_T_le_v4SPD16_eabi.lib : hostwrite.c.obj (.text:HOSTwrite)
                  0000c9e4    00000058     driverlib.lib : timer.obj (.text:TimerControlTrigger)
                  0000ca3c    00000058     empty_pem4f.oem4f (.text:ti_sysbios_family_arm_m3_Hwi_construct)
                  0000ca94    00000058     sysbios.aem4f : m3_Hwi_asm_switch.obj (.text:ti_sysbios_family_arm_m3_Hwi_initStacks__E)
                  0000caec    00000056     driverlib.lib : gpio.obj (.text:GPIOIntTypeSet)
                  0000cb42    00000056     rtsv7M4_T_le_v4SPD16_eabi.lib : _printfi.c.obj (.text:_pconv_f)
                  0000cb98    00000054     EK_TM4C1294XL.obj (.text:EK_TM4C1294XL_initUART)
                  0000cbec    00000054     rtsv7M4_T_le_v4SPD16_eabi.lib : _ltoa.c.obj (.text:__TI_ltoa)
                  0000cc40    00000054     drivers_tivaware.aem4f : UARTTiva.oem4f (.text:readIsrBinaryCallback)
                  0000cc94    00000054     ti.targets.arm.rtsarm.aem4f : Assert.oem4f (.text:xdc_runtime_Assert_raise__I)
                  0000cce8    00000052     rtsv7M4_T_le_v4SPD16_eabi.lib : _printfi.c.obj (.text:_ecpy)
                  0000cd3a    00000002     --HOLE-- [fill = 0]
                  0000cd3c    00000050     motor_api.obj (.text:ADC0_Init)
                  0000cd8c    00000050     driverlib.lib : adc.obj (.text:ADCSequenceConfigure)
                  0000cddc    00000050     drivers_tivaware.aem4f : GPIOTiva.oem4f (.text:GPIO_setCallback)
                  0000ce2c    00000050                            : GPIOTiva.oem4f (.text:GPIO_toggle)
                  0000ce7c    00000050                            : GPIOTiva.oem4f (.text:GPIO_write)
                  0000cecc    00000050     opt3001.obj (.text:OPT3001WriteI2C)
                  0000cf1c    00000050     drivers_tivaware.aem4f : UARTTiva.oem4f (.text:UARTTiva_writeCancel)
                  0000cf6c    00000050     Boot.aem4f : Boot_sysctl.oem4f (.text:_SysCtlFrequencyGet)
                  0000cfbc    00000004     ti.targets.arm.rtsarm.aem4f : System.oem4f (.text:xdc_runtime_System_printf_va__F)
                  0000cfc0    00000050     sysbios.aem4f : BIOS.obj (.text:ti_sysbios_family_arm_m3_Hwi_Module_startup__E)
                  0000d010    00000050     ti.targets.arm.rtsarm.aem4f : Startup.oem4f (.text:xdc_runtime_Startup_exec__E)
                  0000d060    00000050                                 : Text.oem4f (.text:xdc_runtime_Text_visitRope2__I)
                  0000d0b0    0000004c     driverlib.lib : i2c.obj (.text:I2CMasterInitExpClk)
                  0000d0fc    0000004c     drivers_tivaware.aem4f : UARTTiva.oem4f (.text:UARTTiva_close)
                  0000d148    0000004c     grlib.lib : widget.obj (.text:WidgetRemove)
                  0000d194    0000004c     rtsv7M4_T_le_v4SPD16_eabi.lib : atoi.c.obj (.text:atoi)
                  0000d1e0    0000004c                                   : cpy_tbl.c.obj (.text:copy_in)
                  0000d22c    0000004c     grlib_demo.obj (.text:drawSettingValue)
                  0000d278    0000004c     motor_api.obj (.text:initUART)
                  0000d2c4    0000004c     rtsv7M4_T_le_v4SPD16_eabi.lib : snprintf.c.obj (.text:snprintf)
                  0000d310    0000004c     sysbios.aem4f : BIOS.obj (.text:ti_sysbios_family_arm_lm4_Timer_setAvailMask__E)
                  0000d35c    00000004     --HOLE-- [fill = 0]
                  0000d360    0000004c                   : BIOS.obj (.text:ti_sysbios_heaps_HeapMem_getStats__E)
                  0000d3ac    00000004     --HOLE-- [fill = 0]
                  0000d3b0    0000004c                   : BIOS.obj (.text:ti_sysbios_knl_Swi_runLoop__I)
                  0000d3fc    00000004     --HOLE-- [fill = 0]
                  0000d400    0000004c                   : BIOS.obj (.text:ti_sysbios_knl_Task_allBlockedFunction__I)
                  0000d44c    0000004a     drivers_tivaware.aem4f : PWMTimerTiva.oem4f (.text:PWMTimerTiva_close)
                  0000d496    0000004a     grlib.lib : string.obj (.text:UpdateContextCharMapping)
                  0000d4e0    00000048     driverlib.lib : gpio.obj (.text:GPIOPinConfigure)
                  0000d528    00000048     rtsv7M4_T_le_v4SPD16_eabi.lib : hosttime.c.obj (.text:HOSTtime)
                  0000d570    00000048     grlib_demo.obj (.text:OnMainMenu)
                  0000d5b8    00000048     grlib_demo.obj (.text:OnSettingsMain)
                  0000d600    00000048     driverlib.lib : sysctl.obj (.text:_SysCtlFrequencyGet)
                  0000d648    00000048     bmi160.obj (.text:accelThreshold)
                  0000d690    00000048     rtsv7M4_T_le_v4SPD16_eabi.lib : fd_toi_t2.asm.obj (.text)
                  0000d6d8    00000048     sysbios.aem4f : BIOS.obj (.text:ti_sysbios_family_arm_m3_Hwi_disableInterrupt__E)
                  0000d720    00000048                   : BIOS.obj (.text:ti_sysbios_family_arm_m3_Hwi_enableInterrupt__E)
                  0000d768    00000048                   : BIOS.obj (.text:ti_sysbios_family_arm_m3_Hwi_excReserved__I)
                  0000d7b0    00000048     bmi160.obj (.text:writeI2C)
                  0000d7f8    00000046     grlib.lib : line.obj (.text:GrLineDrawH)
                  0000d83e    00000046               : line.obj (.text:GrLineDrawV)
                  0000d884    00000046     Kentec320x240x16_ssd2119_spi.obj (.text:Kentec320x240x16_SSD2119PixelDraw)
                  0000d8ca    00000046     drivers_tivaware.aem4f : RingBuf.oem4f (.text:RingBuf_put)
                  0000d910    00000046     driverlib.lib : uart.obj (.text:UARTConfigSetExpClk)
                  0000d956    00000046     ti.targets.arm.rtsarm.aem4f : Core-params.oem4f (.text:xdc_runtime_Core_assignParams__I)
                  0000d99c    00000044     rtsv7M4_T_le_v4SPD16_eabi.lib : fd_tou_t2.asm.obj (.text)
                  0000d9e0    00000044     sysbios.aem4f : BIOS.obj (.text:ti_sysbios_family_arm_lm4_Timer_isrStub__E)
                  0000da24    00000004     --HOLE-- [fill = 0]
                  0000da28    00000044                   : BIOS.obj (.text:ti_sysbios_family_arm_m3_Hwi_getStackInfo__E)
                  0000da6c    00000004     --HOLE-- [fill = 0]
                  0000da70    00000044                   : BIOS.obj (.text:ti_sysbios_knl_Swi_post__E)
                  0000dab4    00000044     ti.targets.arm.rtsarm.aem4f : Error.oem4f (.text:xdc_runtime_Error_setX__E)
                  0000daf8    00000044                                 : SysMin.oem4f (.text:xdc_runtime_SysMin_flush__E)
                  0000db3c    00000044                                 : Text.oem4f (.text:xdc_runtime_Text_xprintf__I)
                  0000db80    00000042     drivers_tivaware.aem4f : UARTTiva.oem4f (.text:UARTTiva_hwiIntFxn)
                  0000dbc2    00000042                            : UARTTiva.oem4f (.text:UARTTiva_writePolling)
                  0000dc04    00000040     opt3001.obj (.text:OPT3001ReadI2C)
                  0000dc44    00000040     drivers_tivaware.aem4f : RingBuf.oem4f (.text:RingBuf_get)
                  0000dc84    00000040                            : UARTTiva.oem4f (.text:UARTTiva_read)
                  0000dcc4    00000040     bmi160.obj (.text:readI2C)
                  0000dd04    00000040     rtsv7M4_T_le_v4SPD16_eabi.lib : u_divt2.asm.obj (.text)
                  0000dd44    00000040                                   : sprintf.c.obj (.text:sprintf)
                  0000dd84    00000004     --HOLE-- [fill = 0]
                  0000dd88    00000040     sysbios.aem4f : BIOS.obj (.text:ti_sysbios_family_arm_lm4_Timer_startup__E)
                  0000ddc8    0000003e     rtsv7M4_T_le_v4SPD16_eabi.lib : _printfi.c.obj (.text:_fcpy)
                  0000de06    00000002     --HOLE-- [fill = 0]
                  0000de08    0000003c     EK_TM4C1294XL.obj (.text:EK_TM4C1294XL_initI2C)
                  0000de44    0000003c     driverlib.lib : ssi.obj (.text:SSIConfigSetExpClk)
                  0000de80    0000003c     sysbios.aem4f : BIOS.obj (.text:ti_sysbios_family_arm_m3_Hwi_excSvCall__I)
                  0000debc    00000004     --HOLE-- [fill = 0]
                  0000dec0    0000003c                   : BIOS.obj (.text:ti_sysbios_heaps_HeapMem_init__I)
                  0000defc    00000004     --HOLE-- [fill = 0]
                  0000df00    0000003c                   : BIOS.obj (.text:ti_sysbios_knl_Swi_restore__E)
                  0000df3c    0000003a     grlib.lib : string.obj (.text:FontGlyphDataGet)
                  0000df76    0000003a     drivers_tivaware.aem4f : I2CTiva.oem4f (.text:I2CTiva_completeTransfer)
                  0000dfb0    00000038                            : I2C.oem4f (.text:I2C_init)
                  0000dfe8    00000038                            : PWM.oem4f (.text:PWM_init)
                  0000e020    00000038     driverlib.lib : sysctl.obj (.text:SysCtlPeripheralReady)
                  0000e058    00000038     drivers_tivaware.aem4f : UART.oem4f (.text:UART_init)
                  0000e090    00000038     rtsv7M4_T_le_v4SPD16_eabi.lib : trgmsg.c.obj (.text:__TI_writemsg)
                  0000e0c8    00000038                                   : fs_tod_t2.asm.obj (.text)
                  0000e100    00000038     motor_api.obj (.text:startMotor)
                  0000e138    00000038     sysbios.aem4f : BIOS.obj (.text:ti_sysbios_family_arm_m3_Hwi_excNoIsr__I)
                  0000e170    00000038     empty_pem4f.oem4f (.text:ti_sysbios_knl_Clock_create)
                  0000e1a8    00000038     sysbios.aem4f : BIOS.obj (.text:ti_sysbios_knl_Task_processVitalTaskFlag__I)
                  0000e1e0    00000038     ti.targets.arm.rtsarm.aem4f : SysMin.oem4f (.text:xdc_runtime_SysMin_putch__E)
                  0000e218    00000038                                 : System.oem4f (.text:xdc_runtime_System_atexit__E)
                  0000e250    00000036     grlib.lib : line.obj (.text:GrClipCodeGet)
                  0000e286    00000036     drivers_tivaware.aem4f : I2CTiva.oem4f (.text:I2CTiva_close)
                  0000e2bc    00000036                            : UARTTiva.oem4f (.text:UARTTiva_readCancel)
                  0000e2f2    00000002     --HOLE-- [fill = 0]
                  0000e2f4    00000034     driverlib.lib : sysctl.obj (.text:SysCtlPeripheralEnable)
                  0000e328    00000034     rtsv7M4_T_le_v4SPD16_eabi.lib : trgmsg.c.obj (.text:__TI_readmsg)
                  0000e35c    00000004     --HOLE-- [fill = 0]
                  0000e360    00000034     sysbios.aem4f : BIOS.obj (.text:ti_sysbios_family_arm_m3_Hwi_Instance_finalize__E)
                  0000e394    00000004     --HOLE-- [fill = 0]
                  0000e398    00000034                   : BIOS.obj (.text:ti_sysbios_family_arm_m3_Hwi_excNmi__I)
                  0000e3cc    00000004     --HOLE-- [fill = 0]
                  0000e3d0    00000034                   : BIOS.obj (.text:ti_sysbios_hal_Hwi_checkStack)
                  0000e404    00000034     empty_pem4f.oem4f (.text:ti_sysbios_knl_Clock_construct)
                  0000e438    00000034     ti.targets.arm.rtsarm.aem4f : Core-label.oem4f (.text:xdc_runtime_Core_assignLabel__I)
                  0000e46c    00000033                                 : Text.oem4f (.text:xdc_runtime_Text_printVisFxn__I)
                  0000e49f    00000001     --HOLE-- [fill = 0]
                  0000e4a0    00000032     sysbios.aem4f : BIOS.obj (.text:ti_sysbios_hal_Hwi_initStack)
                  0000e4d2    00000002     --HOLE-- [fill = 0]
                  0000e4d4    00000030     drivers_tivaware.aem4f : GPIOTiva.oem4f (.text:GPIO_enableInt)
                  0000e504    00000030                            : GPIOTiva.oem4f (.text:GPIO_read)
                  0000e534    00000030                            : I2C.oem4f (.text:I2C_open)
                  0000e564    00000030     grlib_demo.obj (.text:OnGraphAcceleration)
                  0000e594    00000030     drivers_tivaware.aem4f : PWMTiva.oem4f (.text:PWMTiva_init)
                  0000e5c4    00000030                            : PWM.oem4f (.text:PWM_open)
                  0000e5f4    00000030                            : UART.oem4f (.text:UART_open)
                  0000e624    00000030     rtsv7M4_T_le_v4SPD16_eabi.lib : snprintf.c.obj (.text:_outs)
                  0000e654    00000030     motor_api.obj (.text:readABC)
                  0000e684    00000030     empty_pem4f.oem4f (.text:ti_sysbios_BIOS_atExitFunc__I)
                  0000e6b4    00000004     --HOLE-- [fill = 0]
                  0000e6b8    00000030     sysbios.aem4f : BIOS.obj (.text:ti_sysbios_family_arm_lm4_Timer_stop__E)
                  0000e6e8    00000030                   : BIOS.obj (.text:ti_sysbios_family_arm_m3_TaskSupport_start__E)
                  0000e718    00000030     empty_pem4f.oem4f (.text:ti_sysbios_gates_GateHwi_Object__create__S)
                  0000e748    00000030     empty_pem4f.oem4f (.text:ti_sysbios_gates_GateHwi_create)
                  0000e778    00000030     empty_pem4f.oem4f (.text:ti_sysbios_gates_GateMutex_Object__create__S)
                  0000e7a8    00000030     empty_pem4f.oem4f (.text:ti_sysbios_heaps_HeapMem_Object__create__S)
                  0000e7d8    00000030     sysbios.aem4f : BIOS.obj (.text:ti_sysbios_knl_Event_pendTimeout__I)
                  0000e808    00000030     empty_pem4f.oem4f (.text:ti_sysbios_knl_Semaphore_construct)
                  0000e838    00000030     sysbios.aem4f : BIOS.obj (.text:ti_sysbios_knl_Semaphore_pendTimeout__I)
                  0000e868    00000030                   : BIOS.obj (.text:ti_sysbios_knl_Task_unblockI__E)
                  0000e898    00000030     ti.targets.arm.rtsarm.aem4f : SysMin.oem4f (.text:xdc_runtime_SysMin_abort__E)
                  0000e8c8    00000030                                 : System.oem4f (.text:xdc_runtime_System_processAtExit__E)
                  0000e8f8    0000002e     grlib.lib : string.obj (.text:GrStringNextCharGet)
                  0000e926    0000002e     opt3001.obj (.text:OPT3001Enable)
                  0000e954    0000002e     rtsv7M4_T_le_v4SPD16_eabi.lib : i_tofd_t2.asm.obj (.text)
                  0000e982    0000002c     grlib.lib : string.obj (.text:GrFontBaselineGet)
                  0000e9ae    0000002c               : string.obj (.text:GrFontHeightGet)
                  0000e9da    0000002c               : pushbutton.obj (.text:RectangularButtonMsgProc)
                  0000ea06    0000002c               : widget.obj (.text:WidgetIsInTree)
                  0000ea32    00000002     --HOLE-- [fill = 0]
                  0000ea34    0000002c     empty_pem4f.oem4f (.text:ti_sysbios_knl_Clock_doTick__I)
                  0000ea60    0000002c     empty_pem4f.oem4f (.text:ti_sysbios_knl_Event_construct)
                  0000ea8c    0000002c     empty_pem4f.oem4f (.text:ti_sysbios_knl_Queue_construct)
                  0000eab8    0000002c     sysbios.aem4f : BIOS.obj (.text:ti_sysbios_knl_Task_restore__E)
                  0000eae4    0000002c     ti.targets.arm.rtsarm.aem4f : Text.oem4f (.text:xdc_runtime_Text_cordText__E)
                  0000eb10    0000002a     driverlib.lib : gpio.obj (.text:GPIODirModeSet)
                  0000eb3a    0000002a     ti.targets.arm.rtsarm.aem4f : System.oem4f (.text:xdc_runtime_System_putchar__I)
                  0000eb64    00000028     Kentec320x240x16_ssd2119_spi.obj (.text:Kentec320x240x16_SSD2119ColorTranslate)
                  0000eb8c    00000028     grlib_demo.obj (.text:OnGraphLight)
                  0000ebb4    00000028     grlib_demo.obj (.text:OnGraphSpeed)
                  0000ebdc    00000004     --HOLE-- [fill = 0]
                  0000ebe0    00000028     sysbios.aem4f : BIOS.obj (.text:ti_sysbios_hal_Hwi_Instance_init__E)
                  0000ec08    00000028                   : BIOS.obj (.text:ti_sysbios_knl_Swi_Module_startup__E)
                  0000ec30    00000026     grlib.lib : string.obj (.text:GrFontInfoGet)
                  0000ec56    00000026     sysbios.aem4f : m3_Hwi_asm.obj (.text:ti_sysbios_family_arm_m3_Hwi_pendSV__I)
                  0000ec7c    00000026     ti.targets.arm.rtsarm.aem4f : System.oem4f (.text:xdc_runtime_System_avprintf__E)
                  0000eca2    00000002     --HOLE-- [fill = 0]
                  0000eca4    00000024     grlib_demo.obj (.text:OnGraphPower)
                  0000ecc8    00000024     sensors_api.obj (.text:setAccelThreshold)
                  0000ecec    00000024     empty_pem4f.oem4f (.text:ti_sysbios_BIOS_errorRaiseHook__I)
                  0000ed10    00000024     empty_pem4f.oem4f (.text:ti_sysbios_BIOS_registerRTSLock__I)
                  0000ed34    00000024     empty_pem4f.oem4f (.text:ti_sysbios_BIOS_removeRTSLock__I)
                  0000ed58    00000024     empty_pem4f.oem4f (.text:ti_sysbios_BIOS_startFunc__I)
                  0000ed7c    00000024     empty_pem4f.oem4f (.text:ti_sysbios_gates_GateMutex_Object__delete__S)
                  0000eda0    00000024     sysbios.aem4f : BIOS.obj (.text:ti_sysbios_knl_Clock_Module_startup__E)
                  0000edc4    00000004     --HOLE-- [fill = 0]
                  0000edc8    00000024                   : BIOS.obj (.text:ti_sysbios_knl_Task_restoreHwi__E)
                  0000edec    00000024     ti.targets.arm.rtsarm.aem4f : System.oem4f (.text:xdc_runtime_System_vprintf__E)
                  0000ee10    00000022     grlib.lib : string.obj (.text:GrFontGlyphDataGet)
                  0000ee32    00000022     driverlib.lib : pwm.obj (.text:PWMGenConfigure)
                  0000ee54    00000022     drivers_tivaware.aem4f : PWMTiva.oem4f (.text:PWMTiva_getPeriodCounts)
                  0000ee76    00000002     --HOLE-- [fill = 0]
                  0000ee78    00000022     sysbios.aem4f : BIOS.obj (.text:ti_sysbios_family_arm_lm4_Timer_write__I)
                  0000ee9a    00000022     empty_pem4f.oem4f (.text:xdc_runtime_SysMin_output__I)
                  0000eebc    00000020     motor_api.obj (.text:ADCFxn)
                  0000eedc    00000020     drivers_tivaware.aem4f : GPIOTiva.oem4f (.text:GPIO_clearInt)
                  0000eefc    00000020     driverlib.lib : uart.obj (.text:UARTDisable)
                  0000ef1c    00000020     Boot.aem4f : Boot_sysctl.oem4f (.text:_SysCtlMemTimingGet)
                  0000ef3c    00000020     driverlib.lib : sysctl.obj (.text:_SysCtlMemTimingGet)
                  0000ef5c    00000020     rtsv7M4_T_le_v4SPD16_eabi.lib : u_tofd_t2.asm.obj (.text)
                  0000ef7c    00000020     motor_api.obj (.text:setSpeed)
                  0000ef9c    00000020     empty_pem4f.oem4f (.text:ti_sysbios_BIOS_rtsLock__I)
                  0000efbc    00000020     empty_pem4f.oem4f (.text:ti_sysbios_family_arm_m3_Hwi_Object__delete__S)
                  0000efdc    00000020     sysbios.aem4f : m3_Hwi_asm.obj (.text:ti_sysbios_family_arm_m3_Hwi_excHandlerAsm__I)
                  0000effc    00000004     --HOLE-- [fill = 0]
                  0000f000    00000020                   : BIOS.obj (.text:ti_sysbios_family_arm_m3_Hwi_excHandler__I)
                  0000f020    00000020     empty_pem4f.oem4f (.text:ti_sysbios_gates_GateHwi_Object__delete__S)
                  0000f040    00000020     empty_pem4f.oem4f (.text:ti_sysbios_heaps_HeapMem_Object__delete__S)
                  0000f060    00000020     empty_pem4f.oem4f (.text:ti_sysbios_knl_Clock_Object__destruct__S)
                  0000f080    00000020     sysbios.aem4f : BIOS.obj (.text:ti_sysbios_knl_Idle_run__E)
                  0000f0a0    00000020     empty_pem4f.oem4f (.text:ti_sysbios_knl_Semaphore_Object__destruct__S)
                  0000f0c0    00000020     ti.targets.arm.rtsarm.aem4f : Registry.oem4f (.text:xdc_runtime_Registry_findById__E)
                  0000f0e0    00000020                                 : SysMin.oem4f (.text:xdc_runtime_SysMin_Module_startup__E)
                  0000f100    0000001e     driverlib.lib : adc.obj (.text:ADCSequenceDataGet)
                  0000f11e    0000001e     grlib.lib : string.obj (.text:GrFontCodepageGet)
                  0000f13c    0000001e     driverlib.lib : pwm.obj (.text:PWMPulseWidthSet)
                  0000f15a    0000001e     drivers_tivaware.aem4f : PWMTiva.oem4f (.text:PWMTiva_getPeriodMicroSecs)
                  0000f178    0000001e     grlib.lib : widget.obj (.text:WidgetAdd)
                  0000f196    0000001e     sysbios.aem4f : m3_Hwi_asm_switch.obj (.text:ti_sysbios_family_xxx_Hwi_switchAndRunFunc)
                  0000f1b4    0000001c     grlib.lib : widget.obj (.text:WidgetPointerMessage)
                  0000f1d0    0000001c     drivers_tivaware.aem4f : GPIOTiva.oem4f (.text:getGpioIntIndex)
                  0000f1ec    0000001c     empty.obj (.text:heartBeatFxn)
                  0000f208    0000001c     rtsv7M4_T_le_v4SPD16_eabi.lib : memccpy.c.obj (.text:memccpy)
                  0000f224    0000001c     empty_pem4f.oem4f (.text:ti_sysbios_family_arm_m3_Hwi_Object__destruct__S)
                  0000f240    0000001c     sysbios.aem4f : BIOS.obj (.text:ti_sysbios_gates_GateMutex_Instance_init__E)
                  0000f25c    0000001c     empty_pem4f.oem4f (.text:ti_sysbios_hal_Hwi_HwiProxy_create)
                  0000f278    0000001c     empty_pem4f.oem4f (.text:ti_sysbios_knl_Queue_Object__destruct__S)
                  0000f294    00000004     --HOLE-- [fill = 0]
                  0000f298    0000001c     sysbios.aem4f : BIOS.obj (.text:ti_sysbios_knl_Queue_put__E)
                  0000f2b4    00000004     --HOLE-- [fill = 0]
                  0000f2b8    0000001c                   : BIOS.obj (.text:ti_sysbios_knl_Task_enter__I)
                  0000f2d4    0000001c     ti.targets.arm.rtsarm.aem4f : Error.oem4f (.text:xdc_runtime_Error_raiseX__E)
                  0000f2f0    0000001c                                 : Memory.oem4f (.text:xdc_runtime_Memory_valloc__E)
                  0000f30c    0000001c                                 : SysMin.oem4f (.text:xdc_runtime_SysMin_exit__E)
                  0000f328    0000001c                                 : System.oem4f (.text:xdc_runtime_System_abort__E)
                  0000f344    0000001a     rtsv7M4_T_le_v4SPD16_eabi.lib : s_copysign.c.obj (.text:copysign)
                  0000f35e    0000001a     empty_pem4f.oem4f (.text:ti_sysbios_family_arm_m3_Hwi_Handle__label__S)
                  0000f378    0000001a     empty_pem4f.oem4f (.text:ti_sysbios_gates_GateHwi_Handle__label__S)
                  0000f392    0000001a     empty_pem4f.oem4f (.text:ti_sysbios_gates_GateMutex_Handle__label__S)
                  0000f3ac    0000001a     empty_pem4f.oem4f (.text:ti_sysbios_heaps_HeapMem_Handle__label__S)
                  0000f3c6    0000001a     empty_pem4f.oem4f (.text:ti_sysbios_knl_Swi_Handle__label__S)
                  0000f3e0    0000001a     empty_pem4f.oem4f (.text:ti_sysbios_knl_Task_Handle__label__S)
                  0000f3fa    0000001a     empty_pem4f.oem4f (.text:xdc_runtime_System_aprintf__E)
                  0000f414    0000001a     empty_pem4f.oem4f (.text:xdc_runtime_System_printf__E)
                  0000f42e    00000018     driverlib.lib : gpio.obj (.text:GPIOPinTypeGPIOOutput)
                  0000f446    00000018                   : timer.obj (.text:TimerControlLevel)
                  0000f45e    00000002     --HOLE-- [fill = 0]
                  0000f460    00000018                   : timer.obj (.text:TimerDisable)
                  0000f478    00000018     drivers_tivaware.aem4f : UART.oem4f (.text:UART_Params_init)
                  0000f490    00000018     rtsv7M4_T_le_v4SPD16_eabi.lib : args_main.c.obj (.text:_args_main)
                  0000f4a8    00000018                                   : snprintf.c.obj (.text:_outc)
                  0000f4c0    00000018                                   : sprintf.c.obj (.text:_outs)
                  0000f4d8    00000018     sensors_api.obj (.text:accelEStopIntterupt)
                  0000f4f0    00000018     empty_pem4f.oem4f (.text:ti_sysbios_BIOS_rtsUnlock__I)
                  0000f508    00000018     empty_pem4f.oem4f (.text:ti_sysbios_family_arm_lm4_Timer_Module__startupDone__F)
                  0000f520    00000018     empty_pem4f.oem4f (.text:ti_sysbios_family_arm_m3_Hwi_Module__startupDone__F)
                  0000f538    00000018     sysbios.aem4f : m3_TaskSupport_asm.obj (.text:ti_sysbios_family_arm_m3_TaskSupport_swap__E)
                  0000f550    00000018                   : BIOS.obj (.text:ti_sysbios_gates_GateMutex_leave__E)
                  0000f568    00000018                   : BIOS.obj (.text:ti_sysbios_knl_Task_sleepTimeout__I)
                  0000f580    00000018     ti.targets.arm.rtsarm.aem4f : Error.oem4f (.text:xdc_runtime_Error_check__E)
                  0000f598    00000018                                 : System.oem4f (.text:xdc_runtime_System_exit__E)
                  0000f5b0    00000018                                 : Text.oem4f (.text:xdc_runtime_Text_ropeText__E)
                  0000f5c8    00000016     grlib.lib : string.obj (.text:GrStringDraw)
                  0000f5de    00000016     driverlib.lib : i2c.obj (.text:I2CMasterErr)
                  0000f5f4    00000016     rtsv7M4_T_le_v4SPD16_eabi.lib : strchr.c.obj (.text:strchr)
                  0000f60a    00000016     empty_pem4f.oem4f (.text:ti_sysbios_BIOS_exitFunc__I)
                  0000f620    00000016     motor_api.obj (.text:ti_sysbios_gates_GateHwi_Params_init)
                  0000f636    00000016     motor_api.obj (.text:ti_sysbios_hal_Hwi_Params_init)
                  0000f64c    00000016     empty.obj (.text:ti_sysbios_knl_Clock_Params_init)
                  0000f662    00000016     motor_api.obj (.text:ti_sysbios_knl_Clock_Params_init)
                  0000f678    00000016     sensors_api.obj (.text:ti_sysbios_knl_Clock_Params_init)
                  0000f68e    00000016     motor_api.obj (.text:ti_sysbios_knl_Semaphore_Params_init)
                  0000f6a4    00000016     sensors_api.obj (.text:ti_sysbios_knl_Semaphore_Params_init)
                  0000f6ba    00000016     empty.obj (.text:ti_sysbios_knl_Task_Params_init)
                  0000f6d0    00000016     sensors_api.obj (.text:ti_sysbios_knl_Task_Params_init)
                  0000f6e6    00000014     grlib.lib : canvas.obj (.text:CanvasMsgProc)
                  0000f6fa    00000002     --HOLE-- [fill = 0]
                  0000f6fc    00000014     Kentec320x240x16_ssd2119_spi.obj (.text:LED_OFF)
                  0000f710    00000014     Kentec320x240x16_ssd2119_spi.obj (.text:LED_ON)
                  0000f724    00000014     grlib_demo.obj (.text:OnSettingAcceleration)
                  0000f738    00000014     grlib_demo.obj (.text:OnSettingCurrent)
                  0000f74c    00000014     grlib_demo.obj (.text:OnSettingSpeed)
                  0000f760    00000014     driverlib.lib : pwm.obj (.text:PWMClockSet)
                  0000f774    00000014                   : sysctl.obj (.text:SysCtlPWMClockSet)
                  0000f788    00000014     touch.obj (.text:TouchScreenCallbackSet)
                  0000f79c    00000014     driverlib.lib : uart.obj (.text:UARTEnable)
                  0000f7b0    00000014     grlib.lib : widget.obj (.text:WidgetMutexGet)
                  0000f7c4    00000014     motor_api.obj (.text:getSpeed)
                  0000f7d8    00000014     rtsv7M4_T_le_v4SPD16_eabi.lib : strcpy.c.obj (.text:strcpy)
                  0000f7ec    00000014                                   : strlen.c.obj (.text:strlen)
                  0000f800    00000014     empty_pem4f.oem4f (.text:ti_sysbios_family_arm_m3_Hwi_Object__get__S)
                  0000f814    00000004     --HOLE-- [fill = 0]
                  0000f818    00000014     sysbios.aem4f : BIOS.obj (.text:ti_sysbios_family_arm_m3_Hwi_switchFromBootStack__E)
                  0000f82c    00000014     empty_pem4f.oem4f (.text:ti_sysbios_heaps_HeapMem_Object__get__S)
                  0000f840    00000014     sysbios.aem4f : BIOS.obj (.text:ti_sysbios_knl_Event_Instance_init__E)
                  0000f854    00000014     empty_pem4f.oem4f (.text:ti_sysbios_knl_Swi_Object__get__S)
                  0000f868    00000012     driverlib.lib : gpio.obj (.text:GPIOPinTypeADC)
                  0000f87a    00000012                   : gpio.obj (.text:GPIOPinTypeEthernetLED)
                  0000f88c    00000012                   : gpio.obj (.text:GPIOPinTypeGPIOInput)
                  0000f89e    00000012                   : gpio.obj (.text:GPIOPinTypeI2C)
                  0000f8b0    00000012                   : gpio.obj (.text:GPIOPinTypeI2CSCL)
                  0000f8c2    00000012                   : gpio.obj (.text:GPIOPinTypePWM)
                  0000f8d4    00000012                   : gpio.obj (.text:GPIOPinTypeSSI)
                  0000f8e6    00000012                   : gpio.obj (.text:GPIOPinTypeTimer)
                  0000f8f8    00000012                   : gpio.obj (.text:GPIOPinTypeUART)
                  0000f90a    00000012                   : gpio.obj (.text:GPIOPinTypeUSBAnalog)
                  0000f91c    00000012                   : gpio.obj (.text:GPIOPinTypeUSBDigital)
                  0000f92e    00000012                   : pwm.obj (.text:PWMGenPeriodGet)
                  0000f940    00000012                   : pwm.obj (.text:PWMOutputInvert)
                  0000f952    00000012                   : pwm.obj (.text:PWMOutputState)
                  0000f964    00000012     drivers_tivaware.aem4f : RingBuf.oem4f (.text:RingBuf_construct)
                  0000f976    00000012     driverlib.lib : ssi.obj (.text:SSIDataGetNonBlocking)
                  0000f988    00000012                   : timer.obj (.text:TimerLoadSet)
                  0000f99a    00000012                   : timer.obj (.text:TimerMatchSet)
                  0000f9ac    00000012                   : timer.obj (.text:TimerPrescaleMatchSet)
                  0000f9be    00000012                   : timer.obj (.text:TimerPrescaleSet)
                  0000f9d0    00000012     sysbios.aem4f : BIOS.obj (.text:ti_sysbios_hal_Hwi_Module_startup__E)
                  0000f9e2    00000012     rtsv7M4_T_le_v4SPD16_eabi.lib : wcslen.c.obj (.text:wcslen)
                  0000f9f4    00000012     empty_pem4f.oem4f (.text:xdc_runtime_Startup_exec__I)
                  0000fa06    00000002     --HOLE-- [fill = 0]
                  0000fa08    00000010     empty_pem4f.oem4f (.text:.bootCodeSection:ti_catalog_arm_cortexm4_tiva_ce_Boot_init__I)
                  0000fa18    00000010     driverlib.lib : adc.obj (.text:ADCIntEnable)
                  0000fa28    00000010     drivers_tivaware.aem4f : I2C.oem4f (.text:I2C_Params_init)
                  0000fa38    00000010     driverlib.lib : pwm.obj (.text:PWMGenPeriodSet)
                  0000fa48    00000010     drivers_tivaware.aem4f : PWM.oem4f (.text:PWM_Params_init)
                  0000fa58    00000010     empty.obj (.text:incrementTime)
                  0000fa68    00000010     drivers_tivaware.aem4f : UARTTiva.oem4f (.text:readBlockingTimeout)
                  0000fa78    00000010     empty.obj (.text:sensorsFxn)
                  0000fa88    00000010     sensors_api.obj (.text:swiAcceleration)
                  0000fa98    00000010     sensors_api.obj (.text:swiLight)
                  0000faa8    00000010     sysbios.aem4f : BIOS.obj (.text:ti_sysbios_BIOS_getCpuFreq__E)
                  0000fab8    00000010                   : BIOS.obj (.text:ti_sysbios_BIOS_setThreadType__E)
                  0000fac8    00000010                   : BIOS.obj (.text:ti_sysbios_BIOS_start__E)
                  0000fad8    00000010                   : m3_TaskSupport_asm.obj (.text:ti_sysbios_family_arm_m3_TaskSupport_glue)
                  0000fae8    00000010                   : BIOS.obj (.text:ti_sysbios_gates_GateMutex_Instance_finalize__E)
                  0000faf8    00000010     empty_pem4f.oem4f (.text:ti_sysbios_hal_Hwi_HwiProxy_Object__create__S)
                  0000fb08    00000010     sysbios.aem4f : BIOS.obj (.text:ti_sysbios_knl_Semaphore_Instance_finalize__E)
                  0000fb18    00000010                   : BIOS.obj (.text:ti_sysbios_knl_Swi_disable__E)
                  0000fb28    00000010     empty_pem4f.oem4f (.text:ti_sysbios_knl_Task_Object__get__S)
                  0000fb38    00000010     sysbios.aem4f : BIOS.obj (.text:ti_sysbios_knl_Task_disable__E)
                  0000fb48    00000010     ti.targets.arm.rtsarm.aem4f : Gate.oem4f (.text:xdc_runtime_Gate_leaveSystem__E)
                  0000fb58    00000010                                 : Memory.oem4f (.text:xdc_runtime_Memory_free__E)
                  0000fb68    00000010                                 : SysMin.oem4f (.text:xdc_runtime_SysMin_ready__E)
                  0000fb78    00000010                                 : System.oem4f (.text:xdc_runtime_System_vsnprintf__E)
                  0000fb88    00000010     empty_pem4f.oem4f (.text:xdc_runtime_Text_visitRope__I)
                  0000fb98    0000000e     driverlib.lib : adc.obj (.text:ADCSequenceEnable)
                  0000fba6    0000000e                   : gpio.obj (.text:GPIOIntStatus)
                  0000fbb4    0000000e     grlib.lib : image.obj (.text:GrImageDraw)
                  0000fbc2    0000000e     driverlib.lib : timer.obj (.text:TimerEnable)
                  0000fbd0    0000000e                   : uart.obj (.text:UARTCharGetNonBlocking)
                  0000fbde    0000000e                   : uart.obj (.text:UARTCharPutNonBlocking)
                  0000fbec    0000000e     rtsv7M4_T_le_v4SPD16_eabi.lib : time.c.obj (.text:__time32)
                  0000fbfa    0000000e                                   : copy_decompress_none.c.obj (.text:decompress:none:__TI_decompress_none)
                  0000fc08    0000000e     sysbios.aem4f : BIOS.obj (.text:ti_sysbios_knl_Idle_loop__E)
                  0000fc16    00000002     --HOLE-- [fill = 0]
                  0000fc18    0000000e                   : BIOS.obj (.text:ti_sysbios_knl_Queue_empty__E)
                  0000fc26    0000000c     driverlib.lib : gpio.obj (.text:GPIOIntEnable)
                  0000fc32    0000000c                   : pwm.obj (.text:PWMGenDisable)
                  0000fc3e    0000000c                   : pwm.obj (.text:PWMGenEnable)
                  0000fc4a    0000000c     drivers_tivaware.aem4f : RingBuf.oem4f (.text:RingBuf_peek)
                  0000fc56    0000000c     driverlib.lib : uart.obj (.text:UARTFlowControlSet)
                  0000fc62    0000000c     drivers_tivaware.aem4f : UARTTiva.oem4f (.text:UARTTiva_init)
                  0000fc6e    00000002     --HOLE-- [fill = 0]
                  0000fc70    0000000c     rtsv7M4_T_le_v4SPD16_eabi.lib : _lock.c.obj (.text:_register_lock)
                  0000fc7c    0000000c                                   : _lock.c.obj (.text:_register_unlock)
                  0000fc88    0000000c                                   : copy_zero_init.c.obj (.text:decompress:ZI:__TI_zero_init)
                  0000fc94    0000000c     motor_api.obj (.text:getState)
                  0000fca0    0000000c     motor_api.obj (.text:set_estop)
                  0000fcac    00000004     --HOLE-- [fill = 0]
                  0000fcb0    0000000c     sysbios.aem4f : BIOS.obj (.text:ti_sysbios_family_arm_lm4_Timer_getAvailMask__E)
                  0000fcbc    00000004     --HOLE-- [fill = 0]
                  0000fcc0    0000000c                   : BIOS.obj (.text:ti_sysbios_family_arm_lm4_Timer_getMaxTicks__E)
                  0000fccc    0000000c     empty_pem4f.oem4f (.text:ti_sysbios_family_arm_m3_Hwi_Params__init__S)
                  0000fcd8    0000000c     sysbios.aem4f : BIOS.obj (.text:ti_sysbios_family_arm_m3_Hwi_disableFxn__E)
                  0000fce4    00000004     --HOLE-- [fill = 0]
                  0000fce8    0000000c                   : BIOS.obj (.text:ti_sysbios_family_arm_m3_TaskSupport_checkStack__E)
                  0000fcf4    00000004     --HOLE-- [fill = 0]
                  0000fcf8    0000000c                   : BIOS.obj (.text:ti_sysbios_family_arm_m3_TaskSupport_getStackAlignment__E)
                  0000fd04    0000000c     empty_pem4f.oem4f (.text:ti_sysbios_gates_GateHwi_Params__init__S)
                  0000fd10    0000000c     sysbios.aem4f : BIOS.obj (.text:ti_sysbios_gates_GateHwi_enter__E)
                  0000fd1c    0000000c     empty_pem4f.oem4f (.text:ti_sysbios_hal_Hwi_Params__init__S)
                  0000fd28    0000000c     empty_pem4f.oem4f (.text:ti_sysbios_knl_Clock_Params__init__S)
                  0000fd34    00000004     --HOLE-- [fill = 0]
                  0000fd38    0000000c     sysbios.aem4f : BIOS.obj (.text:ti_sysbios_knl_Clock_getTicks__E)
                  0000fd44    0000000c     motor_api.obj (.text:ti_sysbios_knl_Event_handle)
                  0000fd50    0000000c     empty_pem4f.oem4f (.text:ti_sysbios_knl_Queue_Object__get__S)
                  0000fd5c    0000000c     empty_pem4f.oem4f (.text:ti_sysbios_knl_Semaphore_Params__init__S)
                  0000fd68    0000000c     motor_api.obj (.text:ti_sysbios_knl_Semaphore_handle)
                  0000fd74    0000000c     sensors_api.obj (.text:ti_sysbios_knl_Semaphore_handle)
                  0000fd80    0000000c     empty_pem4f.oem4f (.text:ti_sysbios_knl_Task_Params__init__S)
                  0000fd8c    0000000c     empty.obj (.text:updateGraphUI)
                  0000fd98    0000000c     ti.targets.arm.rtsarm.aem4f : Error.oem4f (.text:xdc_runtime_Error_init__E)
                  0000fda4    0000000c                                 : Gate.oem4f (.text:xdc_runtime_Gate_enterSystem__E)
                  0000fdb0    0000000c                                 : Memory.oem4f (.text:xdc_runtime_Memory_calloc__E)
                  0000fdbc    0000000c                                 : Memory.oem4f (.text:xdc_runtime_Memory_getMaxDefaultTypeAlign__E)
                  0000fdc8    0000000a     driverlib.lib : adc.obj (.text:ADCIntClear)
                  0000fdd2    0000000a                   : i2c.obj (.text:I2CMasterDisable)
                  0000fddc    0000000a                   : i2c.obj (.text:I2CMasterEnable)
                  0000fde6    0000000a     drivers_tivaware.aem4f : I2CTiva.oem4f (.text:I2CTiva_init)
                  0000fdf0    0000000a                            : I2C.oem4f (.text:I2C_transfer)
                  0000fdfa    0000000a     Kentec320x240x16_ssd2119_spi.obj (.text:Kentec320x240x16_SSD2119Flush)
                  0000fe04    0000000a     drivers_tivaware.aem4f : PWMTimerTiva.oem4f (.text:PWMTimerTiva_getPeriodCounts)
                  0000fe0e    0000000a                            : PWM.oem4f (.text:PWM_setDuty)
                  0000fe18    0000000a     driverlib.lib : ssi.obj (.text:SSIDataPut)
                  0000fe22    0000000a                   : ssi.obj (.text:SSIEnable)
                  0000fe2c    0000000a                   : uart.obj (.text:UARTCharGet)
                  0000fe36    0000000a                   : uart.obj (.text:UARTCharPut)
                  0000fe40    0000000a                   : uart.obj (.text:UARTIntDisable)
                  0000fe4a    0000000a                   : uart.obj (.text:UARTIntStatus)
                  0000fe54    0000000a     rtsv7M4_T_le_v4SPD16_eabi.lib : sprintf.c.obj (.text:_outc)
                  0000fe5e    00000002     --HOLE-- [fill = 0]
                  0000fe60    0000000a     sysbios.aem4f : BIOS.obj (.text:ti_sysbios_hal_Hwi_Instance_finalize__E)
                  0000fe6a    0000000a     empty_pem4f.oem4f (.text:xdc_runtime_IHeap_alloc)
                  0000fe74    0000000a     empty_pem4f.oem4f (.text:xdc_runtime_IHeap_free)
                  0000fe7e    00000008     EK_TM4C1294XL.obj (.text:EK_TM4C1294XL_initGPIO)
                  0000fe86    00000008     grlib.lib : charmap.obj (.text:GrMapISO8859_1_Unicode)
                  0000fe8e    00000008     driverlib.lib : i2c.obj (.text:I2CMasterIntClear)
                  0000fe96    00000008                   : i2c.obj (.text:I2CMasterSlaveAddrSet)
                  0000fe9e    00000008     drivers_tivaware.aem4f : I2CTiva.oem4f (.text:I2CTiva_blockingCallback)
                  0000fea6    00000008                            : PWMTimerTiva.oem4f (.text:PWMTimerTiva_init)
                  0000feae    00000008     driverlib.lib : ssi.obj (.text:SSIBusy)
                  0000feb6    00000008                   : uart.obj (.text:UARTIntEnable)
                  0000febe    00000008                   : uart.obj (.text:UARTRxErrorGet)
                  0000fec6    00000002     --HOLE-- [fill = 0]
                  0000fec8    00000008     rtsv7M4_T_le_v4SPD16_eabi.lib : errno.c.obj (.text:__aeabi_errno_addr)
                  0000fed0    00000008     drivers_tivaware.aem4f : UARTTiva.oem4f (.text:readSemCallback)
                  0000fed8    00000008     sysbios.aem4f : BIOS.obj (.text:ti_sysbios_family_arm_lm4_Timer_masterDisable__I)
                  0000fee0    00000008                   : BIOS.obj (.text:ti_sysbios_family_arm_m3_Hwi_doSwiRestore__I)
                  0000fee8    00000008                   : BIOS.obj (.text:ti_sysbios_family_arm_m3_Hwi_startup__E)
                  0000fef0    00000008     drivers_tivaware.aem4f : UARTTiva.oem4f (.text:writeSemCallback)
                  0000fef8    00000006     grlib.lib : string.obj (.text:GrContextFontSet)
                  0000fefe    00000006     driverlib.lib : i2c.obj (.text:I2CMasterIntDisable)
                  0000ff04    00000006                   : i2c.obj (.text:I2CMasterIntEnable)
                  0000ff0a    00000006     drivers_tivaware.aem4f : I2CTiva.oem4f (.text:I2CTiva_control)
                  0000ff10    00000006                            : PWMTimerTiva.oem4f (.text:PWMTimerTiva_getPeriodMicroSecs)
                  0000ff16    00000006     driverlib.lib : sysctl.obj (.text:SysCtlDelay)
                  0000ff1c    00000006                   : uart.obj (.text:UARTFIFOLevelSet)
                  0000ff22    00000006                   : uart.obj (.text:UARTRxErrorClear)
                  0000ff28    00000006     grlib.lib : widget.obj (.text:WidgetMutexPut)
                  0000ff2e    00000002     --HOLE-- [fill = 0]
                  0000ff30    00000006     sysbios.aem4f : BIOS.obj (.text:ti_sysbios_family_arm_m3_Hwi_doTaskRestore__I)
                  0000ff36    00000002     --HOLE-- [fill = 0]
                  0000ff38    00000006                   : BIOS.obj (.text:ti_sysbios_family_arm_m3_Hwi_restoreFxn__E)
                  0000ff3e    00000002     --HOLE-- [fill = 0]
                  0000ff40    00000006                   : BIOS.obj (.text:ti_sysbios_gates_GateHwi_leave__E)
                  0000ff46    00000002     --HOLE-- [fill = 0]
                  0000ff48    00000006                   : BIOS.obj (.text:ti_sysbios_heaps_HeapMem_isBlocking__E)
                  0000ff4e    00000002     --HOLE-- [fill = 0]
                  0000ff50    00000006                   : BIOS.obj (.text:ti_sysbios_knl_Clock_stop__E)
                  0000ff56    00000002     --HOLE-- [fill = 0]
                  0000ff58    00000006                   : BIOS.obj (.text:ti_sysbios_knl_Queue_Instance_init__E)
                  0000ff5e    00000002     --HOLE-- [fill = 0]
                  0000ff60    00000006                   : BIOS.obj (.text:ti_sysbios_knl_Swi_startup__E)
                  0000ff66    00000006     ti.targets.arm.rtsarm.aem4f : System.oem4f (.text:xdc_runtime_System_Module_startup__E)
                  0000ff6c    00000004     --HOLE-- [fill = 0]
                  0000ff70    00000004     sysbios.aem4f : BIOS.obj (.text:ti_sysbios_gates_GateHwi_query__E)
                  0000ff74    00000004     --HOLE-- [fill = 0]
                  0000ff78    00000004                   : BIOS.obj (.text:ti_sysbios_gates_GateMutex_query__E)
                  0000ff7c    00000004     --HOLE-- [fill = 0]
                  0000ff80    00000004                   : BIOS.obj (.text:ti_sysbios_knl_Task_startup__E)
                  0000ff84    00000004     --HOLE-- [fill = 0]
                  0000ff88    00000002                   : BIOS.obj (.text:ti_sysbios_gates_GateHwi_Instance_init__E)
                  0000ff8a    00000006     --HOLE-- [fill = 0]
                  0000ff90    00000002                   : BIOS.obj (.text:ti_sysbios_knl_Clock_logTick__E)

.const     0    0000ff98    00004be0     
                  0000ff98    00001922     empty_pem4f.oem4f (.const:xdc_runtime_Text_charTab__A)
                  000118ba    00000002     empty_pem4f.oem4f (.const:ti_catalog_arm_cortexm4_tiva_ce_Boot_Module__id__C)
                  000118bc    00000004     bmi160.obj (.const)
                  000118c0    00001000     rtsv7M4_T_le_v4SPD16_eabi.lib : s_exp2.c.obj (.const:tbl)
                  000128c0    000007e5     grlib.lib : fontcmss18.obj (.const:.string:g_pui8Cmss18Data)
                  000130a5    00000782               : fontcmss18b.obj (.const:.string:g_pui8Cmss18bData)
                  00013827    00000001     empty_pem4f.oem4f (.const:xdc_runtime_Error_policy__C)
                  00013828    000001b0     driverlib.lib : sysctl.obj (.const:g_pppui32XTALtoVCO)
                  000139d8    00000120     Boot.aem4f : Boot_sysctl.oem4f (.const:g_pppui32XTALtoVCO)
                  00013af8    00000101     rtsv7M4_T_le_v4SPD16_eabi.lib : ctype.c.obj (.const:.string:_ctypes_)
                  00013bf9    00000001     --HOLE-- [fill = 0]
                  00013bfa    00000002     empty_pem4f.oem4f (.const:ti_sysbios_family_arm_m3_Hwi_Module__id__C)
                  00013bfc    000000c8     grlib.lib : fontcmss18.obj (.const:g_sFontCmss18)
                  00013cc4    000000c8               : fontcmss18b.obj (.const:g_sFontCmss18b)
                  00013d8c    000000c0     empty_pem4f.oem4f (.const:xdc_runtime_Text_nodeTab__A)
                  00013e4c    0000009e     grlib_demo.obj (.const:.string)
                  00013eea    00000002     empty_pem4f.oem4f (.const:ti_sysbios_gates_GateMutex_Module__id__C)
                  00013eec    00000090     driverlib.lib : gpio.obj (.const:g_pui32GPIOBaseAddrs)
                  00013f7c    00000070                   : interrupt.obj (.const)
                  00013fec    0000006c     Boot.aem4f : Boot_sysctl.oem4f (.const:g_pui32Xtals)
                  00014058    0000006c     driverlib.lib : sysctl.obj (.const:g_pui32Xtals)
                  000140c4    00000060     rtsv7M4_T_le_v4SPD16_eabi.lib : mktime.c.obj (.const:$O1$$)
                  00014124    00000060     MotorLib.lib : motorlib.obj (.const:PWM_config)
                  00014184    00000058     empty_pem4f.oem4f (.const:.string)
                  000141dc    00000054     drivers_tivaware.aem4f : GPIOTiva.oem4f (.const:.string)
                  00014230    00000054     MotorLib.lib : motorlib.obj (.const:motorLibPWMTivaHWAttrs)
                  00014284    0000004c     rtsv7M4_T_le_v4SPD16_eabi.lib : asctime.c.obj (.const:$O1$$)
                  000142d0    0000004c                                   : asctime.c.obj (.const:.string)
                  0001431c    0000004c     drivers_tivaware.aem4f : UARTTiva.oem4f (.const)
                  00014368    00000048                            : GPIOTiva.oem4f (.const:gpioBaseAddresses)
                  000143b0    0000003c     empty_pem4f.oem4f (.const:ti_sysbios_knl_Task_Object__PARAMS__C)
                  000143ec    00000004     empty_pem4f.oem4f (.const:ti_catalog_arm_cortexm4_tiva_ce_Boot_A_mustNotUseEnhancedClockMode__C)
                  000143f0    00000030     rtsv7M4_T_le_v4SPD16_eabi.lib : e_pow.c.obj (.const:$O1$$)
                  00014420    00000030     Boot.aem4f : Boot_sysctl.oem4f (.const:g_sXTALtoMEMTIM)
                  00014450    00000030     driverlib.lib : sysctl.obj (.const:g_sXTALtoMEMTIM)
                  00014480    00000030     empty_pem4f.oem4f (.const:ti_sysbios_family_arm_m3_Hwi_Object__PARAMS__C)
                  000144b0    00000030     EK_TM4C1294XL.obj (.const:uartTivaHWAttrs)
                  000144e0    0000002c     empty_pem4f.oem4f (.const:ti_sysbios_hal_Hwi_Object__PARAMS__C)
                  0001450c    00000028     drivers_tivaware.aem4f : UARTTiva.oem4f (.const:UARTTiva_fxnTable)
                  00014534    00000028     Kentec320x240x16_ssd2119_spi.obj (.const:g_sKentec320x240x16_SSD2119)
                  0001455c    00000028     empty_pem4f.oem4f (.const:ti_sysbios_heaps_HeapMem_Module__FXNS__C)
                  00014584    00000024     EK_TM4C1294XL.obj (.const:UART_config)
                  000145a8    00000024     drivers_tivaware.aem4f : UART.oem4f (.const:UART_defaultParams)
                  000145cc    00000024     empty_pem4f.oem4f (.const:ti_sysbios_gates_GateHwi_Module__FXNS__C)
                  000145f0    00000024     empty_pem4f.oem4f (.const:ti_sysbios_gates_GateMutex_Module__FXNS__C)
                  00014614    00000024     empty_pem4f.oem4f (.const:ti_sysbios_heaps_HeapMem_Object__PARAMS__C)
                  00014638    00000024     empty_pem4f.oem4f (.const:ti_sysbios_knl_Clock_Object__PARAMS__C)
                  0001465c    00000024     empty_pem4f.oem4f (.const:ti_sysbios_knl_Semaphore_Object__PARAMS__C)
                  00014680    00000020     drivers_tivaware.aem4f : PWMTimerTiva.oem4f (.const)
                  000146a0    00000020                            : PWMTiva.oem4f (.const)
                  000146c0    00000020     empty_pem4f.oem4f (.const:ti_sysbios_family_arm_m3_Hwi_Object__DESC__C)
                  000146e0    00000020     empty_pem4f.oem4f (.const:ti_sysbios_gates_GateHwi_Object__DESC__C)
                  00014700    00000020     empty_pem4f.oem4f (.const:ti_sysbios_gates_GateMutex_Object__DESC__C)
                  00014720    00000020     empty_pem4f.oem4f (.const:ti_sysbios_hal_Hwi_Object__DESC__C)
                  00014740    00000020     empty_pem4f.oem4f (.const:ti_sysbios_heaps_HeapMem_Object__DESC__C)
                  00014760    00000020     empty_pem4f.oem4f (.const:ti_sysbios_knl_Clock_Object__DESC__C)
                  00014780    00000020     empty_pem4f.oem4f (.const:ti_sysbios_knl_Event_Object__DESC__C)
                  000147a0    00000020     empty_pem4f.oem4f (.const:ti_sysbios_knl_Queue_Object__DESC__C)
                  000147c0    00000020     empty_pem4f.oem4f (.const:ti_sysbios_knl_Semaphore_Object__DESC__C)
                  000147e0    00000020     empty_pem4f.oem4f (.const:ti_sysbios_knl_Task_Object__DESC__C)
                  00014800    00000020     empty_pem4f.oem4f (.const:xdc_runtime_Startup_sfxnTab__A)
                  00014820    0000001c     drivers_tivaware.aem4f : I2CTiva.oem4f (.const)
                  0001483c    0000001c     touch.obj (.const:g_pi32TouchParameters)
                  00014858    00000018     EK_TM4C1294XL.obj (.const:I2C_config)
                  00014870    00000018     empty_pem4f.oem4f (.const:ti_sysbios_gates_GateHwi_Object__PARAMS__C)
                  00014888    00000018     empty_pem4f.oem4f (.const:ti_sysbios_gates_GateMutex_Object__PARAMS__C)
                  000148a0    00000018     empty_pem4f.oem4f (.const:ti_sysbios_knl_Event_Object__PARAMS__C)
                  000148b8    00000018     empty_pem4f.oem4f (.const:ti_sysbios_knl_Queue_Object__PARAMS__C)
                  000148d0    00000014     EK_TM4C1294XL.obj (.const:GPIOTiva_config)
                  000148e4    00000014     empty_pem4f.oem4f (.const:xdc_runtime_Startup_firstFxns__A)
                  000148f8    00000010     drivers_tivaware.aem4f : I2C.oem4f (.const)
                  00014908    00000010     grlib.lib : context.obj (.const)
                  00014918    00000010     MotorLib.lib : motorlib.obj (.const:motorLibPWMTimerTivaHWAttrs)
                  00014928    00000010     empty_pem4f.oem4f (.const:xdc_runtime_Startup_sfxnRts__A)
                  00014938    0000000c     drivers_tivaware.aem4f : PWM.oem4f (.const)
                  00014944    0000000c     EK_TM4C1294XL.obj (.const:i2cTivaHWAttrs)
                  00014950    00000008     Boot.aem4f : Boot_sysctl.oem4f (.const)
                  00014958    00000008     driverlib.lib : sysctl.obj (.const)
                  00014960    00000008     empty_pem4f.oem4f (.const:ti_sysbios_family_arm_m3_Hwi_excHookFuncs__A)
                  00014968    00000008     empty_pem4f.oem4f (.const:ti_sysbios_knl_Idle_funcList__C)
                  00014970    00000008     empty_pem4f.oem4f (.const:xdc_runtime_Startup_firstFxns__C)
                  00014978    00000008     empty_pem4f.oem4f (.const:xdc_runtime_Startup_lastFxns__C)
                  00014980    00000004     empty_pem4f.oem4f (.const:ti_catalog_arm_cortexm4_tiva_ce_Boot_Module__diagsEnabled__C)
                  00014984    00000004     empty_pem4f.oem4f (.const:ti_catalog_arm_cortexm4_tiva_ce_Boot_Module__diagsIncluded__C)
                  00014988    00000004     empty_pem4f.oem4f (.const:ti_catalog_arm_cortexm4_tiva_ce_Boot_Module__diagsMask__C)
                  0001498c    00000004     empty_pem4f.oem4f (.const:ti_sysbios_family_arm_lm4_Timer_enableFunc__C)
                  00014990    00000004     empty_pem4f.oem4f (.const:ti_sysbios_family_arm_lm4_Timer_numTimerDevices__C)
                  00014994    00000004     empty_pem4f.oem4f (.const:ti_sysbios_family_arm_lm4_Timer_startupNeeded__C)
                  00014998    00000004     empty_pem4f.oem4f (.const:ti_sysbios_family_arm_m3_Hwi_E_NMI__C)
                  0001499c    00000004     empty_pem4f.oem4f (.const:ti_sysbios_family_arm_m3_Hwi_E_alreadyDefined__C)
                  000149a0    00000004     empty_pem4f.oem4f (.const:ti_sysbios_family_arm_m3_Hwi_E_busFault__C)
                  000149a4    00000004     empty_pem4f.oem4f (.const:ti_sysbios_family_arm_m3_Hwi_E_debugMon__C)
                  000149a8    00000004     empty_pem4f.oem4f (.const:ti_sysbios_family_arm_m3_Hwi_E_hardFault__C)
                  000149ac    00000004     empty_pem4f.oem4f (.const:ti_sysbios_family_arm_m3_Hwi_E_memFault__C)
                  000149b0    00000004     empty_pem4f.oem4f (.const:ti_sysbios_family_arm_m3_Hwi_E_noIsr__C)
                  000149b4    00000004     empty_pem4f.oem4f (.const:ti_sysbios_family_arm_m3_Hwi_E_reserved__C)
                  000149b8    00000004     empty_pem4f.oem4f (.const:ti_sysbios_family_arm_m3_Hwi_E_svCall__C)
                  000149bc    00000004     empty_pem4f.oem4f (.const:ti_sysbios_family_arm_m3_Hwi_E_usageFault__C)
                  000149c0    00000004     empty_pem4f.oem4f (.const:ti_sysbios_family_arm_m3_Hwi_NUM_INTERRUPTS__C)
                  000149c4    00000004     empty_pem4f.oem4f (.const:ti_sysbios_family_arm_m3_Hwi_Object__count__C)
                  000149c8    00000004     empty_pem4f.oem4f (.const:ti_sysbios_family_arm_m3_Hwi_ccr__C)
[...]
00014b08  xdc_runtime_IModule_Interface__BASE__C                               
00014b0c  xdc_runtime_Log_L_error__C                                           
00014b10  xdc_runtime_Memory_defaultHeapInstance__C                            
00014b14  xdc_runtime_Startup_execImpl__C                                      
00014b18  xdc_runtime_Startup_maxPasses__C                                     
00014b1c  xdc_runtime_Startup_sfxnRts__C                                       
00014b20  xdc_runtime_Startup_sfxnTab__C                                       
00014b24  xdc_runtime_SysMin_bufSize__C                                        
00014b28  xdc_runtime_SysMin_outputFunc__C                                     
00014b2c  xdc_runtime_System_Module__gateObj__C                                
00014b30  xdc_runtime_System_abortFxn__C                                       
00014b34  xdc_runtime_System_exitFxn__C                                        
00014b38  xdc_runtime_System_extendFxn__C                                      
00014b3c  xdc_runtime_System_maxAtexitHandlers__C                              
00014b40  xdc_runtime_Text_charTab__C                                          
00014b44  xdc_runtime_Text_nameEmpty__C                                        
00014b48  xdc_runtime_Text_nameStatic__C                                       
00014b4c  xdc_runtime_Text_nameUnknown__C                                      
00014b50  xdc_runtime_Text_nodeTab__C                                          
00014b54  xdc_runtime_Text_visitRopeFxn__C                                     
00014b58  ti_sysbios_hal_Hwi_Module__id__C                                     
00014b5a  ti_sysbios_heaps_HeapMem_Module__id__C                               
00014b5c  ti_sysbios_knl_Clock_Module__id__C                                   
00014b5e  ti_sysbios_knl_Event_Module__id__C                                   
00014b60  ti_sysbios_knl_Semaphore_Module__id__C                               
00014b62  ti_sysbios_knl_Task_Module__id__C                                    
00014b64  xdc_runtime_Core_Module__id__C                                       
00014b66  xdc_runtime_Error_Module__loggerDefined__C                           
00014b68  xdc_runtime_Error_maxDepth__C                                        
00014b6a  xdc_runtime_Main_Module__id__C                                       
00014b6c  xdc_runtime_Memory_Module__id__C                                     
00014b6e  xdc_runtime_SysMin_flushAtExit__C                                    
00014b70  xdc_runtime_Text_charCnt__C                                          
00014b72  xdc_runtime_Text_isLoaded__C                                         
00014b74  xdc_runtime_Text_registryModsLastId__C                               
00014b76  xdc_runtime_Text_unnamedModsLastId__C                                
00014b78  __TI_static_base__                                                   
00014f84  __TI_Handler_Table_Base                                              
00014f90  __TI_Handler_Table_Limit                                             
00014fa0  __TI_CINIT_Base                                                      
00014fb8  __TI_CINIT_Limit                                                     
20000000  __start___llvm_prf_cnts                                              
20000000  __stop___llvm_prf_cnts                                               
20000000  ti_sysbios_family_arm_m3_Hwi_ramVectors                              
20000360  ti_sysbios_knl_Task_Instance_State_0_stack__A                        
20000b60  ti_sysbios_knl_Task_Instance_State_1_stack__A                        
20001360  ti_sysbios_knl_Task_Instance_State_2_stack__A                        
20001560  taskLightStack                                                       
20002560  taskAccelStack                                                       
20002d60  ti_sysbios_heaps_HeapMem_Instance_State_0_buf__A                     
20003160  xdc_runtime_SysMin_Module_State_0_outbuf__A                          
20003560  ti_sysbios_family_arm_m3_Hwi_dispatchTable                           
200038c0  uartTivaObjects                                                      
20003b98  __CIOBUF_                                                            
20003d48  i2cTivaObjects                                                       
20003dc8  uartTivaRingBuffer                                                   
20003e08  motorLibPWMObjects                                                   
20003e40  eb                                                                   
20003e70  sContext                                                             
20003e9c  clkSensorParams                                                      
20003ec0  clockAccelerationStruct                                              
20003ee4  clockLightStruct                                                     
20003f08  clockUpdateGraph                                                     
20003f2c  clockUpdateTime                                                      
20003f50  uartParams                                                           
20003fd4  maxTime                                                              
20003ff4  minTime                                                              
20004030  semAccelStruct                                                       
2000404c  semLightStruct                                                       
20004068  semStruct                                                            
20004084  gHwiprms                                                             
2000409c  lightBuffer                                                          
200040b4  motorLibPWMTimerObjects                                              
200040cc  accelerationBuffer                                                   
200040e0  evtStruct                                                            
200040f4  valueText                                                            
20004118  av                                                                   
20004124  pui32ADC0Value                                                       
20004138  graphMax                                                             
20004140  graphMin                                                             
20004148  parmbuf                                                              
20004150  SysTicks                                                             
20004154  accel_avg                                                            
20004158  accel_mag                                                            
2000415c  acceleration                                                         
20004160  acceleration_avg                                                     
20004164  adc0                                                                 
20004168  current                                                              
2000416c  data_Graph                                                           
20004170  delta_rpm                                                            
20004174  delta_time                                                           
20004178  error                                                                
2000417c  evtHandle                                                            
20004180  g_currentLimit                                                       
20004184  g_drawingGraph                                                       
20004188  g_motorSpeed                                                         
2000418c  g_numPlotOverflow                                                    
20004190  g_numPlotPoints                                                      
20004194  g_pi32ParmSet                                                        
2000419c  g_sCurrentPanel                                                      
200041a0  g_ui32SysClock                                                       
200041a4  gateHwi                                                              
200041ac  graphIntMax                                                          
200041b0  graphIntMin                                                          
200041b4  hA                                                                   
200041b8  hB                                                                   
200041bc  hC                                                                   
200041c0  hallA                                                                
200041c4  hallB                                                                
200041c8  hallC                                                                
200041cc  light_i2c                                                            
200041d0  output                                                               
200041d4  previousPoint                                                        
200041d8  rpm_avg                                                              
200041dc  rpm_from_UI                                                          
200041e0  semAccelHandle                                                       
200041e4  semHandle                                                            
200041e8  semLightHandle                                                       
200041ec  t                                                                    
200041f0  uart                                                                 
200041f4  voltage                                                              
200041f8  y_graph_step                                                         
200041fc  g_i16TouchX                                                          
200041fe  g_i16TouchY                                                          
20004200  ThresholdAccel                                                       
20004201  e_event                                                              
20004202  e_stop                                                               
20004203  g_accelerationLimit                                                  
20004204  motorStartedUI                                                       
20004205  motorState                                                           
20004206  print_from_clock                                                     
20004207  running                                                              
20004208  success                                                              
20004209  updateGraph                                                          
2000420c  ti_sysbios_knl_Task_Object__table__V                                 
200042f0  ti_sysbios_knl_Swi_Module_State_0_readyQ__A                          
20004370  motor                                                                
20004374  prevMotor                                                            
20004378  prevSysTick                                                          
2000437c  deltaPos                                                             
20004380  clock_time_mins                                                      
20004384  clock_time_secs                                                      
20004388  rpm_actual                                                           
2000438c  acceleration_sum                                                     
20004390  rpm_prev                                                             
20004394  integral_error                                                       
20004398  rpm_desired                                                          
2000439c  rpm_int                                                              
200043a0  jump                                                                 
200043a4  Kp                                                                   
200043a8  Ki                                                                   
200043ac  clock_count                                                          
200043b0  rpm_sum                                                              
200043b4  min_per_sysTick                                                      
200043b8  rotation                                                             
200043bc  rpm_sum_c                                                            
200043c0  dummy                                                                
200043c4  adc_test                                                             
200043c8  vref                                                                 
200043cc  stepVoltage                                                          
200043d0  shunt                                                                
200043d4  gain                                                                 
200043d8  g_sGraphAcceleration                                                 
20004428  g_sGraphBack                                                         
20004478  g_sGraphExit                                                         
200044c8  g_sGraphLight                                                        
20004518  g_sGraphOption                                                       
20004568  g_sGraphPower                                                        
200045b8  g_sGraphSpeed                                                        
20004608  g_sGraphTitle                                                        
20004658  g_sMotorOption                                                       
200046a8  g_sSetOption                                                         
200046f8  g_sSettingAcceleration                                               
20004748  g_sSettingBack                                                       
20004798  g_sSettingCurrent                                                    
200047e8  g_sSettingDecrease                                                   
20004838  g_sSettingExit                                                       
20004888  g_sSettingIncrease                                                   
200048d8  g_sSettingSpeed                                                      
20004928  g_sSettingTitle                                                      
20004978  g_sSettingValue                                                      
200049c8  ti_sysbios_knl_Task_Module__state__V                                 
20004a0c  g_sGraph                                                             
20004a4c  g_sGraphPage                                                         
20004a8c  g_sGraphsMainPage                                                    
20004acc  g_sMainPage                                                          
20004b0c  g_sSettingPage                                                       
20004b4c  g_sSettingsMainPage                                                  
20004b8c  ti_sysbios_family_arm_lm4_Timer_Module_State_0_device__A             
20004bcc  ti_sysbios_family_arm_lm4_Timer_Object__table__V                     
20004c0c  ti_sysbios_gates_GateMutex_Object__table__V                          
20004c44  ti_sysbios_family_arm_m3_Hwi_Module__state__V                        
20004c78  ti_sysbios_family_arm_m3_Hwi_Object__table__V                        
20004ca8  ti_sysbios_knl_Swi_Object__table__V                                  
20004cd8  g_sRoot                                                              
20004d06  ti_sysbios_family_arm_m3_Hwi_Module_State_0_excActive__A             
20004d08  ti_sysbios_knl_Clock_Module__state__V                                
20004d58  ti_sysbios_BIOS_Module__state__V                                     
20004d7c  gpioPinConfigs                                                       
20004d9c  ti_sysbios_family_arm_lm4_Timer_Module_State_0_handles__A            
20004dbc  ti_sysbios_knl_Task_Module_State_0_readyQ__A                         
20004ddc  ti_sysbios_knl_Swi_Module__state__V                                  
20004e10  ti_sysbios_heaps_HeapMem_Object__table__V                            
20004e28  x_graph_step                                                         
20004e2c  x_graph_start                                                        
20004e30  y_graph_start                                                        
20004e34  y_graph_max                                                          
20004e38  y_graph_end                                                          
20004e3c  _tz                                                                  
20004e4c  ti_sysbios_family_arm_lm4_Timer_Module__state__V                     
20004e58  xdc_runtime_SysMin_Module__state__V                                  
20004e64  _lock                                                                
20004e68  _unlock                                                              
20004e6c  gpioCallbackFunctions                                                
20004e74  ti_sysbios_family_arm_m3_Hwi_Module__root__V                         
20004e7c  ti_sysbios_gates_GateHwi_Module__root__V                             
20004e84  ti_sysbios_gates_GateMutex_Module__root__V                           
20004e8c  ti_sysbios_hal_Hwi_Module__root__V                                   
20004e94  ti_sysbios_heaps_HeapMem_Module__root__V                             
20004e9c  ti_sysbios_knl_Clock_Module__root__V                                 
20004ea4  ti_sysbios_knl_Event_Module__root__V                                 
20004eac  ti_sysbios_knl_Queue_Module__root__V                                 
20004eb4  ti_sysbios_knl_Semaphore_Module__root__V                             
20004ebc  ti_sysbios_knl_Task_Module__root__V                                  
20004ec4  xdc_runtime_Registry_Module__state__V                                
20004ecc  xdc_runtime_Startup_Module__state__V                                 
20004ed4  xdc_runtime_System_Module_State_0_atexitHandlers__A                  
20004edc  xdc_runtime_System_Module__state__V                                  
20004eea  xdc_runtime_Error_Module__state__V                                   
20004eec  triggerThreshold                                                     
20004f00  errno                                                                
20004f04  main_func_sp                                                         
20004f08  ti_sysbios_family_arm_m3_Hwi_Module_State_0_excContext__A            
20004f0c  ti_sysbios_family_arm_m3_Hwi_Module_State_0_excStack__A              
20004f10  ti_sysbios_gates_GateHwi_Object__table__V                            
20004f14  ti_sysbios_knl_Task_Module_State_0_idleTask__A                       
20004f18  g_i16TouchMin                                                        
20004f1c  xdc_runtime_Memory_Module__state__V                                  
20004f20  __stack                                                              
20005220  __STACK_END                                                          
e000e000  ti_sysbios_family_arm_m3_Hwi_nvic                                    
ffffffff  __TI_pprof_out_hndl                                                  
ffffffff  __TI_prof_data_size                                                  
ffffffff  __TI_prof_data_start                                                 
ffffffff  __binit__                                                            
ffffffff  __c_args__                                                           
ffffffff  binit                                                                
UNDEFED   SHT$$INIT_ARRAY$$Base                                                
UNDEFED   SHT$$INIT_ARRAY$$Limit                                               

[1053 symbols]
