******************************************************************************
                  TI ARM Linker PC v20.2.4                     
******************************************************************************
>> Linked Sun May 30 18:46:14 2021

OUTPUT FILE NAME:   <empty_EK_TM4C1294XL_TI.out>
ENTRY POINT SYMBOL: "_c_int00"  address: 0000a1bd


MEMORY CONFIGURATION

         name            origin    length      used     unused   attr    fill
----------------------  --------  ---------  --------  --------  ----  --------
  FLASH                 00000000   00100000  000110ca  000eef36  R  X
  SRAM                  20000000   00040000  000037f0  0003c810  RW X


SEGMENT ALLOCATION MAP

run origin  load origin   length   init length attrs members
----------  ----------- ---------- ----------- ----- -------
00000000    00000000    000110d0   000110d0    r-x
  00000000    00000000    0000003c   0000003c    r-- .resetVecs
  00000040    00000040    0000d28a   0000d28a    r-x .text
  0000d2cc    0000d2cc    000039fc   000039fc    r-- .const
  00010cc8    00010cc8    00000408   00000408    r-- .cinit
20000000    20000000    000037f0   00000000    rw-
  20000000    20000000    00000360   00000000    rw- .vecs
  20000360    20000360    000024d4   00000000    rw- .bss
  20002834    20002834    00000cbc   00000000    rw- .data
  200034f0    200034f0    00000300   00000000    rw- .stack


SECTION ALLOCATION MAP

 output                                  attributes/
section   page    origin      length       input sections
--------  ----  ----------  ----------   ----------------
.text      0    00000040    0000d28a     
                  00000040    00000a4e     rtsv7M4_T_le_v4SPD16_eabi.lib : _printfi.c.obj (.text:__TI_printfi)
                  00000a8e    00000002                                   : _lock.c.obj (.text:_nop)
                  00000a90    000006ac     MotorLib.lib : motorlib.obj (.text)
                  0000113c    00000004     driverlib.lib : i2c.obj (.text:I2CMasterControl)
                  00001140    00000430     sysbios.aem4f : BIOS.obj (.text:ti_sysbios_family_arm_m3_Hwi_excDumpRegs__I)
                  00001570    00000390     grlib_demo.obj (.text:drawGraphPoint)
                  00001900    00000374     grlib.lib : image.obj (.text:InternalImageDraw)
                  00001c74    0000034c     ti.targets.arm.rtsarm.aem4f : System.oem4f (.text:xdc_runtime_System_doPrint__I)
                  00001fc0    000002f8     grlib.lib : image.obj (.text:PixelTransparentDraw)
                  000022b8    000002d0     sysbios.aem4f : BIOS.obj (.text:ti_sysbios_knl_Semaphore_pend__E)
                  00002588    00000270     rtsv7M4_T_le_v4SPD16_eabi.lib : _printfi.c.obj (.text:_pconv_a)
                  000027f8    0000026c     sysbios.aem4f : BIOS.obj (.text:ti_sysbios_heaps_HeapMem_free__E)
                  00002a64    00000268     touch.obj (.text:TouchScreenDebouncer)
                  00002ccc    00000254     grlib.lib : string.obj (.text:GrFontGlyphRender)
                  00002f20    00000250     sysbios.aem4f : BIOS.obj (.text:ti_sysbios_heaps_HeapMem_alloc__E)
                  00003170    0000020c     drivers_tivaware.aem4f : UARTTiva.oem4f (.text:UARTTiva_open)
                  0000337c    00000204     Boot.aem4f : Boot_sysctl.oem4f (.text:ti_catalog_arm_cortexm4_tiva_ce_Boot_sysCtlClockFreqSetI__I)
                  00003580    00000200     driverlib.lib : sysctl.obj (.text:SysCtlClockFreqSet)
                  00003780    000001f4     sysbios.aem4f : BIOS.obj (.text:ti_sysbios_family_arm_m3_Hwi_excHandlerMax__I)
                  00003974    000001e4     Kentec320x240x16_ssd2119_spi.obj (.text:Kentec320x240x16_SSD2119Init)
                  00003b58    000001dc     Kentec320x240x16_ssd2119_spi.obj (.text:Kentec320x240x16_SSD2119PixelDrawMultiple)
                  00003d34    000001d4     grlib_demo.obj (.text:OnGraphsPage)
                  00003f08    000001d0     rtsv7M4_T_le_v4SPD16_eabi.lib : _printfi.c.obj (.text:_pconv_g)
                  000040d8    000001b6                                   : fd_add_t2.asm.obj (.text)
                  0000428e    00000002                                   : div0.asm.obj (.text)
                  00004290    000001a4     pinout.obj (.text:PinoutSet)
                  00004434    00000190     grlib.lib : canvas.obj (.text:CanvasPaint)
                  000045c4    0000017e               : pushbutton.obj (.text:RectangularButtonPaint)
                  00004742    00000002     empty_pem4f.oem4f (.text:ti_sysbios_BIOS_nullFunc__I)
                  00004744    00000178     touch.obj (.text:TouchScreenIntHandler)
                  000048bc    00000174     motorCode.obj (.text:initMotor)
                  00004a30    00000174     sysbios.aem4f : BIOS.obj (.text:ti_sysbios_family_arm_m3_Hwi_excBusFault__I)
                  00004ba4    00000170     drivers_tivaware.aem4f : PWMTiva.oem4f (.text:PWMTiva_open)
                  00004d14    00000004     driverlib.lib : i2c.obj (.text:I2CMasterDataGet)
                  00004d18    00000164     sysbios.aem4f : BIOS.obj (.text:ti_sysbios_family_arm_m3_Hwi_excUsageFault__I)
                  00004e7c    00000158     grlib_demo.obj (.text:initWidgets)
                  00004fd4    00000150     drivers_tivaware.aem4f : GPIOTiva.oem4f (.text:GPIO_setConfig)
                  00005124    00000148     motorCode.obj (.text:initHallABC)
                  0000526c    00000004     driverlib.lib : i2c.obj (.text:I2CMasterDataPut)
                  00005270    00000148     sysbios.aem4f : BIOS.obj (.text:ti_sysbios_family_arm_m3_Hwi_excMemFault__I)
                  000053b8    0000013c     rtsv7M4_T_le_v4SPD16_eabi.lib : _printfi.c.obj (.text:_pconv_e)
                  000054f4    00000004     driverlib.lib : uart.obj (.text:UARTIntClear)
                  000054f8    0000013c     sysbios.aem4f : BIOS.obj (.text:ti_sysbios_heaps_HeapMem_Instance_init__E)
                  00005634    00000136     rtsv7M4_T_le_v4SPD16_eabi.lib : fd_div_t2.asm.obj (.text)
                  0000576a    00000132     driverlib.lib : gpio.obj (.text:GPIOPadConfigSet)
                  0000589c    00000124     rtsv7M4_T_le_v4SPD16_eabi.lib : _printfi.c.obj (.text:fcvt)
                  000059c0    00000120     sysbios.aem4f : BIOS.obj (.text:ti_sysbios_family_arm_lm4_Timer_start__E)
                  00005ae0    0000011c     grlib_demo.obj (.text:OnSettingsPage)
                  00005bfc    00000004     grlib.lib : widget.obj (.text:WidgetDefaultMsgProc)
                  00005c00    0000011c     sysbios.aem4f : BIOS.obj (.text:ti_sysbios_knl_Clock_Instance_init__E)
                  00005d1c    00000118     ti.targets.arm.rtsarm.aem4f : Error.oem4f (.text:xdc_runtime_Error_policyDefault__E)
                  00005e34    00000114     drivers_tivaware.aem4f : PWMTimerTiva.oem4f (.text:PWMTimerTiva_open)
                  00005f48    00000110     rtsv7M4_T_le_v4SPD16_eabi.lib : s_scalbn.c.obj (.text:scalbn)
                  00006058    0000010c     Kentec320x240x16_ssd2119_spi.obj (.text:Kentec320x240x16_SSD2119RectFill)
                  00006164    0000010c     touch.obj (.text:TouchScreenInit)
                  00006270    00000106     grlib.lib : line.obj (.text:GrLineDraw)
                  00006376    00000002     empty_pem4f.oem4f (.text:xdc_runtime_Startup_reset__I)
                  00006378    00000104     motorCode.obj (.text:filterFxn)
                  0000647c    00000004     rtsv7M4_T_le_v4SPD16_eabi.lib : exit.c.obj (.text:abort:abort)
                  00006480    00000104     sysbios.aem4f : BIOS.obj (.text:ti_sysbios_knl_Event_post__E)
                  00006584    00000100     ti.targets.arm.rtsarm.aem4f : Core-mem.oem4f (.text:xdc_runtime_Core_createObject__I)
                  00006684    000000fc     motorCode.obj (.text:motorFxn)
                  00006780    000000fc     rtsv7M4_T_le_v4SPD16_eabi.lib : fd_mul_t2.asm.obj (.text)
                  0000687c    000000f8     ti.targets.arm.rtsarm.aem4f : Startup.oem4f (.text:xdc_runtime_Startup_startMods__I)
                  00006974    000000f8     empty_pem4f.oem4f (.text:xdc_runtime_System_printfExtend__I)
                  00006a6c    000000f4     sysbios.aem4f : m3_Hwi_asm.obj (.text:ti_sysbios_family_arm_m3_Hwi_dispatch__I)
                  00006b60    000000f2     grlib.lib : pushbutton.obj (.text:RectangularButtonClick)
                  00006c52    000000f0     drivers_tivaware.aem4f : PWMTiva.oem4f (.text:PWMTiva_setDuty)
                  00006d42    00000002     --HOLE-- [fill = 0]
                  00006d44    000000f0     empty.obj (.text:main)
                  00006e34    00000004     empty_pem4f.oem4f (.text:ti_sysbios_BIOS_RtsGateProxy_enter__E)
                  00006e38    000000ec     sysbios.aem4f : BIOS.obj (.text:ti_sysbios_knl_Semaphore_post__E)
                  00006f24    000000e8     grlib.lib : widget.obj (.text:WidgetMessageQueueAdd)
                  0000700c    000000e0     drivers_tivaware.aem4f : I2CTiva.oem4f (.text:I2CTiva_open)
                  000070ec    000000d6                            : I2CTiva.oem4f (.text:I2CTiva_hwiFxn)
                  000071c2    00000002     --HOLE-- [fill = 0]
                  000071c4    000000d0     motorCode.obj (.text:HallFxn)
                  00007294    000000cc     ti.targets.arm.rtsarm.aem4f : Core-smem.oem4f (.text:xdc_runtime_Core_constructObject__I)
                  00007360    000000c0     grlib.lib : string.obj (.text:GrDefaultStringRenderer)
                  00007420    000000bc     sysbios.aem4f : BIOS.obj (.text:ti_sysbios_family_arm_m3_Hwi_excDebugMon__I)
                  000074dc    00000004     empty_pem4f.oem4f (.text:ti_sysbios_BIOS_RtsGateProxy_leave__E)
                  000074e0    000000bc     sysbios.aem4f : BIOS.obj (.text:ti_sysbios_family_arm_m3_Hwi_excHardFault__I)
                  0000759c    000000b8     EK_TM4C1294XL.obj (.text:EK_TM4C1294XL_initGeneral)
                  00007654    000000b8     grlib.lib : line.obj (.text:GrLineClip)
                  0000770c    000000b8     Kentec320x240x16_ssd2119_spi.obj (.text:InitSPILCDInterface)
                  000077c4    000000b8     drivers_tivaware.aem4f : PWMTimerTiva.oem4f (.text:PWMTimerTiva_setDuty)
                  0000787c    000000b4     grlib_demo.obj (.text:OnDecrease)
                  00007930    000000b4     grlib.lib : widget.obj (.text:WidgetMessageSendPostOrder)
                  000079e4    00000004     sysbios.aem4f : BIOS.obj (.text:ti_sysbios_family_arm_lm4_Timer_masterEnable__I)
                  000079e8    000000b4                   : BIOS.obj (.text:ti_sysbios_gates_GateMutex_enter__E)
                  00007a9c    00000004     empty_pem4f.oem4f (.text:ti_sysbios_family_arm_m3_Hwi_destruct)
                  00007aa0    000000b4     sysbios.aem4f : BIOS.obj (.text:ti_sysbios_knl_Task_checkStacks__E)
                  00007b54    000000b1     rtsv7M4_T_le_v4SPD16_eabi.lib : _printfi.c.obj (.text:_ltostr)
                  00007c05    00000003     --HOLE-- [fill = 0]
                  00007c08    000000b0     grlib_demo.obj (.text:OnIncrease)
                  00007cb8    000000ac     drivers_tivaware.aem4f : UARTTiva.oem4f (.text:readTaskBlocking)
                  00007d64    00000004     empty_pem4f.oem4f (.text:ti_sysbios_family_arm_m3_TaskSupport_Module__startupDone__S)
                  00007d68    000000ac     sysbios.aem4f : BIOS.obj (.text:ti_sysbios_family_arm_lm4_Timer_enableTiva__I)
                  00007e14    00000004     empty_pem4f.oem4f (.text:ti_sysbios_hal_Hwi_HwiProxy_delete)
                  00007e18    000000a8     sysbios.aem4f : BIOS.obj (.text:ti_sysbios_family_arm_lm4_Timer_enableTimers__I)
                  00007ec0    000000a4                   : BIOS.obj (.text:ti_sysbios_knl_Clock_Instance_finalize__E)
                  00007f64    000000a0     auto_init.aem4f : auto_init.oem4f (.text)
                  00008004    000000a0     ti.targets.arm.rtsarm.aem4f : Text.oem4f (.text:xdc_runtime_Text_putMod__E)
                  000080a4    0000009c     grlib_demo.obj (.text:OnStartMotor)
                  00008140    0000009c     motorCode.obj (.text:PIControlFxn)
                  000081dc    0000009c     rtsv7M4_T_le_v4SPD16_eabi.lib : memcpy_t2.asm.obj (.text)
                  00008278    0000009c     sysbios.aem4f : BIOS.obj (.text:ti_sysbios_knl_Semaphore_Instance_init__E)
                  00008314    0000009a     ti.targets.arm.rtsarm.aem4f : Text.oem4f (.text:xdc_runtime_Text_putSite__E)
                  000083ae    00000098     drivers_tivaware.aem4f : UARTTiva.oem4f (.text:UARTTiva_readPolling)
                  00008446    00000002     --HOLE-- [fill = 0]
                  00008448    00000098     Boot.aem4f : Boot.oem4f (.text:ti_catalog_arm_cortexm4_tiva_ce_Boot_sysCtlClockFreqSet__E)
                  000084e0    00000096     rtsv7M4_T_le_v4SPD16_eabi.lib : ull_div_t2.asm.obj (.text)
                  00008576    00000094     drivers_tivaware.aem4f : UARTTiva.oem4f (.text:UARTTiva_write)
                  0000860a    00000006     driverlib.lib : gpio.obj (.text:GPIOIntClear)
                  00008610    00000094     sysbios.aem4f : BIOS.obj (.text:ti_sysbios_family_arm_m3_Hwi_Instance_init__E)
                  000086a4    00000004     empty_pem4f.oem4f (.text:ti_sysbios_heaps_HeapMem_Module_GateProxy_enter__E)
                  000086a8    00000094     sysbios.aem4f : BIOS.obj (.text:ti_sysbios_family_arm_m3_Hwi_initNVIC__E)
                  0000873c    00000004     empty_pem4f.oem4f (.text:ti_sysbios_heaps_HeapMem_Module_GateProxy_leave__E)
                  00008740    00000094     sysbios.aem4f : BIOS.obj (.text:ti_sysbios_knl_Task_postInit__I)
                  000087d4    00000090     motorCode.obj (.text:accelLimitFxn)
                  00008864    0000008c     drivers_tivaware.aem4f : GPIOTiva.oem4f (.text:GPIO_init)
                  000088f0    0000008c                            : UARTTiva.oem4f (.text:UARTTiva_control)
                  0000897c    0000008c     sysbios.aem4f : m3_TaskSupport_asm.obj (.text:ti_sysbios_family_arm_m3_TaskSupport_buildTaskStack)
                  00008a08    0000008a     drivers_tivaware.aem4f : UARTTiva.oem4f (.text:readIsrTextBlocking)
                  00008a92    00000002     --HOLE-- [fill = 0]
                  00008a94    00000088                            : PWMTiva.oem4f (.text:PWMTiva_control)
                  00008b1c    00000088     grlib_demo.obj (.text:initUI)
                  00008ba4    00000086     grlib.lib : rectangle.obj (.text:GrRectFill)
                  00008c2a    00000086     rtsv7M4_T_le_v4SPD16_eabi.lib : fd_cmp_t2.asm.obj (.text:__aeabi_cdcmple)
                  00008cb0    00000086                                   : fd_cmp_t2.asm.obj (.text:__aeabi_cdrcmple)
                  00008d36    00000002     --HOLE-- [fill = 0]
                  00008d38    00000084     sysbios.aem4f : BIOS.obj (.text:ti_sysbios_family_arm_m3_Hwi_postInit__I)
                  00008dbc    00000082     drivers_tivaware.aem4f : UARTTiva.oem4f (.text:readIsrTextCallback)
                  00008e3e    0000007e                            : I2CTiva.oem4f (.text:I2CTiva_transfer)
                  00008ebc    0000007a     driverlib.lib : adc.obj (.text:ADCSequenceStepConfigure)
                  00008f36    0000007a     drivers_tivaware.aem4f : UARTTiva.oem4f (.text:readTaskCallback)
                  00008fb0    0000007a     rtsv7M4_T_le_v4SPD16_eabi.lib : memset_t2.asm.obj (.text)
                  0000902a    00000006     driverlib.lib : gpio.obj (.text:GPIOPinRead)
                  00009030    00000074     sysbios.aem4f : BIOS.obj (.text:ti_sysbios_knl_Clock_start__E)
                  000090a4    00000004     empty_pem4f.oem4f (.text:ti_sysbios_knl_Clock_TimerProxy_getMaxTicks__E)
                  000090a8    00000070     sysbios.aem4f : BIOS.obj (.text:ti_sysbios_knl_Clock_workFunc__E)
                  00009118    00000070                   : BIOS.obj (.text:ti_sysbios_knl_Task_exit__E)
                  00009188    0000006e     rtsv7M4_T_le_v4SPD16_eabi.lib : _printfi.c.obj (.text:_mcpy)
                  000091f6    00000002     --HOLE-- [fill = 0]
                  000091f8    0000006d     ti.targets.arm.rtsarm.aem4f : System.oem4f (.text:xdc_runtime_System_formatNum__I)
                  00009265    00000003     --HOLE-- [fill = 0]
                  00009268    0000006c     drivers_tivaware.aem4f : PWMTimerTiva.oem4f (.text:PWMTimerTiva_control)
                  000092d4    0000006c     empty_pem4f.oem4f (.text:ti_sysbios_family_arm_m3_Hwi_Object__create__S)
                  00009340    0000006c     sysbios.aem4f : BIOS.obj (.text:ti_sysbios_knl_Swi_restoreHwi__E)
                  000093ac    0000006c     drivers_tivaware.aem4f : UARTTiva.oem4f (.text:writeData)
                  00009418    0000006c     ti.targets.arm.rtsarm.aem4f : Error.oem4f (.text:xdc_runtime_Error_print__E)
                  00009484    0000006c                                 : Memory.oem4f (.text:xdc_runtime_Memory_alloc__E)
                  000094f0    0000006a     drivers_tivaware.aem4f : PWMTiva.oem4f (.text:PWMTiva_close)
                  0000955a    00000002     --HOLE-- [fill = 0]
                  0000955c    00000068     EK_TM4C1294XL.obj (.text:EK_TM4C1294XL_initI2C)
                  000095c4    00000068     grlib.lib : context.obj (.text:GrContextInit)
                  0000962c    00000068               : string.obj (.text:GrStringWidthGet)
                  00009694    00000068     driverlib.lib : interrupt.obj (.text:IntEnable)
                  000096fc    00000068     Kentec320x240x16_ssd2119_spi.obj (.text:Kentec320x240x16_SSD2119LineDrawH)
                  00009764    00000068     Kentec320x240x16_ssd2119_spi.obj (.text:Kentec320x240x16_SSD2119LineDrawV)
                  000097cc    00000068     rtsv7M4_T_le_v4SPD16_eabi.lib : copy_decompress_lzss.c.obj (.text:decompress:lzss:__TI_decompress_lzss)
                  00009834    00000066     grlib.lib : context.obj (.text:GrContextClipRegionSet)
                  0000989a    00000066               : rectangle.obj (.text:GrRectDraw)
                  00009900    00000066     ti.targets.arm.rtsarm.aem4f : Core-mem.oem4f (.text:xdc_runtime_Core_deleteObject__I)
                  00009966    00000002     --HOLE-- [fill = 0]
                  00009968    00000064     drivers_tivaware.aem4f : GPIOTiva.oem4f (.text:GPIO_hwiIntFxn)
                  000099cc    00000064     grlib_demo.obj (.text:OnGraphsMain)
                  00009a30    00000064     grlib.lib : widget.obj (.text:WidgetMessageQueueProcess)
                  00009a94    00000064     rtsv7M4_T_le_v4SPD16_eabi.lib : s_frexp.c.obj (.text:frexp)
                  00009af8    00000064     sysbios.aem4f : BIOS.obj (.text:ti_sysbios_family_arm_lm4_Timer_Module_startup__E)
                  00009b5c    00000064     empty_pem4f.oem4f (.text:ti_sysbios_family_arm_m3_Hwi_create)
                  00009bc0    00000064     sysbios.aem4f : BIOS.obj (.text:ti_sysbios_family_arm_m3_Hwi_dispatchC__I)
                  00009c24    00000064     empty_pem4f.oem4f (.text:ti_sysbios_hal_Hwi_create)
                  00009c88    00000062     drivers_tivaware.aem4f : I2CTiva.oem4f (.text:I2CTiva_primeTransfer)
                  00009cea    00000002     --HOLE-- [fill = 0]
                  00009cec    00000060     driverlib.lib : timer.obj (.text:TimerConfigure)
                  00009d4c    00000060     Kentec320x240x16_ssd2119_spi.obj (.text:WriteDataSPI)
                  00009dac    00000060     motorCode.obj (.text:statesFxn)
                  00009e0c    00000004     empty_pem4f.oem4f (.text:ti_sysbios_knl_Clock_destruct)
                  00009e10    00000060     sysbios.aem4f : BIOS.obj (.text:ti_sysbios_knl_Task_schedule__I)
                  00009e70    0000005e     grlib.lib : widget.obj (.text:WidgetMessageSendPreOrder)
                  00009ece    0000005e     drivers_tivaware.aem4f : UARTTiva.oem4f (.text:readIsrBinaryBlocking)
                  00009f2c    0000005c     Kentec320x240x16_ssd2119_spi.obj (.text:WriteCommandSPI)
                  00009f88    0000005c     sysbios.aem4f : BIOS.obj (.text:ti_sysbios_knl_Swi_run__I)
                  00009fe4    00000004     empty_pem4f.oem4f (.text:ti_sysbios_knl_Queue_destruct)
                  00009fe8    0000005c     sysbios.aem4f : BIOS.obj (.text:ti_sysbios_knl_Swi_schedule__I)
                  0000a044    00000004     empty_pem4f.oem4f (.text:ti_sysbios_knl_Semaphore_destruct)
                  0000a048    0000005c     sysbios.aem4f : BIOS.obj (.text:ti_sysbios_knl_Task_Module_startup__E)
                  0000a0a4    00000004     ti.targets.arm.rtsarm.aem4f : Error.oem4f (.text:xdc_runtime_Error_getSite__E)
                  0000a0a8    0000005c     sysbios.aem4f : BIOS.obj (.text:ti_sysbios_knl_Task_startCore__E)
                  0000a104    0000005b     ti.targets.arm.rtsarm.aem4f : Text.oem4f (.text:xdc_runtime_Text_putLab__E)
                  0000a15f    00000001     --HOLE-- [fill = 0]
                  0000a160    0000005a     grlib.lib : string.obj (.text:FontWideGlyphDataGet)
                  0000a1ba    00000002     --HOLE-- [fill = 0]
                  0000a1bc    00000058     boot.aem4f : boot.oem4f (.text)
                  0000a214    00000058     rtsv7M4_T_le_v4SPD16_eabi.lib : hostwrite.c.obj (.text:HOSTwrite)
                  0000a26c    00000058     driverlib.lib : timer.obj (.text:TimerControlTrigger)
                  0000a2c4    00000058     empty_pem4f.oem4f (.text:ti_sysbios_family_arm_m3_Hwi_construct)
                  0000a31c    00000058     sysbios.aem4f : m3_Hwi_asm_switch.obj (.text:ti_sysbios_family_arm_m3_Hwi_initStacks__E)
                  0000a374    00000056     driverlib.lib : gpio.obj (.text:GPIOIntTypeSet)
                  0000a3ca    00000056     rtsv7M4_T_le_v4SPD16_eabi.lib : _printfi.c.obj (.text:_pconv_f)
                  0000a420    00000054                                   : _ltoa.c.obj (.text:__TI_ltoa)
                  0000a474    00000054     drivers_tivaware.aem4f : UARTTiva.oem4f (.text:readIsrBinaryCallback)
                  0000a4c8    00000054     ti.targets.arm.rtsarm.aem4f : Assert.oem4f (.text:xdc_runtime_Assert_raise__I)
                  0000a51c    00000052     rtsv7M4_T_le_v4SPD16_eabi.lib : _printfi.c.obj (.text:_ecpy)
                  0000a56e    00000002     --HOLE-- [fill = 0]
                  0000a570    00000050     motorCode.obj (.text:ADC0_Init)
                  0000a5c0    00000050     driverlib.lib : adc.obj (.text:ADCSequenceConfigure)
                  0000a610    00000050     drivers_tivaware.aem4f : GPIOTiva.oem4f (.text:GPIO_setCallback)
                  0000a660    00000050                            : GPIOTiva.oem4f (.text:GPIO_write)
                  0000a6b0    00000050                            : UARTTiva.oem4f (.text:UARTTiva_writeCancel)
                  0000a700    00000050     Boot.aem4f : Boot_sysctl.oem4f (.text:_SysCtlFrequencyGet)
                  0000a750    00000050     sysbios.aem4f : BIOS.obj (.text:ti_sysbios_family_arm_m3_Hwi_Module_startup__E)
                  0000a7a0    00000050     ti.targets.arm.rtsarm.aem4f : Startup.oem4f (.text:xdc_runtime_Startup_exec__E)
                  0000a7f0    00000050                                 : Text.oem4f (.text:xdc_runtime_Text_visitRope2__I)
                  0000a840    0000004c     driverlib.lib : i2c.obj (.text:I2CMasterInitExpClk)
                  0000a88c    0000004c     drivers_tivaware.aem4f : UARTTiva.oem4f (.text:UARTTiva_close)
                  0000a8d8    0000004c     grlib.lib : widget.obj (.text:WidgetRemove)
                  0000a924    0000004c     rtsv7M4_T_le_v4SPD16_eabi.lib : atoi.c.obj (.text:atoi)
                  0000a970    0000004c                                   : cpy_tbl.c.obj (.text:copy_in)
                  0000a9bc    0000004c     grlib_demo.obj (.text:drawSettingValue)
                  0000aa08    0000004c     motorCode.obj (.text:initUART)
                  0000aa54    00000004     empty_pem4f.oem4f (.text:xdc_runtime_System_Module_GateProxy_enter__E)
                  0000aa58    0000004c     sysbios.aem4f : BIOS.obj (.text:ti_sysbios_family_arm_lm4_Timer_setAvailMask__E)
                  0000aaa4    00000004     empty_pem4f.oem4f (.text:xdc_runtime_System_Module_GateProxy_leave__E)
                  0000aaa8    0000004c     sysbios.aem4f : BIOS.obj (.text:ti_sysbios_heaps_HeapMem_getStats__E)
                  0000aaf4    00000004     ti.targets.arm.rtsarm.aem4f : System.oem4f (.text:xdc_runtime_System_aprintf_va__F)
                  0000aaf8    0000004c     sysbios.aem4f : BIOS.obj (.text:ti_sysbios_knl_Swi_runLoop__I)
                  0000ab44    00000004     ti.targets.arm.rtsarm.aem4f : System.oem4f (.text:xdc_runtime_System_printf_va__F)
                  0000ab48    0000004c     sysbios.aem4f : BIOS.obj (.text:ti_sysbios_knl_Task_allBlockedFunction__I)
                  0000ab94    0000004a     drivers_tivaware.aem4f : PWMTimerTiva.oem4f (.text:PWMTimerTiva_close)
                  0000abde    0000004a     grlib.lib : string.obj (.text:UpdateContextCharMapping)
                  0000ac28    00000048     driverlib.lib : gpio.obj (.text:GPIOPinConfigure)
                  0000ac70    00000048                   : sysctl.obj (.text:_SysCtlFrequencyGet)
                  0000acb8    00000048     rtsv7M4_T_le_v4SPD16_eabi.lib : fd_toi_t2.asm.obj (.text)
                  0000ad00    00000048     sysbios.aem4f : BIOS.obj (.text:ti_sysbios_family_arm_m3_Hwi_disableInterrupt__E)
                  0000ad48    00000048                   : BIOS.obj (.text:ti_sysbios_family_arm_m3_Hwi_enableInterrupt__E)
                  0000ad90    00000048                   : BIOS.obj (.text:ti_sysbios_family_arm_m3_Hwi_excReserved__I)
                  0000add8    00000046     grlib.lib : line.obj (.text:GrLineDrawH)
                  0000ae1e    00000046               : line.obj (.text:GrLineDrawV)
                  0000ae64    00000046     Kentec320x240x16_ssd2119_spi.obj (.text:Kentec320x240x16_SSD2119PixelDraw)
                  0000aeaa    00000046     drivers_tivaware.aem4f : RingBuf.oem4f (.text:RingBuf_put)
                  0000aef0    00000046     driverlib.lib : uart.obj (.text:UARTConfigSetExpClk)
                  0000af36    00000046     ti.targets.arm.rtsarm.aem4f : Core-params.oem4f (.text:xdc_runtime_Core_assignParams__I)
                  0000af7c    00000004     --HOLE-- [fill = 0]
                  0000af80    00000044     sysbios.aem4f : BIOS.obj (.text:ti_sysbios_family_arm_lm4_Timer_isrStub__E)
                  0000afc4    00000004     --HOLE-- [fill = 0]
                  0000afc8    00000044                   : BIOS.obj (.text:ti_sysbios_family_arm_m3_Hwi_getStackInfo__E)
                  0000b00c    00000004     --HOLE-- [fill = 0]
                  0000b010    00000044                   : BIOS.obj (.text:ti_sysbios_knl_Swi_post__E)
                  0000b054    00000044     ti.targets.arm.rtsarm.aem4f : Error.oem4f (.text:xdc_runtime_Error_setX__E)
                  0000b098    00000044                                 : SysMin.oem4f (.text:xdc_runtime_SysMin_flush__E)
                  0000b0dc    00000044                                 : Text.oem4f (.text:xdc_runtime_Text_xprintf__I)
                  0000b120    00000042     drivers_tivaware.aem4f : UARTTiva.oem4f (.text:UARTTiva_hwiIntFxn)
                  0000b162    00000042                            : UARTTiva.oem4f (.text:UARTTiva_writePolling)
                  0000b1a4    00000040     grlib_demo.obj (.text:OnMainMenu)
                  0000b1e4    00000040     grlib_demo.obj (.text:OnSettingsMain)
                  0000b224    00000040     drivers_tivaware.aem4f : RingBuf.oem4f (.text:RingBuf_get)
                  0000b264    00000040                            : UARTTiva.oem4f (.text:UARTTiva_read)
                  0000b2a4    00000040     rtsv7M4_T_le_v4SPD16_eabi.lib : u_divt2.asm.obj (.text)
                  0000b2e4    00000040                                   : sprintf.c.obj (.text:sprintf)
                  0000b324    00000004     --HOLE-- [fill = 0]
                  0000b328    00000040     sysbios.aem4f : BIOS.obj (.text:ti_sysbios_family_arm_lm4_Timer_startup__E)
                  0000b368    0000003e     rtsv7M4_T_le_v4SPD16_eabi.lib : _printfi.c.obj (.text:_fcpy)
                  0000b3a6    0000003c     driverlib.lib : ssi.obj (.text:SSIConfigSetExpClk)
                  0000b3e2    00000006                   : gpio.obj (.text:GPIOPinWrite)
                  0000b3e8    0000003c     sysbios.aem4f : BIOS.obj (.text:ti_sysbios_family_arm_m3_Hwi_excSvCall__I)
                  0000b424    00000004     --HOLE-- [fill = 0]
                  0000b428    0000003c                   : BIOS.obj (.text:ti_sysbios_heaps_HeapMem_init__I)
                  0000b464    00000004     --HOLE-- [fill = 0]
                  0000b468    0000003c                   : BIOS.obj (.text:ti_sysbios_knl_Swi_restore__E)
                  0000b4a4    0000003a     grlib.lib : string.obj (.text:FontGlyphDataGet)
                  0000b4de    0000003a     drivers_tivaware.aem4f : I2CTiva.oem4f (.text:I2CTiva_completeTransfer)
                  0000b518    00000038                            : I2C.oem4f (.text:I2C_init)
                  0000b550    00000038                            : PWM.oem4f (.text:PWM_init)
                  0000b588    00000038     driverlib.lib : sysctl.obj (.text:SysCtlPeripheralReady)
                  0000b5c0    00000038     drivers_tivaware.aem4f : UART.oem4f (.text:UART_init)
                  0000b5f8    00000038     rtsv7M4_T_le_v4SPD16_eabi.lib : trgmsg.c.obj (.text:__TI_writemsg)
                  0000b630    00000038                                   : fs_tod_t2.asm.obj (.text)
                  0000b668    00000038     motorCode.obj (.text:startMotor)
                  0000b6a0    00000038     sysbios.aem4f : BIOS.obj (.text:ti_sysbios_family_arm_m3_Hwi_excNoIsr__I)
                  0000b6d8    00000038     empty_pem4f.oem4f (.text:ti_sysbios_knl_Clock_create)
                  0000b710    00000038     sysbios.aem4f : BIOS.obj (.text:ti_sysbios_knl_Task_processVitalTaskFlag__I)
                  0000b748    00000038     ti.targets.arm.rtsarm.aem4f : SysMin.oem4f (.text:xdc_runtime_SysMin_putch__E)
                  0000b780    00000038                                 : System.oem4f (.text:xdc_runtime_System_atexit__E)
                  0000b7b8    00000036     grlib.lib : line.obj (.text:GrClipCodeGet)
                  0000b7ee    00000036     drivers_tivaware.aem4f : I2CTiva.oem4f (.text:I2CTiva_close)
                  0000b824    00000036                            : UARTTiva.oem4f (.text:UARTTiva_readCancel)
                  0000b85a    00000002     --HOLE-- [fill = 0]
                  0000b85c    00000034     driverlib.lib : sysctl.obj (.text:SysCtlPeripheralEnable)
                  0000b890    00000034     rtsv7M4_T_le_v4SPD16_eabi.lib : trgmsg.c.obj (.text:__TI_readmsg)
                  0000b8c4    00000004     --HOLE-- [fill = 0]
                  0000b8c8    00000034     sysbios.aem4f : BIOS.obj (.text:ti_sysbios_family_arm_m3_Hwi_Instance_finalize__E)
                  0000b8fc    00000004     --HOLE-- [fill = 0]
                  0000b900    00000034                   : BIOS.obj (.text:ti_sysbios_family_arm_m3_Hwi_excNmi__I)
                  0000b934    00000004     --HOLE-- [fill = 0]
                  0000b938    00000034                   : BIOS.obj (.text:ti_sysbios_hal_Hwi_checkStack)
                  0000b96c    00000034     empty_pem4f.oem4f (.text:ti_sysbios_knl_Clock_construct)
                  0000b9a0    00000034     ti.targets.arm.rtsarm.aem4f : Core-label.oem4f (.text:xdc_runtime_Core_assignLabel__I)
                  0000b9d4    00000033                                 : Text.oem4f (.text:xdc_runtime_Text_printVisFxn__I)
                  0000ba07    00000001     --HOLE-- [fill = 0]
                  0000ba08    00000032     sysbios.aem4f : BIOS.obj (.text:ti_sysbios_hal_Hwi_initStack)
                  0000ba3a    00000002     --HOLE-- [fill = 0]
                  0000ba3c    00000030     drivers_tivaware.aem4f : GPIOTiva.oem4f (.text:GPIO_enableInt)
                  0000ba6c    00000030                            : GPIOTiva.oem4f (.text:GPIO_read)
                  0000ba9c    00000030     grlib_demo.obj (.text:OnGraphAcceleration)
                  0000bacc    00000030     drivers_tivaware.aem4f : PWMTiva.oem4f (.text:PWMTiva_init)
                  0000bafc    00000030                            : PWM.oem4f (.text:PWM_open)
                  0000bb2c    00000030                            : UART.oem4f (.text:UART_open)
                  0000bb5c    00000030     motorCode.obj (.text:readABC)
                  0000bb8c    00000030     empty_pem4f.oem4f (.text:ti_sysbios_BIOS_atExitFunc__I)
                  0000bbbc    00000004     --HOLE-- [fill = 0]
                  0000bbc0    00000030     sysbios.aem4f : BIOS.obj (.text:ti_sysbios_family_arm_lm4_Timer_stop__E)
                  0000bbf0    00000030                   : BIOS.obj (.text:ti_sysbios_family_arm_m3_TaskSupport_start__E)
                  0000bc20    00000030     empty_pem4f.oem4f (.text:ti_sysbios_gates_GateHwi_Object__create__S)
                  0000bc50    00000030     empty_pem4f.oem4f (.text:ti_sysbios_gates_GateHwi_create)
                  0000bc80    00000030     empty_pem4f.oem4f (.text:ti_sysbios_gates_GateMutex_Object__create__S)
                  0000bcb0    00000030     empty_pem4f.oem4f (.text:ti_sysbios_heaps_HeapMem_Object__create__S)
                  0000bce0    00000030     empty_pem4f.oem4f (.text:ti_sysbios_knl_Semaphore_construct)
                  0000bd10    00000030     sysbios.aem4f : BIOS.obj (.text:ti_sysbios_knl_Semaphore_pendTimeout__I)
                  0000bd40    00000030                   : BIOS.obj (.text:ti_sysbios_knl_Task_unblockI__E)
                  0000bd70    00000030     ti.targets.arm.rtsarm.aem4f : SysMin.oem4f (.text:xdc_runtime_SysMin_abort__E)
                  0000bda0    00000030                                 : System.oem4f (.text:xdc_runtime_System_processAtExit__E)
                  0000bdd0    0000002e     grlib.lib : string.obj (.text:GrStringNextCharGet)
                  0000bdfe    0000002e     rtsv7M4_T_le_v4SPD16_eabi.lib : i_tofd_t2.asm.obj (.text)
                  0000be2c    0000002c     EK_TM4C1294XL.obj (.text:EK_TM4C1294XL_initUART)
                  0000be58    0000002c     grlib.lib : string.obj (.text:GrFontBaselineGet)
                  0000be84    0000002c               : string.obj (.text:GrFontHeightGet)
                  0000beb0    0000002c               : pushbutton.obj (.text:RectangularButtonMsgProc)
                  0000bedc    0000002c               : widget.obj (.text:WidgetIsInTree)
                  0000bf08    0000002c     empty_pem4f.oem4f (.text:ti_sysbios_knl_Clock_doTick__I)
                  0000bf34    0000002c     empty_pem4f.oem4f (.text:ti_sysbios_knl_Event_construct)
                  0000bf60    0000002c     empty_pem4f.oem4f (.text:ti_sysbios_knl_Queue_construct)
                  0000bf8c    00000004     --HOLE-- [fill = 0]
                  0000bf90    0000002c     sysbios.aem4f : BIOS.obj (.text:ti_sysbios_knl_Task_restore__E)
                  0000bfbc    0000002c     ti.targets.arm.rtsarm.aem4f : Text.oem4f (.text:xdc_runtime_Text_cordText__E)
                  0000bfe8    0000002a     driverlib.lib : gpio.obj (.text:GPIODirModeSet)
                  0000c012    0000002a     ti.targets.arm.rtsarm.aem4f : System.oem4f (.text:xdc_runtime_System_putchar__I)
                  0000c03c    00000028     Kentec320x240x16_ssd2119_spi.obj (.text:Kentec320x240x16_SSD2119ColorTranslate)
                  0000c064    00000028     grlib_demo.obj (.text:OnGraphSpeed)
                  0000c08c    00000004     --HOLE-- [fill = 0]
                  0000c090    00000028     sysbios.aem4f : BIOS.obj (.text:ti_sysbios_hal_Hwi_Instance_init__E)
                  0000c0b8    00000028                   : BIOS.obj (.text:ti_sysbios_knl_Swi_Module_startup__E)
                  0000c0e0    00000026     grlib.lib : string.obj (.text:GrFontInfoGet)
                  0000c106    00000026     sysbios.aem4f : m3_Hwi_asm.obj (.text:ti_sysbios_family_arm_m3_Hwi_pendSV__I)
                  0000c12c    00000026     ti.targets.arm.rtsarm.aem4f : System.oem4f (.text:xdc_runtime_System_avprintf__E)
                  0000c152    00000002     --HOLE-- [fill = 0]
                  0000c154    00000024     grlib_demo.obj (.text:OnGraphLight)
                  0000c178    00000024     grlib_demo.obj (.text:OnGraphPower)
                  0000c19c    00000024     empty_pem4f.oem4f (.text:ti_sysbios_BIOS_errorRaiseHook__I)
                  0000c1c0    00000024     empty_pem4f.oem4f (.text:ti_sysbios_BIOS_registerRTSLock__I)
                  0000c1e4    00000024     empty_pem4f.oem4f (.text:ti_sysbios_BIOS_removeRTSLock__I)
                  0000c208    00000024     empty_pem4f.oem4f (.text:ti_sysbios_BIOS_startFunc__I)
                  0000c22c    00000024     empty_pem4f.oem4f (.text:ti_sysbios_gates_GateMutex_Object__delete__S)
                  0000c250    00000024     sysbios.aem4f : BIOS.obj (.text:ti_sysbios_knl_Clock_Module_startup__E)
                  0000c274    00000004     --HOLE-- [fill = 0]
                  0000c278    00000024                   : BIOS.obj (.text:ti_sysbios_knl_Task_restoreHwi__E)
                  0000c29c    00000024     ti.targets.arm.rtsarm.aem4f : System.oem4f (.text:xdc_runtime_System_vprintf__E)
                  0000c2c0    00000022     grlib.lib : string.obj (.text:GrFontGlyphDataGet)
                  0000c2e2    00000022     driverlib.lib : pwm.obj (.text:PWMGenConfigure)
                  0000c304    00000022     drivers_tivaware.aem4f : PWMTiva.oem4f (.text:PWMTiva_getPeriodCounts)
                  0000c326    00000002     --HOLE-- [fill = 0]
                  0000c328    00000022     sysbios.aem4f : BIOS.obj (.text:ti_sysbios_family_arm_lm4_Timer_write__I)
                  0000c34a    00000022     empty_pem4f.oem4f (.text:xdc_runtime_SysMin_output__I)
                  0000c36c    00000020     drivers_tivaware.aem4f : GPIOTiva.oem4f (.text:GPIO_clearInt)
                  0000c38c    00000020     driverlib.lib : uart.obj (.text:UARTDisable)
                  0000c3ac    00000020     Boot.aem4f : Boot_sysctl.oem4f (.text:_SysCtlMemTimingGet)
                  0000c3cc    00000020     driverlib.lib : sysctl.obj (.text:_SysCtlMemTimingGet)
                  0000c3ec    00000020     motorCode.obj (.text:setSpeed)
                  0000c40c    00000020     empty_pem4f.oem4f (.text:ti_sysbios_BIOS_rtsLock__I)
                  0000c42c    00000020     empty_pem4f.oem4f (.text:ti_sysbios_family_arm_m3_Hwi_Object__delete__S)
                  0000c44c    00000020     sysbios.aem4f : m3_Hwi_asm.obj (.text:ti_sysbios_family_arm_m3_Hwi_excHandlerAsm__I)
                  0000c46c    00000004     --HOLE-- [fill = 0]
                  0000c470    00000020                   : BIOS.obj (.text:ti_sysbios_family_arm_m3_Hwi_excHandler__I)
                  0000c490    00000020     empty_pem4f.oem4f (.text:ti_sysbios_gates_GateHwi_Object__delete__S)
                  0000c4b0    00000020     empty_pem4f.oem4f (.text:ti_sysbios_heaps_HeapMem_Object__delete__S)
                  0000c4d0    00000020     empty_pem4f.oem4f (.text:ti_sysbios_knl_Clock_Object__destruct__S)
                  0000c4f0    00000020     sysbios.aem4f : BIOS.obj (.text:ti_sysbios_knl_Idle_run__E)
                  0000c510    00000020     empty_pem4f.oem4f (.text:ti_sysbios_knl_Semaphore_Object__destruct__S)
                  0000c530    00000020     ti.targets.arm.rtsarm.aem4f : Registry.oem4f (.text:xdc_runtime_Registry_findById__E)
                  0000c550    00000020                                 : SysMin.oem4f (.text:xdc_runtime_SysMin_Module_startup__E)
                  0000c570    0000001e     grlib.lib : string.obj (.text:GrFontCodepageGet)
                  0000c58e    0000001e     driverlib.lib : pwm.obj (.text:PWMPulseWidthSet)
                  0000c5ac    0000001e     drivers_tivaware.aem4f : PWMTiva.oem4f (.text:PWMTiva_getPeriodMicroSecs)
                  0000c5ca    0000001e     grlib.lib : widget.obj (.text:WidgetAdd)
                  0000c5e8    0000001e     sysbios.aem4f : m3_Hwi_asm_switch.obj (.text:ti_sysbios_family_xxx_Hwi_switchAndRunFunc)
                  0000c606    00000002     --HOLE-- [fill = 0]
                  0000c608    0000001c     motorCode.obj (.text:ADCFxn)
                  0000c624    0000001c     grlib.lib : widget.obj (.text:WidgetPointerMessage)
                  0000c640    0000001c     drivers_tivaware.aem4f : GPIOTiva.oem4f (.text:getGpioIntIndex)
                  0000c65c    0000001c     rtsv7M4_T_le_v4SPD16_eabi.lib : memccpy.c.obj (.text:memccpy)
                  0000c678    0000001c     empty_pem4f.oem4f (.text:ti_sysbios_family_arm_m3_Hwi_Object__destruct__S)
                  0000c694    00000004     --HOLE-- [fill = 0]
                  0000c698    0000001c     sysbios.aem4f : BIOS.obj (.text:ti_sysbios_gates_GateMutex_Instance_init__E)
                  0000c6b4    0000001c     empty_pem4f.oem4f (.text:ti_sysbios_hal_Hwi_HwiProxy_create)
                  0000c6d0    0000001c     empty_pem4f.oem4f (.text:ti_sysbios_knl_Queue_Object__destruct__S)
                  0000c6ec    00000004     --HOLE-- [fill = 0]
                  0000c6f0    0000001c     sysbios.aem4f : BIOS.obj (.text:ti_sysbios_knl_Queue_put__E)
                  0000c70c    00000004     --HOLE-- [fill = 0]
                  0000c710    0000001c                   : BIOS.obj (.text:ti_sysbios_knl_Task_enter__I)
                  0000c72c    0000001c     ti.targets.arm.rtsarm.aem4f : Error.oem4f (.text:xdc_runtime_Error_raiseX__E)
                  0000c748    0000001c                                 : Memory.oem4f (.text:xdc_runtime_Memory_valloc__E)
                  0000c764    0000001c                                 : SysMin.oem4f (.text:xdc_runtime_SysMin_exit__E)
                  0000c780    0000001c                                 : System.oem4f (.text:xdc_runtime_System_abort__E)
                  0000c79c    0000001a     rtsv7M4_T_le_v4SPD16_eabi.lib : s_copysign.c.obj (.text:copysign)
                  0000c7b6    0000001a     empty_pem4f.oem4f (.text:ti_sysbios_family_arm_m3_Hwi_Handle__label__S)
                  0000c7d0    0000001a     empty_pem4f.oem4f (.text:ti_sysbios_gates_GateHwi_Handle__label__S)
                  0000c7ea    0000001a     empty_pem4f.oem4f (.text:ti_sysbios_gates_GateMutex_Handle__label__S)
                  0000c804    0000001a     empty_pem4f.oem4f (.text:ti_sysbios_heaps_HeapMem_Handle__label__S)
                  0000c81e    0000001a     empty_pem4f.oem4f (.text:ti_sysbios_knl_Swi_Handle__label__S)
                  0000c838    0000001a     empty_pem4f.oem4f (.text:ti_sysbios_knl_Task_Handle__label__S)
                  0000c852    0000001a     empty_pem4f.oem4f (.text:xdc_runtime_System_aprintf__E)
                  0000c86c    0000001a     empty_pem4f.oem4f (.text:xdc_runtime_System_printf__E)
                  0000c886    00000018     driverlib.lib : gpio.obj (.text:GPIOPinTypeGPIOOutput)
                  0000c89e    00000018                   : timer.obj (.text:TimerControlLevel)
                  0000c8b6    00000002     --HOLE-- [fill = 0]
                  0000c8b8    00000018                   : timer.obj (.text:TimerDisable)
                  0000c8d0    00000018     drivers_tivaware.aem4f : UART.oem4f (.text:UART_Params_init)
                  0000c8e8    00000018     rtsv7M4_T_le_v4SPD16_eabi.lib : args_main.c.obj (.text:_args_main)
                  0000c900    00000018                                   : sprintf.c.obj (.text:_outs)
                  0000c918    00000018     empty.obj (.text:heartBeatFxn)
                  0000c930    00000018     empty_pem4f.oem4f (.text:ti_sysbios_BIOS_rtsUnlock__I)
                  0000c948    00000018     empty_pem4f.oem4f (.text:ti_sysbios_family_arm_lm4_Timer_Module__startupDone__F)
                  0000c960    00000018     empty_pem4f.oem4f (.text:ti_sysbios_family_arm_m3_Hwi_Module__startupDone__F)
                  0000c978    00000018     sysbios.aem4f : m3_TaskSupport_asm.obj (.text:ti_sysbios_family_arm_m3_TaskSupport_swap__E)
                  0000c990    00000018                   : BIOS.obj (.text:ti_sysbios_gates_GateMutex_leave__E)
                  0000c9a8    00000018     ti.targets.arm.rtsarm.aem4f : Error.oem4f (.text:xdc_runtime_Error_check__E)
                  0000c9c0    00000018                                 : System.oem4f (.text:xdc_runtime_System_exit__E)
                  0000c9d8    00000018                                 : Text.oem4f (.text:xdc_runtime_Text_ropeText__E)
                  0000c9f0    00000016     grlib.lib : string.obj (.text:GrStringDraw)
                  0000ca06    00000016     driverlib.lib : i2c.obj (.text:I2CMasterErr)
                  0000ca1c    00000016     rtsv7M4_T_le_v4SPD16_eabi.lib : strchr.c.obj (.text:strchr)
                  0000ca32    00000016     empty_pem4f.oem4f (.text:ti_sysbios_BIOS_exitFunc__I)
                  0000ca48    00000016     motorCode.obj (.text:ti_sysbios_gates_GateHwi_Params_init)
                  0000ca5e    00000016     motorCode.obj (.text:ti_sysbios_hal_Hwi_Params_init)
                  0000ca74    00000016     empty.obj (.text:ti_sysbios_knl_Clock_Params_init)
                  0000ca8a    00000016     motorCode.obj (.text:ti_sysbios_knl_Clock_Params_init)
                  0000caa0    00000016     motorCode.obj (.text:ti_sysbios_knl_Semaphore_Params_init)
                  0000cab6    00000014     grlib.lib : canvas.obj (.text:CanvasMsgProc)
                  0000caca    00000002     --HOLE-- [fill = 0]
                  0000cacc    00000014     Kentec320x240x16_ssd2119_spi.obj (.text:LED_OFF)
                  0000cae0    00000014     Kentec320x240x16_ssd2119_spi.obj (.text:LED_ON)
                  0000caf4    00000014     grlib_demo.obj (.text:OnSettingAcceleration)
                  0000cb08    00000014     grlib_demo.obj (.text:OnSettingCurrent)
                  0000cb1c    00000014     grlib_demo.obj (.text:OnSettingSpeed)
                  0000cb30    00000014     driverlib.lib : pwm.obj (.text:PWMClockSet)
                  0000cb44    00000014                   : sysctl.obj (.text:SysCtlPWMClockSet)
                  0000cb58    00000014     touch.obj (.text:TouchScreenCallbackSet)
                  0000cb6c    00000014     driverlib.lib : uart.obj (.text:UARTEnable)
                  0000cb80    00000014     grlib.lib : widget.obj (.text:WidgetMutexGet)
                  0000cb94    00000014     motorCode.obj (.text:getSpeed)
                  0000cba8    00000014     rtsv7M4_T_le_v4SPD16_eabi.lib : strlen.c.obj (.text:strlen)
                  0000cbbc    00000014     empty_pem4f.oem4f (.text:ti_sysbios_family_arm_m3_Hwi_Object__get__S)
                  0000cbd0    00000014     sysbios.aem4f : BIOS.obj (.text:ti_sysbios_family_arm_m3_Hwi_switchFromBootStack__E)
                  0000cbe4    00000014     empty_pem4f.oem4f (.text:ti_sysbios_heaps_HeapMem_Object__get__S)
                  0000cbf8    00000014     sysbios.aem4f : BIOS.obj (.text:ti_sysbios_knl_Event_Instance_init__E)
                  0000cc0c    00000014     empty_pem4f.oem4f (.text:ti_sysbios_knl_Swi_Object__get__S)
                  0000cc20    00000014     motorCode.obj (.text:waitFxn)
                  0000cc34    00000012     driverlib.lib : gpio.obj (.text:GPIOPinTypeADC)
                  0000cc46    00000012                   : gpio.obj (.text:GPIOPinTypeEthernetLED)
                  0000cc58    00000012                   : gpio.obj (.text:GPIOPinTypeGPIOInput)
                  0000cc6a    00000012                   : gpio.obj (.text:GPIOPinTypeI2C)
                  0000cc7c    00000012                   : gpio.obj (.text:GPIOPinTypeI2CSCL)
                  0000cc8e    00000012                   : gpio.obj (.text:GPIOPinTypePWM)
                  0000cca0    00000012                   : gpio.obj (.text:GPIOPinTypeSSI)
                  0000ccb2    00000012                   : gpio.obj (.text:GPIOPinTypeTimer)
                  0000ccc4    00000012                   : gpio.obj (.text:GPIOPinTypeUART)
                  0000ccd6    00000012                   : gpio.obj (.text:GPIOPinTypeUSBAnalog)
                  0000cce8    00000012                   : gpio.obj (.text:GPIOPinTypeUSBDigital)
                  0000ccfa    00000012                   : pwm.obj (.text:PWMGenPeriodGet)
                  0000cd0c    00000012                   : pwm.obj (.text:PWMOutputInvert)
                  0000cd1e    00000012                   : pwm.obj (.text:PWMOutputState)
                  0000cd30    00000012     drivers_tivaware.aem4f : RingBuf.oem4f (.text:RingBuf_construct)
                  0000cd42    00000012     driverlib.lib : ssi.obj (.text:SSIDataGetNonBlocking)
                  0000cd54    00000012                   : timer.obj (.text:TimerLoadSet)
                  0000cd66    00000012                   : timer.obj (.text:TimerMatchSet)
                  0000cd78    00000012                   : timer.obj (.text:TimerPrescaleMatchSet)
                  0000cd8a    00000012                   : timer.obj (.text:TimerPrescaleSet)
                  0000cd9c    00000004     --HOLE-- [fill = 0]
                  0000cda0    00000012     sysbios.aem4f : BIOS.obj (.text:ti_sysbios_hal_Hwi_Module_startup__E)
                  0000cdb2    00000012     rtsv7M4_T_le_v4SPD16_eabi.lib : wcslen.c.obj (.text:wcslen)
                  0000cdc4    00000012     empty_pem4f.oem4f (.text:xdc_runtime_Startup_exec__I)
                  0000cdd6    00000002     --HOLE-- [fill = 0]
                  0000cdd8    00000010     empty_pem4f.oem4f (.text:.bootCodeSection:ti_catalog_arm_cortexm4_tiva_ce_Boot_init__I)
                  0000cde8    00000010     driverlib.lib : adc.obj (.text:ADCIntEnable)
                  0000cdf8    00000010                   : pwm.obj (.text:PWMGenPeriodSet)
                  0000ce08    00000010     drivers_tivaware.aem4f : PWM.oem4f (.text:PWM_Params_init)
                  0000ce18    00000010                            : UARTTiva.oem4f (.text:readBlockingTimeout)
                  0000ce28    00000010     sysbios.aem4f : BIOS.obj (.text:ti_sysbios_BIOS_getCpuFreq__E)
                  0000ce38    00000010                   : BIOS.obj (.text:ti_sysbios_BIOS_setThreadType__E)
                  0000ce48    00000010                   : BIOS.obj (.text:ti_sysbios_BIOS_start__E)
                  0000ce58    00000010                   : m3_TaskSupport_asm.obj (.text:ti_sysbios_family_arm_m3_TaskSupport_glue)
                  0000ce68    00000010                   : BIOS.obj (.text:ti_sysbios_gates_GateMutex_Instance_finalize__E)
                  0000ce78    00000010     empty_pem4f.oem4f (.text:ti_sysbios_hal_Hwi_HwiProxy_Object__create__S)
                  0000ce88    00000010     sysbios.aem4f : BIOS.obj (.text:ti_sysbios_knl_Semaphore_Instance_finalize__E)
                  0000ce98    00000010                   : BIOS.obj (.text:ti_sysbios_knl_Swi_disable__E)
                  0000cea8    00000010     empty_pem4f.oem4f (.text:ti_sysbios_knl_Task_Object__get__S)
                  0000ceb8    00000010     sysbios.aem4f : BIOS.obj (.text:ti_sysbios_knl_Task_disable__E)
                  0000cec8    00000010     ti.targets.arm.rtsarm.aem4f : Gate.oem4f (.text:xdc_runtime_Gate_leaveSystem__E)
                  0000ced8    00000010                                 : Memory.oem4f (.text:xdc_runtime_Memory_free__E)
                  0000cee8    00000010                                 : SysMin.oem4f (.text:xdc_runtime_SysMin_ready__E)
                  0000cef8    00000010                                 : System.oem4f (.text:xdc_runtime_System_vsnprintf__E)
                  0000cf08    00000010     empty_pem4f.oem4f (.text:xdc_runtime_Text_visitRope__I)
                  0000cf18    0000000e     driverlib.lib : adc.obj (.text:ADCSequenceEnable)
                  0000cf26    0000000e                   : gpio.obj (.text:GPIOIntStatus)
                  0000cf34    0000000e     grlib.lib : image.obj (.text:GrImageDraw)
                  0000cf42    0000000e     driverlib.lib : timer.obj (.text:TimerEnable)
                  0000cf50    0000000e                   : uart.obj (.text:UARTCharGetNonBlocking)
                  0000cf5e    0000000e                   : uart.obj (.text:UARTCharPutNonBlocking)
                  0000cf6c    0000000e     rtsv7M4_T_le_v4SPD16_eabi.lib : copy_decompress_none.c.obj (.text:decompress:none:__TI_decompress_none)
                  0000cf7a    00000006     grlib.lib : string.obj (.text:GrContextFontSet)
                  0000cf80    0000000e     sysbios.aem4f : BIOS.obj (.text:ti_sysbios_knl_Idle_loop__E)
                  0000cf8e    00000002     --HOLE-- [fill = 0]
                  0000cf90    0000000e                   : BIOS.obj (.text:ti_sysbios_knl_Queue_empty__E)
                  0000cf9e    0000000c     driverlib.lib : gpio.obj (.text:GPIOIntEnable)
                  0000cfaa    0000000c                   : pwm.obj (.text:PWMGenDisable)
                  0000cfb6    0000000c                   : pwm.obj (.text:PWMGenEnable)
                  0000cfc2    0000000c     drivers_tivaware.aem4f : RingBuf.oem4f (.text:RingBuf_peek)
                  0000cfce    0000000c     driverlib.lib : uart.obj (.text:UARTFlowControlSet)
                  0000cfda    0000000c     drivers_tivaware.aem4f : UARTTiva.oem4f (.text:UARTTiva_init)
                  0000cfe6    00000002     --HOLE-- [fill = 0]
                  0000cfe8    0000000c     rtsv7M4_T_le_v4SPD16_eabi.lib : _lock.c.obj (.text:_register_lock)
                  0000cff4    0000000c                                   : _lock.c.obj (.text:_register_unlock)
                  0000d000    0000000c                                   : copy_zero_init.c.obj (.text:decompress:ZI:__TI_zero_init)
                  0000d00c    0000000c     motorCode.obj (.text:getState)
                  0000d018    0000000c     sysbios.aem4f : BIOS.obj (.text:ti_sysbios_family_arm_lm4_Timer_getAvailMask__E)
                  0000d024    00000004     --HOLE-- [fill = 0]
                  0000d028    0000000c                   : BIOS.obj (.text:ti_sysbios_family_arm_lm4_Timer_getMaxTicks__E)
                  0000d034    0000000c     empty_pem4f.oem4f (.text:ti_sysbios_family_arm_m3_Hwi_Params__init__S)
                  0000d040    0000000c     sysbios.aem4f : BIOS.obj (.text:ti_sysbios_family_arm_m3_Hwi_disableFxn__E)
                  0000d04c    00000004     --HOLE-- [fill = 0]
                  0000d050    0000000c                   : BIOS.obj (.text:ti_sysbios_family_arm_m3_TaskSupport_checkStack__E)
                  0000d05c    0000000c     empty_pem4f.oem4f (.text:ti_sysbios_gates_GateHwi_Params__init__S)
                  0000d068    0000000c     sysbios.aem4f : BIOS.obj (.text:ti_sysbios_gates_GateHwi_enter__E)
                  0000d074    0000000c     empty_pem4f.oem4f (.text:ti_sysbios_hal_Hwi_Params__init__S)
                  0000d080    0000000c     empty_pem4f.oem4f (.text:ti_sysbios_knl_Clock_Params__init__S)
                  0000d08c    00000004     --HOLE-- [fill = 0]
                  0000d090    0000000c     sysbios.aem4f : BIOS.obj (.text:ti_sysbios_knl_Clock_getTicks__E)
                  0000d09c    0000000c     motorCode.obj (.text:ti_sysbios_knl_Event_handle)
                  0000d0a8    0000000c     empty_pem4f.oem4f (.text:ti_sysbios_knl_Queue_Object__get__S)
                  0000d0b4    0000000c     empty_pem4f.oem4f (.text:ti_sysbios_knl_Semaphore_Params__init__S)
                  0000d0c0    0000000c     motorCode.obj (.text:ti_sysbios_knl_Semaphore_handle)
                  0000d0cc    0000000c     empty.obj (.text:updateGraphUI)
                  0000d0d8    0000000c     ti.targets.arm.rtsarm.aem4f : Error.oem4f (.text:xdc_runtime_Error_init__E)
                  0000d0e4    0000000c                                 : Gate.oem4f (.text:xdc_runtime_Gate_enterSystem__E)
                  0000d0f0    0000000c                                 : Memory.oem4f (.text:xdc_runtime_Memory_calloc__E)
                  0000d0fc    0000000c                                 : Memory.oem4f (.text:xdc_runtime_Memory_getMaxDefaultTypeAlign__E)
                  0000d108    0000000a     driverlib.lib : adc.obj (.text:ADCIntClear)
                  0000d112    0000000a                   : i2c.obj (.text:I2CMasterDisable)
                  0000d11c    0000000a                   : i2c.obj (.text:I2CMasterEnable)
                  0000d126    0000000a     drivers_tivaware.aem4f : I2CTiva.oem4f (.text:I2CTiva_init)
                  0000d130    0000000a     Kentec320x240x16_ssd2119_spi.obj (.text:Kentec320x240x16_SSD2119Flush)
                  0000d13a    0000000a     drivers_tivaware.aem4f : PWMTimerTiva.oem4f (.text:PWMTimerTiva_getPeriodCounts)
                  0000d144    0000000a                            : PWM.oem4f (.text:PWM_setDuty)
                  0000d14e    0000000a     driverlib.lib : ssi.obj (.text:SSIDataPut)
                  0000d158    0000000a                   : ssi.obj (.text:SSIEnable)
                  0000d162    0000000a                   : uart.obj (.text:UARTCharGet)
                  0000d16c    0000000a                   : uart.obj (.text:UARTCharPut)
                  0000d176    0000000a                   : uart.obj (.text:UARTIntDisable)
                  0000d180    0000000a                   : uart.obj (.text:UARTIntStatus)
                  0000d18a    0000000a     drivers_tivaware.aem4f : UART.oem4f (.text:UART_write)
                  0000d194    0000000a     rtsv7M4_T_le_v4SPD16_eabi.lib : sprintf.c.obj (.text:_outc)
                  0000d19e    00000002     --HOLE-- [fill = 0]
                  0000d1a0    0000000a     sysbios.aem4f : BIOS.obj (.text:ti_sysbios_hal_Hwi_Instance_finalize__E)
                  0000d1aa    0000000a     empty_pem4f.oem4f (.text:xdc_runtime_IHeap_alloc)
                  0000d1b4    0000000a     empty_pem4f.oem4f (.text:xdc_runtime_IHeap_free)
                  0000d1be    00000008     EK_TM4C1294XL.obj (.text:EK_TM4C1294XL_initGPIO)
                  0000d1c6    00000008     grlib.lib : charmap.obj (.text:GrMapISO8859_1_Unicode)
                  0000d1ce    00000008     driverlib.lib : i2c.obj (.text:I2CMasterIntClear)
                  0000d1d6    00000008                   : i2c.obj (.text:I2CMasterSlaveAddrSet)
                  0000d1de    00000008     drivers_tivaware.aem4f : I2CTiva.oem4f (.text:I2CTiva_blockingCallback)
                  0000d1e6    00000008                            : PWMTimerTiva.oem4f (.text:PWMTimerTiva_init)
                  0000d1ee    00000008     driverlib.lib : ssi.obj (.text:SSIBusy)
                  0000d1f6    00000008                   : uart.obj (.text:UARTIntEnable)
                  0000d1fe    00000008                   : uart.obj (.text:UARTRxErrorGet)
                  0000d206    00000002     --HOLE-- [fill = 0]
                  0000d208    00000008     rtsv7M4_T_le_v4SPD16_eabi.lib : errno.c.obj (.text:__aeabi_errno_addr)
                  0000d210    00000008     drivers_tivaware.aem4f : UARTTiva.oem4f (.text:readSemCallback)
                  0000d218    00000008     sysbios.aem4f : BIOS.obj (.text:ti_sysbios_family_arm_lm4_Timer_masterDisable__I)
                  0000d220    00000008                   : BIOS.obj (.text:ti_sysbios_family_arm_m3_Hwi_doSwiRestore__I)
                  0000d228    00000008                   : BIOS.obj (.text:ti_sysbios_family_arm_m3_Hwi_startup__E)
                  0000d230    00000008     drivers_tivaware.aem4f : UARTTiva.oem4f (.text:writeSemCallback)
                  0000d238    00000006     driverlib.lib : i2c.obj (.text:I2CMasterIntDisable)
                  0000d23e    00000006                   : i2c.obj (.text:I2CMasterIntEnable)
                  0000d244    00000006     drivers_tivaware.aem4f : I2CTiva.oem4f (.text:I2CTiva_control)
                  0000d24a    00000006                            : PWMTimerTiva.oem4f (.text:PWMTimerTiva_getPeriodMicroSecs)
                  0000d250    00000006     driverlib.lib : sysctl.obj (.text:SysCtlDelay)
                  0000d256    00000006                   : uart.obj (.text:UARTFIFOLevelSet)
                  0000d25c    00000006                   : uart.obj (.text:UARTRxErrorClear)
                  0000d262    00000006     grlib.lib : widget.obj (.text:WidgetMutexPut)
                  0000d268    00000006     sysbios.aem4f : BIOS.obj (.text:ti_sysbios_family_arm_m3_Hwi_doTaskRestore__I)
                  0000d26e    00000002     --HOLE-- [fill = 0]
                  0000d270    00000006                   : BIOS.obj (.text:ti_sysbios_family_arm_m3_Hwi_restoreFxn__E)
                  0000d276    00000002     --HOLE-- [fill = 0]
                  0000d278    00000006                   : BIOS.obj (.text:ti_sysbios_gates_GateHwi_leave__E)
                  0000d27e    00000002     --HOLE-- [fill = 0]
                  0000d280    00000006                   : BIOS.obj (.text:ti_sysbios_heaps_HeapMem_isBlocking__E)
                  0000d286    00000002     --HOLE-- [fill = 0]
                  0000d288    00000006                   : BIOS.obj (.text:ti_sysbios_knl_Clock_stop__E)
                  0000d28e    00000002     --HOLE-- [fill = 0]
                  0000d290    00000006                   : BIOS.obj (.text:ti_sysbios_knl_Queue_Instance_init__E)
                  0000d296    00000002     --HOLE-- [fill = 0]
                  0000d298    00000006                   : BIOS.obj (.text:ti_sysbios_knl_Swi_startup__E)
                  0000d29e    00000006     ti.targets.arm.rtsarm.aem4f : System.oem4f (.text:xdc_runtime_System_Module_startup__E)
                  0000d2a4    00000004     --HOLE-- [fill = 0]
                  0000d2a8    00000004     sysbios.aem4f : BIOS.obj (.text:ti_sysbios_gates_GateHwi_query__E)
                  0000d2ac    00000004     --HOLE-- [fill = 0]
                  0000d2b0    00000004                   : BIOS.obj (.text:ti_sysbios_gates_GateMutex_query__E)
                  0000d2b4    00000004     --HOLE-- [fill = 0]
                  0000d2b8    00000004                   : BIOS.obj (.text:ti_sysbios_knl_Task_startup__E)
                  0000d2bc    00000004     --HOLE-- [fill = 0]
                  0000d2c0    00000002                   : BIOS.obj (.text:ti_sysbios_gates_GateHwi_Instance_init__E)
                  0000d2c2    00000006     --HOLE-- [fill = 0]
                  0000d2c8    00000002                   : BIOS.obj (.text:ti_sysbios_knl_Clock_logTick__E)

.const     0    0000d2cc    000039fc     
                  0000d2cc    00001922     empty_pem4f.oem4f (.const:xdc_runtime_Text_charTab__A)
                  0000ebee    000007e5     grlib.lib : fontcmss18.obj (.const:.string:g_pui8Cmss18Data)
                  0000f3d3    00000782               : fontcmss18b.obj (.const:.string:g_pui8Cmss18bData)
                  0000fb55    00000001     empty_pem4f.oem4f (.const:xdc_runtime_Error_policy__C)
                  0000fb56    00000002     empty_pem4f.oem4f (.const:ti_catalog_arm_cortexm4_tiva_ce_Boot_Module__id__C)
                  0000fb58    000001b0     driverlib.lib : sysctl.obj (.const:g_pppui32XTALtoVCO)
                  0000fd08    00000120     Boot.aem4f : Boot_sysctl.oem4f (.const:g_pppui32XTALtoVCO)
                  0000fe28    00000101     rtsv7M4_T_le_v4SPD16_eabi.lib : ctype.c.obj (.const:.string:_ctypes_)
                  0000ff29    00000001     --HOLE-- [fill = 0]
                  0000ff2a    00000002     empty_pem4f.oem4f (.const:ti_sysbios_family_arm_m3_Hwi_Module__id__C)
                  0000ff2c    000000c8     grlib.lib : fontcmss18.obj (.const:g_sFontCmss18)
                  0000fff4    000000c8               : fontcmss18b.obj (.const:g_sFontCmss18b)
                  000100bc    000000c0     empty_pem4f.oem4f (.const:xdc_runtime_Text_nodeTab__A)
                  0001017c    0000009e     grlib_demo.obj (.const:.string)
                  0001021a    00000002     empty_pem4f.oem4f (.const:ti_sysbios_gates_GateMutex_Module__id__C)
                  0001021c    00000090     driverlib.lib : gpio.obj (.const:g_pui32GPIOBaseAddrs)
                  000102ac    00000070                   : interrupt.obj (.const)
                  0001031c    0000006c     Boot.aem4f : Boot_sysctl.oem4f (.const:g_pui32Xtals)
                  00010388    0000006c     driverlib.lib : sysctl.obj (.const:g_pui32Xtals)
                  000103f4    00000060     MotorLib.lib : motorlib.obj (.const:PWM_config)
                  00010454    00000058     empty_pem4f.oem4f (.const:.string)
                  000104ac    00000054     drivers_tivaware.aem4f : GPIOTiva.oem4f (.const:.string)
                  00010500    00000054     MotorLib.lib : motorlib.obj (.const:motorLibPWMTivaHWAttrs)
                  00010554    0000004c     drivers_tivaware.aem4f : UARTTiva.oem4f (.const)
                  000105a0    00000048                            : GPIOTiva.oem4f (.const:gpioBaseAddresses)
                  000105e8    00000030     Boot.aem4f : Boot_sysctl.oem4f (.const:g_sXTALtoMEMTIM)
                  00010618    00000030     driverlib.lib : sysctl.obj (.const:g_sXTALtoMEMTIM)
                  00010648    00000030     empty_pem4f.oem4f (.const:ti_sysbios_family_arm_m3_Hwi_Object__PARAMS__C)
                  00010678    0000002c     empty_pem4f.oem4f (.const:ti_sysbios_hal_Hwi_Object__PARAMS__C)
                  000106a4    00000028     drivers_tivaware.aem4f : UARTTiva.oem4f (.const:UARTTiva_fxnTable)
                  000106cc    00000028     Kentec320x240x16_ssd2119_spi.obj (.const:g_sKentec320x240x16_SSD2119)
                  000106f4    00000028     empty_pem4f.oem4f (.const:ti_sysbios_heaps_HeapMem_Module__FXNS__C)
                  0001071c    00000024     EK_TM4C1294XL.obj (.const:I2C_config)
                  00010740    00000024     drivers_tivaware.aem4f : UART.oem4f (.const:UART_defaultParams)
                  00010764    00000024     empty_pem4f.oem4f (.const:ti_sysbios_gates_GateHwi_Module__FXNS__C)
                  00010788    00000024     empty_pem4f.oem4f (.const:ti_sysbios_gates_GateMutex_Module__FXNS__C)
                  000107ac    00000024     empty_pem4f.oem4f (.const:ti_sysbios_heaps_HeapMem_Object__PARAMS__C)
                  000107d0    00000024     empty_pem4f.oem4f (.const:ti_sysbios_knl_Clock_Object__PARAMS__C)
                  000107f4    00000024     empty_pem4f.oem4f (.const:ti_sysbios_knl_Semaphore_Object__PARAMS__C)
                  00010818    00000020     drivers_tivaware.aem4f : PWMTimerTiva.oem4f (.const)
                  00010838    00000020                            : PWMTiva.oem4f (.const)
                  00010858    00000020     empty_pem4f.oem4f (.const:ti_sysbios_family_arm_m3_Hwi_Object__DESC__C)
                  00010878    00000020     empty_pem4f.oem4f (.const:ti_sysbios_gates_GateHwi_Object__DESC__C)
                  00010898    00000020     empty_pem4f.oem4f (.const:ti_sysbios_gates_GateMutex_Object__DESC__C)
                  000108b8    00000020     empty_pem4f.oem4f (.const:ti_sysbios_hal_Hwi_Object__DESC__C)
                  000108d8    00000020     empty_pem4f.oem4f (.const:ti_sysbios_heaps_HeapMem_Object__DESC__C)
                  000108f8    00000020     empty_pem4f.oem4f (.const:ti_sysbios_knl_Clock_Object__DESC__C)
                  00010918    00000020     empty_pem4f.oem4f (.const:ti_sysbios_knl_Event_Object__DESC__C)
                  00010938    00000020     empty_pem4f.oem4f (.const:ti_sysbios_knl_Queue_Object__DESC__C)
                  00010958    00000020     empty_pem4f.oem4f (.const:ti_sysbios_knl_Semaphore_Object__DESC__C)
                  00010978    00000020     empty_pem4f.oem4f (.const:xdc_runtime_Startup_sfxnTab__A)
                  00010998    0000001c     drivers_tivaware.aem4f : I2CTiva.oem4f (.const)
                  000109b4    0000001c     touch.obj (.const:g_pi32TouchParameters)
                  000109d0    00000018     EK_TM4C1294XL.obj (.const:UART_config)
                  000109e8    00000018     EK_TM4C1294XL.obj (.const:i2cTivaHWAttrs)
                  00010a00    00000018     empty_pem4f.oem4f (.const:ti_sysbios_gates_GateHwi_Object__PARAMS__C)
                  00010a18    00000018     empty_pem4f.oem4f (.const:ti_sysbios_gates_GateMutex_Object__PARAMS__C)
                  00010a30    00000018     empty_pem4f.oem4f (.const:ti_sysbios_knl_Event_Object__PARAMS__C)
                  00010a48    00000018     empty_pem4f.oem4f (.const:ti_sysbios_knl_Queue_Object__PARAMS__C)
                  00010a60    00000018     EK_TM4C1294XL.obj (.const:uartTivaHWAttrs)
                  00010a78    00000014     EK_TM4C1294XL.obj (.const:GPIOTiva_config)
                  00010a8c    00000014     empty_pem4f.oem4f (.const:xdc_runtime_Startup_firstFxns__A)
                  00010aa0    00000010     grlib.lib : context.obj (.const)
                  00010ab0    00000010     MotorLib.lib : motorlib.obj (.const:motorLibPWMTimerTivaHWAttrs)
                  00010ac0    00000010     empty_pem4f.oem4f (.const:xdc_runtime_Startup_sfxnRts__A)
                  00010ad0    0000000c     drivers_tivaware.aem4f : PWM.oem4f (.const)
                  00010adc    00000008     Boot.aem4f : Boot_sysctl.oem4f (.const)
                  00010ae4    00000008     driverlib.lib : sysctl.obj (.const)
                  00010aec    00000008     empty_pem4f.oem4f (.const:ti_sysbios_family_arm_m3_Hwi_excHookFuncs__A)
                  00010af4    00000008     empty_pem4f.oem4f (.const:ti_sysbios_knl_Idle_funcList__C)
                  00010afc    00000008     empty_pem4f.oem4f (.const:xdc_runtime_Startup_firstFxns__C)
                  00010b04    00000008     empty_pem4f.oem4f (.const:xdc_runtime_Startup_lastFxns__C)
                  00010b0c    00000004     empty_pem4f.oem4f (.const:ti_catalog_arm_cortexm4_tiva_ce_Boot_A_mustNotUseEnhancedClockMode__C)
                  00010b10    00000004     empty_pem4f.oem4f (.const:ti_catalog_arm_cortexm4_tiva_ce_Boot_Module__diagsEnabled__C)
                  00010b14    00000004     empty_pem4f.oem4f (.const:ti_catalog_arm_cortexm4_tiva_ce_Boot_Module__diagsIncluded__C)
                  00010b18    00000004     empty_pem4f.oem4f (.const:ti_catalog_arm_cortexm4_tiva_ce_Boot_Module__diagsMask__C)
                  00010b1c    00000004     empty_pem4f.oem4f (.const:ti_sysbios_family_arm_lm4_Timer_enableFunc__C)
                  00010b20    00000004     empty_pem4f.oem4f (.const:ti_sysbios_family_arm_lm4_Timer_numTimerDevices__C)
                  00010b24    00000004     empty_pem4f.oem4f (.const:ti_sysbios_family_arm_lm4_Timer_startupNeeded__C)
                  00010b28    00000004     empty_pem4f.oem4f (.const:ti_sysbios_family_arm_m3_Hwi_E_NMI__C)
                  00010b2c    00000004     empty_pem4f.oem4f (.const:ti_sysbios_family_arm_m3_Hwi_E_alreadyDefined__C)
                  00010b30    00000004     empty_pem4f.oem4f (.const:ti_sysbios_family_arm_m3_Hwi_E_busFault__C)
                  00010b34    00000004     empty_pem4f.oem4f (.const:ti_sysbios_family_arm_m3_Hwi_E_debugMon__C)
                  00010b38    00000004     empty_pem4f.oem4f (.const:ti_sysbios_family_arm_m3_Hwi_E_hardFault__C)
                  00010b3c    00000004     empty_pem4f.oem4f (.const:ti_sysbios_family_arm_m3_Hwi_E_memFault__C)
                  00010b40    00000004     empty_pem4f.oem4f (.const:ti_sysbios_family_arm_m3_Hwi_E_noIsr__C)
                  00010b44    00000004     empty_pem4f.oem4f (.const:ti_sysbios_family_arm_m3_Hwi_E_reserved__C)
                  00010b48    00000004     empty_pem4f.oem4f (.const:ti_sysbios_family_arm_m3_Hwi_E_svCall__C)
                  00010b4c    00000004     empty_pem4f.oem4f (.const:ti_sysbios_family_arm_m3_Hwi_E_usageFault__C)
                  00010b50    00000004     empty_pem4f.oem4f (.const:ti_sysbios_family_arm_m3_Hwi_NUM_INTERRUPTS__C)
                  00010b54    00000004     empty_pem4f.oem4f (.const:ti_sysbios_family_arm_m3_Hwi_Object__count__C)
                  00010b58    00000004     empty_pem4f.oem4f (.const:ti_sysbios_family_arm_m3_Hwi_ccr__C)
                  00010b5c    00000004     empty_pem4f.oem4f (.const:ti_sysbios_family_arm_m3_Hwi_excHandlerFunc__C)
                  00010b60    00000004     empty_pem4f.oem4f (.const:ti_sysbios_family_arm_m3_Hwi_excHookFuncs__C)
                  00010b64    00000004     empty_pem4f.oem4f (.const:ti_sysbios_family_arm_m3_Hwi_nullIsrFunc__C)
                  00010b68    00000004     empty_pem4f.oem4f (.const:ti_sysbios_family_arm_m3_Hwi_priGroup__C)
                  00010b6c    00000004     empty_pem4f.oem4f (.const:ti_sysbios_gates_GateMutex_A_badContext__C)
                  00010b70    00000004     empty_pem4f.oem4f (.const:ti_sysbios_gates_GateMutex_Instance_State_sem__O)
                  00010b74    00000004     empty_pem4f.oem4f (.const:ti_sysbios_gates_GateMutex_Module__diagsEnabled__C)
                  00010b78    00000004     empty_pem4f.oem4f (.const:ti_sysbios_gates_GateMutex_Module__diagsIncluded__C)
                  00010b7c    00000004     empty_pem4f.oem4f (.const:ti_sysbios_gates_GateMutex_Module__diagsMask__C)
                  00010b80    00000004     empty_pem4f.oem4f (.const:ti_sysbios_hal_Hwi_E_stackOverflow__C)
                  00010b84    00000004     empty_pem4f.oem4f (.const:ti_sysbios_heaps_HeapMem_A_align__C)
                  00010b88    00000004     empty_pem4f.oem4f (.const:ti_sysbios_heaps_HeapMem_A_heapSize__C)
                  00010b8c    00000004     empty_pem4f.oem4f (.const:ti_sysbios_heaps_HeapMem_A_invalidFree__C)
                  00010b90    00000004     empty_pem4f.oem4f (.const:ti_sysbios_heaps_HeapMem_A_zeroBlock__C)
                  00010b94    00000004     empty_pem4f.oem4f (.const:ti_sysbios_heaps_HeapMem_E_memory__C)
                  00010b98    00000004     empty_pem4f.oem4f (.const:ti_sysbios_heaps_HeapMem_Module__diagsEnabled__C)
                  00010b9c    00000004     empty_pem4f.oem4f (.const:ti_sysbios_heaps_HeapMem_Module__diagsIncluded__C)
                  00010ba0    00000004     empty_pem4f.oem4f (.const:ti_sysbios_heaps_HeapMem_Module__diagsMask__C)
                  00010ba4    00000004     empty_pem4f.oem4f (.const:ti_sysbios_heaps_HeapMem_Module__gateObj__C)
                  00010ba8    00000004     empty_pem4f.oem4f (.const:ti_sysbios_heaps_HeapMem_Object__count__C)
                  00010bac    00000004     empty_pem4f.oem4f (.const:ti_sysbios_heaps_HeapMem_reqAlign__C)
                  00010bb0    00000004     empty_pem4f.oem4f (.const:ti_sysbios_knl_Clock_A_badThreadType__C)
                  00010bb4    00000004     empty_pem4f.oem4f (.const:ti_sysbios_knl_Clock_Module_State_clockQ__O)
                  00010bb8    00000004     empty_pem4f.oem4f (.const:ti_sysbios_knl_Clock_Module__diagsEnabled__C)
                  00010bbc    00000004     empty_pem4f.oem4f (.const:ti_sysbios_knl_Clock_Module__diagsIncluded__C)
                  00010bc0    00000004     empty_pem4f.oem4f (.const:ti_sysbios_knl_Clock_Module__diagsMask__C)
                  00010bc4    00000004     empty_pem4f.oem4f (.const:ti_sysbios_knl_Event_A_nullEventId__C)
                  00010bc8    00000004     empty_pem4f.oem4f (.const:ti_sysbios_knl_Event_Instance_State_pendQ__O)
                  00010bcc    00000004     empty_pem4f.oem4f (.const:ti_sysbios_knl_Event_Module__diagsEnabled__C)
                  00010bd0    00000004     empty_pem4f.oem4f (.const:ti_sysbios_knl_Event_Module__diagsIncluded__C)
                  00010bd4    00000004     empty_pem4f.oem4f (.const:ti_sysbios_knl_Event_Module__diagsMask__C)
                  00010bd8    00000004     empty_pem4f.oem4f (.const:ti_sysbios_knl_Idle_funcList__A)
                  00010bdc    00000004     empty_pem4f.oem4f (.const:ti_sysbios_knl_Semaphore_A_badContext__C)
                  00010be0    00000004     empty_pem4f.oem4f (.const:ti_sysbios_knl_Semaphore_A_noEvents__C)
                  00010be4    00000004     empty_pem4f.oem4f (.const:ti_sysbios_knl_Semaphore_A_overflow__C)
                  00010be8    00000004     empty_pem4f.oem4f (.const:ti_sysbios_knl_Semaphore_A_pendTaskDisabled__C)
                  00010bec    00000004     empty_pem4f.oem4f (.const:ti_sysbios_knl_Semaphore_Instance_State_pendQ__O)
                  00010bf0    00000004     empty_pem4f.oem4f (.const:ti_sysbios_knl_Semaphore_Module__diagsEnabled__C)
                  00010bf4    00000004     empty_pem4f.oem4f (.const:ti_sysbios_knl_Semaphore_Module__diagsIncluded__C)
                  00010bf8    00000004     empty_pem4f.oem4f (.const:ti_sysbios_knl_Semaphore_Module__diagsMask__C)
                  00010bfc    00000004     empty_pem4f.oem4f (.const:ti_sysbios_knl_Swi_Object__count__C)
                  00010c00    00000004     empty_pem4f.oem4f (.const:ti_sysbios_knl_Task_E_spOutOfBounds__C)
                  00010c04    00000004     empty_pem4f.oem4f (.const:ti_sysbios_knl_Task_E_stackOverflow__C)
                  00010c08    00000004     empty_pem4f.oem4f (.const:ti_sysbios_knl_Task_Module_State_inactiveQ__O)
                  00010c0c    00000004     empty_pem4f.oem4f (.const:ti_sysbios_knl_Task_Object__count__C)
                  00010c10    00000004     empty_pem4f.oem4f (.const:ti_sysbios_knl_Task_allBlockedFunc__C)
                  00010c14    00000004     empty_pem4f.oem4f (.const:ti_sysbios_knl_Task_numConstructedTasks__C)
                  00010c18    00000004     empty_pem4f.oem4f (.const:xdc_runtime_Assert_E_assertFailed__C)
                  00010c1c    00000004     empty_pem4f.oem4f (.const:xdc_runtime_Core_A_initializedParams__C)
                  00010c20    00000004     empty_pem4f.oem4f (.const:xdc_runtime_Core_Module__diagsEnabled__C)
                  00010c24    00000004     empty_pem4f.oem4f (.const:xdc_runtime_Core_Module__diagsIncluded__C)
                  00010c28    00000004     empty_pem4f.oem4f (.const:xdc_runtime_Core_Module__diagsMask__C)
                  00010c2c    00000004     empty_pem4f.oem4f (.const:xdc_runtime_Error_E_generic__C)
                  00010c30    00000004     empty_pem4f.oem4f (.const:xdc_runtime_Error_E_memory__C)
                  00010c34    00000004     empty_pem4f.oem4f (.const:xdc_runtime_Error_Module__diagsEnabled__C)
                  00010c38    00000004     empty_pem4f.oem4f (.const:xdc_runtime_Error_Module__diagsIncluded__C)
                  00010c3c    00000004     empty_pem4f.oem4f (.const:xdc_runtime_Error_Module__diagsMask__C)
                  00010c40    00000004     empty_pem4f.oem4f (.const:xdc_runtime_Error_Module__loggerFxn8__C)
                  00010c44    00000004     empty_pem4f.oem4f (.const:xdc_runtime_Error_Module__loggerObj__C)
                  00010c48    00000004     empty_pem4f.oem4f (.const:xdc_runtime_Error_policyFxn__C)
                  00010c4c    00000004     empty_pem4f.oem4f (.const:xdc_runtime_Error_raiseHook__C)
                  00010c50    00000004     empty_pem4f.oem4f (.const:xdc_runtime_IGateProvider_Interface__BASE__C)
[...]
00010be4  ti_sysbios_knl_Semaphore_A_overflow__C                               
00010be8  ti_sysbios_knl_Semaphore_A_pendTaskDisabled__C                       
00010bec  ti_sysbios_knl_Semaphore_Instance_State_pendQ__O                     
00010bf0  ti_sysbios_knl_Semaphore_Module__diagsEnabled__C                     
00010bf4  ti_sysbios_knl_Semaphore_Module__diagsIncluded__C                    
00010bf8  ti_sysbios_knl_Semaphore_Module__diagsMask__C                        
00010bfc  ti_sysbios_knl_Swi_Object__count__C                                  
00010c00  ti_sysbios_knl_Task_E_spOutOfBounds__C                               
00010c04  ti_sysbios_knl_Task_E_stackOverflow__C                               
00010c08  ti_sysbios_knl_Task_Module_State_inactiveQ__O                        
00010c0c  ti_sysbios_knl_Task_Object__count__C                                 
00010c10  ti_sysbios_knl_Task_allBlockedFunc__C                                
00010c14  ti_sysbios_knl_Task_numConstructedTasks__C                           
00010c18  xdc_runtime_Assert_E_assertFailed__C                                 
00010c1c  xdc_runtime_Core_A_initializedParams__C                              
00010c20  xdc_runtime_Core_Module__diagsEnabled__C                             
00010c24  xdc_runtime_Core_Module__diagsIncluded__C                            
00010c28  xdc_runtime_Core_Module__diagsMask__C                                
00010c2c  xdc_runtime_Error_E_generic__C                                       
00010c30  xdc_runtime_Error_E_memory__C                                        
00010c34  xdc_runtime_Error_Module__diagsEnabled__C                            
00010c38  xdc_runtime_Error_Module__diagsIncluded__C                           
00010c3c  xdc_runtime_Error_Module__diagsMask__C                               
00010c40  xdc_runtime_Error_Module__loggerFxn8__C                              
00010c44  xdc_runtime_Error_Module__loggerObj__C                               
00010c48  xdc_runtime_Error_policyFxn__C                                       
00010c4c  xdc_runtime_Error_raiseHook__C                                       
00010c50  xdc_runtime_IGateProvider_Interface__BASE__C                         
00010c54  xdc_runtime_IHeap_Interface__BASE__C                                 
00010c58  xdc_runtime_IModule_Interface__BASE__C                               
00010c5c  xdc_runtime_Log_L_error__C                                           
00010c60  xdc_runtime_Memory_defaultHeapInstance__C                            
00010c64  xdc_runtime_Startup_execImpl__C                                      
00010c68  xdc_runtime_Startup_maxPasses__C                                     
00010c6c  xdc_runtime_Startup_sfxnRts__C                                       
00010c70  xdc_runtime_Startup_sfxnTab__C                                       
00010c74  xdc_runtime_SysMin_bufSize__C                                        
00010c78  xdc_runtime_SysMin_outputFunc__C                                     
00010c7c  xdc_runtime_System_Module__gateObj__C                                
00010c80  xdc_runtime_System_abortFxn__C                                       
00010c84  xdc_runtime_System_exitFxn__C                                        
00010c88  xdc_runtime_System_extendFxn__C                                      
00010c8c  xdc_runtime_System_maxAtexitHandlers__C                              
00010c90  xdc_runtime_Text_charTab__C                                          
00010c94  xdc_runtime_Text_nameEmpty__C                                        
00010c98  xdc_runtime_Text_nameStatic__C                                       
00010c9c  xdc_runtime_Text_nameUnknown__C                                      
00010ca0  xdc_runtime_Text_nodeTab__C                                          
00010ca4  xdc_runtime_Text_visitRopeFxn__C                                     
00010ca8  ti_sysbios_hal_Hwi_Module__id__C                                     
00010caa  ti_sysbios_heaps_HeapMem_Module__id__C                               
00010cac  ti_sysbios_knl_Clock_Module__id__C                                   
00010cae  ti_sysbios_knl_Event_Module__id__C                                   
00010cb0  ti_sysbios_knl_Semaphore_Module__id__C                               
00010cb2  ti_sysbios_knl_Task_Module__id__C                                    
00010cb4  xdc_runtime_Core_Module__id__C                                       
00010cb6  xdc_runtime_Error_Module__loggerDefined__C                           
00010cb8  xdc_runtime_Error_maxDepth__C                                        
00010cba  xdc_runtime_Main_Module__id__C                                       
00010cbc  xdc_runtime_Memory_Module__id__C                                     
00010cbe  xdc_runtime_SysMin_flushAtExit__C                                    
00010cc0  xdc_runtime_Text_charCnt__C                                          
00010cc2  xdc_runtime_Text_isLoaded__C                                         
00010cc4  xdc_runtime_Text_registryModsLastId__C                               
00010cc6  xdc_runtime_Text_unnamedModsLastId__C                                
00010cc8  __TI_static_base__                                                   
00011098  __TI_Handler_Table_Base                                              
000110a4  __TI_Handler_Table_Limit                                             
000110b8  __TI_CINIT_Base                                                      
000110d0  __TI_CINIT_Limit                                                     
20000000  __start___llvm_prf_cnts                                              
20000000  __stop___llvm_prf_cnts                                               
20000000  ti_sysbios_family_arm_m3_Hwi_ramVectors                              
20000360  ti_sysbios_knl_Task_Instance_State_0_stack__A                        
20000b60  ti_sysbios_knl_Task_Instance_State_1_stack__A                        
20001360  ti_sysbios_knl_Task_Instance_State_2_stack__A                        
20001560  ti_sysbios_heaps_HeapMem_Instance_State_0_buf__A                     
20001960  xdc_runtime_SysMin_Module_State_0_outbuf__A                          
20001d60  ti_sysbios_family_arm_m3_Hwi_dispatchTable                           
20002200  __CIOBUF_                                                            
20002320  i2cTivaObjects                                                       
20002420  uartTivaObjects                                                      
2000257c  motorLibPWMObjects                                                   
200025b4  eb                                                                   
200025e4  sContext                                                             
20002610  clockUpdateGraph                                                     
20002694  maxTime                                                              
200026b4  minTime                                                              
200026d4  uartTivaRingBuffer                                                   
200026f4  semStruct                                                            
20002710  gHwiprms                                                             
20002728  motorLibPWMTimerObjects                                              
20002740  evtStruct                                                            
20002754  valueText                                                            
20002780  graphMax                                                             
20002788  graphMin                                                             
20002790  parmbuf                                                              
20002798  SysTicks                                                             
2000279c  acceleration                                                         
200027a0  acceleration_avg                                                     
200027a4  adc0                                                                 
200027a8  data_Graph                                                           
200027ac  delta_rpm                                                            
200027b0  delta_time                                                           
200027b4  error                                                                
200027b8  evtHandle                                                            
200027bc  g_accelerationLimit                                                  
200027c0  g_currentLimit                                                       
200027c4  g_drawingGraph                                                       
200027c8  g_motorSpeed                                                         
200027cc  g_numPlotOverflow                                                    
200027d0  g_numPlotPoints                                                      
200027d4  g_pi32ParmSet                                                        
200027dc  g_sCurrentPanel                                                      
200027e0  g_ui32SysClock                                                       
200027e4  gateHwi                                                              
200027ec  graphIntMax                                                          
200027f0  graphIntMin                                                          
200027f4  hA                                                                   
200027f8  hB                                                                   
200027fc  hC                                                                   
20002800  hallA                                                                
20002804  hallB                                                                
20002808  hallC                                                                
2000280c  output                                                               
20002810  previousPoint                                                        
20002814  rpm_avg                                                              
20002818  rpm_from_UI                                                          
2000281c  semHandle                                                            
20002820  uart                                                                 
20002824  y_graph_step                                                         
20002828  g_i16TouchX                                                          
2000282a  g_i16TouchY                                                          
2000282c  e_event                                                              
2000282d  e_stop                                                               
2000282e  motorStartedUI                                                       
2000282f  motorState                                                           
20002830  print_from_clock                                                     
20002831  running                                                              
20002832  success                                                              
20002833  updateGraph                                                          
20002834  ti_sysbios_knl_Task_Object__table__V                                 
20002918  ti_sysbios_knl_Swi_Module_State_0_readyQ__A                          
20002998  motor                                                                
2000299c  prevMotor                                                            
200029a0  prevSysTick                                                          
200029a4  deltaPos                                                             
200029a8  clock_time_mins                                                      
200029ac  clock_time_secs                                                      
200029b0  rpm_actual                                                           
200029b4  acceleration_sum                                                     
200029b8  rpm_prev                                                             
200029bc  integral_error                                                       
200029c0  rpm_desired                                                          
200029c4  rpm_int                                                              
200029c8  jump                                                                 
200029cc  Kp                                                                   
200029d0  Ki                                                                   
200029d4  clock_count                                                          
200029d8  rpm_sum                                                              
200029dc  min_per_sysTick                                                      
200029e0  rotation                                                             
200029e4  rpm_sum_c                                                            
200029e8  dummy                                                                
200029ec  adc_test                                                             
200029f0  g_sGraphAcceleration                                                 
20002a40  g_sGraphBack                                                         
20002a90  g_sGraphExit                                                         
20002ae0  g_sGraphLight                                                        
20002b30  g_sGraphOption                                                       
20002b80  g_sGraphPower                                                        
20002bd0  g_sGraphSpeed                                                        
20002c20  g_sGraphTitle                                                        
20002c70  g_sMotorOption                                                       
20002cc0  g_sSetOption                                                         
20002d10  g_sSettingAcceleration                                               
20002d60  g_sSettingBack                                                       
20002db0  g_sSettingCurrent                                                    
20002e00  g_sSettingDecrease                                                   
20002e50  g_sSettingExit                                                       
20002ea0  g_sSettingIncrease                                                   
20002ef0  g_sSettingSpeed                                                      
20002f40  g_sSettingTitle                                                      
20002f90  g_sSettingValue                                                      
20002fe0  ti_sysbios_knl_Task_Module__state__V                                 
20003024  g_sGraph                                                             
20003064  g_sGraphPage                                                         
200030a4  g_sGraphsMainPage                                                    
200030e4  g_sMainPage                                                          
20003124  g_sSettingPage                                                       
20003164  g_sSettingsMainPage                                                  
200031a4  ti_sysbios_family_arm_lm4_Timer_Module_State_0_device__A             
200031e4  ti_sysbios_family_arm_lm4_Timer_Object__table__V                     
20003224  ti_sysbios_gates_GateMutex_Object__table__V                          
2000325c  ti_sysbios_family_arm_m3_Hwi_Module__state__V                        
20003290  ti_sysbios_family_arm_m3_Hwi_Object__table__V                        
200032c0  ti_sysbios_knl_Swi_Object__table__V                                  
200032f0  g_sRoot                                                              
2000331e  ti_sysbios_family_arm_m3_Hwi_Module_State_0_excActive__A             
20003320  ti_sysbios_knl_Clock_Module__state__V                                
2000334c  ti_sysbios_BIOS_Module__state__V                                     
20003370  ti_sysbios_family_arm_lm4_Timer_Module_State_0_handles__A            
20003390  ti_sysbios_knl_Task_Module_State_0_readyQ__A                         
200033b0  gpioPinConfigs                                                       
200033cc  ti_sysbios_knl_Swi_Module__state__V                                  
20003400  ti_sysbios_heaps_HeapMem_Object__table__V                            
20003418  x_graph_step                                                         
2000341c  x_graph_start                                                        
20003420  y_graph_start                                                        
20003424  y_graph_max                                                          
20003428  y_graph_end                                                          
2000342c  ti_sysbios_family_arm_lm4_Timer_Module__state__V                     
20003438  xdc_runtime_SysMin_Module__state__V                                  
20003444  _lock                                                                
20003448  _unlock                                                              
2000344c  gpioCallbackFunctions                                                
20003454  ti_sysbios_family_arm_m3_Hwi_Module__root__V                         
2000345c  ti_sysbios_gates_GateHwi_Module__root__V                             
20003464  ti_sysbios_gates_GateMutex_Module__root__V                           
2000346c  ti_sysbios_hal_Hwi_Module__root__V                                   
20003474  ti_sysbios_heaps_HeapMem_Module__root__V                             
2000347c  ti_sysbios_knl_Clock_Module__root__V                                 
20003484  ti_sysbios_knl_Event_Module__root__V                                 
2000348c  ti_sysbios_knl_Queue_Module__root__V                                 
20003494  ti_sysbios_knl_Semaphore_Module__root__V                             
2000349c  xdc_runtime_Registry_Module__state__V                                
200034a4  xdc_runtime_Startup_Module__state__V                                 
200034ac  xdc_runtime_System_Module_State_0_atexitHandlers__A                  
200034b4  xdc_runtime_System_Module__state__V                                  
200034c2  xdc_runtime_Error_Module__state__V                                   
200034d0  errno                                                                
200034d4  main_func_sp                                                         
200034d8  ti_sysbios_family_arm_m3_Hwi_Module_State_0_excContext__A            
200034dc  ti_sysbios_family_arm_m3_Hwi_Module_State_0_excStack__A              
200034e0  ti_sysbios_gates_GateHwi_Object__table__V                            
200034e4  ti_sysbios_knl_Task_Module_State_0_idleTask__A                       
200034e8  g_i16TouchMin                                                        
200034ec  xdc_runtime_Memory_Module__state__V                                  
200034f0  __stack                                                              
200037f0  __STACK_END                                                          
e000e000  ti_sysbios_family_arm_m3_Hwi_nvic                                    
ffffffff  __TI_pprof_out_hndl                                                  
ffffffff  __TI_prof_data_size                                                  
ffffffff  __TI_prof_data_start                                                 
ffffffff  __binit__                                                            
ffffffff  __c_args__                                                           
ffffffff  binit                                                                
UNDEFED   SHT$$INIT_ARRAY$$Base                                                
UNDEFED   SHT$$INIT_ARRAY$$Limit                                               

[942 symbols]
