******************************************************************************
                  TI ARM Linker PC v20.2.2                     
******************************************************************************
>> Linked Tue Jun  1 02:17:57 2021

OUTPUT FILE NAME:   <empty_EK_TM4C1294XL_TI.out>
ENTRY POINT SYMBOL: "_c_int00"  address: 0000c8c5


MEMORY CONFIGURATION

         name            origin    length      used     unused   attr    fill
----------------------  --------  ---------  --------  --------  ----  --------
  FLASH                 00000000   00100000  00014f36  000eb0ca  R  X
  SRAM                  20000000   00040000  00005221  0003addf  RW X


SEGMENT ALLOCATION MAP

run origin  load origin   length   init length attrs members
----------  ----------- ---------- ----------- ----- -------
00000000    00000000    00014f40   00014f40    r-x
  00000000    00000000    0000003c   0000003c    r-- .resetVecs
  00000040    00000040    0000feda   0000feda    r-x .text
  0000ff20    0000ff20    00004be0   00004be0    r-- .const
  00014b00    00014b00    00000440   00000440    r-- .cinit
20000000    20000000    00005228   00000000    rw-
  20000000    20000000    00000360   00000000    rw- .vecs
  20000360    20000360    00003ead   00000000    rw- .bss
  20004210    20004210    00000d14   00000000    rw- .data
  20004f28    20004f28    00000300   00000000    rw- .stack


SECTION ALLOCATION MAP

 output                                  attributes/
section   page    origin      length       input sections
--------  ----  ----------  ----------   ----------------
.text      0    00000040    0000feda     
                  00000040    00000a4e     rtsv7M4_T_le_v4SPD16_eabi.lib : _printfi.c.obj (.text:__TI_printfi)
                  00000a8e    00000002                                   : _lock.c.obj (.text:_nop)
                  00000a90    000009c0                                   : e_pow.c.obj (.text:pow)
                  00001450    000006ac     MotorLib.lib : motorlib.obj (.text)
                  00001afc    00000004     driverlib.lib : i2c.obj (.text:I2CMasterControl)
                  00001b00    00000430     sysbios.aem4f : BIOS.obj (.text:ti_sysbios_family_arm_m3_Hwi_excDumpRegs__I)
                  00001f30    00000400     grlib_demo.obj (.text:drawGraphPoint)
                  00002330    00000374     grlib.lib : image.obj (.text:InternalImageDraw)
                  000026a4    00000004     driverlib.lib : i2c.obj (.text:I2CMasterDataGet)
                  000026a8    0000034c     sysbios.aem4f : BIOS.obj (.text:ti_sysbios_knl_Event_pend__E)
                  000029f4    0000034c     ti.targets.arm.rtsarm.aem4f : System.oem4f (.text:xdc_runtime_System_doPrint__I)
                  00002d40    000002f8     grlib.lib : image.obj (.text:PixelTransparentDraw)
                  00003038    000002d0     sysbios.aem4f : BIOS.obj (.text:ti_sysbios_knl_Semaphore_pend__E)
                  00003308    000002a0     rtsv7M4_T_le_v4SPD16_eabi.lib : mktime.c.obj (.text:__mktime32)
                  000035a8    00000270                                   : _printfi.c.obj (.text:_pconv_a)
                  00003818    0000026c     sysbios.aem4f : BIOS.obj (.text:ti_sysbios_heaps_HeapMem_free__E)
                  00003a84    00000268     touch.obj (.text:TouchScreenDebouncer)
                  00003cec    00000254     grlib.lib : string.obj (.text:GrFontGlyphRender)
                  00003f40    00000250     sysbios.aem4f : BIOS.obj (.text:ti_sysbios_heaps_HeapMem_alloc__E)
                  00004190    00000234                   : BIOS.obj (.text:ti_sysbios_knl_Task_Instance_finalize__E)
                  000043c4    0000020c     drivers_tivaware.aem4f : UARTTiva.oem4f (.text:UARTTiva_open)
                  000045d0    00000204     Boot.aem4f : Boot_sysctl.oem4f (.text:ti_catalog_arm_cortexm4_tiva_ce_Boot_sysCtlClockFreqSetI__I)
                  000047d4    00000200     driverlib.lib : sysctl.obj (.text:SysCtlClockFreqSet)
                  000049d4    00000200     rtsv7M4_T_le_v4SPD16_eabi.lib : s_exp2.c.obj (.text:exp2)
                  00004bd4    00000004     driverlib.lib : i2c.obj (.text:I2CMasterDataPut)
                  00004bd8    000001f4     sysbios.aem4f : BIOS.obj (.text:ti_sysbios_family_arm_m3_Hwi_excHandlerMax__I)
                  00004dcc    00000004     driverlib.lib : uart.obj (.text:UARTIntClear)
                  00004dd0    000001f0     sysbios.aem4f : BIOS.obj (.text:ti_sysbios_knl_Task_sleep__E)
                  00004fc0    000001e8     empty_pem4f.oem4f (.text:xdc_runtime_System_printfExtend__I)
                  000051a8    000001e4     Kentec320x240x16_ssd2119_spi.obj (.text:Kentec320x240x16_SSD2119Init)
                  0000538c    000001dc     Kentec320x240x16_ssd2119_spi.obj (.text:Kentec320x240x16_SSD2119PixelDrawMultiple)
                  00005568    000001d4     grlib_demo.obj (.text:OnGraphsPage)
                  0000573c    000001d0     rtsv7M4_T_le_v4SPD16_eabi.lib : _printfi.c.obj (.text:_pconv_g)
                  0000590c    00000004     grlib.lib : widget.obj (.text:WidgetDefaultMsgProc)
                  00005910    000001c0     sysbios.aem4f : BIOS.obj (.text:ti_sysbios_knl_Task_Instance_init__E)
                  00005ad0    000001b6     rtsv7M4_T_le_v4SPD16_eabi.lib : fd_add_t2.asm.obj (.text)
                  00005c86    00000002                                   : div0.asm.obj (.text)
                  00005c88    000001b0     motorCode.obj (.text:motorFxn)
                  00005e38    000001a4     pinout.obj (.text:PinoutSet)
                  00005fdc    00000190     grlib.lib : canvas.obj (.text:CanvasPaint)
                  0000616c    0000017e               : pushbutton.obj (.text:RectangularButtonPaint)
                  000062ea    00000002     empty_pem4f.oem4f (.text:ti_sysbios_BIOS_nullFunc__I)
                  000062ec    00000178     touch.obj (.text:TouchScreenIntHandler)
                  00006464    00000174     motorCode.obj (.text:initMotor)
                  000065d8    00000174     sysbios.aem4f : BIOS.obj (.text:ti_sysbios_family_arm_m3_Hwi_excBusFault__I)
                  0000674c    00000170     drivers_tivaware.aem4f : PWMTiva.oem4f (.text:PWMTiva_open)
                  000068bc    00000004     rtsv7M4_T_le_v4SPD16_eabi.lib : exit.c.obj (.text:abort:abort)
                  000068c0    00000164     sysbios.aem4f : BIOS.obj (.text:ti_sysbios_family_arm_m3_Hwi_excUsageFault__I)
                  00006a24    00000160     grlib_demo.obj (.text:initWidgets)
                  00006b84    00000158     rtsv7M4_T_le_v4SPD16_eabi.lib : e_sqrt.c.obj (.text:sqrt)
                  00006cdc    00000150     drivers_tivaware.aem4f : GPIOTiva.oem4f (.text:GPIO_setConfig)
                  00006e2c    00000148     motorCode.obj (.text:initHallABC)
                  00006f74    00000004     empty_pem4f.oem4f (.text:ti_sysbios_BIOS_RtsGateProxy_enter__E)
                  00006f78    00000148     sysbios.aem4f : BIOS.obj (.text:ti_sysbios_family_arm_m3_Hwi_excMemFault__I)
                  000070c0    0000013c     rtsv7M4_T_le_v4SPD16_eabi.lib : _printfi.c.obj (.text:_pconv_e)
                  000071fc    00000004     empty_pem4f.oem4f (.text:ti_sysbios_BIOS_RtsGateProxy_leave__E)
                  00007200    0000013c     sysbios.aem4f : BIOS.obj (.text:ti_sysbios_heaps_HeapMem_Instance_init__E)
                  0000733c    00000136     rtsv7M4_T_le_v4SPD16_eabi.lib : fd_div_t2.asm.obj (.text)
                  00007472    00000002     empty_pem4f.oem4f (.text:xdc_runtime_Startup_reset__I)
                  00007474    00000134     rtsv7M4_T_le_v4SPD16_eabi.lib : localtim.c.obj (.text:__localtime32)
                  000075a8    00000132     driverlib.lib : gpio.obj (.text:GPIOPadConfigSet)
                  000076da    00000002     --HOLE-- [fill = 0]
                  000076dc    00000124     grlib_demo.obj (.text:OnSettingsPage)
                  00007800    00000124     rtsv7M4_T_le_v4SPD16_eabi.lib : _printfi.c.obj (.text:fcvt)
                  00007924    00000004     sysbios.aem4f : BIOS.obj (.text:ti_sysbios_family_arm_lm4_Timer_masterEnable__I)
                  00007928    00000120                   : BIOS.obj (.text:ti_sysbios_family_arm_lm4_Timer_start__E)
                  00007a48    0000011c                   : BIOS.obj (.text:ti_sysbios_knl_Clock_Instance_init__E)
                  00007b64    00000118     ti.targets.arm.rtsarm.aem4f : Error.oem4f (.text:xdc_runtime_Error_policyDefault__E)
                  00007c7c    00000114     drivers_tivaware.aem4f : PWMTimerTiva.oem4f (.text:PWMTimerTiva_open)
                  00007d90    00000114     sensors_api.obj (.text:initAcceleration)
                  00007ea4    00000114     empty.obj (.text:main)
                  00007fb8    00000110     rtsv7M4_T_le_v4SPD16_eabi.lib : s_scalbn.c.obj (.text:scalbn)
                  000080c8    0000010c     Kentec320x240x16_ssd2119_spi.obj (.text:Kentec320x240x16_SSD2119RectFill)
                  000081d4    0000010c     touch.obj (.text:TouchScreenInit)
                  000082e0    00000106     grlib.lib : line.obj (.text:GrLineDraw)
                  000083e6    00000002     --HOLE-- [fill = 0]
                  000083e8    00000104     sysbios.aem4f : BIOS.obj (.text:ti_sysbios_knl_Event_post__E)
                  000084ec    00000100     ti.targets.arm.rtsarm.aem4f : Core-mem.oem4f (.text:xdc_runtime_Core_createObject__I)
                  000085ec    000000fc     rtsv7M4_T_le_v4SPD16_eabi.lib : fd_mul_t2.asm.obj (.text)
                  000086e8    000000f8     bmi160.obj (.text:getAccelVector)
                  000087e0    000000f8     ti.targets.arm.rtsarm.aem4f : Startup.oem4f (.text:xdc_runtime_Startup_startMods__I)
                  000088d8    000000f4     motorCode.obj (.text:filterFxn)
                  000089cc    000000f4     sysbios.aem4f : m3_Hwi_asm.obj (.text:ti_sysbios_family_arm_m3_Hwi_dispatch__I)
                  00008ac0    000000f2     grlib.lib : pushbutton.obj (.text:RectangularButtonClick)
                  00008bb2    000000f0     drivers_tivaware.aem4f : PWMTiva.oem4f (.text:PWMTiva_setDuty)
                  00008ca2    00000002     --HOLE-- [fill = 0]
                  00008ca4    000000ec     sensors_api.obj (.text:taskAcceleration)
                  00008d90    000000ec     sysbios.aem4f : BIOS.obj (.text:ti_sysbios_knl_Semaphore_post__E)
                  00008e7c    000000e8     grlib.lib : widget.obj (.text:WidgetMessageQueueAdd)
                  00008f64    000000e0     drivers_tivaware.aem4f : I2CTiva.oem4f (.text:I2CTiva_open)
                  00009044    000000d6                            : I2CTiva.oem4f (.text:I2CTiva_hwiFxn)
                  0000911a    00000002     --HOLE-- [fill = 0]
                  0000911c    000000d0     motorCode.obj (.text:HallFxn)
                  000091ec    000000cc     ti.targets.arm.rtsarm.aem4f : Core-smem.oem4f (.text:xdc_runtime_Core_constructObject__I)
                  000092b8    000000c4     sensors_api.obj (.text:initLightTask)
                  0000937c    000000c2     bmi160.obj (.text:BMI160Init)
                  0000943e    000000c0     grlib.lib : string.obj (.text:GrDefaultStringRenderer)
                  000094fe    00000002     --HOLE-- [fill = 0]
                  00009500    000000c0     sensors_api.obj (.text:initSensors)
                  000095c0    000000bc     sysbios.aem4f : BIOS.obj (.text:ti_sysbios_family_arm_m3_Hwi_excDebugMon__I)
                  0000967c    00000004     empty_pem4f.oem4f (.text:ti_sysbios_family_arm_m3_Hwi_destruct)
                  00009680    000000bc     sysbios.aem4f : BIOS.obj (.text:ti_sysbios_family_arm_m3_Hwi_excHardFault__I)
                  0000973c    000000b8     EK_TM4C1294XL.obj (.text:EK_TM4C1294XL_initGeneral)
                  000097f4    000000b8     grlib.lib : line.obj (.text:GrLineClip)
                  000098ac    000000b8     Kentec320x240x16_ssd2119_spi.obj (.text:InitSPILCDInterface)
                  00009964    000000b8     drivers_tivaware.aem4f : PWMTimerTiva.oem4f (.text:PWMTimerTiva_setDuty)
                  00009a1c    000000b4     grlib_demo.obj (.text:OnDecrease)
                  00009ad0    000000b4     grlib.lib : widget.obj (.text:WidgetMessageSendPostOrder)
                  00009b84    00000004     empty_pem4f.oem4f (.text:ti_sysbios_family_arm_m3_TaskSupport_Module__startupDone__S)
                  00009b88    000000b4     sysbios.aem4f : BIOS.obj (.text:ti_sysbios_gates_GateMutex_enter__E)
                  00009c3c    00000004     empty_pem4f.oem4f (.text:ti_sysbios_hal_Hwi_HwiProxy_delete)
                  00009c40    000000b4     sysbios.aem4f : BIOS.obj (.text:ti_sysbios_knl_Task_checkStacks__E)
                  00009cf4    000000b1     rtsv7M4_T_le_v4SPD16_eabi.lib : _printfi.c.obj (.text:_ltostr)
                  00009da5    00000003     --HOLE-- [fill = 0]
                  00009da8    000000b0     grlib_demo.obj (.text:OnIncrease)
                  00009e58    000000ac     drivers_tivaware.aem4f : UARTTiva.oem4f (.text:readTaskBlocking)
                  00009f04    00000004     empty_pem4f.oem4f (.text:ti_sysbios_heaps_HeapMem_Module_GateProxy_enter__E)
                  00009f08    000000ac     sysbios.aem4f : BIOS.obj (.text:ti_sysbios_family_arm_lm4_Timer_enableTiva__I)
                  00009fb4    000000a8     grlib_demo.obj (.text:initUI)
                  0000a05c    00000004     empty_pem4f.oem4f (.text:ti_sysbios_heaps_HeapMem_Module_GateProxy_leave__E)
                  0000a060    000000a8     sysbios.aem4f : BIOS.obj (.text:ti_sysbios_family_arm_lm4_Timer_enableTimers__I)
                  0000a108    000000a4                   : BIOS.obj (.text:ti_sysbios_knl_Clock_Instance_finalize__E)
                  0000a1ac    000000a0     grlib_demo.obj (.text:OnStartMotor)
                  0000a24c    000000a0     auto_init.aem4f : auto_init.oem4f (.text)
                  0000a2ec    000000a0     ti.targets.arm.rtsarm.aem4f : Text.oem4f (.text:xdc_runtime_Text_putMod__E)
                  0000a38c    0000009c     rtsv7M4_T_le_v4SPD16_eabi.lib : memcpy_t2.asm.obj (.text)
                  0000a428    0000009c     sysbios.aem4f : BIOS.obj (.text:ti_sysbios_knl_Semaphore_Instance_init__E)
                  0000a4c4    0000009a     ti.targets.arm.rtsarm.aem4f : Text.oem4f (.text:xdc_runtime_Text_putSite__E)
                  0000a55e    00000098     drivers_tivaware.aem4f : UARTTiva.oem4f (.text:UARTTiva_readPolling)
                  0000a5f6    00000002     --HOLE-- [fill = 0]
                  0000a5f8    00000098     Boot.aem4f : Boot.oem4f (.text:ti_catalog_arm_cortexm4_tiva_ce_Boot_sysCtlClockFreqSet__E)
                  0000a690    00000096     rtsv7M4_T_le_v4SPD16_eabi.lib : ull_div_t2.asm.obj (.text)
                  0000a726    00000094     drivers_tivaware.aem4f : UARTTiva.oem4f (.text:UARTTiva_write)
                  0000a7ba    00000006     driverlib.lib : gpio.obj (.text:GPIOIntClear)
                  0000a7c0    00000094     sysbios.aem4f : BIOS.obj (.text:ti_sysbios_family_arm_m3_Hwi_Instance_init__E)
                  0000a854    00000004     empty_pem4f.oem4f (.text:ti_sysbios_knl_Clock_TimerProxy_getMaxTicks__E)
                  0000a858    00000094     sysbios.aem4f : BIOS.obj (.text:ti_sysbios_family_arm_m3_Hwi_initNVIC__E)
                  0000a8ec    00000004     empty_pem4f.oem4f (.text:ti_sysbios_knl_Clock_destruct)
                  0000a8f0    00000094     sysbios.aem4f : BIOS.obj (.text:ti_sysbios_knl_Task_postInit__I)
                  0000a984    0000008c     drivers_tivaware.aem4f : GPIOTiva.oem4f (.text:GPIO_init)
                  0000aa10    0000008c     motorCode.obj (.text:PIControlFxn)
                  0000aa9c    0000008c     drivers_tivaware.aem4f : UARTTiva.oem4f (.text:UARTTiva_control)
                  0000ab28    0000008c     motorCode.obj (.text:accelLimitFxn)
                  0000abb4    0000008c     sysbios.aem4f : m3_TaskSupport_asm.obj (.text:ti_sysbios_family_arm_m3_TaskSupport_buildTaskStack)
                  0000ac40    0000008a     drivers_tivaware.aem4f : UARTTiva.oem4f (.text:readIsrTextBlocking)
                  0000acca    00000002     --HOLE-- [fill = 0]
                  0000accc    00000088                            : PWMTiva.oem4f (.text:PWMTiva_control)
                  0000ad54    00000086     grlib.lib : rectangle.obj (.text:GrRectFill)
                  0000adda    00000086     rtsv7M4_T_le_v4SPD16_eabi.lib : fd_cmp_t2.asm.obj (.text:__aeabi_cdcmple)
                  0000ae60    00000086                                   : fd_cmp_t2.asm.obj (.text:__aeabi_cdrcmple)
                  0000aee6    00000002     --HOLE-- [fill = 0]
                  0000aee8    00000084     sysbios.aem4f : BIOS.obj (.text:ti_sysbios_family_arm_m3_Hwi_postInit__I)
                  0000af6c    00000082     drivers_tivaware.aem4f : UARTTiva.oem4f (.text:readIsrTextCallback)
                  0000afee    0000007e                            : I2CTiva.oem4f (.text:I2CTiva_transfer)
                  0000b06c    0000007a     driverlib.lib : adc.obj (.text:ADCSequenceStepConfigure)
                  0000b0e6    0000007a     drivers_tivaware.aem4f : UARTTiva.oem4f (.text:readTaskCallback)
                  0000b160    0000007a     rtsv7M4_T_le_v4SPD16_eabi.lib : memset_t2.asm.obj (.text)
                  0000b1da    00000002     --HOLE-- [fill = 0]
                  0000b1dc    00000078     sensors_api.obj (.text:getAcceleration)
                  0000b254    00000074     motorCode.obj (.text:ADCTriggerFxn)
                  0000b2c8    00000074     sysbios.aem4f : BIOS.obj (.text:ti_sysbios_knl_Clock_start__E)
                  0000b33c    00000070     opt3001.obj (.text:OPT3001Convert)
                  0000b3ac    00000004     empty_pem4f.oem4f (.text:ti_sysbios_knl_Queue_destruct)
                  0000b3b0    00000070     sysbios.aem4f : BIOS.obj (.text:ti_sysbios_knl_Clock_workFunc__E)
                  0000b420    00000070                   : BIOS.obj (.text:ti_sysbios_knl_Task_exit__E)
                  0000b490    0000006e     rtsv7M4_T_le_v4SPD16_eabi.lib : _printfi.c.obj (.text:_mcpy)
                  0000b4fe    0000006e                                   : fd_tos_t2.asm.obj (.text)
                  0000b56c    0000006e                                   : ll_div_t2.asm.obj (.text)
                  0000b5da    00000002     --HOLE-- [fill = 0]
                  0000b5dc    0000006d     ti.targets.arm.rtsarm.aem4f : System.oem4f (.text:xdc_runtime_System_formatNum__I)
                  0000b649    00000003     --HOLE-- [fill = 0]
                  0000b64c    0000006c     grlib_demo.obj (.text:OnGraphsMain)
                  0000b6b8    0000006c     drivers_tivaware.aem4f : PWMTimerTiva.oem4f (.text:PWMTimerTiva_control)
                  0000b724    0000006c     rtsv7M4_T_le_v4SPD16_eabi.lib : asctime.c.obj (.text:asctime)
                  0000b790    0000006c     empty_pem4f.oem4f (.text:ti_sysbios_family_arm_m3_Hwi_Object__create__S)
                  0000b7fc    00000004     empty_pem4f.oem4f (.text:ti_sysbios_knl_Semaphore_destruct)
                  0000b800    0000006c     sysbios.aem4f : BIOS.obj (.text:ti_sysbios_knl_Swi_restoreHwi__E)
                  0000b86c    0000006c     drivers_tivaware.aem4f : UARTTiva.oem4f (.text:writeData)
                  0000b8d8    0000006c     ti.targets.arm.rtsarm.aem4f : Error.oem4f (.text:xdc_runtime_Error_print__E)
                  0000b944    0000006c                                 : Memory.oem4f (.text:xdc_runtime_Memory_alloc__E)
                  0000b9b0    0000006a     drivers_tivaware.aem4f : PWMTiva.oem4f (.text:PWMTiva_close)
                  0000ba1a    00000002     --HOLE-- [fill = 0]
                  0000ba1c    00000068     grlib_demo.obj (.text:DrawDayNight)
                  0000ba84    00000068     grlib_demo.obj (.text:DrawTime)
                  0000baec    00000068     grlib.lib : context.obj (.text:GrContextInit)
                  0000bb54    00000068               : string.obj (.text:GrStringWidthGet)
                  0000bbbc    00000068     driverlib.lib : interrupt.obj (.text:IntEnable)
                  0000bc24    00000068     Kentec320x240x16_ssd2119_spi.obj (.text:Kentec320x240x16_SSD2119LineDrawH)
                  0000bc8c    00000068     Kentec320x240x16_ssd2119_spi.obj (.text:Kentec320x240x16_SSD2119LineDrawV)
                  0000bcf4    00000068     rtsv7M4_T_le_v4SPD16_eabi.lib : copy_decompress_lzss.c.obj (.text:decompress:lzss:__TI_decompress_lzss)
                  0000bd5c    00000066     grlib.lib : context.obj (.text:GrContextClipRegionSet)
                  0000bdc2    00000066               : rectangle.obj (.text:GrRectDraw)
                  0000be28    00000066     opt3001.obj (.text:OPT3001Read)
                  0000be8e    00000066     ti.targets.arm.rtsarm.aem4f : Core-mem.oem4f (.text:xdc_runtime_Core_deleteObject__I)
                  0000bef4    00000064     drivers_tivaware.aem4f : GPIOTiva.oem4f (.text:GPIO_hwiIntFxn)
                  0000bf58    00000064     opt3001.obj (.text:OPT3001Test)
                  0000bfbc    00000064     grlib.lib : widget.obj (.text:WidgetMessageQueueProcess)
                  0000c020    00000064     rtsv7M4_T_le_v4SPD16_eabi.lib : s_frexp.c.obj (.text:frexp)
                  0000c084    00000064     empty.obj (.text:setupLightSensor)
                  0000c0e8    00000064     sysbios.aem4f : BIOS.obj (.text:ti_sysbios_family_arm_lm4_Timer_Module_startup__E)
                  0000c14c    00000064     empty_pem4f.oem4f (.text:ti_sysbios_family_arm_m3_Hwi_create)
                  0000c1b0    00000064     sysbios.aem4f : BIOS.obj (.text:ti_sysbios_family_arm_m3_Hwi_dispatchC__I)
                  0000c214    00000064     empty_pem4f.oem4f (.text:ti_sysbios_hal_Hwi_create)
                  0000c278    00000062     drivers_tivaware.aem4f : I2CTiva.oem4f (.text:I2CTiva_primeTransfer)
                  0000c2da    00000002     --HOLE-- [fill = 0]
                  0000c2dc    00000060     driverlib.lib : timer.obj (.text:TimerConfigure)
                  0000c33c    00000060     Kentec320x240x16_ssd2119_spi.obj (.text:WriteDataSPI)
                  0000c39c    00000060     motorCode.obj (.text:statesFxn)
                  0000c3fc    00000060     sensors_api.obj (.text:taskLight)
                  0000c45c    00000004     ti.targets.arm.rtsarm.aem4f : Error.oem4f (.text:xdc_runtime_Error_getSite__E)
                  0000c460    00000060     sysbios.aem4f : BIOS.obj (.text:ti_sysbios_knl_Task_schedule__I)
                  0000c4c0    0000005e     grlib.lib : widget.obj (.text:WidgetMessageSendPreOrder)
                  0000c51e    0000005e     drivers_tivaware.aem4f : UARTTiva.oem4f (.text:readIsrBinaryBlocking)
                  0000c57c    0000005c     Kentec320x240x16_ssd2119_spi.obj (.text:WriteCommandSPI)
                  0000c5d8    0000005c     sensors_api.obj (.text:getLight)
                  0000c634    00000004     empty_pem4f.oem4f (.text:xdc_runtime_System_Module_GateProxy_enter__E)
                  0000c638    0000005c     sysbios.aem4f : BIOS.obj (.text:ti_sysbios_knl_Swi_run__I)
                  0000c694    00000004     empty_pem4f.oem4f (.text:xdc_runtime_System_Module_GateProxy_leave__E)
                  0000c698    0000005c     sysbios.aem4f : BIOS.obj (.text:ti_sysbios_knl_Swi_schedule__I)
                  0000c6f4    00000004     ti.targets.arm.rtsarm.aem4f : System.oem4f (.text:xdc_runtime_System_aprintf_va__F)
                  0000c6f8    0000005c     sysbios.aem4f : BIOS.obj (.text:ti_sysbios_knl_Task_Module_startup__E)
                  0000c754    0000005c     empty_pem4f.oem4f (.text:ti_sysbios_knl_Task_create)
                  0000c7b0    0000005c     sysbios.aem4f : BIOS.obj (.text:ti_sysbios_knl_Task_startCore__E)
                  0000c80c    0000005b     ti.targets.arm.rtsarm.aem4f : Text.oem4f (.text:xdc_runtime_Text_putLab__E)
                  0000c867    00000001     --HOLE-- [fill = 0]
                  0000c868    0000005a     grlib.lib : string.obj (.text:FontWideGlyphDataGet)
                  0000c8c2    00000002     --HOLE-- [fill = 0]
                  0000c8c4    00000058     boot.aem4f : boot.oem4f (.text)
                  0000c91c    00000058     rtsv7M4_T_le_v4SPD16_eabi.lib : hostwrite.c.obj (.text:HOSTwrite)
                  0000c974    00000058     driverlib.lib : timer.obj (.text:TimerControlTrigger)
                  0000c9cc    00000058     empty_pem4f.oem4f (.text:ti_sysbios_family_arm_m3_Hwi_construct)
                  0000ca24    00000058     sysbios.aem4f : m3_Hwi_asm_switch.obj (.text:ti_sysbios_family_arm_m3_Hwi_initStacks__E)
                  0000ca7c    00000056     driverlib.lib : gpio.obj (.text:GPIOIntTypeSet)
                  0000cad2    00000056     rtsv7M4_T_le_v4SPD16_eabi.lib : _printfi.c.obj (.text:_pconv_f)
                  0000cb28    00000054     EK_TM4C1294XL.obj (.text:EK_TM4C1294XL_initUART)
                  0000cb7c    00000054     rtsv7M4_T_le_v4SPD16_eabi.lib : _ltoa.c.obj (.text:__TI_ltoa)
                  0000cbd0    00000054     drivers_tivaware.aem4f : UARTTiva.oem4f (.text:readIsrBinaryCallback)
                  0000cc24    00000054     ti.targets.arm.rtsarm.aem4f : Assert.oem4f (.text:xdc_runtime_Assert_raise__I)
                  0000cc78    00000052     rtsv7M4_T_le_v4SPD16_eabi.lib : _printfi.c.obj (.text:_ecpy)
                  0000ccca    00000002     --HOLE-- [fill = 0]
                  0000cccc    00000050     motorCode.obj (.text:ADC0_Init)
                  0000cd1c    00000050     driverlib.lib : adc.obj (.text:ADCSequenceConfigure)
                  0000cd6c    00000050     drivers_tivaware.aem4f : GPIOTiva.oem4f (.text:GPIO_setCallback)
                  0000cdbc    00000050                            : GPIOTiva.oem4f (.text:GPIO_toggle)
                  0000ce0c    00000050                            : GPIOTiva.oem4f (.text:GPIO_write)
                  0000ce5c    00000050     opt3001.obj (.text:OPT3001WriteI2C)
                  0000ceac    00000050     drivers_tivaware.aem4f : UARTTiva.oem4f (.text:UARTTiva_writeCancel)
                  0000cefc    00000050     Boot.aem4f : Boot_sysctl.oem4f (.text:_SysCtlFrequencyGet)
                  0000cf4c    00000004     ti.targets.arm.rtsarm.aem4f : System.oem4f (.text:xdc_runtime_System_printf_va__F)
                  0000cf50    00000050     sysbios.aem4f : BIOS.obj (.text:ti_sysbios_family_arm_m3_Hwi_Module_startup__E)
                  0000cfa0    00000050     ti.targets.arm.rtsarm.aem4f : Startup.oem4f (.text:xdc_runtime_Startup_exec__E)
                  0000cff0    00000050                                 : Text.oem4f (.text:xdc_runtime_Text_visitRope2__I)
                  0000d040    0000004c     driverlib.lib : i2c.obj (.text:I2CMasterInitExpClk)
                  0000d08c    0000004c     drivers_tivaware.aem4f : UARTTiva.oem4f (.text:UARTTiva_close)
                  0000d0d8    0000004c     grlib.lib : widget.obj (.text:WidgetRemove)
                  0000d124    0000004c     rtsv7M4_T_le_v4SPD16_eabi.lib : atoi.c.obj (.text:atoi)
                  0000d170    0000004c                                   : cpy_tbl.c.obj (.text:copy_in)
                  0000d1bc    0000004c     grlib_demo.obj (.text:drawSettingValue)
                  0000d208    0000004c     motorCode.obj (.text:initUART)
                  0000d254    0000004c     rtsv7M4_T_le_v4SPD16_eabi.lib : snprintf.c.obj (.text:snprintf)
                  0000d2a0    0000004c     sysbios.aem4f : BIOS.obj (.text:ti_sysbios_family_arm_lm4_Timer_setAvailMask__E)
                  0000d2ec    00000004     --HOLE-- [fill = 0]
                  0000d2f0    0000004c                   : BIOS.obj (.text:ti_sysbios_heaps_HeapMem_getStats__E)
                  0000d33c    00000004     --HOLE-- [fill = 0]
                  0000d340    0000004c                   : BIOS.obj (.text:ti_sysbios_knl_Swi_runLoop__I)
                  0000d38c    00000004     --HOLE-- [fill = 0]
                  0000d390    0000004c                   : BIOS.obj (.text:ti_sysbios_knl_Task_allBlockedFunction__I)
                  0000d3dc    0000004a     drivers_tivaware.aem4f : PWMTimerTiva.oem4f (.text:PWMTimerTiva_close)
                  0000d426    0000004a     grlib.lib : string.obj (.text:UpdateContextCharMapping)
                  0000d470    00000048     driverlib.lib : gpio.obj (.text:GPIOPinConfigure)
                  0000d4b8    00000048     rtsv7M4_T_le_v4SPD16_eabi.lib : hosttime.c.obj (.text:HOSTtime)
                  0000d500    00000048     grlib_demo.obj (.text:OnMainMenu)
                  0000d548    00000048     grlib_demo.obj (.text:OnSettingsMain)
                  0000d590    00000048     driverlib.lib : sysctl.obj (.text:_SysCtlFrequencyGet)
                  0000d5d8    00000048     bmi160.obj (.text:accelThreshold)
                  0000d620    00000048     rtsv7M4_T_le_v4SPD16_eabi.lib : fd_toi_t2.asm.obj (.text)
                  0000d668    00000048     sysbios.aem4f : BIOS.obj (.text:ti_sysbios_family_arm_m3_Hwi_disableInterrupt__E)
                  0000d6b0    00000048                   : BIOS.obj (.text:ti_sysbios_family_arm_m3_Hwi_enableInterrupt__E)
                  0000d6f8    00000048                   : BIOS.obj (.text:ti_sysbios_family_arm_m3_Hwi_excReserved__I)
                  0000d740    00000048     bmi160.obj (.text:writeI2C)
                  0000d788    00000046     grlib.lib : line.obj (.text:GrLineDrawH)
                  0000d7ce    00000046               : line.obj (.text:GrLineDrawV)
                  0000d814    00000046     Kentec320x240x16_ssd2119_spi.obj (.text:Kentec320x240x16_SSD2119PixelDraw)
                  0000d85a    00000046     drivers_tivaware.aem4f : RingBuf.oem4f (.text:RingBuf_put)
                  0000d8a0    00000046     driverlib.lib : uart.obj (.text:UARTConfigSetExpClk)
                  0000d8e6    00000046     ti.targets.arm.rtsarm.aem4f : Core-params.oem4f (.text:xdc_runtime_Core_assignParams__I)
                  0000d92c    00000044     rtsv7M4_T_le_v4SPD16_eabi.lib : fd_tou_t2.asm.obj (.text)
                  0000d970    00000044     sysbios.aem4f : BIOS.obj (.text:ti_sysbios_family_arm_lm4_Timer_isrStub__E)
                  0000d9b4    00000004     --HOLE-- [fill = 0]
                  0000d9b8    00000044                   : BIOS.obj (.text:ti_sysbios_family_arm_m3_Hwi_getStackInfo__E)
                  0000d9fc    00000004     --HOLE-- [fill = 0]
                  0000da00    00000044                   : BIOS.obj (.text:ti_sysbios_knl_Swi_post__E)
                  0000da44    00000044     ti.targets.arm.rtsarm.aem4f : Error.oem4f (.text:xdc_runtime_Error_setX__E)
                  0000da88    00000044                                 : SysMin.oem4f (.text:xdc_runtime_SysMin_flush__E)
                  0000dacc    00000044                                 : Text.oem4f (.text:xdc_runtime_Text_xprintf__I)
                  0000db10    00000042     drivers_tivaware.aem4f : UARTTiva.oem4f (.text:UARTTiva_hwiIntFxn)
                  0000db52    00000042                            : UARTTiva.oem4f (.text:UARTTiva_writePolling)
                  0000db94    00000040     opt3001.obj (.text:OPT3001ReadI2C)
                  0000dbd4    00000040     drivers_tivaware.aem4f : RingBuf.oem4f (.text:RingBuf_get)
                  0000dc14    00000040                            : UARTTiva.oem4f (.text:UARTTiva_read)
                  0000dc54    00000040     bmi160.obj (.text:readI2C)
                  0000dc94    00000040     rtsv7M4_T_le_v4SPD16_eabi.lib : u_divt2.asm.obj (.text)
                  0000dcd4    00000040                                   : sprintf.c.obj (.text:sprintf)
                  0000dd14    00000004     --HOLE-- [fill = 0]
                  0000dd18    00000040     sysbios.aem4f : BIOS.obj (.text:ti_sysbios_family_arm_lm4_Timer_startup__E)
                  0000dd58    0000003e     rtsv7M4_T_le_v4SPD16_eabi.lib : _printfi.c.obj (.text:_fcpy)
                  0000dd96    00000002     --HOLE-- [fill = 0]
                  0000dd98    0000003c     EK_TM4C1294XL.obj (.text:EK_TM4C1294XL_initI2C)
                  0000ddd4    0000003c     driverlib.lib : ssi.obj (.text:SSIConfigSetExpClk)
                  0000de10    0000003c     sysbios.aem4f : BIOS.obj (.text:ti_sysbios_family_arm_m3_Hwi_excSvCall__I)
                  0000de4c    00000004     --HOLE-- [fill = 0]
                  0000de50    0000003c                   : BIOS.obj (.text:ti_sysbios_heaps_HeapMem_init__I)
                  0000de8c    00000004     --HOLE-- [fill = 0]
                  0000de90    0000003c                   : BIOS.obj (.text:ti_sysbios_knl_Swi_restore__E)
                  0000decc    0000003a     grlib.lib : string.obj (.text:FontGlyphDataGet)
                  0000df06    0000003a     drivers_tivaware.aem4f : I2CTiva.oem4f (.text:I2CTiva_completeTransfer)
                  0000df40    00000038                            : I2C.oem4f (.text:I2C_init)
                  0000df78    00000038                            : PWM.oem4f (.text:PWM_init)
                  0000dfb0    00000038     driverlib.lib : sysctl.obj (.text:SysCtlPeripheralReady)
                  0000dfe8    00000038     drivers_tivaware.aem4f : UART.oem4f (.text:UART_init)
                  0000e020    00000038     rtsv7M4_T_le_v4SPD16_eabi.lib : trgmsg.c.obj (.text:__TI_writemsg)
                  0000e058    00000038                                   : fs_tod_t2.asm.obj (.text)
                  0000e090    00000038     motorCode.obj (.text:startMotor)
                  0000e0c8    00000038     sysbios.aem4f : BIOS.obj (.text:ti_sysbios_family_arm_m3_Hwi_excNoIsr__I)
                  0000e100    00000038     empty_pem4f.oem4f (.text:ti_sysbios_knl_Clock_create)
                  0000e138    00000038     sysbios.aem4f : BIOS.obj (.text:ti_sysbios_knl_Task_processVitalTaskFlag__I)
                  0000e170    00000038     ti.targets.arm.rtsarm.aem4f : SysMin.oem4f (.text:xdc_runtime_SysMin_putch__E)
                  0000e1a8    00000038                                 : System.oem4f (.text:xdc_runtime_System_atexit__E)
                  0000e1e0    00000036     grlib.lib : line.obj (.text:GrClipCodeGet)
                  0000e216    00000036     drivers_tivaware.aem4f : I2CTiva.oem4f (.text:I2CTiva_close)
                  0000e24c    00000036                            : UARTTiva.oem4f (.text:UARTTiva_readCancel)
                  0000e282    00000002     --HOLE-- [fill = 0]
                  0000e284    00000034     driverlib.lib : sysctl.obj (.text:SysCtlPeripheralEnable)
                  0000e2b8    00000034     rtsv7M4_T_le_v4SPD16_eabi.lib : trgmsg.c.obj (.text:__TI_readmsg)
                  0000e2ec    00000004     --HOLE-- [fill = 0]
                  0000e2f0    00000034     sysbios.aem4f : BIOS.obj (.text:ti_sysbios_family_arm_m3_Hwi_Instance_finalize__E)
                  0000e324    00000004     --HOLE-- [fill = 0]
                  0000e328    00000034                   : BIOS.obj (.text:ti_sysbios_family_arm_m3_Hwi_excNmi__I)
                  0000e35c    00000004     --HOLE-- [fill = 0]
                  0000e360    00000034                   : BIOS.obj (.text:ti_sysbios_hal_Hwi_checkStack)
                  0000e394    00000034     empty_pem4f.oem4f (.text:ti_sysbios_knl_Clock_construct)
                  0000e3c8    00000034     ti.targets.arm.rtsarm.aem4f : Core-label.oem4f (.text:xdc_runtime_Core_assignLabel__I)
                  0000e3fc    00000033                                 : Text.oem4f (.text:xdc_runtime_Text_printVisFxn__I)
                  0000e42f    00000001     --HOLE-- [fill = 0]
                  0000e430    00000032     sysbios.aem4f : BIOS.obj (.text:ti_sysbios_hal_Hwi_initStack)
                  0000e462    00000002     --HOLE-- [fill = 0]
                  0000e464    00000030     drivers_tivaware.aem4f : GPIOTiva.oem4f (.text:GPIO_enableInt)
                  0000e494    00000030                            : GPIOTiva.oem4f (.text:GPIO_read)
                  0000e4c4    00000030                            : I2C.oem4f (.text:I2C_open)
                  0000e4f4    00000030     grlib_demo.obj (.text:OnGraphAcceleration)
                  0000e524    00000030     drivers_tivaware.aem4f : PWMTiva.oem4f (.text:PWMTiva_init)
                  0000e554    00000030                            : PWM.oem4f (.text:PWM_open)
                  0000e584    00000030                            : UART.oem4f (.text:UART_open)
                  0000e5b4    00000030     rtsv7M4_T_le_v4SPD16_eabi.lib : snprintf.c.obj (.text:_outs)
                  0000e5e4    00000030     motorCode.obj (.text:readABC)
                  0000e614    00000030     empty_pem4f.oem4f (.text:ti_sysbios_BIOS_atExitFunc__I)
                  0000e644    00000004     --HOLE-- [fill = 0]
                  0000e648    00000030     sysbios.aem4f : BIOS.obj (.text:ti_sysbios_family_arm_lm4_Timer_stop__E)
                  0000e678    00000030                   : BIOS.obj (.text:ti_sysbios_family_arm_m3_TaskSupport_start__E)
                  0000e6a8    00000030     empty_pem4f.oem4f (.text:ti_sysbios_gates_GateHwi_Object__create__S)
                  0000e6d8    00000030     empty_pem4f.oem4f (.text:ti_sysbios_gates_GateHwi_create)
                  0000e708    00000030     empty_pem4f.oem4f (.text:ti_sysbios_gates_GateMutex_Object__create__S)
                  0000e738    00000030     empty_pem4f.oem4f (.text:ti_sysbios_heaps_HeapMem_Object__create__S)
                  0000e768    00000030     sysbios.aem4f : BIOS.obj (.text:ti_sysbios_knl_Event_pendTimeout__I)
                  0000e798    00000030     empty_pem4f.oem4f (.text:ti_sysbios_knl_Semaphore_construct)
                  0000e7c8    00000030     sysbios.aem4f : BIOS.obj (.text:ti_sysbios_knl_Semaphore_pendTimeout__I)
                  0000e7f8    00000030                   : BIOS.obj (.text:ti_sysbios_knl_Task_unblockI__E)
                  0000e828    00000030     ti.targets.arm.rtsarm.aem4f : SysMin.oem4f (.text:xdc_runtime_SysMin_abort__E)
                  0000e858    00000030                                 : System.oem4f (.text:xdc_runtime_System_processAtExit__E)
                  0000e888    0000002e     grlib.lib : string.obj (.text:GrStringNextCharGet)
                  0000e8b6    0000002e     opt3001.obj (.text:OPT3001Enable)
                  0000e8e4    0000002e     rtsv7M4_T_le_v4SPD16_eabi.lib : i_tofd_t2.asm.obj (.text)
                  0000e912    0000002c     grlib.lib : string.obj (.text:GrFontBaselineGet)
                  0000e93e    0000002c               : string.obj (.text:GrFontHeightGet)
                  0000e96a    0000002c               : pushbutton.obj (.text:RectangularButtonMsgProc)
                  0000e996    0000002c               : widget.obj (.text:WidgetIsInTree)
                  0000e9c2    00000002     --HOLE-- [fill = 0]
                  0000e9c4    0000002c     empty_pem4f.oem4f (.text:ti_sysbios_knl_Clock_doTick__I)
                  0000e9f0    0000002c     empty_pem4f.oem4f (.text:ti_sysbios_knl_Event_construct)
                  0000ea1c    0000002c     empty_pem4f.oem4f (.text:ti_sysbios_knl_Queue_construct)
                  0000ea48    0000002c     sysbios.aem4f : BIOS.obj (.text:ti_sysbios_knl_Task_restore__E)
                  0000ea74    0000002c     ti.targets.arm.rtsarm.aem4f : Text.oem4f (.text:xdc_runtime_Text_cordText__E)
                  0000eaa0    0000002a     driverlib.lib : gpio.obj (.text:GPIODirModeSet)
                  0000eaca    0000002a     ti.targets.arm.rtsarm.aem4f : System.oem4f (.text:xdc_runtime_System_putchar__I)
                  0000eaf4    00000028     Kentec320x240x16_ssd2119_spi.obj (.text:Kentec320x240x16_SSD2119ColorTranslate)
                  0000eb1c    00000028     grlib_demo.obj (.text:OnGraphLight)
                  0000eb44    00000028     grlib_demo.obj (.text:OnGraphSpeed)
                  0000eb6c    00000004     --HOLE-- [fill = 0]
                  0000eb70    00000028     sysbios.aem4f : BIOS.obj (.text:ti_sysbios_hal_Hwi_Instance_init__E)
                  0000eb98    00000028                   : BIOS.obj (.text:ti_sysbios_knl_Swi_Module_startup__E)
                  0000ebc0    00000026     grlib.lib : string.obj (.text:GrFontInfoGet)
                  0000ebe6    00000026     sysbios.aem4f : m3_Hwi_asm.obj (.text:ti_sysbios_family_arm_m3_Hwi_pendSV__I)
                  0000ec0c    00000026     ti.targets.arm.rtsarm.aem4f : System.oem4f (.text:xdc_runtime_System_avprintf__E)
                  0000ec32    00000002     --HOLE-- [fill = 0]
                  0000ec34    00000024     grlib_demo.obj (.text:OnGraphPower)
                  0000ec58    00000024     sensors_api.obj (.text:setAccelThreshold)
                  0000ec7c    00000024     empty_pem4f.oem4f (.text:ti_sysbios_BIOS_errorRaiseHook__I)
                  0000eca0    00000024     empty_pem4f.oem4f (.text:ti_sysbios_BIOS_registerRTSLock__I)
                  0000ecc4    00000024     empty_pem4f.oem4f (.text:ti_sysbios_BIOS_removeRTSLock__I)
                  0000ece8    00000024     empty_pem4f.oem4f (.text:ti_sysbios_BIOS_startFunc__I)
                  0000ed0c    00000024     empty_pem4f.oem4f (.text:ti_sysbios_gates_GateMutex_Object__delete__S)
                  0000ed30    00000024     sysbios.aem4f : BIOS.obj (.text:ti_sysbios_knl_Clock_Module_startup__E)
                  0000ed54    00000004     --HOLE-- [fill = 0]
                  0000ed58    00000024                   : BIOS.obj (.text:ti_sysbios_knl_Task_restoreHwi__E)
                  0000ed7c    00000024     ti.targets.arm.rtsarm.aem4f : System.oem4f (.text:xdc_runtime_System_vprintf__E)
                  0000eda0    00000022     grlib.lib : string.obj (.text:GrFontGlyphDataGet)
                  0000edc2    00000022     driverlib.lib : pwm.obj (.text:PWMGenConfigure)
                  0000ede4    00000022     drivers_tivaware.aem4f : PWMTiva.oem4f (.text:PWMTiva_getPeriodCounts)
                  0000ee06    00000002     --HOLE-- [fill = 0]
                  0000ee08    00000022     sysbios.aem4f : BIOS.obj (.text:ti_sysbios_family_arm_lm4_Timer_write__I)
                  0000ee2a    00000022     empty_pem4f.oem4f (.text:xdc_runtime_SysMin_output__I)
                  0000ee4c    00000020     motorCode.obj (.text:ADCFxn)
                  0000ee6c    00000020     drivers_tivaware.aem4f : GPIOTiva.oem4f (.text:GPIO_clearInt)
                  0000ee8c    00000020     driverlib.lib : uart.obj (.text:UARTDisable)
                  0000eeac    00000020     Boot.aem4f : Boot_sysctl.oem4f (.text:_SysCtlMemTimingGet)
                  0000eecc    00000020     driverlib.lib : sysctl.obj (.text:_SysCtlMemTimingGet)
                  0000eeec    00000020     rtsv7M4_T_le_v4SPD16_eabi.lib : u_tofd_t2.asm.obj (.text)
                  0000ef0c    00000020     motorCode.obj (.text:setSpeed)
                  0000ef2c    00000020     empty_pem4f.oem4f (.text:ti_sysbios_BIOS_rtsLock__I)
                  0000ef4c    00000020     empty_pem4f.oem4f (.text:ti_sysbios_family_arm_m3_Hwi_Object__delete__S)
                  0000ef6c    00000020     sysbios.aem4f : m3_Hwi_asm.obj (.text:ti_sysbios_family_arm_m3_Hwi_excHandlerAsm__I)
                  0000ef8c    00000004     --HOLE-- [fill = 0]
                  0000ef90    00000020                   : BIOS.obj (.text:ti_sysbios_family_arm_m3_Hwi_excHandler__I)
                  0000efb0    00000020     empty_pem4f.oem4f (.text:ti_sysbios_gates_GateHwi_Object__delete__S)
                  0000efd0    00000020     empty_pem4f.oem4f (.text:ti_sysbios_heaps_HeapMem_Object__delete__S)
                  0000eff0    00000020     empty_pem4f.oem4f (.text:ti_sysbios_knl_Clock_Object__destruct__S)
                  0000f010    00000020     sysbios.aem4f : BIOS.obj (.text:ti_sysbios_knl_Idle_run__E)
                  0000f030    00000020     empty_pem4f.oem4f (.text:ti_sysbios_knl_Semaphore_Object__destruct__S)
                  0000f050    00000020     ti.targets.arm.rtsarm.aem4f : Registry.oem4f (.text:xdc_runtime_Registry_findById__E)
                  0000f070    00000020                                 : SysMin.oem4f (.text:xdc_runtime_SysMin_Module_startup__E)
                  0000f090    0000001e     driverlib.lib : adc.obj (.text:ADCSequenceDataGet)
                  0000f0ae    0000001e     grlib.lib : string.obj (.text:GrFontCodepageGet)
                  0000f0cc    0000001e     driverlib.lib : pwm.obj (.text:PWMPulseWidthSet)
                  0000f0ea    0000001e     drivers_tivaware.aem4f : PWMTiva.oem4f (.text:PWMTiva_getPeriodMicroSecs)
                  0000f108    0000001e     grlib.lib : widget.obj (.text:WidgetAdd)
                  0000f126    0000001e     sysbios.aem4f : m3_Hwi_asm_switch.obj (.text:ti_sysbios_family_xxx_Hwi_switchAndRunFunc)
                  0000f144    0000001c     grlib.lib : widget.obj (.text:WidgetPointerMessage)
                  0000f160    0000001c     drivers_tivaware.aem4f : GPIOTiva.oem4f (.text:getGpioIntIndex)
                  0000f17c    0000001c     empty.obj (.text:heartBeatFxn)
                  0000f198    0000001c     rtsv7M4_T_le_v4SPD16_eabi.lib : memccpy.c.obj (.text:memccpy)
                  0000f1b4    0000001c     empty_pem4f.oem4f (.text:ti_sysbios_family_arm_m3_Hwi_Object__destruct__S)
                  0000f1d0    0000001c     sysbios.aem4f : BIOS.obj (.text:ti_sysbios_gates_GateMutex_Instance_init__E)
                  0000f1ec    0000001c     empty_pem4f.oem4f (.text:ti_sysbios_hal_Hwi_HwiProxy_create)
                  0000f208    0000001c     empty_pem4f.oem4f (.text:ti_sysbios_knl_Queue_Object__destruct__S)
                  0000f224    00000004     --HOLE-- [fill = 0]
                  0000f228    0000001c     sysbios.aem4f : BIOS.obj (.text:ti_sysbios_knl_Queue_put__E)
                  0000f244    00000004     --HOLE-- [fill = 0]
                  0000f248    0000001c                   : BIOS.obj (.text:ti_sysbios_knl_Task_enter__I)
                  0000f264    0000001c     ti.targets.arm.rtsarm.aem4f : Error.oem4f (.text:xdc_runtime_Error_raiseX__E)
                  0000f280    0000001c                                 : Memory.oem4f (.text:xdc_runtime_Memory_valloc__E)
                  0000f29c    0000001c                                 : SysMin.oem4f (.text:xdc_runtime_SysMin_exit__E)
                  0000f2b8    0000001c                                 : System.oem4f (.text:xdc_runtime_System_abort__E)
                  0000f2d4    0000001a     rtsv7M4_T_le_v4SPD16_eabi.lib : s_copysign.c.obj (.text:copysign)
                  0000f2ee    0000001a     empty_pem4f.oem4f (.text:ti_sysbios_family_arm_m3_Hwi_Handle__label__S)
                  0000f308    0000001a     empty_pem4f.oem4f (.text:ti_sysbios_gates_GateHwi_Handle__label__S)
                  0000f322    0000001a     empty_pem4f.oem4f (.text:ti_sysbios_gates_GateMutex_Handle__label__S)
                  0000f33c    0000001a     empty_pem4f.oem4f (.text:ti_sysbios_heaps_HeapMem_Handle__label__S)
                  0000f356    0000001a     empty_pem4f.oem4f (.text:ti_sysbios_knl_Swi_Handle__label__S)
                  0000f370    0000001a     empty_pem4f.oem4f (.text:ti_sysbios_knl_Task_Handle__label__S)
                  0000f38a    0000001a     empty_pem4f.oem4f (.text:xdc_runtime_System_aprintf__E)
                  0000f3a4    0000001a     empty_pem4f.oem4f (.text:xdc_runtime_System_printf__E)
                  0000f3be    00000018     driverlib.lib : gpio.obj (.text:GPIOPinTypeGPIOOutput)
                  0000f3d6    00000018                   : timer.obj (.text:TimerControlLevel)
                  0000f3ee    00000002     --HOLE-- [fill = 0]
                  0000f3f0    00000018                   : timer.obj (.text:TimerDisable)
                  0000f408    00000018     drivers_tivaware.aem4f : UART.oem4f (.text:UART_Params_init)
                  0000f420    00000018     rtsv7M4_T_le_v4SPD16_eabi.lib : args_main.c.obj (.text:_args_main)
                  0000f438    00000018                                   : snprintf.c.obj (.text:_outc)
                  0000f450    00000018                                   : sprintf.c.obj (.text:_outs)
                  0000f468    00000018     sensors_api.obj (.text:accelEStopIntterupt)
                  0000f480    00000018     empty_pem4f.oem4f (.text:ti_sysbios_BIOS_rtsUnlock__I)
                  0000f498    00000018     empty_pem4f.oem4f (.text:ti_sysbios_family_arm_lm4_Timer_Module__startupDone__F)
                  0000f4b0    00000018     empty_pem4f.oem4f (.text:ti_sysbios_family_arm_m3_Hwi_Module__startupDone__F)
                  0000f4c8    00000018     sysbios.aem4f : m3_TaskSupport_asm.obj (.text:ti_sysbios_family_arm_m3_TaskSupport_swap__E)
                  0000f4e0    00000018                   : BIOS.obj (.text:ti_sysbios_gates_GateMutex_leave__E)
                  0000f4f8    00000018                   : BIOS.obj (.text:ti_sysbios_knl_Task_sleepTimeout__I)
                  0000f510    00000018     ti.targets.arm.rtsarm.aem4f : Error.oem4f (.text:xdc_runtime_Error_check__E)
                  0000f528    00000018                                 : System.oem4f (.text:xdc_runtime_System_exit__E)
                  0000f540    00000018                                 : Text.oem4f (.text:xdc_runtime_Text_ropeText__E)
                  0000f558    00000016     grlib.lib : string.obj (.text:GrStringDraw)
                  0000f56e    00000016     driverlib.lib : i2c.obj (.text:I2CMasterErr)
                  0000f584    00000016     rtsv7M4_T_le_v4SPD16_eabi.lib : strchr.c.obj (.text:strchr)
                  0000f59a    00000016     empty_pem4f.oem4f (.text:ti_sysbios_BIOS_exitFunc__I)
                  0000f5b0    00000016     motorCode.obj (.text:ti_sysbios_gates_GateHwi_Params_init)
                  0000f5c6    00000016     motorCode.obj (.text:ti_sysbios_hal_Hwi_Params_init)
                  0000f5dc    00000016     empty.obj (.text:ti_sysbios_knl_Clock_Params_init)
                  0000f5f2    00000016     motorCode.obj (.text:ti_sysbios_knl_Clock_Params_init)
                  0000f608    00000016     sensors_api.obj (.text:ti_sysbios_knl_Clock_Params_init)
                  0000f61e    00000016     motorCode.obj (.text:ti_sysbios_knl_Semaphore_Params_init)
                  0000f634    00000016     sensors_api.obj (.text:ti_sysbios_knl_Semaphore_Params_init)
                  0000f64a    00000016     empty.obj (.text:ti_sysbios_knl_Task_Params_init)
                  0000f660    00000016     sensors_api.obj (.text:ti_sysbios_knl_Task_Params_init)
                  0000f676    00000014     grlib.lib : canvas.obj (.text:CanvasMsgProc)
                  0000f68a    00000002     --HOLE-- [fill = 0]
                  0000f68c    00000014     Kentec320x240x16_ssd2119_spi.obj (.text:LED_OFF)
                  0000f6a0    00000014     Kentec320x240x16_ssd2119_spi.obj (.text:LED_ON)
                  0000f6b4    00000014     grlib_demo.obj (.text:OnSettingAcceleration)
                  0000f6c8    00000014     grlib_demo.obj (.text:OnSettingCurrent)
                  0000f6dc    00000014     grlib_demo.obj (.text:OnSettingSpeed)
                  0000f6f0    00000014     driverlib.lib : pwm.obj (.text:PWMClockSet)
                  0000f704    00000014                   : sysctl.obj (.text:SysCtlPWMClockSet)
                  0000f718    00000014     touch.obj (.text:TouchScreenCallbackSet)
                  0000f72c    00000014     driverlib.lib : uart.obj (.text:UARTEnable)
                  0000f740    00000014     grlib.lib : widget.obj (.text:WidgetMutexGet)
                  0000f754    00000014     motorCode.obj (.text:getSpeed)
                  0000f768    00000014     rtsv7M4_T_le_v4SPD16_eabi.lib : strcpy.c.obj (.text:strcpy)
                  0000f77c    00000014                                   : strlen.c.obj (.text:strlen)
                  0000f790    00000014     empty_pem4f.oem4f (.text:ti_sysbios_family_arm_m3_Hwi_Object__get__S)
                  0000f7a4    00000004     --HOLE-- [fill = 0]
                  0000f7a8    00000014     sysbios.aem4f : BIOS.obj (.text:ti_sysbios_family_arm_m3_Hwi_switchFromBootStack__E)
                  0000f7bc    00000014     empty_pem4f.oem4f (.text:ti_sysbios_heaps_HeapMem_Object__get__S)
                  0000f7d0    00000014     sysbios.aem4f : BIOS.obj (.text:ti_sysbios_knl_Event_Instance_init__E)
                  0000f7e4    00000014     empty_pem4f.oem4f (.text:ti_sysbios_knl_Swi_Object__get__S)
                  0000f7f8    00000012     driverlib.lib : gpio.obj (.text:GPIOPinTypeADC)
                  0000f80a    00000012                   : gpio.obj (.text:GPIOPinTypeEthernetLED)
                  0000f81c    00000012                   : gpio.obj (.text:GPIOPinTypeGPIOInput)
                  0000f82e    00000012                   : gpio.obj (.text:GPIOPinTypeI2C)
                  0000f840    00000012                   : gpio.obj (.text:GPIOPinTypeI2CSCL)
                  0000f852    00000012                   : gpio.obj (.text:GPIOPinTypePWM)
                  0000f864    00000012                   : gpio.obj (.text:GPIOPinTypeSSI)
                  0000f876    00000012                   : gpio.obj (.text:GPIOPinTypeTimer)
                  0000f888    00000012                   : gpio.obj (.text:GPIOPinTypeUART)
                  0000f89a    00000012                   : gpio.obj (.text:GPIOPinTypeUSBAnalog)
                  0000f8ac    00000012                   : gpio.obj (.text:GPIOPinTypeUSBDigital)
                  0000f8be    00000012                   : pwm.obj (.text:PWMGenPeriodGet)
                  0000f8d0    00000012                   : pwm.obj (.text:PWMOutputInvert)
                  0000f8e2    00000012                   : pwm.obj (.text:PWMOutputState)
                  0000f8f4    00000012     drivers_tivaware.aem4f : RingBuf.oem4f (.text:RingBuf_construct)
                  0000f906    00000012     driverlib.lib : ssi.obj (.text:SSIDataGetNonBlocking)
                  0000f918    00000012                   : timer.obj (.text:TimerLoadSet)
                  0000f92a    00000012                   : timer.obj (.text:TimerMatchSet)
                  0000f93c    00000012                   : timer.obj (.text:TimerPrescaleMatchSet)
                  0000f94e    00000012                   : timer.obj (.text:TimerPrescaleSet)
                  0000f960    00000012     sysbios.aem4f : BIOS.obj (.text:ti_sysbios_hal_Hwi_Module_startup__E)
                  0000f972    00000012     rtsv7M4_T_le_v4SPD16_eabi.lib : wcslen.c.obj (.text:wcslen)
                  0000f984    00000012     empty_pem4f.oem4f (.text:xdc_runtime_Startup_exec__I)
                  0000f996    00000002     --HOLE-- [fill = 0]
                  0000f998    00000010     empty_pem4f.oem4f (.text:.bootCodeSection:ti_catalog_arm_cortexm4_tiva_ce_Boot_init__I)
                  0000f9a8    00000010     driverlib.lib : adc.obj (.text:ADCIntEnable)
                  0000f9b8    00000010     drivers_tivaware.aem4f : I2C.oem4f (.text:I2C_Params_init)
                  0000f9c8    00000010     driverlib.lib : pwm.obj (.text:PWMGenPeriodSet)
                  0000f9d8    00000010     drivers_tivaware.aem4f : PWM.oem4f (.text:PWM_Params_init)
                  0000f9e8    00000010     empty.obj (.text:incrementTime)
                  0000f9f8    00000010     drivers_tivaware.aem4f : UARTTiva.oem4f (.text:readBlockingTimeout)
                  0000fa08    00000010     empty.obj (.text:sensorsFxn)
                  0000fa18    00000010     sensors_api.obj (.text:swiAcceleration)
                  0000fa28    00000010     sensors_api.obj (.text:swiLight)
                  0000fa38    00000010     sysbios.aem4f : BIOS.obj (.text:ti_sysbios_BIOS_getCpuFreq__E)
                  0000fa48    00000010                   : BIOS.obj (.text:ti_sysbios_BIOS_setThreadType__E)
                  0000fa58    00000010                   : BIOS.obj (.text:ti_sysbios_BIOS_start__E)
                  0000fa68    00000010                   : m3_TaskSupport_asm.obj (.text:ti_sysbios_family_arm_m3_TaskSupport_glue)
                  0000fa78    00000010                   : BIOS.obj (.text:ti_sysbios_gates_GateMutex_Instance_finalize__E)
                  0000fa88    00000010     empty_pem4f.oem4f (.text:ti_sysbios_hal_Hwi_HwiProxy_Object__create__S)
                  0000fa98    00000010     sysbios.aem4f : BIOS.obj (.text:ti_sysbios_knl_Semaphore_Instance_finalize__E)
                  0000faa8    00000010                   : BIOS.obj (.text:ti_sysbios_knl_Swi_disable__E)
                  0000fab8    00000010     empty_pem4f.oem4f (.text:ti_sysbios_knl_Task_Object__get__S)
                  0000fac8    00000010     sysbios.aem4f : BIOS.obj (.text:ti_sysbios_knl_Task_disable__E)
                  0000fad8    00000010     ti.targets.arm.rtsarm.aem4f : Gate.oem4f (.text:xdc_runtime_Gate_leaveSystem__E)
                  0000fae8    00000010                                 : Memory.oem4f (.text:xdc_runtime_Memory_free__E)
                  0000faf8    00000010                                 : SysMin.oem4f (.text:xdc_runtime_SysMin_ready__E)
                  0000fb08    00000010                                 : System.oem4f (.text:xdc_runtime_System_vsnprintf__E)
                  0000fb18    00000010     empty_pem4f.oem4f (.text:xdc_runtime_Text_visitRope__I)
                  0000fb28    0000000e     driverlib.lib : adc.obj (.text:ADCSequenceEnable)
                  0000fb36    0000000e                   : gpio.obj (.text:GPIOIntStatus)
                  0000fb44    0000000e     grlib.lib : image.obj (.text:GrImageDraw)
                  0000fb52    0000000e     driverlib.lib : timer.obj (.text:TimerEnable)
                  0000fb60    0000000e                   : uart.obj (.text:UARTCharGetNonBlocking)
                  0000fb6e    0000000e                   : uart.obj (.text:UARTCharPutNonBlocking)
                  0000fb7c    0000000e     rtsv7M4_T_le_v4SPD16_eabi.lib : time.c.obj (.text:__time32)
                  0000fb8a    0000000e                                   : copy_decompress_none.c.obj (.text:decompress:none:__TI_decompress_none)
                  0000fb98    0000000e     sysbios.aem4f : BIOS.obj (.text:ti_sysbios_knl_Idle_loop__E)
                  0000fba6    00000002     --HOLE-- [fill = 0]
                  0000fba8    0000000e                   : BIOS.obj (.text:ti_sysbios_knl_Queue_empty__E)
                  0000fbb6    0000000c     driverlib.lib : gpio.obj (.text:GPIOIntEnable)
                  0000fbc2    0000000c                   : pwm.obj (.text:PWMGenDisable)
                  0000fbce    0000000c                   : pwm.obj (.text:PWMGenEnable)
                  0000fbda    0000000c     drivers_tivaware.aem4f : RingBuf.oem4f (.text:RingBuf_peek)
                  0000fbe6    0000000c     driverlib.lib : uart.obj (.text:UARTFlowControlSet)
                  0000fbf2    0000000c     drivers_tivaware.aem4f : UARTTiva.oem4f (.text:UARTTiva_init)
                  0000fbfe    00000002     --HOLE-- [fill = 0]
                  0000fc00    0000000c     rtsv7M4_T_le_v4SPD16_eabi.lib : _lock.c.obj (.text:_register_lock)
                  0000fc0c    0000000c                                   : _lock.c.obj (.text:_register_unlock)
                  0000fc18    0000000c                                   : copy_zero_init.c.obj (.text:decompress:ZI:__TI_zero_init)
                  0000fc24    0000000c     motorCode.obj (.text:getState)
                  0000fc30    0000000c     sysbios.aem4f : BIOS.obj (.text:ti_sysbios_family_arm_lm4_Timer_getAvailMask__E)
                  0000fc3c    00000004     --HOLE-- [fill = 0]
                  0000fc40    0000000c                   : BIOS.obj (.text:ti_sysbios_family_arm_lm4_Timer_getMaxTicks__E)
                  0000fc4c    0000000c     empty_pem4f.oem4f (.text:ti_sysbios_family_arm_m3_Hwi_Params__init__S)
                  0000fc58    0000000c     sysbios.aem4f : BIOS.obj (.text:ti_sysbios_family_arm_m3_Hwi_disableFxn__E)
                  0000fc64    00000004     --HOLE-- [fill = 0]
                  0000fc68    0000000c                   : BIOS.obj (.text:ti_sysbios_family_arm_m3_TaskSupport_checkStack__E)
                  0000fc74    00000004     --HOLE-- [fill = 0]
                  0000fc78    0000000c                   : BIOS.obj (.text:ti_sysbios_family_arm_m3_TaskSupport_getStackAlignment__E)
                  0000fc84    0000000c     empty_pem4f.oem4f (.text:ti_sysbios_gates_GateHwi_Params__init__S)
                  0000fc90    0000000c     sysbios.aem4f : BIOS.obj (.text:ti_sysbios_gates_GateHwi_enter__E)
                  0000fc9c    0000000c     empty_pem4f.oem4f (.text:ti_sysbios_hal_Hwi_Params__init__S)
                  0000fca8    0000000c     empty_pem4f.oem4f (.text:ti_sysbios_knl_Clock_Params__init__S)
                  0000fcb4    00000004     --HOLE-- [fill = 0]
                  0000fcb8    0000000c     sysbios.aem4f : BIOS.obj (.text:ti_sysbios_knl_Clock_getTicks__E)
                  0000fcc4    0000000c     motorCode.obj (.text:ti_sysbios_knl_Event_handle)
                  0000fcd0    0000000c     empty_pem4f.oem4f (.text:ti_sysbios_knl_Queue_Object__get__S)
                  0000fcdc    0000000c     empty_pem4f.oem4f (.text:ti_sysbios_knl_Semaphore_Params__init__S)
                  0000fce8    0000000c     motorCode.obj (.text:ti_sysbios_knl_Semaphore_handle)
                  0000fcf4    0000000c     sensors_api.obj (.text:ti_sysbios_knl_Semaphore_handle)
                  0000fd00    0000000c     empty_pem4f.oem4f (.text:ti_sysbios_knl_Task_Params__init__S)
                  0000fd0c    0000000c     empty.obj (.text:updateGraphUI)
                  0000fd18    0000000c     ti.targets.arm.rtsarm.aem4f : Error.oem4f (.text:xdc_runtime_Error_init__E)
                  0000fd24    0000000c                                 : Gate.oem4f (.text:xdc_runtime_Gate_enterSystem__E)
                  0000fd30    0000000c                                 : Memory.oem4f (.text:xdc_runtime_Memory_calloc__E)
                  0000fd3c    0000000c                                 : Memory.oem4f (.text:xdc_runtime_Memory_getMaxDefaultTypeAlign__E)
                  0000fd48    0000000a     driverlib.lib : adc.obj (.text:ADCIntClear)
                  0000fd52    0000000a                   : i2c.obj (.text:I2CMasterDisable)
                  0000fd5c    0000000a                   : i2c.obj (.text:I2CMasterEnable)
                  0000fd66    0000000a     drivers_tivaware.aem4f : I2CTiva.oem4f (.text:I2CTiva_init)
                  0000fd70    0000000a                            : I2C.oem4f (.text:I2C_transfer)
                  0000fd7a    0000000a     Kentec320x240x16_ssd2119_spi.obj (.text:Kentec320x240x16_SSD2119Flush)
                  0000fd84    0000000a     drivers_tivaware.aem4f : PWMTimerTiva.oem4f (.text:PWMTimerTiva_getPeriodCounts)
                  0000fd8e    0000000a                            : PWM.oem4f (.text:PWM_setDuty)
                  0000fd98    0000000a     driverlib.lib : ssi.obj (.text:SSIDataPut)
                  0000fda2    0000000a                   : ssi.obj (.text:SSIEnable)
                  0000fdac    0000000a                   : uart.obj (.text:UARTCharGet)
                  0000fdb6    0000000a                   : uart.obj (.text:UARTCharPut)
                  0000fdc0    0000000a                   : uart.obj (.text:UARTIntDisable)
                  0000fdca    0000000a                   : uart.obj (.text:UARTIntStatus)
                  0000fdd4    0000000a     rtsv7M4_T_le_v4SPD16_eabi.lib : sprintf.c.obj (.text:_outc)
                  0000fdde    00000002     --HOLE-- [fill = 0]
                  0000fde0    0000000a     sysbios.aem4f : BIOS.obj (.text:ti_sysbios_hal_Hwi_Instance_finalize__E)
                  0000fdea    0000000a     empty_pem4f.oem4f (.text:xdc_runtime_IHeap_alloc)
                  0000fdf4    0000000a     empty_pem4f.oem4f (.text:xdc_runtime_IHeap_free)
                  0000fdfe    00000008     EK_TM4C1294XL.obj (.text:EK_TM4C1294XL_initGPIO)
                  0000fe06    00000008     grlib.lib : charmap.obj (.text:GrMapISO8859_1_Unicode)
                  0000fe0e    00000008     driverlib.lib : i2c.obj (.text:I2CMasterIntClear)
                  0000fe16    00000008                   : i2c.obj (.text:I2CMasterSlaveAddrSet)
                  0000fe1e    00000008     drivers_tivaware.aem4f : I2CTiva.oem4f (.text:I2CTiva_blockingCallback)
                  0000fe26    00000008                            : PWMTimerTiva.oem4f (.text:PWMTimerTiva_init)
                  0000fe2e    00000008     driverlib.lib : ssi.obj (.text:SSIBusy)
                  0000fe36    00000008                   : uart.obj (.text:UARTIntEnable)
                  0000fe3e    00000008                   : uart.obj (.text:UARTRxErrorGet)
                  0000fe46    00000002     --HOLE-- [fill = 0]
                  0000fe48    00000008     rtsv7M4_T_le_v4SPD16_eabi.lib : errno.c.obj (.text:__aeabi_errno_addr)
                  0000fe50    00000008     drivers_tivaware.aem4f : UARTTiva.oem4f (.text:readSemCallback)
                  0000fe58    00000008     sysbios.aem4f : BIOS.obj (.text:ti_sysbios_family_arm_lm4_Timer_masterDisable__I)
                  0000fe60    00000008                   : BIOS.obj (.text:ti_sysbios_family_arm_m3_Hwi_doSwiRestore__I)
                  0000fe68    00000008                   : BIOS.obj (.text:ti_sysbios_family_arm_m3_Hwi_startup__E)
                  0000fe70    00000008     drivers_tivaware.aem4f : UARTTiva.oem4f (.text:writeSemCallback)
                  0000fe78    00000006     driverlib.lib : gpio.obj (.text:GPIOPinRead)
                  0000fe7e    00000006                   : gpio.obj (.text:GPIOPinWrite)
                  0000fe84    00000006     grlib.lib : string.obj (.text:GrContextFontSet)
                  0000fe8a    00000006     driverlib.lib : i2c.obj (.text:I2CMasterIntDisable)
                  0000fe90    00000006                   : i2c.obj (.text:I2CMasterIntEnable)
                  0000fe96    00000006     drivers_tivaware.aem4f : I2CTiva.oem4f (.text:I2CTiva_control)
                  0000fe9c    00000006                            : PWMTimerTiva.oem4f (.text:PWMTimerTiva_getPeriodMicroSecs)
                  0000fea2    00000006     driverlib.lib : sysctl.obj (.text:SysCtlDelay)
                  0000fea8    00000006                   : uart.obj (.text:UARTFIFOLevelSet)
                  0000feae    00000006                   : uart.obj (.text:UARTRxErrorClear)
                  0000feb4    00000006     grlib.lib : widget.obj (.text:WidgetMutexPut)
                  0000feba    00000006     ti.targets.arm.rtsarm.aem4f : System.oem4f (.text:xdc_runtime_System_Module_startup__E)
                  0000fec0    00000006     sysbios.aem4f : BIOS.obj (.text:ti_sysbios_family_arm_m3_Hwi_doTaskRestore__I)
                  0000fec6    00000002     --HOLE-- [fill = 0]
                  0000fec8    00000006                   : BIOS.obj (.text:ti_sysbios_family_arm_m3_Hwi_restoreFxn__E)
                  0000fece    00000002     --HOLE-- [fill = 0]
                  0000fed0    00000006                   : BIOS.obj (.text:ti_sysbios_gates_GateHwi_leave__E)
                  0000fed6    00000002     --HOLE-- [fill = 0]
                  0000fed8    00000006                   : BIOS.obj (.text:ti_sysbios_heaps_HeapMem_isBlocking__E)
                  0000fede    00000002     --HOLE-- [fill = 0]
                  0000fee0    00000006                   : BIOS.obj (.text:ti_sysbios_knl_Clock_stop__E)
                  0000fee6    00000002     --HOLE-- [fill = 0]
                  0000fee8    00000006                   : BIOS.obj (.text:ti_sysbios_knl_Queue_Instance_init__E)
                  0000feee    00000002     --HOLE-- [fill = 0]
                  0000fef0    00000006                   : BIOS.obj (.text:ti_sysbios_knl_Swi_startup__E)
                  0000fef6    00000002     --HOLE-- [fill = 0]
                  0000fef8    00000004                   : BIOS.obj (.text:ti_sysbios_gates_GateHwi_query__E)
                  0000fefc    00000004     --HOLE-- [fill = 0]
                  0000ff00    00000004                   : BIOS.obj (.text:ti_sysbios_gates_GateMutex_query__E)
                  0000ff04    00000004     --HOLE-- [fill = 0]
                  0000ff08    00000004                   : BIOS.obj (.text:ti_sysbios_knl_Task_startup__E)
                  0000ff0c    00000004     --HOLE-- [fill = 0]
                  0000ff10    00000002                   : BIOS.obj (.text:ti_sysbios_gates_GateHwi_Instance_init__E)
                  0000ff12    00000006     --HOLE-- [fill = 0]
                  0000ff18    00000002                   : BIOS.obj (.text:ti_sysbios_knl_Clock_logTick__E)

.const     0    0000ff20    00004be0     
                  0000ff20    00001922     empty_pem4f.oem4f (.const:xdc_runtime_Text_charTab__A)
                  00011842    00000002     empty_pem4f.oem4f (.const:ti_catalog_arm_cortexm4_tiva_ce_Boot_Module__id__C)
                  00011844    00000004     bmi160.obj (.const)
                  00011848    00001000     rtsv7M4_T_le_v4SPD16_eabi.lib : s_exp2.c.obj (.const:tbl)
                  00012848    000007e5     grlib.lib : fontcmss18.obj (.const:.string:g_pui8Cmss18Data)
                  0001302d    00000782               : fontcmss18b.obj (.const:.string:g_pui8Cmss18bData)
                  000137af    00000001     empty_pem4f.oem4f (.const:xdc_runtime_Error_policy__C)
                  000137b0    000001b0     driverlib.lib : sysctl.obj (.const:g_pppui32XTALtoVCO)
                  00013960    00000120     Boot.aem4f : Boot_sysctl.oem4f (.const:g_pppui32XTALtoVCO)
                  00013a80    00000101     rtsv7M4_T_le_v4SPD16_eabi.lib : ctype.c.obj (.const:.string:_ctypes_)
                  00013b81    00000001     --HOLE-- [fill = 0]
                  00013b82    00000002     empty_pem4f.oem4f (.const:ti_sysbios_family_arm_m3_Hwi_Module__id__C)
                  00013b84    000000c8     grlib.lib : fontcmss18.obj (.const:g_sFontCmss18)
                  00013c4c    000000c8               : fontcmss18b.obj (.const:g_sFontCmss18b)
                  00013d14    000000c0     empty_pem4f.oem4f (.const:xdc_runtime_Text_nodeTab__A)
                  00013dd4    0000009e     grlib_demo.obj (.const:.string)
                  00013e72    00000002     empty_pem4f.oem4f (.const:ti_sysbios_gates_GateMutex_Module__id__C)
                  00013e74    00000090     driverlib.lib : gpio.obj (.const:g_pui32GPIOBaseAddrs)
                  00013f04    00000070                   : interrupt.obj (.const)
                  00013f74    0000006c     Boot.aem4f : Boot_sysctl.oem4f (.const:g_pui32Xtals)
                  00013fe0    0000006c     driverlib.lib : sysctl.obj (.const:g_pui32Xtals)
                  0001404c    00000060     rtsv7M4_T_le_v4SPD16_eabi.lib : mktime.c.obj (.const:$O1$$)
                  000140ac    00000060     MotorLib.lib : motorlib.obj (.const:PWM_config)
                  0001410c    00000058     empty_pem4f.oem4f (.const:.string)
                  00014164    00000054     drivers_tivaware.aem4f : GPIOTiva.oem4f (.const:.string)
                  000141b8    00000054     MotorLib.lib : motorlib.obj (.const:motorLibPWMTivaHWAttrs)
                  0001420c    0000004c     rtsv7M4_T_le_v4SPD16_eabi.lib : asctime.c.obj (.const:$O1$$)
                  00014258    0000004c                                   : asctime.c.obj (.const:.string)
                  000142a4    0000004c     drivers_tivaware.aem4f : UARTTiva.oem4f (.const)
                  000142f0    00000048                            : GPIOTiva.oem4f (.const:gpioBaseAddresses)
                  00014338    0000003c     empty_pem4f.oem4f (.const:ti_sysbios_knl_Task_Object__PARAMS__C)
                  00014374    00000004     empty_pem4f.oem4f (.const:ti_catalog_arm_cortexm4_tiva_ce_Boot_A_mustNotUseEnhancedClockMode__C)
                  00014378    00000030     rtsv7M4_T_le_v4SPD16_eabi.lib : e_pow.c.obj (.const:$O1$$)
                  000143a8    00000030     Boot.aem4f : Boot_sysctl.oem4f (.const:g_sXTALtoMEMTIM)
                  000143d8    00000030     driverlib.lib : sysctl.obj (.const:g_sXTALtoMEMTIM)
                  00014408    00000030     empty_pem4f.oem4f (.const:ti_sysbios_family_arm_m3_Hwi_Object__PARAMS__C)
                  00014438    00000030     EK_TM4C1294XL.obj (.const:uartTivaHWAttrs)
                  00014468    0000002c     empty_pem4f.oem4f (.const:ti_sysbios_hal_Hwi_Object__PARAMS__C)
                  00014494    00000028     drivers_tivaware.aem4f : UARTTiva.oem4f (.const:UARTTiva_fxnTable)
                  000144bc    00000028     Kentec320x240x16_ssd2119_spi.obj (.const:g_sKentec320x240x16_SSD2119)
                  000144e4    00000028     empty_pem4f.oem4f (.const:ti_sysbios_heaps_HeapMem_Module__FXNS__C)
                  0001450c    00000024     EK_TM4C1294XL.obj (.const:UART_config)
                  00014530    00000024     drivers_tivaware.aem4f : UART.oem4f (.const:UART_defaultParams)
                  00014554    00000024     empty_pem4f.oem4f (.const:ti_sysbios_gates_GateHwi_Module__FXNS__C)
                  00014578    00000024     empty_pem4f.oem4f (.const:ti_sysbios_gates_GateMutex_Module__FXNS__C)
                  0001459c    00000024     empty_pem4f.oem4f (.const:ti_sysbios_heaps_HeapMem_Object__PARAMS__C)
                  000145c0    00000024     empty_pem4f.oem4f (.const:ti_sysbios_knl_Clock_Object__PARAMS__C)
                  000145e4    00000024     empty_pem4f.oem4f (.const:ti_sysbios_knl_Semaphore_Object__PARAMS__C)
                  00014608    00000020     drivers_tivaware.aem4f : PWMTimerTiva.oem4f (.const)
                  00014628    00000020                            : PWMTiva.oem4f (.const)
                  00014648    00000020     empty_pem4f.oem4f (.const:ti_sysbios_family_arm_m3_Hwi_Object__DESC__C)
                  00014668    00000020     empty_pem4f.oem4f (.const:ti_sysbios_gates_GateHwi_Object__DESC__C)
                  00014688    00000020     empty_pem4f.oem4f (.const:ti_sysbios_gates_GateMutex_Object__DESC__C)
                  000146a8    00000020     empty_pem4f.oem4f (.const:ti_sysbios_hal_Hwi_Object__DESC__C)
                  000146c8    00000020     empty_pem4f.oem4f (.const:ti_sysbios_heaps_HeapMem_Object__DESC__C)
                  000146e8    00000020     empty_pem4f.oem4f (.const:ti_sysbios_knl_Clock_Object__DESC__C)
                  00014708    00000020     empty_pem4f.oem4f (.const:ti_sysbios_knl_Event_Object__DESC__C)
                  00014728    00000020     empty_pem4f.oem4f (.const:ti_sysbios_knl_Queue_Object__DESC__C)
                  00014748    00000020     empty_pem4f.oem4f (.const:ti_sysbios_knl_Semaphore_Object__DESC__C)
                  00014768    00000020     empty_pem4f.oem4f (.const:ti_sysbios_knl_Task_Object__DESC__C)
                  00014788    00000020     empty_pem4f.oem4f (.const:xdc_runtime_Startup_sfxnTab__A)
                  000147a8    0000001c     drivers_tivaware.aem4f : I2CTiva.oem4f (.const)
                  000147c4    0000001c     touch.obj (.const:g_pi32TouchParameters)
                  000147e0    00000018     EK_TM4C1294XL.obj (.const:I2C_config)
                  000147f8    00000018     empty_pem4f.oem4f (.const:ti_sysbios_gates_GateHwi_Object__PARAMS__C)
                  00014810    00000018     empty_pem4f.oem4f (.const:ti_sysbios_gates_GateMutex_Object__PARAMS__C)
                  00014828    00000018     empty_pem4f.oem4f (.const:ti_sysbios_knl_Event_Object__PARAMS__C)
                  00014840    00000018     empty_pem4f.oem4f (.const:ti_sysbios_knl_Queue_Object__PARAMS__C)
                  00014858    00000014     EK_TM4C1294XL.obj (.const:GPIOTiva_config)
                  0001486c    00000014     empty_pem4f.oem4f (.const:xdc_runtime_Startup_firstFxns__A)
                  00014880    00000010     drivers_tivaware.aem4f : I2C.oem4f (.const)
                  00014890    00000010     grlib.lib : context.obj (.const)
                  000148a0    00000010     MotorLib.lib : motorlib.obj (.const:motorLibPWMTimerTivaHWAttrs)
                  000148b0    00000010     empty_pem4f.oem4f (.const:xdc_runtime_Startup_sfxnRts__A)
                  000148c0    0000000c     drivers_tivaware.aem4f : PWM.oem4f (.const)
                  000148cc    0000000c     EK_TM4C1294XL.obj (.const:i2cTivaHWAttrs)
                  000148d8    00000008     Boot.aem4f : Boot_sysctl.oem4f (.const)
                  000148e0    00000008     driverlib.lib : sysctl.obj (.const)
                  000148e8    00000008     empty_pem4f.oem4f (.const:ti_sysbios_family_arm_m3_Hwi_excHookFuncs__A)
                  000148f0    00000008     empty_pem4f.oem4f (.const:ti_sysbios_knl_Idle_funcList__C)
                  000148f8    00000008     empty_pem4f.oem4f (.const:xdc_runtime_Startup_firstFxns__C)
                  00014900    00000008     empty_pem4f.oem4f (.const:xdc_runtime_Startup_lastFxns__C)
                  00014908    00000004     empty_pem4f.oem4f (.const:ti_catalog_arm_cortexm4_tiva_ce_Boot_Module__diagsEnabled__C)
                  0001490c    00000004     empty_pem4f.oem4f (.const:ti_catalog_arm_cortexm4_tiva_ce_Boot_Module__diagsIncluded__C)
                  00014910    00000004     empty_pem4f.oem4f (.const:ti_catalog_arm_cortexm4_tiva_ce_Boot_Module__diagsMask__C)
                  00014914    00000004     empty_pem4f.oem4f (.const:ti_sysbios_family_arm_lm4_Timer_enableFunc__C)
                  00014918    00000004     empty_pem4f.oem4f (.const:ti_sysbios_family_arm_lm4_Timer_numTimerDevices__C)
                  0001491c    00000004     empty_pem4f.oem4f (.const:ti_sysbios_family_arm_lm4_Timer_startupNeeded__C)
                  00014920    00000004     empty_pem4f.oem4f (.const:ti_sysbios_family_arm_m3_Hwi_E_NMI__C)
                  00014924    00000004     empty_pem4f.oem4f (.const:ti_sysbios_family_arm_m3_Hwi_E_alreadyDefined__C)
                  00014928    00000004     empty_pem4f.oem4f (.const:ti_sysbios_family_arm_m3_Hwi_E_busFault__C)
                  0001492c    00000004     empty_pem4f.oem4f (.const:ti_sysbios_family_arm_m3_Hwi_E_debugMon__C)
                  00014930    00000004     empty_pem4f.oem4f (.const:ti_sysbios_family_arm_m3_Hwi_E_hardFault__C)
                  00014934    00000004     empty_pem4f.oem4f (.const:ti_sysbios_family_arm_m3_Hwi_E_memFault__C)
                  00014938    00000004     empty_pem4f.oem4f (.const:ti_sysbios_family_arm_m3_Hwi_E_noIsr__C)
                  0001493c    00000004     empty_pem4f.oem4f (.const:ti_sysbios_family_arm_m3_Hwi_E_reserved__C)
                  00014940    00000004     empty_pem4f.oem4f (.const:ti_sysbios_family_arm_m3_Hwi_E_svCall__C)
                  00014944    00000004     empty_pem4f.oem4f (.const:ti_sysbios_family_arm_m3_Hwi_E_usageFault__C)
                  00014948    00000004     empty_pem4f.oem4f (.const:ti_sysbios_family_arm_m3_Hwi_NUM_INTERRUPTS__C)
                  0001494c    00000004     empty_pem4f.oem4f (.const:ti_sysbios_family_arm_m3_Hwi_Object__count__C)
                  00014950    00000004     empty_pem4f.oem4f (.const:ti_sysbios_family_arm_m3_Hwi_ccr__C)
                  00014954    00000004     empty_pem4f.oem4f (.const:ti_sysbios_family_arm_m3_Hwi_excHandlerFunc__C)
[...]
00014a90  xdc_runtime_IModule_Interface__BASE__C                               
00014a94  xdc_runtime_Log_L_error__C                                           
00014a98  xdc_runtime_Memory_defaultHeapInstance__C                            
00014a9c  xdc_runtime_Startup_execImpl__C                                      
00014aa0  xdc_runtime_Startup_maxPasses__C                                     
00014aa4  xdc_runtime_Startup_sfxnRts__C                                       
00014aa8  xdc_runtime_Startup_sfxnTab__C                                       
00014aac  xdc_runtime_SysMin_bufSize__C                                        
00014ab0  xdc_runtime_SysMin_outputFunc__C                                     
00014ab4  xdc_runtime_System_Module__gateObj__C                                
00014ab8  xdc_runtime_System_abortFxn__C                                       
00014abc  xdc_runtime_System_exitFxn__C                                        
00014ac0  xdc_runtime_System_extendFxn__C                                      
00014ac4  xdc_runtime_System_maxAtexitHandlers__C                              
00014ac8  xdc_runtime_Text_charTab__C                                          
00014acc  xdc_runtime_Text_nameEmpty__C                                        
00014ad0  xdc_runtime_Text_nameStatic__C                                       
00014ad4  xdc_runtime_Text_nameUnknown__C                                      
00014ad8  xdc_runtime_Text_nodeTab__C                                          
00014adc  xdc_runtime_Text_visitRopeFxn__C                                     
00014ae0  ti_sysbios_hal_Hwi_Module__id__C                                     
00014ae2  ti_sysbios_heaps_HeapMem_Module__id__C                               
00014ae4  ti_sysbios_knl_Clock_Module__id__C                                   
00014ae6  ti_sysbios_knl_Event_Module__id__C                                   
00014ae8  ti_sysbios_knl_Semaphore_Module__id__C                               
00014aea  ti_sysbios_knl_Task_Module__id__C                                    
00014aec  xdc_runtime_Core_Module__id__C                                       
00014aee  xdc_runtime_Error_Module__loggerDefined__C                           
00014af0  xdc_runtime_Error_maxDepth__C                                        
00014af2  xdc_runtime_Main_Module__id__C                                       
00014af4  xdc_runtime_Memory_Module__id__C                                     
00014af6  xdc_runtime_SysMin_flushAtExit__C                                    
00014af8  xdc_runtime_Text_charCnt__C                                          
00014afa  xdc_runtime_Text_isLoaded__C                                         
00014afc  xdc_runtime_Text_registryModsLastId__C                               
00014afe  xdc_runtime_Text_unnamedModsLastId__C                                
00014b00  __TI_static_base__                                                   
00014f08  __TI_Handler_Table_Base                                              
00014f14  __TI_Handler_Table_Limit                                             
00014f28  __TI_CINIT_Base                                                      
00014f40  __TI_CINIT_Limit                                                     
20000000  __start___llvm_prf_cnts                                              
20000000  __stop___llvm_prf_cnts                                               
20000000  ti_sysbios_family_arm_m3_Hwi_ramVectors                              
20000360  ti_sysbios_knl_Task_Instance_State_0_stack__A                        
20000b60  ti_sysbios_knl_Task_Instance_State_1_stack__A                        
20001360  ti_sysbios_knl_Task_Instance_State_2_stack__A                        
20001560  taskLightStack                                                       
20002560  taskAccelStack                                                       
20002d60  ti_sysbios_heaps_HeapMem_Instance_State_0_buf__A                     
20003160  xdc_runtime_SysMin_Module_State_0_outbuf__A                          
20003560  ti_sysbios_family_arm_m3_Hwi_dispatchTable                           
200038c0  uartTivaObjects                                                      
20003b98  __CIOBUF_                                                            
20003d48  i2cTivaObjects                                                       
20003dc8  uartTivaRingBuffer                                                   
20003e08  motorLibPWMObjects                                                   
20003e40  eb                                                                   
20003e70  sContext                                                             
20003e9c  clkSensorParams                                                      
20003ec0  clockAccelerationStruct                                              
20003ee4  clockLightStruct                                                     
20003f08  clockUpdateGraph                                                     
20003f2c  clockUpdateTime                                                      
20003f50  uartParams                                                           
20003fd4  maxTime                                                              
20003ff4  minTime                                                              
20004030  semAccelStruct                                                       
2000404c  semLightStruct                                                       
20004068  semStruct                                                            
20004084  gHwiprms                                                             
2000409c  lightBuffer                                                          
200040b4  motorLibPWMTimerObjects                                              
200040cc  accelerationBuffer                                                   
200040e0  evtStruct                                                            
200040f4  valueText                                                            
20004118  av                                                                   
20004124  pui32ADC0Value                                                       
20004138  graphMax                                                             
20004140  graphMin                                                             
20004148  parmbuf                                                              
20004150  SysTicks                                                             
20004154  accel_avg                                                            
20004158  accel_mag                                                            
2000415c  acceleration                                                         
20004160  acceleration_avg                                                     
20004164  adc0                                                                 
20004168  current                                                              
2000416c  data_Graph                                                           
20004170  delta_rpm                                                            
20004174  delta_time                                                           
20004178  error                                                                
2000417c  evtHandle                                                            
20004180  g_accelerationLimit                                                  
20004184  g_currentLimit                                                       
20004188  g_drawingGraph                                                       
2000418c  g_motorSpeed                                                         
20004190  g_numPlotOverflow                                                    
20004194  g_numPlotPoints                                                      
20004198  g_pi32ParmSet                                                        
200041a0  g_sCurrentPanel                                                      
200041a4  g_ui32SysClock                                                       
200041a8  gateHwi                                                              
200041b0  graphIntMax                                                          
200041b4  graphIntMin                                                          
200041b8  hA                                                                   
200041bc  hB                                                                   
200041c0  hC                                                                   
200041c4  hallA                                                                
200041c8  hallB                                                                
200041cc  hallC                                                                
200041d0  light_i2c                                                            
200041d4  output                                                               
200041d8  previousPoint                                                        
200041dc  rpm_avg                                                              
200041e0  rpm_from_UI                                                          
200041e4  semAccelHandle                                                       
200041e8  semHandle                                                            
200041ec  semLightHandle                                                       
200041f0  t                                                                    
200041f4  uart                                                                 
200041f8  voltage                                                              
200041fc  y_graph_step                                                         
20004200  g_i16TouchX                                                          
20004202  g_i16TouchY                                                          
20004204  ThresholdAccel                                                       
20004205  e_event                                                              
20004206  e_stop                                                               
20004207  motorStartedUI                                                       
20004208  motorState                                                           
20004209  print_from_clock                                                     
2000420a  running                                                              
2000420b  success                                                              
2000420c  updateGraph                                                          
20004210  ti_sysbios_knl_Task_Object__table__V                                 
200042f4  ti_sysbios_knl_Swi_Module_State_0_readyQ__A                          
20004374  motor                                                                
20004378  prevMotor                                                            
2000437c  prevSysTick                                                          
20004380  deltaPos                                                             
20004384  clock_time_mins                                                      
20004388  clock_time_secs                                                      
2000438c  rpm_actual                                                           
20004390  acceleration_sum                                                     
20004394  rpm_prev                                                             
20004398  integral_error                                                       
2000439c  rpm_desired                                                          
200043a0  rpm_int                                                              
200043a4  jump                                                                 
200043a8  Kp                                                                   
200043ac  Ki                                                                   
200043b0  clock_count                                                          
200043b4  rpm_sum                                                              
200043b8  min_per_sysTick                                                      
200043bc  rotation                                                             
200043c0  rpm_sum_c                                                            
200043c4  dummy                                                                
200043c8  adc_test                                                             
200043cc  vref                                                                 
200043d0  stepVoltage                                                          
200043d4  shunt                                                                
200043d8  gain                                                                 
200043dc  g_sGraphAcceleration                                                 
2000442c  g_sGraphBack                                                         
2000447c  g_sGraphExit                                                         
200044cc  g_sGraphLight                                                        
2000451c  g_sGraphOption                                                       
2000456c  g_sGraphPower                                                        
200045bc  g_sGraphSpeed                                                        
2000460c  g_sGraphTitle                                                        
2000465c  g_sMotorOption                                                       
200046ac  g_sSetOption                                                         
200046fc  g_sSettingAcceleration                                               
2000474c  g_sSettingBack                                                       
2000479c  g_sSettingCurrent                                                    
200047ec  g_sSettingDecrease                                                   
2000483c  g_sSettingExit                                                       
2000488c  g_sSettingIncrease                                                   
200048dc  g_sSettingSpeed                                                      
2000492c  g_sSettingTitle                                                      
2000497c  g_sSettingValue                                                      
200049cc  ti_sysbios_knl_Task_Module__state__V                                 
20004a10  g_sGraph                                                             
20004a50  g_sGraphPage                                                         
20004a90  g_sGraphsMainPage                                                    
20004ad0  g_sMainPage                                                          
20004b10  g_sSettingPage                                                       
20004b50  g_sSettingsMainPage                                                  
20004b90  ti_sysbios_family_arm_lm4_Timer_Module_State_0_device__A             
20004bd0  ti_sysbios_family_arm_lm4_Timer_Object__table__V                     
20004c10  ti_sysbios_gates_GateMutex_Object__table__V                          
20004c48  ti_sysbios_family_arm_m3_Hwi_Module__state__V                        
20004c7c  ti_sysbios_family_arm_m3_Hwi_Object__table__V                        
20004cac  ti_sysbios_knl_Swi_Object__table__V                                  
20004cdc  g_sRoot                                                              
20004d0a  ti_sysbios_family_arm_m3_Hwi_Module_State_0_excActive__A             
20004d0c  ti_sysbios_knl_Clock_Module__state__V                                
20004d5c  ti_sysbios_BIOS_Module__state__V                                     
20004d80  gpioPinConfigs                                                       
20004da0  ti_sysbios_family_arm_lm4_Timer_Module_State_0_handles__A            
20004dc0  ti_sysbios_knl_Task_Module_State_0_readyQ__A                         
20004de0  ti_sysbios_knl_Swi_Module__state__V                                  
20004e14  ti_sysbios_heaps_HeapMem_Object__table__V                            
20004e2c  x_graph_step                                                         
20004e30  x_graph_start                                                        
20004e34  y_graph_start                                                        
20004e38  y_graph_max                                                          
20004e3c  y_graph_end                                                          
20004e40  _tz                                                                  
20004e50  ti_sysbios_family_arm_lm4_Timer_Module__state__V                     
20004e5c  xdc_runtime_SysMin_Module__state__V                                  
20004e68  _lock                                                                
20004e6c  _unlock                                                              
20004e70  gpioCallbackFunctions                                                
20004e78  ti_sysbios_family_arm_m3_Hwi_Module__root__V                         
20004e80  ti_sysbios_gates_GateHwi_Module__root__V                             
20004e88  ti_sysbios_gates_GateMutex_Module__root__V                           
20004e90  ti_sysbios_hal_Hwi_Module__root__V                                   
20004e98  ti_sysbios_heaps_HeapMem_Module__root__V                             
20004ea0  ti_sysbios_knl_Clock_Module__root__V                                 
20004ea8  ti_sysbios_knl_Event_Module__root__V                                 
20004eb0  ti_sysbios_knl_Queue_Module__root__V                                 
20004eb8  ti_sysbios_knl_Semaphore_Module__root__V                             
20004ec0  ti_sysbios_knl_Task_Module__root__V                                  
20004ec8  xdc_runtime_Registry_Module__state__V                                
20004ed0  xdc_runtime_Startup_Module__state__V                                 
20004ed8  xdc_runtime_System_Module_State_0_atexitHandlers__A                  
20004ee0  xdc_runtime_System_Module__state__V                                  
20004eee  xdc_runtime_Error_Module__state__V                                   
20004ef0  triggerThreshold                                                     
20004f04  errno                                                                
20004f08  main_func_sp                                                         
20004f0c  ti_sysbios_family_arm_m3_Hwi_Module_State_0_excContext__A            
20004f10  ti_sysbios_family_arm_m3_Hwi_Module_State_0_excStack__A              
20004f14  ti_sysbios_gates_GateHwi_Object__table__V                            
20004f18  ti_sysbios_knl_Task_Module_State_0_idleTask__A                       
20004f1c  g_i16TouchMin                                                        
20004f20  xdc_runtime_Memory_Module__state__V                                  
20004f28  __stack                                                              
20005228  __STACK_END                                                          
e000e000  ti_sysbios_family_arm_m3_Hwi_nvic                                    
ffffffff  __TI_pprof_out_hndl                                                  
ffffffff  __TI_prof_data_size                                                  
ffffffff  __TI_prof_data_start                                                 
ffffffff  __binit__                                                            
ffffffff  __c_args__                                                           
ffffffff  binit                                                                
UNDEFED   SHT$$INIT_ARRAY$$Base                                                
UNDEFED   SHT$$INIT_ARRAY$$Limit                                               

[1052 symbols]
