******************************************************************************
                  TI ARM Linker PC v20.2.4                     
******************************************************************************
>> Linked Mon May 31 22:47:52 2021

OUTPUT FILE NAME:   <empty_EK_TM4C1294XL_TI.out>
ENTRY POINT SYMBOL: "_c_int00"  address: 0000a58d


MEMORY CONFIGURATION

         name            origin    length      used     unused   attr    fill
----------------------  --------  ---------  --------  --------  ----  --------
  FLASH                 00000000   00100000  00011422  000eebde  R  X
  SRAM                  20000000   00040000  000037fc  0003c804  RW X


SEGMENT ALLOCATION MAP

run origin  load origin   length   init length attrs members
----------  ----------- ---------- ----------- ----- -------
00000000    00000000    00011428   00011428    r-x
  00000000    00000000    0000003c   0000003c    r-- .resetVecs
  00000040    00000040    0000d5c2   0000d5c2    r-x .text
  0000d604    0000d604    00003a0c   00003a0c    r-- .const
  00011010    00011010    00000418   00000418    r-- .cinit
20000000    20000000    00003800   00000000    rw-
  20000000    20000000    00000360   00000000    rw- .vecs
  20000360    20000360    000024d0   00000000    rw- .bss
  20002830    20002830    00000ccc   00000000    rw- .data
  20003500    20003500    00000300   00000000    rw- .stack


SECTION ALLOCATION MAP

 output                                  attributes/
section   page    origin      length       input sections
--------  ----  ----------  ----------   ----------------
.text      0    00000040    0000d5c2     
                  00000040    00000a4e     rtsv7M4_T_le_v4SPD16_eabi.lib : _printfi.c.obj (.text:__TI_printfi)
                  00000a8e    00000002                                   : _lock.c.obj (.text:_nop)
                  00000a90    000006ac     MotorLib.lib : motorlib.obj (.text)
                  0000113c    00000004     driverlib.lib : i2c.obj (.text:I2CMasterControl)
                  00001140    00000430     sysbios.aem4f : BIOS.obj (.text:ti_sysbios_family_arm_m3_Hwi_excDumpRegs__I)
                  00001570    00000390     grlib_demo.obj (.text:drawGraphPoint)
                  00001900    00000374     grlib.lib : image.obj (.text:InternalImageDraw)
                  00001c74    00000004     driverlib.lib : i2c.obj (.text:I2CMasterDataGet)
                  00001c78    0000034c     sysbios.aem4f : BIOS.obj (.text:ti_sysbios_knl_Event_pend__E)
                  00001fc4    0000034c     ti.targets.arm.rtsarm.aem4f : System.oem4f (.text:xdc_runtime_System_doPrint__I)
                  00002310    000002f8     grlib.lib : image.obj (.text:PixelTransparentDraw)
                  00002608    000002d0     sysbios.aem4f : BIOS.obj (.text:ti_sysbios_knl_Semaphore_pend__E)
                  000028d8    00000270     rtsv7M4_T_le_v4SPD16_eabi.lib : _printfi.c.obj (.text:_pconv_a)
                  00002b48    0000026c     sysbios.aem4f : BIOS.obj (.text:ti_sysbios_heaps_HeapMem_free__E)
                  00002db4    00000268     touch.obj (.text:TouchScreenDebouncer)
                  0000301c    00000254     grlib.lib : string.obj (.text:GrFontGlyphRender)
                  00003270    00000250     sysbios.aem4f : BIOS.obj (.text:ti_sysbios_heaps_HeapMem_alloc__E)
                  000034c0    0000020c     drivers_tivaware.aem4f : UARTTiva.oem4f (.text:UARTTiva_open)
                  000036cc    00000204     Boot.aem4f : Boot_sysctl.oem4f (.text:ti_catalog_arm_cortexm4_tiva_ce_Boot_sysCtlClockFreqSetI__I)
                  000038d0    00000200     driverlib.lib : sysctl.obj (.text:SysCtlClockFreqSet)
                  00003ad0    000001f4     sysbios.aem4f : BIOS.obj (.text:ti_sysbios_family_arm_m3_Hwi_excHandlerMax__I)
                  00003cc4    000001e4     Kentec320x240x16_ssd2119_spi.obj (.text:Kentec320x240x16_SSD2119Init)
                  00003ea8    000001dc     Kentec320x240x16_ssd2119_spi.obj (.text:Kentec320x240x16_SSD2119PixelDrawMultiple)
                  00004084    000001d4     grlib_demo.obj (.text:OnGraphsPage)
                  00004258    000001d0     rtsv7M4_T_le_v4SPD16_eabi.lib : _printfi.c.obj (.text:_pconv_g)
                  00004428    000001d0     motorCode.obj (.text:motorFxn)
                  000045f8    000001b6     rtsv7M4_T_le_v4SPD16_eabi.lib : fd_add_t2.asm.obj (.text)
                  000047ae    00000002                                   : div0.asm.obj (.text)
                  000047b0    000001a4     pinout.obj (.text:PinoutSet)
                  00004954    00000190     grlib.lib : canvas.obj (.text:CanvasPaint)
                  00004ae4    0000017e               : pushbutton.obj (.text:RectangularButtonPaint)
                  00004c62    00000002     empty_pem4f.oem4f (.text:ti_sysbios_BIOS_nullFunc__I)
                  00004c64    00000178     touch.obj (.text:TouchScreenIntHandler)
                  00004ddc    00000004     driverlib.lib : i2c.obj (.text:I2CMasterDataPut)
                  00004de0    00000174     sysbios.aem4f : BIOS.obj (.text:ti_sysbios_family_arm_m3_Hwi_excBusFault__I)
                  00004f54    00000170     drivers_tivaware.aem4f : PWMTiva.oem4f (.text:PWMTiva_open)
                  000050c4    00000004     driverlib.lib : uart.obj (.text:UARTIntClear)
                  000050c8    00000164     sysbios.aem4f : BIOS.obj (.text:ti_sysbios_family_arm_m3_Hwi_excUsageFault__I)
                  0000522c    00000158     motorCode.obj (.text:initMotor)
                  00005384    00000158     grlib_demo.obj (.text:initWidgets)
                  000054dc    00000150     drivers_tivaware.aem4f : GPIOTiva.oem4f (.text:GPIO_setConfig)
                  0000562c    00000004     grlib.lib : widget.obj (.text:WidgetDefaultMsgProc)
                  00005630    00000148     sysbios.aem4f : BIOS.obj (.text:ti_sysbios_family_arm_m3_Hwi_excMemFault__I)
                  00005778    0000013c     rtsv7M4_T_le_v4SPD16_eabi.lib : _printfi.c.obj (.text:_pconv_e)
                  000058b4    00000004                                   : exit.c.obj (.text:abort:abort)
                  000058b8    0000013c     sysbios.aem4f : BIOS.obj (.text:ti_sysbios_heaps_HeapMem_Instance_init__E)
                  000059f4    00000136     rtsv7M4_T_le_v4SPD16_eabi.lib : fd_div_t2.asm.obj (.text)
                  00005b2a    00000132     driverlib.lib : gpio.obj (.text:GPIOPadConfigSet)
                  00005c5c    00000124     rtsv7M4_T_le_v4SPD16_eabi.lib : _printfi.c.obj (.text:fcvt)
                  00005d80    00000120     sysbios.aem4f : BIOS.obj (.text:ti_sysbios_family_arm_lm4_Timer_start__E)
                  00005ea0    0000011c     grlib_demo.obj (.text:OnSettingsPage)
                  00005fbc    00000004     empty_pem4f.oem4f (.text:ti_sysbios_BIOS_RtsGateProxy_enter__E)
                  00005fc0    0000011c     sysbios.aem4f : BIOS.obj (.text:ti_sysbios_knl_Clock_Instance_init__E)
                  000060dc    00000118     ti.targets.arm.rtsarm.aem4f : Error.oem4f (.text:xdc_runtime_Error_policyDefault__E)
                  000061f4    00000114     drivers_tivaware.aem4f : PWMTimerTiva.oem4f (.text:PWMTimerTiva_open)
                  00006308    00000110     rtsv7M4_T_le_v4SPD16_eabi.lib : s_scalbn.c.obj (.text:scalbn)
                  00006418    0000010c     Kentec320x240x16_ssd2119_spi.obj (.text:Kentec320x240x16_SSD2119RectFill)
                  00006524    0000010c     touch.obj (.text:TouchScreenInit)
                  00006630    00000106     grlib.lib : line.obj (.text:GrLineDraw)
                  00006736    00000002     empty_pem4f.oem4f (.text:xdc_runtime_Startup_reset__I)
                  00006738    00000104     sysbios.aem4f : BIOS.obj (.text:ti_sysbios_knl_Event_post__E)
                  0000683c    00000100     motorCode.obj (.text:filterFxn)
                  0000693c    00000100     ti.targets.arm.rtsarm.aem4f : Core-mem.oem4f (.text:xdc_runtime_Core_createObject__I)
                  00006a3c    000000fc     motorCode.obj (.text:initHallABC)
                  00006b38    000000fc     rtsv7M4_T_le_v4SPD16_eabi.lib : fd_mul_t2.asm.obj (.text)
                  00006c34    000000f8     ti.targets.arm.rtsarm.aem4f : Startup.oem4f (.text:xdc_runtime_Startup_startMods__I)
                  00006d2c    000000f8     empty_pem4f.oem4f (.text:xdc_runtime_System_printfExtend__I)
                  00006e24    000000f4     sysbios.aem4f : m3_Hwi_asm.obj (.text:ti_sysbios_family_arm_m3_Hwi_dispatch__I)
                  00006f18    000000f2     grlib.lib : pushbutton.obj (.text:RectangularButtonClick)
                  0000700a    000000f0     drivers_tivaware.aem4f : PWMTiva.oem4f (.text:PWMTiva_setDuty)
                  000070fa    00000002     --HOLE-- [fill = 0]
                  000070fc    000000f0     empty.obj (.text:main)
                  000071ec    00000004     empty_pem4f.oem4f (.text:ti_sysbios_BIOS_RtsGateProxy_leave__E)
                  000071f0    000000ec     sysbios.aem4f : BIOS.obj (.text:ti_sysbios_knl_Semaphore_post__E)
                  000072dc    000000e8     grlib.lib : widget.obj (.text:WidgetMessageQueueAdd)
                  000073c4    000000e0     drivers_tivaware.aem4f : I2CTiva.oem4f (.text:I2CTiva_open)
                  000074a4    000000d6                            : I2CTiva.oem4f (.text:I2CTiva_hwiFxn)
                  0000757a    00000002     --HOLE-- [fill = 0]
                  0000757c    000000d0     motorCode.obj (.text:HallFxn)
                  0000764c    000000cc     ti.targets.arm.rtsarm.aem4f : Core-smem.oem4f (.text:xdc_runtime_Core_constructObject__I)
                  00007718    000000c0     grlib.lib : string.obj (.text:GrDefaultStringRenderer)
                  000077d8    000000bc     sysbios.aem4f : BIOS.obj (.text:ti_sysbios_family_arm_m3_Hwi_excDebugMon__I)
                  00007894    00000004                   : BIOS.obj (.text:ti_sysbios_family_arm_lm4_Timer_masterEnable__I)
                  00007898    000000bc                   : BIOS.obj (.text:ti_sysbios_family_arm_m3_Hwi_excHardFault__I)
                  00007954    000000b8     EK_TM4C1294XL.obj (.text:EK_TM4C1294XL_initGeneral)
                  00007a0c    000000b8     grlib.lib : line.obj (.text:GrLineClip)
                  00007ac4    000000b8     Kentec320x240x16_ssd2119_spi.obj (.text:InitSPILCDInterface)
                  00007b7c    000000b8     drivers_tivaware.aem4f : PWMTimerTiva.oem4f (.text:PWMTimerTiva_setDuty)
                  00007c34    000000b4     grlib_demo.obj (.text:OnDecrease)
                  00007ce8    000000b4     grlib.lib : widget.obj (.text:WidgetMessageSendPostOrder)
                  00007d9c    00000004     empty_pem4f.oem4f (.text:ti_sysbios_family_arm_m3_Hwi_destruct)
                  00007da0    000000b4     sysbios.aem4f : BIOS.obj (.text:ti_sysbios_gates_GateMutex_enter__E)
                  00007e54    00000004     empty_pem4f.oem4f (.text:ti_sysbios_family_arm_m3_TaskSupport_Module__startupDone__S)
                  00007e58    000000b4     sysbios.aem4f : BIOS.obj (.text:ti_sysbios_knl_Task_checkStacks__E)
                  00007f0c    000000b1     rtsv7M4_T_le_v4SPD16_eabi.lib : _printfi.c.obj (.text:_ltostr)
                  00007fbd    00000003     --HOLE-- [fill = 0]
                  00007fc0    000000b0     grlib_demo.obj (.text:OnIncrease)
                  00008070    000000ac     grlib_demo.obj (.text:OnStartMotor)
                  0000811c    000000ac     drivers_tivaware.aem4f : UARTTiva.oem4f (.text:readTaskBlocking)
                  000081c8    000000ac     sysbios.aem4f : BIOS.obj (.text:ti_sysbios_family_arm_lm4_Timer_enableTiva__I)
                  00008274    00000004     empty_pem4f.oem4f (.text:ti_sysbios_hal_Hwi_HwiProxy_delete)
                  00008278    000000a8     sysbios.aem4f : BIOS.obj (.text:ti_sysbios_family_arm_lm4_Timer_enableTimers__I)
                  00008320    000000a4     motorCode.obj (.text:PIControlFxn)
                  000083c4    00000004     empty_pem4f.oem4f (.text:ti_sysbios_heaps_HeapMem_Module_GateProxy_enter__E)
                  000083c8    000000a4     sysbios.aem4f : BIOS.obj (.text:ti_sysbios_knl_Clock_Instance_finalize__E)
                  0000846c    000000a0     auto_init.aem4f : auto_init.oem4f (.text)
                  0000850c    000000a0     ti.targets.arm.rtsarm.aem4f : Text.oem4f (.text:xdc_runtime_Text_putMod__E)
                  000085ac    0000009c     rtsv7M4_T_le_v4SPD16_eabi.lib : memcpy_t2.asm.obj (.text)
                  00008648    0000009c     sysbios.aem4f : BIOS.obj (.text:ti_sysbios_knl_Semaphore_Instance_init__E)
                  000086e4    0000009a     ti.targets.arm.rtsarm.aem4f : Text.oem4f (.text:xdc_runtime_Text_putSite__E)
                  0000877e    00000098     drivers_tivaware.aem4f : UARTTiva.oem4f (.text:UARTTiva_readPolling)
                  00008816    00000002     --HOLE-- [fill = 0]
                  00008818    00000098     Boot.aem4f : Boot.oem4f (.text:ti_catalog_arm_cortexm4_tiva_ce_Boot_sysCtlClockFreqSet__E)
                  000088b0    00000096     rtsv7M4_T_le_v4SPD16_eabi.lib : ull_div_t2.asm.obj (.text)
                  00008946    00000094     drivers_tivaware.aem4f : UARTTiva.oem4f (.text:UARTTiva_write)
                  000089da    00000006     driverlib.lib : gpio.obj (.text:GPIOIntClear)
                  000089e0    00000094     sysbios.aem4f : BIOS.obj (.text:ti_sysbios_family_arm_m3_Hwi_Instance_init__E)
                  00008a74    00000004     empty_pem4f.oem4f (.text:ti_sysbios_heaps_HeapMem_Module_GateProxy_leave__E)
                  00008a78    00000094     sysbios.aem4f : BIOS.obj (.text:ti_sysbios_family_arm_m3_Hwi_initNVIC__E)
                  00008b0c    00000004     empty_pem4f.oem4f (.text:ti_sysbios_knl_Clock_TimerProxy_getMaxTicks__E)
                  00008b10    00000094     sysbios.aem4f : BIOS.obj (.text:ti_sysbios_knl_Task_postInit__I)
                  00008ba4    0000008c     drivers_tivaware.aem4f : GPIOTiva.oem4f (.text:GPIO_init)
                  00008c30    0000008c                            : UARTTiva.oem4f (.text:UARTTiva_control)
                  00008cbc    0000008c     motorCode.obj (.text:accelLimitFxn)
                  00008d48    0000008c     sysbios.aem4f : m3_TaskSupport_asm.obj (.text:ti_sysbios_family_arm_m3_TaskSupport_buildTaskStack)
                  00008dd4    0000008a     drivers_tivaware.aem4f : UARTTiva.oem4f (.text:readIsrTextBlocking)
                  00008e5e    00000002     --HOLE-- [fill = 0]
                  00008e60    00000088                            : PWMTiva.oem4f (.text:PWMTiva_control)
                  00008ee8    00000088     grlib_demo.obj (.text:initUI)
                  00008f70    00000086     grlib.lib : rectangle.obj (.text:GrRectFill)
                  00008ff6    00000086     rtsv7M4_T_le_v4SPD16_eabi.lib : fd_cmp_t2.asm.obj (.text:__aeabi_cdcmple)
                  0000907c    00000086                                   : fd_cmp_t2.asm.obj (.text:__aeabi_cdrcmple)
                  00009102    00000006     driverlib.lib : gpio.obj (.text:GPIOPinRead)
                  00009108    00000084     sysbios.aem4f : BIOS.obj (.text:ti_sysbios_family_arm_m3_Hwi_postInit__I)
                  0000918c    00000082     drivers_tivaware.aem4f : UARTTiva.oem4f (.text:readIsrTextCallback)
                  0000920e    0000007e                            : I2CTiva.oem4f (.text:I2CTiva_transfer)
                  0000928c    0000007a     driverlib.lib : adc.obj (.text:ADCSequenceStepConfigure)
                  00009306    0000007a     drivers_tivaware.aem4f : UARTTiva.oem4f (.text:readTaskCallback)
                  00009380    0000007a     rtsv7M4_T_le_v4SPD16_eabi.lib : memset_t2.asm.obj (.text)
                  000093fa    00000006     driverlib.lib : gpio.obj (.text:GPIOPinWrite)
                  00009400    00000074     sysbios.aem4f : BIOS.obj (.text:ti_sysbios_knl_Clock_start__E)
                  00009474    00000004     empty_pem4f.oem4f (.text:ti_sysbios_knl_Clock_destruct)
                  00009478    00000070     sysbios.aem4f : BIOS.obj (.text:ti_sysbios_knl_Clock_workFunc__E)
                  000094e8    00000070                   : BIOS.obj (.text:ti_sysbios_knl_Task_exit__E)
                  00009558    0000006e     rtsv7M4_T_le_v4SPD16_eabi.lib : _printfi.c.obj (.text:_mcpy)
                  000095c6    00000002     --HOLE-- [fill = 0]
                  000095c8    0000006d     ti.targets.arm.rtsarm.aem4f : System.oem4f (.text:xdc_runtime_System_formatNum__I)
                  00009635    00000003     --HOLE-- [fill = 0]
                  00009638    0000006c     drivers_tivaware.aem4f : PWMTimerTiva.oem4f (.text:PWMTimerTiva_control)
                  000096a4    0000006c     empty_pem4f.oem4f (.text:ti_sysbios_family_arm_m3_Hwi_Object__create__S)
                  00009710    0000006c     sysbios.aem4f : BIOS.obj (.text:ti_sysbios_knl_Swi_restoreHwi__E)
                  0000977c    0000006c     drivers_tivaware.aem4f : UARTTiva.oem4f (.text:writeData)
                  000097e8    0000006c     ti.targets.arm.rtsarm.aem4f : Error.oem4f (.text:xdc_runtime_Error_print__E)
                  00009854    0000006c                                 : Memory.oem4f (.text:xdc_runtime_Memory_alloc__E)
                  000098c0    0000006a     drivers_tivaware.aem4f : PWMTiva.oem4f (.text:PWMTiva_close)
                  0000992a    00000002     --HOLE-- [fill = 0]
                  0000992c    00000068     EK_TM4C1294XL.obj (.text:EK_TM4C1294XL_initI2C)
                  00009994    00000068     grlib.lib : context.obj (.text:GrContextInit)
                  000099fc    00000068               : string.obj (.text:GrStringWidthGet)
                  00009a64    00000068     driverlib.lib : interrupt.obj (.text:IntEnable)
                  00009acc    00000068     Kentec320x240x16_ssd2119_spi.obj (.text:Kentec320x240x16_SSD2119LineDrawH)
                  00009b34    00000068     Kentec320x240x16_ssd2119_spi.obj (.text:Kentec320x240x16_SSD2119LineDrawV)
                  00009b9c    00000068     rtsv7M4_T_le_v4SPD16_eabi.lib : copy_decompress_lzss.c.obj (.text:decompress:lzss:__TI_decompress_lzss)
                  00009c04    00000066     grlib.lib : context.obj (.text:GrContextClipRegionSet)
                  00009c6a    00000066               : rectangle.obj (.text:GrRectDraw)
                  00009cd0    00000066     ti.targets.arm.rtsarm.aem4f : Core-mem.oem4f (.text:xdc_runtime_Core_deleteObject__I)
                  00009d36    00000002     --HOLE-- [fill = 0]
                  00009d38    00000064     drivers_tivaware.aem4f : GPIOTiva.oem4f (.text:GPIO_hwiIntFxn)
                  00009d9c    00000064     grlib_demo.obj (.text:OnGraphsMain)
                  00009e00    00000064     grlib.lib : widget.obj (.text:WidgetMessageQueueProcess)
                  00009e64    00000064     rtsv7M4_T_le_v4SPD16_eabi.lib : s_frexp.c.obj (.text:frexp)
                  00009ec8    00000064     sysbios.aem4f : BIOS.obj (.text:ti_sysbios_family_arm_lm4_Timer_Module_startup__E)
                  00009f2c    00000064     empty_pem4f.oem4f (.text:ti_sysbios_family_arm_m3_Hwi_create)
                  00009f90    00000064     sysbios.aem4f : BIOS.obj (.text:ti_sysbios_family_arm_m3_Hwi_dispatchC__I)
                  00009ff4    00000064     empty_pem4f.oem4f (.text:ti_sysbios_hal_Hwi_create)
                  0000a058    00000062     drivers_tivaware.aem4f : I2CTiva.oem4f (.text:I2CTiva_primeTransfer)
                  0000a0ba    00000002     --HOLE-- [fill = 0]
                  0000a0bc    00000060     driverlib.lib : timer.obj (.text:TimerConfigure)
                  0000a11c    00000060     Kentec320x240x16_ssd2119_spi.obj (.text:WriteDataSPI)
                  0000a17c    00000060     motorCode.obj (.text:statesFxn)
                  0000a1dc    00000004     empty_pem4f.oem4f (.text:ti_sysbios_knl_Queue_destruct)
                  0000a1e0    00000060     sysbios.aem4f : BIOS.obj (.text:ti_sysbios_knl_Task_schedule__I)
                  0000a240    0000005e     grlib.lib : widget.obj (.text:WidgetMessageSendPreOrder)
                  0000a29e    0000005e     drivers_tivaware.aem4f : UARTTiva.oem4f (.text:readIsrBinaryBlocking)
                  0000a2fc    0000005c     Kentec320x240x16_ssd2119_spi.obj (.text:WriteCommandSPI)
                  0000a358    0000005c     sysbios.aem4f : BIOS.obj (.text:ti_sysbios_knl_Swi_run__I)
                  0000a3b4    00000004     empty_pem4f.oem4f (.text:ti_sysbios_knl_Semaphore_destruct)
                  0000a3b8    0000005c     sysbios.aem4f : BIOS.obj (.text:ti_sysbios_knl_Swi_schedule__I)
                  0000a414    00000004     ti.targets.arm.rtsarm.aem4f : Error.oem4f (.text:xdc_runtime_Error_getSite__E)
                  0000a418    0000005c     sysbios.aem4f : BIOS.obj (.text:ti_sysbios_knl_Task_Module_startup__E)
                  0000a474    00000004     empty_pem4f.oem4f (.text:xdc_runtime_System_Module_GateProxy_enter__E)
                  0000a478    0000005c     sysbios.aem4f : BIOS.obj (.text:ti_sysbios_knl_Task_startCore__E)
                  0000a4d4    0000005b     ti.targets.arm.rtsarm.aem4f : Text.oem4f (.text:xdc_runtime_Text_putLab__E)
                  0000a52f    00000001     --HOLE-- [fill = 0]
                  0000a530    0000005a     grlib.lib : string.obj (.text:FontWideGlyphDataGet)
                  0000a58a    00000002     --HOLE-- [fill = 0]
                  0000a58c    00000058     boot.aem4f : boot.oem4f (.text)
                  0000a5e4    00000058     rtsv7M4_T_le_v4SPD16_eabi.lib : hostwrite.c.obj (.text:HOSTwrite)
                  0000a63c    00000058     driverlib.lib : timer.obj (.text:TimerControlTrigger)
                  0000a694    00000058     empty_pem4f.oem4f (.text:ti_sysbios_family_arm_m3_Hwi_construct)
                  0000a6ec    00000058     sysbios.aem4f : m3_Hwi_asm_switch.obj (.text:ti_sysbios_family_arm_m3_Hwi_initStacks__E)
                  0000a744    00000056     driverlib.lib : gpio.obj (.text:GPIOIntTypeSet)
                  0000a79a    00000056     rtsv7M4_T_le_v4SPD16_eabi.lib : _printfi.c.obj (.text:_pconv_f)
                  0000a7f0    00000054                                   : _ltoa.c.obj (.text:__TI_ltoa)
                  0000a844    00000054     drivers_tivaware.aem4f : UARTTiva.oem4f (.text:readIsrBinaryCallback)
                  0000a898    00000054     ti.targets.arm.rtsarm.aem4f : Assert.oem4f (.text:xdc_runtime_Assert_raise__I)
                  0000a8ec    00000052     rtsv7M4_T_le_v4SPD16_eabi.lib : _printfi.c.obj (.text:_ecpy)
                  0000a93e    00000050     driverlib.lib : adc.obj (.text:ADCSequenceConfigure)
                  0000a98e    00000002     --HOLE-- [fill = 0]
                  0000a990    00000050     drivers_tivaware.aem4f : GPIOTiva.oem4f (.text:GPIO_setCallback)
                  0000a9e0    00000050                            : GPIOTiva.oem4f (.text:GPIO_write)
                  0000aa30    00000050                            : UARTTiva.oem4f (.text:UARTTiva_writeCancel)
                  0000aa80    00000050     Boot.aem4f : Boot_sysctl.oem4f (.text:_SysCtlFrequencyGet)
                  0000aad0    00000050     sysbios.aem4f : BIOS.obj (.text:ti_sysbios_family_arm_m3_Hwi_Module_startup__E)
                  0000ab20    00000050     ti.targets.arm.rtsarm.aem4f : Startup.oem4f (.text:xdc_runtime_Startup_exec__E)
                  0000ab70    00000050                                 : Text.oem4f (.text:xdc_runtime_Text_visitRope2__I)
                  0000abc0    0000004c     driverlib.lib : i2c.obj (.text:I2CMasterInitExpClk)
                  0000ac0c    0000004c     drivers_tivaware.aem4f : UARTTiva.oem4f (.text:UARTTiva_close)
                  0000ac58    0000004c     grlib.lib : widget.obj (.text:WidgetRemove)
                  0000aca4    0000004c     rtsv7M4_T_le_v4SPD16_eabi.lib : atoi.c.obj (.text:atoi)
                  0000acf0    0000004c                                   : cpy_tbl.c.obj (.text:copy_in)
                  0000ad3c    0000004c     grlib_demo.obj (.text:drawSettingValue)
                  0000ad88    0000004c     motorCode.obj (.text:initUART)
                  0000add4    00000004     empty_pem4f.oem4f (.text:xdc_runtime_System_Module_GateProxy_leave__E)
                  0000add8    0000004c     sysbios.aem4f : BIOS.obj (.text:ti_sysbios_family_arm_lm4_Timer_setAvailMask__E)
                  0000ae24    00000004     ti.targets.arm.rtsarm.aem4f : System.oem4f (.text:xdc_runtime_System_aprintf_va__F)
                  0000ae28    0000004c     sysbios.aem4f : BIOS.obj (.text:ti_sysbios_heaps_HeapMem_getStats__E)
                  0000ae74    00000004     ti.targets.arm.rtsarm.aem4f : System.oem4f (.text:xdc_runtime_System_printf_va__F)
                  0000ae78    0000004c     sysbios.aem4f : BIOS.obj (.text:ti_sysbios_knl_Swi_runLoop__I)
                  0000aec4    00000004     --HOLE-- [fill = 0]
                  0000aec8    0000004c                   : BIOS.obj (.text:ti_sysbios_knl_Task_allBlockedFunction__I)
                  0000af14    0000004a     drivers_tivaware.aem4f : PWMTimerTiva.oem4f (.text:PWMTimerTiva_close)
                  0000af5e    0000004a     grlib.lib : string.obj (.text:UpdateContextCharMapping)
                  0000afa8    00000048     driverlib.lib : gpio.obj (.text:GPIOPinConfigure)
                  0000aff0    00000048                   : sysctl.obj (.text:_SysCtlFrequencyGet)
                  0000b038    00000048     rtsv7M4_T_le_v4SPD16_eabi.lib : fd_toi_t2.asm.obj (.text)
                  0000b080    00000048     sysbios.aem4f : BIOS.obj (.text:ti_sysbios_family_arm_m3_Hwi_disableInterrupt__E)
                  0000b0c8    00000048                   : BIOS.obj (.text:ti_sysbios_family_arm_m3_Hwi_enableInterrupt__E)
                  0000b110    00000048                   : BIOS.obj (.text:ti_sysbios_family_arm_m3_Hwi_excReserved__I)
                  0000b158    00000046     grlib.lib : line.obj (.text:GrLineDrawH)
                  0000b19e    00000046               : line.obj (.text:GrLineDrawV)
                  0000b1e4    00000046     Kentec320x240x16_ssd2119_spi.obj (.text:Kentec320x240x16_SSD2119PixelDraw)
                  0000b22a    00000046     drivers_tivaware.aem4f : RingBuf.oem4f (.text:RingBuf_put)
                  0000b270    00000046     driverlib.lib : uart.obj (.text:UARTConfigSetExpClk)
                  0000b2b6    00000046     ti.targets.arm.rtsarm.aem4f : Core-params.oem4f (.text:xdc_runtime_Core_assignParams__I)
                  0000b2fc    00000004     --HOLE-- [fill = 0]
                  0000b300    00000044     sysbios.aem4f : BIOS.obj (.text:ti_sysbios_family_arm_lm4_Timer_isrStub__E)
                  0000b344    00000004     --HOLE-- [fill = 0]
                  0000b348    00000044                   : BIOS.obj (.text:ti_sysbios_family_arm_m3_Hwi_getStackInfo__E)
                  0000b38c    00000004     --HOLE-- [fill = 0]
                  0000b390    00000044                   : BIOS.obj (.text:ti_sysbios_knl_Swi_post__E)
                  0000b3d4    00000044     ti.targets.arm.rtsarm.aem4f : Error.oem4f (.text:xdc_runtime_Error_setX__E)
                  0000b418    00000044                                 : SysMin.oem4f (.text:xdc_runtime_SysMin_flush__E)
                  0000b45c    00000044                                 : Text.oem4f (.text:xdc_runtime_Text_xprintf__I)
                  0000b4a0    00000042     drivers_tivaware.aem4f : UARTTiva.oem4f (.text:UARTTiva_hwiIntFxn)
                  0000b4e2    00000042                            : UARTTiva.oem4f (.text:UARTTiva_writePolling)
                  0000b524    00000040     grlib_demo.obj (.text:OnMainMenu)
                  0000b564    00000040     grlib_demo.obj (.text:OnSettingsMain)
                  0000b5a4    00000040     drivers_tivaware.aem4f : RingBuf.oem4f (.text:RingBuf_get)
                  0000b5e4    00000040                            : UARTTiva.oem4f (.text:UARTTiva_read)
                  0000b624    00000040     rtsv7M4_T_le_v4SPD16_eabi.lib : u_divt2.asm.obj (.text)
                  0000b664    00000040                                   : sprintf.c.obj (.text:sprintf)
                  0000b6a4    00000004     --HOLE-- [fill = 0]
                  0000b6a8    00000040     sysbios.aem4f : BIOS.obj (.text:ti_sysbios_family_arm_lm4_Timer_startup__E)
                  0000b6e8    0000003e     rtsv7M4_T_le_v4SPD16_eabi.lib : _printfi.c.obj (.text:_fcpy)
                  0000b726    0000003c     driverlib.lib : ssi.obj (.text:SSIConfigSetExpClk)
                  0000b762    00000006     grlib.lib : string.obj (.text:GrContextFontSet)
                  0000b768    0000003c     sysbios.aem4f : BIOS.obj (.text:ti_sysbios_family_arm_m3_Hwi_excSvCall__I)
                  0000b7a4    00000004     --HOLE-- [fill = 0]
                  0000b7a8    0000003c                   : BIOS.obj (.text:ti_sysbios_heaps_HeapMem_init__I)
                  0000b7e4    00000004     --HOLE-- [fill = 0]
                  0000b7e8    0000003c                   : BIOS.obj (.text:ti_sysbios_knl_Swi_restore__E)
                  0000b824    0000003a     grlib.lib : string.obj (.text:FontGlyphDataGet)
                  0000b85e    0000003a     drivers_tivaware.aem4f : I2CTiva.oem4f (.text:I2CTiva_completeTransfer)
                  0000b898    00000038                            : I2C.oem4f (.text:I2C_init)
                  0000b8d0    00000038                            : PWM.oem4f (.text:PWM_init)
                  0000b908    00000038     driverlib.lib : sysctl.obj (.text:SysCtlPeripheralReady)
                  0000b940    00000038     drivers_tivaware.aem4f : UART.oem4f (.text:UART_init)
                  0000b978    00000038     rtsv7M4_T_le_v4SPD16_eabi.lib : trgmsg.c.obj (.text:__TI_writemsg)
                  0000b9b0    00000038                                   : fs_tod_t2.asm.obj (.text)
                  0000b9e8    00000038     sysbios.aem4f : BIOS.obj (.text:ti_sysbios_family_arm_m3_Hwi_excNoIsr__I)
                  0000ba20    00000038     empty_pem4f.oem4f (.text:ti_sysbios_knl_Clock_create)
                  0000ba58    00000038     sysbios.aem4f : BIOS.obj (.text:ti_sysbios_knl_Task_processVitalTaskFlag__I)
                  0000ba90    00000038     ti.targets.arm.rtsarm.aem4f : SysMin.oem4f (.text:xdc_runtime_SysMin_putch__E)
                  0000bac8    00000038                                 : System.oem4f (.text:xdc_runtime_System_atexit__E)
                  0000bb00    00000036     grlib.lib : line.obj (.text:GrClipCodeGet)
                  0000bb36    00000036     drivers_tivaware.aem4f : I2CTiva.oem4f (.text:I2CTiva_close)
                  0000bb6c    00000036                            : UARTTiva.oem4f (.text:UARTTiva_readCancel)
                  0000bba2    00000002     --HOLE-- [fill = 0]
                  0000bba4    00000034     driverlib.lib : sysctl.obj (.text:SysCtlPeripheralEnable)
                  0000bbd8    00000034     rtsv7M4_T_le_v4SPD16_eabi.lib : trgmsg.c.obj (.text:__TI_readmsg)
                  0000bc0c    00000004     --HOLE-- [fill = 0]
                  0000bc10    00000034     sysbios.aem4f : BIOS.obj (.text:ti_sysbios_family_arm_m3_Hwi_Instance_finalize__E)
                  0000bc44    00000004     --HOLE-- [fill = 0]
                  0000bc48    00000034                   : BIOS.obj (.text:ti_sysbios_family_arm_m3_Hwi_excNmi__I)
                  0000bc7c    00000004     --HOLE-- [fill = 0]
                  0000bc80    00000034                   : BIOS.obj (.text:ti_sysbios_hal_Hwi_checkStack)
                  0000bcb4    00000034     empty_pem4f.oem4f (.text:ti_sysbios_knl_Clock_construct)
                  0000bce8    00000034     ti.targets.arm.rtsarm.aem4f : Core-label.oem4f (.text:xdc_runtime_Core_assignLabel__I)
                  0000bd1c    00000033                                 : Text.oem4f (.text:xdc_runtime_Text_printVisFxn__I)
                  0000bd4f    00000001     --HOLE-- [fill = 0]
                  0000bd50    00000032     sysbios.aem4f : BIOS.obj (.text:ti_sysbios_hal_Hwi_initStack)
                  0000bd82    00000002     --HOLE-- [fill = 0]
                  0000bd84    00000030     drivers_tivaware.aem4f : GPIOTiva.oem4f (.text:GPIO_enableInt)
                  0000bdb4    00000030                            : GPIOTiva.oem4f (.text:GPIO_read)
                  0000bde4    00000030     grlib_demo.obj (.text:OnGraphAcceleration)
                  0000be14    00000030     drivers_tivaware.aem4f : PWMTiva.oem4f (.text:PWMTiva_init)
                  0000be44    00000030                            : PWM.oem4f (.text:PWM_open)
                  0000be74    00000030                            : UART.oem4f (.text:UART_open)
                  0000bea4    00000030     motorCode.obj (.text:readABC)
                  0000bed4    00000030     empty_pem4f.oem4f (.text:ti_sysbios_BIOS_atExitFunc__I)
                  0000bf04    00000004     --HOLE-- [fill = 0]
                  0000bf08    00000030     sysbios.aem4f : BIOS.obj (.text:ti_sysbios_family_arm_lm4_Timer_stop__E)
                  0000bf38    00000030                   : BIOS.obj (.text:ti_sysbios_family_arm_m3_TaskSupport_start__E)
                  0000bf68    00000030     empty_pem4f.oem4f (.text:ti_sysbios_gates_GateHwi_Object__create__S)
                  0000bf98    00000030     empty_pem4f.oem4f (.text:ti_sysbios_gates_GateHwi_create)
                  0000bfc8    00000030     empty_pem4f.oem4f (.text:ti_sysbios_gates_GateMutex_Object__create__S)
                  0000bff8    00000030     empty_pem4f.oem4f (.text:ti_sysbios_heaps_HeapMem_Object__create__S)
                  0000c028    00000030     sysbios.aem4f : BIOS.obj (.text:ti_sysbios_knl_Event_pendTimeout__I)
                  0000c058    00000030     empty_pem4f.oem4f (.text:ti_sysbios_knl_Semaphore_construct)
                  0000c088    00000030     sysbios.aem4f : BIOS.obj (.text:ti_sysbios_knl_Semaphore_pendTimeout__I)
                  0000c0b8    00000030                   : BIOS.obj (.text:ti_sysbios_knl_Task_unblockI__E)
                  0000c0e8    00000030     ti.targets.arm.rtsarm.aem4f : SysMin.oem4f (.text:xdc_runtime_SysMin_abort__E)
                  0000c118    00000030                                 : System.oem4f (.text:xdc_runtime_System_processAtExit__E)
                  0000c148    0000002e     grlib.lib : string.obj (.text:GrStringNextCharGet)
                  0000c176    0000002e     rtsv7M4_T_le_v4SPD16_eabi.lib : i_tofd_t2.asm.obj (.text)
                  0000c1a4    0000002c     EK_TM4C1294XL.obj (.text:EK_TM4C1294XL_initUART)
                  0000c1d0    0000002c     grlib.lib : string.obj (.text:GrFontBaselineGet)
                  0000c1fc    0000002c               : string.obj (.text:GrFontHeightGet)
                  0000c228    0000002c               : pushbutton.obj (.text:RectangularButtonMsgProc)
                  0000c254    0000002c               : widget.obj (.text:WidgetIsInTree)
                  0000c280    0000002c     empty_pem4f.oem4f (.text:ti_sysbios_knl_Clock_doTick__I)
                  0000c2ac    0000002c     empty_pem4f.oem4f (.text:ti_sysbios_knl_Event_construct)
                  0000c2d8    0000002c     empty_pem4f.oem4f (.text:ti_sysbios_knl_Queue_construct)
                  0000c304    00000004     --HOLE-- [fill = 0]
                  0000c308    0000002c     sysbios.aem4f : BIOS.obj (.text:ti_sysbios_knl_Task_restore__E)
                  0000c334    0000002c     ti.targets.arm.rtsarm.aem4f : Text.oem4f (.text:xdc_runtime_Text_cordText__E)
                  0000c360    0000002a     driverlib.lib : gpio.obj (.text:GPIODirModeSet)
                  0000c38a    0000002a     ti.targets.arm.rtsarm.aem4f : System.oem4f (.text:xdc_runtime_System_putchar__I)
                  0000c3b4    00000028     Kentec320x240x16_ssd2119_spi.obj (.text:Kentec320x240x16_SSD2119ColorTranslate)
                  0000c3dc    00000028     grlib_demo.obj (.text:OnGraphSpeed)
                  0000c404    00000004     --HOLE-- [fill = 0]
                  0000c408    00000028     sysbios.aem4f : BIOS.obj (.text:ti_sysbios_hal_Hwi_Instance_init__E)
                  0000c430    00000028                   : BIOS.obj (.text:ti_sysbios_knl_Swi_Module_startup__E)
                  0000c458    00000026     grlib.lib : string.obj (.text:GrFontInfoGet)
                  0000c47e    00000026     sysbios.aem4f : m3_Hwi_asm.obj (.text:ti_sysbios_family_arm_m3_Hwi_pendSV__I)
                  0000c4a4    00000026     ti.targets.arm.rtsarm.aem4f : System.oem4f (.text:xdc_runtime_System_avprintf__E)
                  0000c4ca    00000002     --HOLE-- [fill = 0]
                  0000c4cc    00000024     grlib_demo.obj (.text:OnGraphLight)
                  0000c4f0    00000024     grlib_demo.obj (.text:OnGraphPower)
                  0000c514    00000024     empty_pem4f.oem4f (.text:ti_sysbios_BIOS_errorRaiseHook__I)
                  0000c538    00000024     empty_pem4f.oem4f (.text:ti_sysbios_BIOS_registerRTSLock__I)
                  0000c55c    00000024     empty_pem4f.oem4f (.text:ti_sysbios_BIOS_removeRTSLock__I)
                  0000c580    00000024     empty_pem4f.oem4f (.text:ti_sysbios_BIOS_startFunc__I)
                  0000c5a4    00000024     empty_pem4f.oem4f (.text:ti_sysbios_gates_GateMutex_Object__delete__S)
                  0000c5c8    00000024     sysbios.aem4f : BIOS.obj (.text:ti_sysbios_knl_Clock_Module_startup__E)
                  0000c5ec    00000004     --HOLE-- [fill = 0]
                  0000c5f0    00000024                   : BIOS.obj (.text:ti_sysbios_knl_Task_restoreHwi__E)
                  0000c614    00000024     ti.targets.arm.rtsarm.aem4f : System.oem4f (.text:xdc_runtime_System_vprintf__E)
                  0000c638    00000022     grlib.lib : string.obj (.text:GrFontGlyphDataGet)
                  0000c65a    00000022     driverlib.lib : pwm.obj (.text:PWMGenConfigure)
                  0000c67c    00000022     drivers_tivaware.aem4f : PWMTiva.oem4f (.text:PWMTiva_getPeriodCounts)
                  0000c69e    00000002     --HOLE-- [fill = 0]
                  0000c6a0    00000022     sysbios.aem4f : BIOS.obj (.text:ti_sysbios_family_arm_lm4_Timer_write__I)
                  0000c6c2    00000022     empty_pem4f.oem4f (.text:xdc_runtime_SysMin_output__I)
                  0000c6e4    00000020     drivers_tivaware.aem4f : GPIOTiva.oem4f (.text:GPIO_clearInt)
                  0000c704    00000020     driverlib.lib : uart.obj (.text:UARTDisable)
                  0000c724    00000020     Boot.aem4f : Boot_sysctl.oem4f (.text:_SysCtlMemTimingGet)
                  0000c744    00000020     driverlib.lib : sysctl.obj (.text:_SysCtlMemTimingGet)
                  0000c764    00000020     motorCode.obj (.text:setSpeed)
                  0000c784    00000020     empty_pem4f.oem4f (.text:ti_sysbios_BIOS_rtsLock__I)
                  0000c7a4    00000020     empty_pem4f.oem4f (.text:ti_sysbios_family_arm_m3_Hwi_Object__delete__S)
                  0000c7c4    00000020     sysbios.aem4f : m3_Hwi_asm.obj (.text:ti_sysbios_family_arm_m3_Hwi_excHandlerAsm__I)
                  0000c7e4    00000004     --HOLE-- [fill = 0]
                  0000c7e8    00000020                   : BIOS.obj (.text:ti_sysbios_family_arm_m3_Hwi_excHandler__I)
                  0000c808    00000020     empty_pem4f.oem4f (.text:ti_sysbios_gates_GateHwi_Object__delete__S)
                  0000c828    00000020     empty_pem4f.oem4f (.text:ti_sysbios_heaps_HeapMem_Object__delete__S)
                  0000c848    00000020     empty_pem4f.oem4f (.text:ti_sysbios_knl_Clock_Object__destruct__S)
                  0000c868    00000020     sysbios.aem4f : BIOS.obj (.text:ti_sysbios_knl_Idle_run__E)
                  0000c888    00000020     empty_pem4f.oem4f (.text:ti_sysbios_knl_Semaphore_Object__destruct__S)
                  0000c8a8    00000020     ti.targets.arm.rtsarm.aem4f : Registry.oem4f (.text:xdc_runtime_Registry_findById__E)
                  0000c8c8    00000020                                 : SysMin.oem4f (.text:xdc_runtime_SysMin_Module_startup__E)
                  0000c8e8    0000001e     grlib.lib : string.obj (.text:GrFontCodepageGet)
                  0000c906    0000001e     driverlib.lib : pwm.obj (.text:PWMPulseWidthSet)
                  0000c924    0000001e     drivers_tivaware.aem4f : PWMTiva.oem4f (.text:PWMTiva_getPeriodMicroSecs)
                  0000c942    0000001e     grlib.lib : widget.obj (.text:WidgetAdd)
                  0000c960    0000001e     sysbios.aem4f : m3_Hwi_asm_switch.obj (.text:ti_sysbios_family_xxx_Hwi_switchAndRunFunc)
                  0000c97e    00000002     --HOLE-- [fill = 0]
                  0000c980    0000001c     grlib.lib : widget.obj (.text:WidgetPointerMessage)
                  0000c99c    0000001c     drivers_tivaware.aem4f : GPIOTiva.oem4f (.text:getGpioIntIndex)
                  0000c9b8    0000001c     rtsv7M4_T_le_v4SPD16_eabi.lib : memccpy.c.obj (.text:memccpy)
                  0000c9d4    0000001c     empty_pem4f.oem4f (.text:ti_sysbios_family_arm_m3_Hwi_Object__destruct__S)
                  0000c9f0    0000001c     sysbios.aem4f : BIOS.obj (.text:ti_sysbios_gates_GateMutex_Instance_init__E)
                  0000ca0c    0000001c     empty_pem4f.oem4f (.text:ti_sysbios_hal_Hwi_HwiProxy_create)
                  0000ca28    0000001c     empty_pem4f.oem4f (.text:ti_sysbios_knl_Queue_Object__destruct__S)
                  0000ca44    00000004     --HOLE-- [fill = 0]
                  0000ca48    0000001c     sysbios.aem4f : BIOS.obj (.text:ti_sysbios_knl_Queue_put__E)
                  0000ca64    00000004     --HOLE-- [fill = 0]
                  0000ca68    0000001c                   : BIOS.obj (.text:ti_sysbios_knl_Task_enter__I)
                  0000ca84    0000001c     ti.targets.arm.rtsarm.aem4f : Error.oem4f (.text:xdc_runtime_Error_raiseX__E)
                  0000caa0    0000001c                                 : Memory.oem4f (.text:xdc_runtime_Memory_valloc__E)
                  0000cabc    0000001c                                 : SysMin.oem4f (.text:xdc_runtime_SysMin_exit__E)
                  0000cad8    0000001c                                 : System.oem4f (.text:xdc_runtime_System_abort__E)
                  0000caf4    0000001a     rtsv7M4_T_le_v4SPD16_eabi.lib : s_copysign.c.obj (.text:copysign)
                  0000cb0e    0000001a     empty_pem4f.oem4f (.text:ti_sysbios_family_arm_m3_Hwi_Handle__label__S)
                  0000cb28    0000001a     empty_pem4f.oem4f (.text:ti_sysbios_gates_GateHwi_Handle__label__S)
                  0000cb42    0000001a     empty_pem4f.oem4f (.text:ti_sysbios_gates_GateMutex_Handle__label__S)
                  0000cb5c    0000001a     empty_pem4f.oem4f (.text:ti_sysbios_heaps_HeapMem_Handle__label__S)
                  0000cb76    0000001a     empty_pem4f.oem4f (.text:ti_sysbios_knl_Swi_Handle__label__S)
                  0000cb90    0000001a     empty_pem4f.oem4f (.text:ti_sysbios_knl_Task_Handle__label__S)
                  0000cbaa    0000001a     empty_pem4f.oem4f (.text:xdc_runtime_System_aprintf__E)
                  0000cbc4    0000001a     empty_pem4f.oem4f (.text:xdc_runtime_System_printf__E)
                  0000cbde    00000018     driverlib.lib : gpio.obj (.text:GPIOPinTypeGPIOOutput)
                  0000cbf6    00000018                   : timer.obj (.text:TimerControlLevel)
                  0000cc0e    00000002     --HOLE-- [fill = 0]
                  0000cc10    00000018                   : timer.obj (.text:TimerDisable)
                  0000cc28    00000018     drivers_tivaware.aem4f : UART.oem4f (.text:UART_Params_init)
                  0000cc40    00000018     rtsv7M4_T_le_v4SPD16_eabi.lib : args_main.c.obj (.text:_args_main)
                  0000cc58    00000018                                   : sprintf.c.obj (.text:_outs)
                  0000cc70    00000018     empty.obj (.text:heartBeatFxn)
                  0000cc88    00000018     motorCode.obj (.text:startMotor)
                  0000cca0    00000018     empty_pem4f.oem4f (.text:ti_sysbios_BIOS_rtsUnlock__I)
                  0000ccb8    00000018     empty_pem4f.oem4f (.text:ti_sysbios_family_arm_lm4_Timer_Module__startupDone__F)
                  0000ccd0    00000018     empty_pem4f.oem4f (.text:ti_sysbios_family_arm_m3_Hwi_Module__startupDone__F)
                  0000cce8    00000018     sysbios.aem4f : m3_TaskSupport_asm.obj (.text:ti_sysbios_family_arm_m3_TaskSupport_swap__E)
                  0000cd00    00000018                   : BIOS.obj (.text:ti_sysbios_gates_GateMutex_leave__E)
                  0000cd18    00000018     ti.targets.arm.rtsarm.aem4f : Error.oem4f (.text:xdc_runtime_Error_check__E)
                  0000cd30    00000018                                 : System.oem4f (.text:xdc_runtime_System_exit__E)
                  0000cd48    00000018                                 : Text.oem4f (.text:xdc_runtime_Text_ropeText__E)
                  0000cd60    00000016     grlib.lib : string.obj (.text:GrStringDraw)
                  0000cd76    00000016     driverlib.lib : i2c.obj (.text:I2CMasterErr)
                  0000cd8c    00000016     rtsv7M4_T_le_v4SPD16_eabi.lib : strchr.c.obj (.text:strchr)
                  0000cda2    00000016     empty_pem4f.oem4f (.text:ti_sysbios_BIOS_exitFunc__I)
                  0000cdb8    00000016     motorCode.obj (.text:ti_sysbios_gates_GateHwi_Params_init)
                  0000cdce    00000016     motorCode.obj (.text:ti_sysbios_hal_Hwi_Params_init)
                  0000cde4    00000016     empty.obj (.text:ti_sysbios_knl_Clock_Params_init)
                  0000cdfa    00000016     motorCode.obj (.text:ti_sysbios_knl_Clock_Params_init)
                  0000ce10    00000016     motorCode.obj (.text:ti_sysbios_knl_Semaphore_Params_init)
                  0000ce26    00000014     grlib.lib : canvas.obj (.text:CanvasMsgProc)
                  0000ce3a    00000002     --HOLE-- [fill = 0]
                  0000ce3c    00000014     Kentec320x240x16_ssd2119_spi.obj (.text:LED_OFF)
                  0000ce50    00000014     Kentec320x240x16_ssd2119_spi.obj (.text:LED_ON)
                  0000ce64    00000014     grlib_demo.obj (.text:OnSettingAcceleration)
                  0000ce78    00000014     grlib_demo.obj (.text:OnSettingCurrent)
                  0000ce8c    00000014     grlib_demo.obj (.text:OnSettingSpeed)
                  0000cea0    00000014     driverlib.lib : pwm.obj (.text:PWMClockSet)
                  0000ceb4    00000014                   : sysctl.obj (.text:SysCtlPWMClockSet)
                  0000cec8    00000014     touch.obj (.text:TouchScreenCallbackSet)
                  0000cedc    00000014     driverlib.lib : uart.obj (.text:UARTEnable)
                  0000cef0    00000014     grlib.lib : widget.obj (.text:WidgetMutexGet)
                  0000cf04    00000014     motorCode.obj (.text:getSpeed)
                  0000cf18    00000014     rtsv7M4_T_le_v4SPD16_eabi.lib : strlen.c.obj (.text:strlen)
                  0000cf2c    00000014     empty_pem4f.oem4f (.text:ti_sysbios_family_arm_m3_Hwi_Object__get__S)
                  0000cf40    00000014     sysbios.aem4f : BIOS.obj (.text:ti_sysbios_family_arm_m3_Hwi_switchFromBootStack__E)
                  0000cf54    00000014     empty_pem4f.oem4f (.text:ti_sysbios_heaps_HeapMem_Object__get__S)
                  0000cf68    00000014     sysbios.aem4f : BIOS.obj (.text:ti_sysbios_knl_Event_Instance_init__E)
                  0000cf7c    00000014     empty_pem4f.oem4f (.text:ti_sysbios_knl_Swi_Object__get__S)
                  0000cf90    00000012     driverlib.lib : gpio.obj (.text:GPIOPinTypeEthernetLED)
                  0000cfa2    00000012                   : gpio.obj (.text:GPIOPinTypeGPIOInput)
                  0000cfb4    00000012                   : gpio.obj (.text:GPIOPinTypeI2C)
                  0000cfc6    00000012                   : gpio.obj (.text:GPIOPinTypeI2CSCL)
                  0000cfd8    00000012                   : gpio.obj (.text:GPIOPinTypePWM)
                  0000cfea    00000012                   : gpio.obj (.text:GPIOPinTypeSSI)
                  0000cffc    00000012                   : gpio.obj (.text:GPIOPinTypeTimer)
                  0000d00e    00000012                   : gpio.obj (.text:GPIOPinTypeUART)
                  0000d020    00000012                   : gpio.obj (.text:GPIOPinTypeUSBAnalog)
                  0000d032    00000012                   : gpio.obj (.text:GPIOPinTypeUSBDigital)
                  0000d044    00000012                   : pwm.obj (.text:PWMGenPeriodGet)
                  0000d056    00000012                   : pwm.obj (.text:PWMOutputInvert)
                  0000d068    00000012                   : pwm.obj (.text:PWMOutputState)
                  0000d07a    00000012     drivers_tivaware.aem4f : RingBuf.oem4f (.text:RingBuf_construct)
                  0000d08c    00000012     driverlib.lib : ssi.obj (.text:SSIDataGetNonBlocking)
                  0000d09e    00000012                   : timer.obj (.text:TimerLoadSet)
                  0000d0b0    00000012                   : timer.obj (.text:TimerMatchSet)
                  0000d0c2    00000012                   : timer.obj (.text:TimerPrescaleMatchSet)
                  0000d0d4    00000012                   : timer.obj (.text:TimerPrescaleSet)
                  0000d0e6    00000002     --HOLE-- [fill = 0]
                  0000d0e8    00000012     sysbios.aem4f : BIOS.obj (.text:ti_sysbios_hal_Hwi_Module_startup__E)
                  0000d0fa    00000012     rtsv7M4_T_le_v4SPD16_eabi.lib : wcslen.c.obj (.text:wcslen)
                  0000d10c    00000012     empty_pem4f.oem4f (.text:xdc_runtime_Startup_exec__I)
                  0000d11e    00000002     --HOLE-- [fill = 0]
                  0000d120    00000010     empty_pem4f.oem4f (.text:.bootCodeSection:ti_catalog_arm_cortexm4_tiva_ce_Boot_init__I)
                  0000d130    00000010     driverlib.lib : adc.obj (.text:ADCIntEnable)
                  0000d140    00000010                   : pwm.obj (.text:PWMGenPeriodSet)
                  0000d150    00000010     drivers_tivaware.aem4f : PWM.oem4f (.text:PWM_Params_init)
                  0000d160    00000010                            : UARTTiva.oem4f (.text:readBlockingTimeout)
                  0000d170    00000010     sysbios.aem4f : BIOS.obj (.text:ti_sysbios_BIOS_getCpuFreq__E)
                  0000d180    00000010                   : BIOS.obj (.text:ti_sysbios_BIOS_setThreadType__E)
                  0000d190    00000010                   : BIOS.obj (.text:ti_sysbios_BIOS_start__E)
                  0000d1a0    00000010                   : m3_TaskSupport_asm.obj (.text:ti_sysbios_family_arm_m3_TaskSupport_glue)
                  0000d1b0    00000010                   : BIOS.obj (.text:ti_sysbios_gates_GateMutex_Instance_finalize__E)
                  0000d1c0    00000010     empty_pem4f.oem4f (.text:ti_sysbios_hal_Hwi_HwiProxy_Object__create__S)
                  0000d1d0    00000010     sysbios.aem4f : BIOS.obj (.text:ti_sysbios_knl_Semaphore_Instance_finalize__E)
                  0000d1e0    00000010                   : BIOS.obj (.text:ti_sysbios_knl_Swi_disable__E)
                  0000d1f0    00000010     empty_pem4f.oem4f (.text:ti_sysbios_knl_Task_Object__get__S)
                  0000d200    00000010     sysbios.aem4f : BIOS.obj (.text:ti_sysbios_knl_Task_disable__E)
                  0000d210    00000010     ti.targets.arm.rtsarm.aem4f : Gate.oem4f (.text:xdc_runtime_Gate_leaveSystem__E)
                  0000d220    00000010                                 : Memory.oem4f (.text:xdc_runtime_Memory_free__E)
                  0000d230    00000010                                 : SysMin.oem4f (.text:xdc_runtime_SysMin_ready__E)
                  0000d240    00000010                                 : System.oem4f (.text:xdc_runtime_System_vsnprintf__E)
                  0000d250    00000010     empty_pem4f.oem4f (.text:xdc_runtime_Text_visitRope__I)
                  0000d260    0000000e     driverlib.lib : adc.obj (.text:ADCSequenceEnable)
                  0000d26e    0000000e                   : gpio.obj (.text:GPIOIntStatus)
                  0000d27c    0000000e     grlib.lib : image.obj (.text:GrImageDraw)
                  0000d28a    0000000e     driverlib.lib : timer.obj (.text:TimerEnable)
                  0000d298    0000000e                   : uart.obj (.text:UARTCharGetNonBlocking)
                  0000d2a6    0000000e                   : uart.obj (.text:UARTCharPutNonBlocking)
                  0000d2b4    0000000e     rtsv7M4_T_le_v4SPD16_eabi.lib : copy_decompress_none.c.obj (.text:decompress:none:__TI_decompress_none)
                  0000d2c2    00000006     driverlib.lib : i2c.obj (.text:I2CMasterIntDisable)
                  0000d2c8    0000000e     sysbios.aem4f : BIOS.obj (.text:ti_sysbios_knl_Idle_loop__E)
                  0000d2d6    00000002     --HOLE-- [fill = 0]
                  0000d2d8    0000000e                   : BIOS.obj (.text:ti_sysbios_knl_Queue_empty__E)
                  0000d2e6    0000000c     driverlib.lib : gpio.obj (.text:GPIOIntEnable)
                  0000d2f2    0000000c                   : pwm.obj (.text:PWMGenDisable)
                  0000d2fe    0000000c                   : pwm.obj (.text:PWMGenEnable)
                  0000d30a    0000000c     drivers_tivaware.aem4f : RingBuf.oem4f (.text:RingBuf_peek)
                  0000d316    0000000c     driverlib.lib : uart.obj (.text:UARTFlowControlSet)
                  0000d322    0000000c     drivers_tivaware.aem4f : UARTTiva.oem4f (.text:UARTTiva_init)
                  0000d32e    00000002     --HOLE-- [fill = 0]
                  0000d330    0000000c     rtsv7M4_T_le_v4SPD16_eabi.lib : _lock.c.obj (.text:_register_lock)
                  0000d33c    0000000c                                   : _lock.c.obj (.text:_register_unlock)
                  0000d348    0000000c                                   : copy_zero_init.c.obj (.text:decompress:ZI:__TI_zero_init)
                  0000d354    0000000c     motorCode.obj (.text:getState)
                  0000d360    0000000c     sysbios.aem4f : BIOS.obj (.text:ti_sysbios_family_arm_lm4_Timer_getAvailMask__E)
                  0000d36c    00000004     --HOLE-- [fill = 0]
                  0000d370    0000000c                   : BIOS.obj (.text:ti_sysbios_family_arm_lm4_Timer_getMaxTicks__E)
                  0000d37c    0000000c     empty_pem4f.oem4f (.text:ti_sysbios_family_arm_m3_Hwi_Params__init__S)
                  0000d388    0000000c     sysbios.aem4f : BIOS.obj (.text:ti_sysbios_family_arm_m3_Hwi_disableFxn__E)
                  0000d394    00000004     --HOLE-- [fill = 0]
                  0000d398    0000000c                   : BIOS.obj (.text:ti_sysbios_family_arm_m3_TaskSupport_checkStack__E)
                  0000d3a4    0000000c     empty_pem4f.oem4f (.text:ti_sysbios_gates_GateHwi_Params__init__S)
                  0000d3b0    0000000c     sysbios.aem4f : BIOS.obj (.text:ti_sysbios_gates_GateHwi_enter__E)
                  0000d3bc    0000000c     empty_pem4f.oem4f (.text:ti_sysbios_hal_Hwi_Params__init__S)
                  0000d3c8    0000000c     empty_pem4f.oem4f (.text:ti_sysbios_knl_Clock_Params__init__S)
                  0000d3d4    00000004     --HOLE-- [fill = 0]
                  0000d3d8    0000000c     sysbios.aem4f : BIOS.obj (.text:ti_sysbios_knl_Clock_getTicks__E)
                  0000d3e4    0000000c     motorCode.obj (.text:ti_sysbios_knl_Event_handle)
                  0000d3f0    0000000c     empty_pem4f.oem4f (.text:ti_sysbios_knl_Queue_Object__get__S)
                  0000d3fc    0000000c     empty_pem4f.oem4f (.text:ti_sysbios_knl_Semaphore_Params__init__S)
                  0000d408    0000000c     motorCode.obj (.text:ti_sysbios_knl_Semaphore_handle)
                  0000d414    0000000c     empty.obj (.text:updateGraphUI)
                  0000d420    0000000c     ti.targets.arm.rtsarm.aem4f : Error.oem4f (.text:xdc_runtime_Error_init__E)
                  0000d42c    0000000c                                 : Gate.oem4f (.text:xdc_runtime_Gate_enterSystem__E)
                  0000d438    0000000c                                 : Memory.oem4f (.text:xdc_runtime_Memory_calloc__E)
                  0000d444    0000000c                                 : Memory.oem4f (.text:xdc_runtime_Memory_getMaxDefaultTypeAlign__E)
                  0000d450    0000000a     driverlib.lib : i2c.obj (.text:I2CMasterDisable)
                  0000d45a    0000000a                   : i2c.obj (.text:I2CMasterEnable)
                  0000d464    0000000a     drivers_tivaware.aem4f : I2CTiva.oem4f (.text:I2CTiva_init)
                  0000d46e    0000000a     Kentec320x240x16_ssd2119_spi.obj (.text:Kentec320x240x16_SSD2119Flush)
                  0000d478    0000000a     drivers_tivaware.aem4f : PWMTimerTiva.oem4f (.text:PWMTimerTiva_getPeriodCounts)
                  0000d482    0000000a                            : PWM.oem4f (.text:PWM_setDuty)
                  0000d48c    0000000a     driverlib.lib : ssi.obj (.text:SSIDataPut)
                  0000d496    0000000a                   : ssi.obj (.text:SSIEnable)
                  0000d4a0    0000000a                   : uart.obj (.text:UARTCharGet)
                  0000d4aa    0000000a                   : uart.obj (.text:UARTCharPut)
                  0000d4b4    0000000a                   : uart.obj (.text:UARTIntDisable)
                  0000d4be    0000000a                   : uart.obj (.text:UARTIntStatus)
                  0000d4c8    0000000a     drivers_tivaware.aem4f : UART.oem4f (.text:UART_write)
                  0000d4d2    0000000a     rtsv7M4_T_le_v4SPD16_eabi.lib : sprintf.c.obj (.text:_outc)
                  0000d4dc    00000004     --HOLE-- [fill = 0]
                  0000d4e0    0000000a     sysbios.aem4f : BIOS.obj (.text:ti_sysbios_hal_Hwi_Instance_finalize__E)
                  0000d4ea    0000000a     empty_pem4f.oem4f (.text:xdc_runtime_IHeap_alloc)
                  0000d4f4    0000000a     empty_pem4f.oem4f (.text:xdc_runtime_IHeap_free)
                  0000d4fe    00000008     EK_TM4C1294XL.obj (.text:EK_TM4C1294XL_initGPIO)
                  0000d506    00000008     grlib.lib : charmap.obj (.text:GrMapISO8859_1_Unicode)
                  0000d50e    00000008     driverlib.lib : i2c.obj (.text:I2CMasterIntClear)
                  0000d516    00000008                   : i2c.obj (.text:I2CMasterSlaveAddrSet)
                  0000d51e    00000008     drivers_tivaware.aem4f : I2CTiva.oem4f (.text:I2CTiva_blockingCallback)
                  0000d526    00000008                            : PWMTimerTiva.oem4f (.text:PWMTimerTiva_init)
                  0000d52e    00000008     driverlib.lib : ssi.obj (.text:SSIBusy)
                  0000d536    00000008                   : uart.obj (.text:UARTIntEnable)
                  0000d53e    00000008                   : uart.obj (.text:UARTRxErrorGet)
                  0000d546    00000002     --HOLE-- [fill = 0]
                  0000d548    00000008     rtsv7M4_T_le_v4SPD16_eabi.lib : errno.c.obj (.text:__aeabi_errno_addr)
                  0000d550    00000008     drivers_tivaware.aem4f : UARTTiva.oem4f (.text:readSemCallback)
                  0000d558    00000008     sysbios.aem4f : BIOS.obj (.text:ti_sysbios_family_arm_lm4_Timer_masterDisable__I)
                  0000d560    00000008                   : BIOS.obj (.text:ti_sysbios_family_arm_m3_Hwi_doSwiRestore__I)
                  0000d568    00000008                   : BIOS.obj (.text:ti_sysbios_family_arm_m3_Hwi_startup__E)
                  0000d570    00000008     drivers_tivaware.aem4f : UARTTiva.oem4f (.text:writeSemCallback)
                  0000d578    00000006     driverlib.lib : i2c.obj (.text:I2CMasterIntEnable)
                  0000d57e    00000006     drivers_tivaware.aem4f : I2CTiva.oem4f (.text:I2CTiva_control)
                  0000d584    00000006                            : PWMTimerTiva.oem4f (.text:PWMTimerTiva_getPeriodMicroSecs)
                  0000d58a    00000006     driverlib.lib : sysctl.obj (.text:SysCtlDelay)
                  0000d590    00000006                   : uart.obj (.text:UARTFIFOLevelSet)
                  0000d596    00000006                   : uart.obj (.text:UARTRxErrorClear)
                  0000d59c    00000006     grlib.lib : widget.obj (.text:WidgetMutexPut)
                  0000d5a2    00000006     ti.targets.arm.rtsarm.aem4f : System.oem4f (.text:xdc_runtime_System_Module_startup__E)
                  0000d5a8    00000006     sysbios.aem4f : BIOS.obj (.text:ti_sysbios_family_arm_m3_Hwi_doTaskRestore__I)
                  0000d5ae    00000002     --HOLE-- [fill = 0]
                  0000d5b0    00000006                   : BIOS.obj (.text:ti_sysbios_family_arm_m3_Hwi_restoreFxn__E)
                  0000d5b6    00000002     --HOLE-- [fill = 0]
                  0000d5b8    00000006                   : BIOS.obj (.text:ti_sysbios_gates_GateHwi_leave__E)
                  0000d5be    00000002     --HOLE-- [fill = 0]
                  0000d5c0    00000006                   : BIOS.obj (.text:ti_sysbios_heaps_HeapMem_isBlocking__E)
                  0000d5c6    00000002     --HOLE-- [fill = 0]
                  0000d5c8    00000006                   : BIOS.obj (.text:ti_sysbios_knl_Clock_stop__E)
                  0000d5ce    00000002     --HOLE-- [fill = 0]
                  0000d5d0    00000006                   : BIOS.obj (.text:ti_sysbios_knl_Queue_Instance_init__E)
                  0000d5d6    00000002     --HOLE-- [fill = 0]
                  0000d5d8    00000006                   : BIOS.obj (.text:ti_sysbios_knl_Swi_startup__E)
                  0000d5de    00000002     --HOLE-- [fill = 0]
                  0000d5e0    00000004                   : BIOS.obj (.text:ti_sysbios_gates_GateHwi_query__E)
                  0000d5e4    00000004     --HOLE-- [fill = 0]
                  0000d5e8    00000004                   : BIOS.obj (.text:ti_sysbios_gates_GateMutex_query__E)
                  0000d5ec    00000004     --HOLE-- [fill = 0]
                  0000d5f0    00000004                   : BIOS.obj (.text:ti_sysbios_knl_Task_startup__E)
                  0000d5f4    00000004     --HOLE-- [fill = 0]
                  0000d5f8    00000002                   : BIOS.obj (.text:ti_sysbios_gates_GateHwi_Instance_init__E)
                  0000d5fa    00000006     --HOLE-- [fill = 0]
                  0000d600    00000002                   : BIOS.obj (.text:ti_sysbios_knl_Clock_logTick__E)

.const     0    0000d604    00003a0c     
                  0000d604    00001922     empty_pem4f.oem4f (.const:xdc_runtime_Text_charTab__A)
                  0000ef26    000007e5     grlib.lib : fontcmss18.obj (.const:.string:g_pui8Cmss18Data)
                  0000f70b    00000782               : fontcmss18b.obj (.const:.string:g_pui8Cmss18bData)
                  0000fe8d    00000001     empty_pem4f.oem4f (.const:xdc_runtime_Error_policy__C)
                  0000fe8e    00000002     empty_pem4f.oem4f (.const:ti_catalog_arm_cortexm4_tiva_ce_Boot_Module__id__C)
                  0000fe90    000001b0     driverlib.lib : sysctl.obj (.const:g_pppui32XTALtoVCO)
                  00010040    00000120     Boot.aem4f : Boot_sysctl.oem4f (.const:g_pppui32XTALtoVCO)
                  00010160    00000101     rtsv7M4_T_le_v4SPD16_eabi.lib : ctype.c.obj (.const:.string:_ctypes_)
                  00010261    00000001     --HOLE-- [fill = 0]
                  00010262    00000002     empty_pem4f.oem4f (.const:ti_sysbios_family_arm_m3_Hwi_Module__id__C)
                  00010264    000000c8     grlib.lib : fontcmss18.obj (.const:g_sFontCmss18)
                  0001032c    000000c8               : fontcmss18b.obj (.const:g_sFontCmss18b)
                  000103f4    000000c0     empty_pem4f.oem4f (.const:xdc_runtime_Text_nodeTab__A)
                  000104b4    0000009e     grlib_demo.obj (.const:.string)
                  00010552    00000002     empty_pem4f.oem4f (.const:ti_sysbios_gates_GateMutex_Module__id__C)
                  00010554    00000090     driverlib.lib : gpio.obj (.const:g_pui32GPIOBaseAddrs)
                  000105e4    00000070                   : interrupt.obj (.const)
                  00010654    0000006c     Boot.aem4f : Boot_sysctl.oem4f (.const:g_pui32Xtals)
                  000106c0    0000006c     driverlib.lib : sysctl.obj (.const:g_pui32Xtals)
                  0001072c    00000060     MotorLib.lib : motorlib.obj (.const:PWM_config)
                  0001078c    00000058     empty_pem4f.oem4f (.const:.string)
                  000107e4    00000054     drivers_tivaware.aem4f : GPIOTiva.oem4f (.const:.string)
                  00010838    00000054     MotorLib.lib : motorlib.obj (.const:motorLibPWMTivaHWAttrs)
                  0001088c    0000004c     drivers_tivaware.aem4f : UARTTiva.oem4f (.const)
                  000108d8    00000048                            : GPIOTiva.oem4f (.const:gpioBaseAddresses)
                  00010920    00000030     Boot.aem4f : Boot_sysctl.oem4f (.const:g_sXTALtoMEMTIM)
                  00010950    00000030     driverlib.lib : sysctl.obj (.const:g_sXTALtoMEMTIM)
                  00010980    00000030     empty_pem4f.oem4f (.const:ti_sysbios_family_arm_m3_Hwi_Object__PARAMS__C)
                  000109b0    0000002c     empty_pem4f.oem4f (.const:ti_sysbios_hal_Hwi_Object__PARAMS__C)
                  000109dc    00000028     drivers_tivaware.aem4f : UARTTiva.oem4f (.const:UARTTiva_fxnTable)
                  00010a04    00000028     Kentec320x240x16_ssd2119_spi.obj (.const:g_sKentec320x240x16_SSD2119)
                  00010a2c    00000028     empty_pem4f.oem4f (.const:ti_sysbios_heaps_HeapMem_Module__FXNS__C)
                  00010a54    00000024     EK_TM4C1294XL.obj (.const:I2C_config)
                  00010a78    00000024     drivers_tivaware.aem4f : UART.oem4f (.const:UART_defaultParams)
                  00010a9c    00000024     empty_pem4f.oem4f (.const:ti_sysbios_gates_GateHwi_Module__FXNS__C)
                  00010ac0    00000024     empty_pem4f.oem4f (.const:ti_sysbios_gates_GateMutex_Module__FXNS__C)
                  00010ae4    00000024     empty_pem4f.oem4f (.const:ti_sysbios_heaps_HeapMem_Object__PARAMS__C)
                  00010b08    00000024     empty_pem4f.oem4f (.const:ti_sysbios_knl_Clock_Object__PARAMS__C)
                  00010b2c    00000024     empty_pem4f.oem4f (.const:ti_sysbios_knl_Semaphore_Object__PARAMS__C)
                  00010b50    00000020     drivers_tivaware.aem4f : PWMTimerTiva.oem4f (.const)
                  00010b70    00000020                            : PWMTiva.oem4f (.const)
                  00010b90    00000020     empty_pem4f.oem4f (.const:ti_sysbios_family_arm_m3_Hwi_Object__DESC__C)
                  00010bb0    00000020     empty_pem4f.oem4f (.const:ti_sysbios_gates_GateHwi_Object__DESC__C)
                  00010bd0    00000020     empty_pem4f.oem4f (.const:ti_sysbios_gates_GateMutex_Object__DESC__C)
                  00010bf0    00000020     empty_pem4f.oem4f (.const:ti_sysbios_hal_Hwi_Object__DESC__C)
                  00010c10    00000020     empty_pem4f.oem4f (.const:ti_sysbios_heaps_HeapMem_Object__DESC__C)
                  00010c30    00000020     empty_pem4f.oem4f (.const:ti_sysbios_knl_Clock_Object__DESC__C)
                  00010c50    00000020     empty_pem4f.oem4f (.const:ti_sysbios_knl_Event_Object__DESC__C)
                  00010c70    00000020     empty_pem4f.oem4f (.const:ti_sysbios_knl_Queue_Object__DESC__C)
                  00010c90    00000020     empty_pem4f.oem4f (.const:ti_sysbios_knl_Semaphore_Object__DESC__C)
                  00010cb0    00000020     empty_pem4f.oem4f (.const:xdc_runtime_Startup_sfxnTab__A)
                  00010cd0    0000001c     drivers_tivaware.aem4f : I2CTiva.oem4f (.const)
                  00010cec    0000001c     touch.obj (.const:g_pi32TouchParameters)
                  00010d08    00000018     EK_TM4C1294XL.obj (.const:UART_config)
                  00010d20    00000018     EK_TM4C1294XL.obj (.const:i2cTivaHWAttrs)
                  00010d38    00000018     empty_pem4f.oem4f (.const:ti_sysbios_gates_GateHwi_Object__PARAMS__C)
                  00010d50    00000018     empty_pem4f.oem4f (.const:ti_sysbios_gates_GateMutex_Object__PARAMS__C)
                  00010d68    00000018     empty_pem4f.oem4f (.const:ti_sysbios_knl_Event_Object__PARAMS__C)
                  00010d80    00000018     empty_pem4f.oem4f (.const:ti_sysbios_knl_Queue_Object__PARAMS__C)
                  00010d98    00000018     EK_TM4C1294XL.obj (.const:uartTivaHWAttrs)
                  00010db0    00000014     EK_TM4C1294XL.obj (.const:GPIOTiva_config)
                  00010dc4    00000014     empty_pem4f.oem4f (.const:xdc_runtime_Startup_firstFxns__A)
                  00010dd8    00000010     grlib.lib : context.obj (.const)
                  00010de8    00000010     MotorLib.lib : motorlib.obj (.const:motorLibPWMTimerTivaHWAttrs)
                  00010df8    00000010     empty_pem4f.oem4f (.const:xdc_runtime_Startup_sfxnRts__A)
                  00010e08    0000000c     drivers_tivaware.aem4f : PWM.oem4f (.const)
                  00010e14    00000008     Boot.aem4f : Boot_sysctl.oem4f (.const)
                  00010e1c    00000008     driverlib.lib : sysctl.obj (.const)
                  00010e24    00000008     empty_pem4f.oem4f (.const:ti_sysbios_family_arm_m3_Hwi_excHookFuncs__A)
                  00010e2c    00000008     empty_pem4f.oem4f (.const:ti_sysbios_knl_Idle_funcList__C)
                  00010e34    00000008     empty_pem4f.oem4f (.const:xdc_runtime_Startup_firstFxns__C)
                  00010e3c    00000008     empty_pem4f.oem4f (.const:xdc_runtime_Startup_lastFxns__C)
                  00010e44    00000004     empty_pem4f.oem4f (.const:ti_catalog_arm_cortexm4_tiva_ce_Boot_A_mustNotUseEnhancedClockMode__C)
                  00010e48    00000004     empty_pem4f.oem4f (.const:ti_catalog_arm_cortexm4_tiva_ce_Boot_Module__diagsEnabled__C)
                  00010e4c    00000004     empty_pem4f.oem4f (.const:ti_catalog_arm_cortexm4_tiva_ce_Boot_Module__diagsIncluded__C)
                  00010e50    00000004     empty_pem4f.oem4f (.const:ti_catalog_arm_cortexm4_tiva_ce_Boot_Module__diagsMask__C)
                  00010e54    00000004     empty_pem4f.oem4f (.const:ti_sysbios_family_arm_lm4_Timer_enableFunc__C)
                  00010e58    00000004     empty_pem4f.oem4f (.const:ti_sysbios_family_arm_lm4_Timer_numTimerDevices__C)
                  00010e5c    00000004     empty_pem4f.oem4f (.const:ti_sysbios_family_arm_lm4_Timer_startupNeeded__C)
                  00010e60    00000004     empty_pem4f.oem4f (.const:ti_sysbios_family_arm_m3_Hwi_E_NMI__C)
                  00010e64    00000004     empty_pem4f.oem4f (.const:ti_sysbios_family_arm_m3_Hwi_E_alreadyDefined__C)
                  00010e68    00000004     empty_pem4f.oem4f (.const:ti_sysbios_family_arm_m3_Hwi_E_busFault__C)
                  00010e6c    00000004     empty_pem4f.oem4f (.const:ti_sysbios_family_arm_m3_Hwi_E_debugMon__C)
                  00010e70    00000004     empty_pem4f.oem4f (.const:ti_sysbios_family_arm_m3_Hwi_E_hardFault__C)
                  00010e74    00000004     empty_pem4f.oem4f (.const:ti_sysbios_family_arm_m3_Hwi_E_memFault__C)
                  00010e78    00000004     empty_pem4f.oem4f (.const:ti_sysbios_family_arm_m3_Hwi_E_noIsr__C)
                  00010e7c    00000004     empty_pem4f.oem4f (.const:ti_sysbios_family_arm_m3_Hwi_E_reserved__C)
                  00010e80    00000004     empty_pem4f.oem4f (.const:ti_sysbios_family_arm_m3_Hwi_E_svCall__C)
                  00010e84    00000004     empty_pem4f.oem4f (.const:ti_sysbios_family_arm_m3_Hwi_E_usageFault__C)
                  00010e88    00000004     empty_pem4f.oem4f (.const:ti_sysbios_family_arm_m3_Hwi_NUM_INTERRUPTS__C)
                  00010e8c    00000004     empty_pem4f.oem4f (.const:ti_sysbios_family_arm_m3_Hwi_Object__count__C)
                  00010e90    00000004     empty_pem4f.oem4f (.const:ti_sysbios_family_arm_m3_Hwi_ccr__C)
                  00010e94    00000004     empty_pem4f.oem4f (.const:ti_sysbios_family_arm_m3_Hwi_excHandlerFunc__C)
                  00010e98    00000004     empty_pem4f.oem4f (.const:ti_sysbios_family_arm_m3_Hwi_excHookFuncs__C)
                  00010e9c    00000004     empty_pem4f.oem4f (.const:ti_sysbios_family_arm_m3_Hwi_nullIsrFunc__C)
                  00010ea0    00000004     empty_pem4f.oem4f (.const:ti_sysbios_family_arm_m3_Hwi_priGroup__C)
                  00010ea4    00000004     empty_pem4f.oem4f (.const:ti_sysbios_gates_GateMutex_A_badContext__C)
                  00010ea8    00000004     empty_pem4f.oem4f (.const:ti_sysbios_gates_GateMutex_Instance_State_sem__O)
                  00010eac    00000004     empty_pem4f.oem4f (.const:ti_sysbios_gates_GateMutex_Module__diagsEnabled__C)
                  00010eb0    00000004     empty_pem4f.oem4f (.const:ti_sysbios_gates_GateMutex_Module__diagsIncluded__C)
                  00010eb4    00000004     empty_pem4f.oem4f (.const:ti_sysbios_gates_GateMutex_Module__diagsMask__C)
                  00010eb8    00000004     empty_pem4f.oem4f (.const:ti_sysbios_hal_Hwi_E_stackOverflow__C)
                  00010ebc    00000004     empty_pem4f.oem4f (.const:ti_sysbios_heaps_HeapMem_A_align__C)
                  00010ec0    00000004     empty_pem4f.oem4f (.const:ti_sysbios_heaps_HeapMem_A_heapSize__C)
                  00010ec4    00000004     empty_pem4f.oem4f (.const:ti_sysbios_heaps_HeapMem_A_invalidFree__C)
                  00010ec8    00000004     empty_pem4f.oem4f (.const:ti_sysbios_heaps_HeapMem_A_zeroBlock__C)
                  00010ecc    00000004     empty_pem4f.oem4f (.const:ti_sysbios_heaps_HeapMem_E_memory__C)
                  00010ed0    00000004     empty_pem4f.oem4f (.const:ti_sysbios_heaps_HeapMem_Module__diagsEnabled__C)
                  00010ed4    00000004     empty_pem4f.oem4f (.const:ti_sysbios_heaps_HeapMem_Module__diagsIncluded__C)
                  00010ed8    00000004     empty_pem4f.oem4f (.const:ti_sysbios_heaps_HeapMem_Module__diagsMask__C)
                  00010edc    00000004     empty_pem4f.oem4f (.const:ti_sysbios_heaps_HeapMem_Module__gateObj__C)
                  00010ee0    00000004     empty_pem4f.oem4f (.const:ti_sysbios_heaps_HeapMem_Object__count__C)
                  00010ee4    00000004     empty_pem4f.oem4f (.const:ti_sysbios_heaps_HeapMem_reqAlign__C)
                  00010ee8    00000004     empty_pem4f.oem4f (.const:ti_sysbios_knl_Clock_A_badThreadType__C)
                  00010eec    00000004     empty_pem4f.oem4f (.const:ti_sysbios_knl_Clock_Module_State_clockQ__O)
                  00010ef0    00000004     empty_pem4f.oem4f (.const:ti_sysbios_knl_Clock_Module__diagsEnabled__C)
                  00010ef4    00000004     empty_pem4f.oem4f (.const:ti_sysbios_knl_Clock_Module__diagsIncluded__C)
                  00010ef8    00000004     empty_pem4f.oem4f (.const:ti_sysbios_knl_Clock_Module__diagsMask__C)
                  00010efc    00000004     empty_pem4f.oem4f (.const:ti_sysbios_knl_Event_A_badContext__C)
                  00010f00    00000004     empty_pem4f.oem4f (.const:ti_sysbios_knl_Event_A_eventInUse__C)
                  00010f04    00000004     empty_pem4f.oem4f (.const:ti_sysbios_knl_Event_A_nullEventId__C)
                  00010f08    00000004     empty_pem4f.oem4f (.const:ti_sysbios_knl_Event_A_nullEventMasks__C)
                  00010f0c    00000004     empty_pem4f.oem4f (.const:ti_sysbios_knl_Event_A_pendTaskDisabled__C)
                  00010f10    00000004     empty_pem4f.oem4f (.const:ti_sysbios_knl_Event_Instance_State_pendQ__O)
                  00010f14    00000004     empty_pem4f.oem4f (.const:ti_sysbios_knl_Event_Module__diagsEnabled__C)
                  00010f18    00000004     empty_pem4f.oem4f (.const:ti_sysbios_knl_Event_Module__diagsIncluded__C)
                  00010f1c    00000004     empty_pem4f.oem4f (.const:ti_sysbios_knl_Event_Module__diagsMask__C)
                  00010f20    00000004     empty_pem4f.oem4f (.const:ti_sysbios_knl_Idle_funcList__A)
                  00010f24    00000004     empty_pem4f.oem4f (.const:ti_sysbios_knl_Semaphore_A_badContext__C)
                  00010f28    00000004     empty_pem4f.oem4f (.const:ti_sysbios_knl_Semaphore_A_noEvents__C)
                  00010f2c    00000004     empty_pem4f.oem4f (.const:ti_sysbios_knl_Semaphore_A_overflow__C)
                  00010f30    00000004     empty_pem4f.oem4f (.const:ti_sysbios_knl_Semaphore_A_pendTaskDisabled__C)
                  00010f34    00000004     empty_pem4f.oem4f (.const:ti_sysbios_knl_Semaphore_Instance_State_pendQ__O)
                  00010f38    00000004     empty_pem4f.oem4f (.const:ti_sysbios_knl_Semaphore_Module__diagsEnabled__C)
                  00010f3c    00000004     empty_pem4f.oem4f (.const:ti_sysbios_knl_Semaphore_Module__diagsIncluded__C)
                  00010f40    00000004     empty_pem4f.oem4f (.const:ti_sysbios_knl_Semaphore_Module__diagsMask__C)
                  00010f44    00000004     empty_pem4f.oem4f (.const:ti_sysbios_knl_Swi_Object__count__C)
                  00010f48    00000004     empty_pem4f.oem4f (.const:ti_sysbios_knl_Task_E_spOutOfBounds__C)
                  00010f4c    00000004     empty_pem4f.oem4f (.const:ti_sysbios_knl_Task_E_stackOverflow__C)
                  00010f50    00000004     empty_pem4f.oem4f (.const:ti_sysbios_knl_Task_Module_State_inactiveQ__O)
                  00010f54    00000004     empty_pem4f.oem4f (.const:ti_sysbios_knl_Task_Object__count__C)
                  00010f58    00000004     empty_pem4f.oem4f (.const:ti_sysbios_knl_Task_allBlockedFunc__C)
                  00010f5c    00000004     empty_pem4f.oem4f (.const:ti_sysbios_knl_Task_numConstructedTasks__C)
                  00010f60    00000004     empty_pem4f.oem4f (.const:xdc_runtime_Assert_E_assertFailed__C)
                  00010f64    00000004     empty_pem4f.oem4f (.const:xdc_runtime_Core_A_initializedParams__C)
                  00010f68    00000004     empty_pem4f.oem4f (.const:xdc_runtime_Core_Module__diagsEnabled__C)
                  00010f6c    00000004     empty_pem4f.oem4f (.const:xdc_runtime_Core_Module__diagsIncluded__C)
                  00010f70    00000004     empty_pem4f.oem4f (.const:xdc_runtime_Core_Module__diagsMask__C)
                  00010f74    00000004     empty_pem4f.oem4f (.const:xdc_runtime_Error_E_generic__C)
                  00010f78    00000004     empty_pem4f.oem4f (.const:xdc_runtime_Error_E_memory__C)
                  00010f7c    00000004     empty_pem4f.oem4f (.const:xdc_runtime_Error_Module__diagsEnabled__C)
                  00010f80    00000004     empty_pem4f.oem4f (.const:xdc_runtime_Error_Module__diagsIncluded__C)
                  00010f84    00000004     empty_pem4f.oem4f (.const:xdc_runtime_Error_Module__diagsMask__C)
                  00010f88    00000004     empty_pem4f.oem4f (.const:xdc_runtime_Error_Module__loggerFxn8__C)
                  00010f8c    00000004     empty_pem4f.oem4f (.const:xdc_runtime_Error_Module__loggerObj__C)
                  00010f90    00000004     empty_pem4f.oem4f (.const:xdc_runtime_Error_policyFxn__C)
                  00010f94    00000004     empty_pem4f.oem4f (.const:xdc_runtime_Error_raiseHook__C)
[...]
00010f38  ti_sysbios_knl_Semaphore_Module__diagsEnabled__C                     
00010f3c  ti_sysbios_knl_Semaphore_Module__diagsIncluded__C                    
00010f40  ti_sysbios_knl_Semaphore_Module__diagsMask__C                        
00010f44  ti_sysbios_knl_Swi_Object__count__C                                  
00010f48  ti_sysbios_knl_Task_E_spOutOfBounds__C                               
00010f4c  ti_sysbios_knl_Task_E_stackOverflow__C                               
00010f50  ti_sysbios_knl_Task_Module_State_inactiveQ__O                        
00010f54  ti_sysbios_knl_Task_Object__count__C                                 
00010f58  ti_sysbios_knl_Task_allBlockedFunc__C                                
00010f5c  ti_sysbios_knl_Task_numConstructedTasks__C                           
00010f60  xdc_runtime_Assert_E_assertFailed__C                                 
00010f64  xdc_runtime_Core_A_initializedParams__C                              
00010f68  xdc_runtime_Core_Module__diagsEnabled__C                             
00010f6c  xdc_runtime_Core_Module__diagsIncluded__C                            
00010f70  xdc_runtime_Core_Module__diagsMask__C                                
00010f74  xdc_runtime_Error_E_generic__C                                       
00010f78  xdc_runtime_Error_E_memory__C                                        
00010f7c  xdc_runtime_Error_Module__diagsEnabled__C                            
00010f80  xdc_runtime_Error_Module__diagsIncluded__C                           
00010f84  xdc_runtime_Error_Module__diagsMask__C                               
00010f88  xdc_runtime_Error_Module__loggerFxn8__C                              
00010f8c  xdc_runtime_Error_Module__loggerObj__C                               
00010f90  xdc_runtime_Error_policyFxn__C                                       
00010f94  xdc_runtime_Error_raiseHook__C                                       
00010f98  xdc_runtime_IGateProvider_Interface__BASE__C                         
00010f9c  xdc_runtime_IHeap_Interface__BASE__C                                 
00010fa0  xdc_runtime_IModule_Interface__BASE__C                               
00010fa4  xdc_runtime_Log_L_error__C                                           
00010fa8  xdc_runtime_Memory_defaultHeapInstance__C                            
00010fac  xdc_runtime_Startup_execImpl__C                                      
00010fb0  xdc_runtime_Startup_maxPasses__C                                     
00010fb4  xdc_runtime_Startup_sfxnRts__C                                       
00010fb8  xdc_runtime_Startup_sfxnTab__C                                       
00010fbc  xdc_runtime_SysMin_bufSize__C                                        
00010fc0  xdc_runtime_SysMin_outputFunc__C                                     
00010fc4  xdc_runtime_System_Module__gateObj__C                                
00010fc8  xdc_runtime_System_abortFxn__C                                       
00010fcc  xdc_runtime_System_exitFxn__C                                        
00010fd0  xdc_runtime_System_extendFxn__C                                      
00010fd4  xdc_runtime_System_maxAtexitHandlers__C                              
00010fd8  xdc_runtime_Text_charTab__C                                          
00010fdc  xdc_runtime_Text_nameEmpty__C                                        
00010fe0  xdc_runtime_Text_nameStatic__C                                       
00010fe4  xdc_runtime_Text_nameUnknown__C                                      
00010fe8  xdc_runtime_Text_nodeTab__C                                          
00010fec  xdc_runtime_Text_visitRopeFxn__C                                     
00010ff0  ti_sysbios_hal_Hwi_Module__id__C                                     
00010ff2  ti_sysbios_heaps_HeapMem_Module__id__C                               
00010ff4  ti_sysbios_knl_Clock_Module__id__C                                   
00010ff6  ti_sysbios_knl_Event_Module__id__C                                   
00010ff8  ti_sysbios_knl_Semaphore_Module__id__C                               
00010ffa  ti_sysbios_knl_Task_Module__id__C                                    
00010ffc  xdc_runtime_Core_Module__id__C                                       
00010ffe  xdc_runtime_Error_Module__loggerDefined__C                           
00011000  xdc_runtime_Error_maxDepth__C                                        
00011002  xdc_runtime_Main_Module__id__C                                       
00011004  xdc_runtime_Memory_Module__id__C                                     
00011006  xdc_runtime_SysMin_flushAtExit__C                                    
00011008  xdc_runtime_Text_charCnt__C                                          
0001100a  xdc_runtime_Text_isLoaded__C                                         
0001100c  xdc_runtime_Text_registryModsLastId__C                               
0001100e  xdc_runtime_Text_unnamedModsLastId__C                                
00011010  __TI_static_base__                                                   
000113f4  __TI_Handler_Table_Base                                              
00011400  __TI_Handler_Table_Limit                                             
00011410  __TI_CINIT_Base                                                      
00011428  __TI_CINIT_Limit                                                     
20000000  __start___llvm_prf_cnts                                              
20000000  __stop___llvm_prf_cnts                                               
20000000  ti_sysbios_family_arm_m3_Hwi_ramVectors                              
20000360  ti_sysbios_knl_Task_Instance_State_0_stack__A                        
20000b60  ti_sysbios_knl_Task_Instance_State_1_stack__A                        
20001360  ti_sysbios_knl_Task_Instance_State_2_stack__A                        
20001560  ti_sysbios_heaps_HeapMem_Instance_State_0_buf__A                     
20001960  xdc_runtime_SysMin_Module_State_0_outbuf__A                          
20001d60  ti_sysbios_family_arm_m3_Hwi_dispatchTable                           
20002200  __CIOBUF_                                                            
20002320  i2cTivaObjects                                                       
20002420  uartTivaObjects                                                      
2000257c  motorLibPWMObjects                                                   
200025b4  eb                                                                   
200025e4  sContext                                                             
20002610  clockUpdateGraph                                                     
20002694  maxTime                                                              
200026b4  minTime                                                              
200026d4  uartTivaRingBuffer                                                   
200026f4  semStruct                                                            
20002710  gHwiprms                                                             
20002728  motorLibPWMTimerObjects                                              
20002740  evtStruct                                                            
20002754  valueText                                                            
20002780  graphMax                                                             
20002788  graphMin                                                             
20002790  parmbuf                                                              
20002798  SysTicks                                                             
2000279c  acceleration                                                         
200027a0  acceleration_avg                                                     
200027a4  data_Graph                                                           
200027a8  delta_rpm                                                            
200027ac  delta_time                                                           
200027b0  error                                                                
200027b4  evtHandle                                                            
200027b8  g_accelerationLimit                                                  
200027bc  g_currentLimit                                                       
200027c0  g_drawingGraph                                                       
200027c4  g_motorSpeed                                                         
200027c8  g_numPlotOverflow                                                    
200027cc  g_numPlotPoints                                                      
200027d0  g_pi32ParmSet                                                        
200027d8  g_sCurrentPanel                                                      
200027dc  g_ui32SysClock                                                       
200027e0  gateHwi                                                              
200027e8  graphIntMax                                                          
200027ec  graphIntMin                                                          
200027f0  hA                                                                   
200027f4  hB                                                                   
200027f8  hC                                                                   
200027fc  hallA                                                                
20002800  hallB                                                                
20002804  hallC                                                                
20002808  output                                                               
2000280c  previousPoint                                                        
20002810  rpm_avg                                                              
20002814  rpm_from_UI                                                          
20002818  semHandle                                                            
2000281c  uart                                                                 
20002820  y_graph_step                                                         
20002824  g_i16TouchX                                                          
20002826  g_i16TouchY                                                          
20002828  e_event                                                              
20002829  e_stop                                                               
2000282a  motorStartedUI                                                       
2000282b  motorState                                                           
2000282c  print_from_clock                                                     
2000282d  running                                                              
2000282e  success                                                              
2000282f  updateGraph                                                          
20002830  ti_sysbios_knl_Task_Object__table__V                                 
20002914  ti_sysbios_knl_Swi_Module_State_0_readyQ__A                          
20002994  motor                                                                
20002998  prevMotor                                                            
2000299c  prevSysTick                                                          
200029a0  deltaPos                                                             
200029a4  clock_time_mins                                                      
200029a8  clock_time_secs                                                      
200029ac  rpm_actual                                                           
200029b0  acceleration_sum                                                     
200029b4  rpm_prev                                                             
200029b8  integral_error                                                       
200029bc  rpm_desired                                                          
200029c0  rpm_int                                                              
200029c4  jump                                                                 
200029c8  Kp                                                                   
200029cc  Ki                                                                   
200029d0  clock_count                                                          
200029d4  rpm_sum                                                              
200029d8  min_per_sysTick                                                      
200029dc  rotation                                                             
200029e0  rpm_sum_c                                                            
200029e4  dummy                                                                
200029e8  adc_test                                                             
200029ec  vref                                                                 
200029f0  stepVoltage                                                          
200029f4  shunt                                                                
200029f8  gain                                                                 
200029fc  g_sGraphAcceleration                                                 
20002a4c  g_sGraphBack                                                         
20002a9c  g_sGraphExit                                                         
20002aec  g_sGraphLight                                                        
20002b3c  g_sGraphOption                                                       
20002b8c  g_sGraphPower                                                        
20002bdc  g_sGraphSpeed                                                        
20002c2c  g_sGraphTitle                                                        
20002c7c  g_sMotorOption                                                       
20002ccc  g_sSetOption                                                         
20002d1c  g_sSettingAcceleration                                               
20002d6c  g_sSettingBack                                                       
20002dbc  g_sSettingCurrent                                                    
20002e0c  g_sSettingDecrease                                                   
20002e5c  g_sSettingExit                                                       
20002eac  g_sSettingIncrease                                                   
20002efc  g_sSettingSpeed                                                      
20002f4c  g_sSettingTitle                                                      
20002f9c  g_sSettingValue                                                      
20002fec  ti_sysbios_knl_Task_Module__state__V                                 
20003030  g_sGraph                                                             
20003070  g_sGraphPage                                                         
200030b0  g_sGraphsMainPage                                                    
200030f0  g_sMainPage                                                          
20003130  g_sSettingPage                                                       
20003170  g_sSettingsMainPage                                                  
200031b0  ti_sysbios_family_arm_lm4_Timer_Module_State_0_device__A             
200031f0  ti_sysbios_family_arm_lm4_Timer_Object__table__V                     
20003230  ti_sysbios_gates_GateMutex_Object__table__V                          
20003268  ti_sysbios_family_arm_m3_Hwi_Module__state__V                        
2000329c  ti_sysbios_family_arm_m3_Hwi_Object__table__V                        
200032cc  ti_sysbios_knl_Swi_Object__table__V                                  
200032fc  g_sRoot                                                              
2000332a  ti_sysbios_family_arm_m3_Hwi_Module_State_0_excActive__A             
2000332c  ti_sysbios_knl_Clock_Module__state__V                                
20003358  ti_sysbios_BIOS_Module__state__V                                     
2000337c  ti_sysbios_family_arm_lm4_Timer_Module_State_0_handles__A            
2000339c  ti_sysbios_knl_Task_Module_State_0_readyQ__A                         
200033bc  gpioPinConfigs                                                       
200033d8  ti_sysbios_knl_Swi_Module__state__V                                  
2000340c  ti_sysbios_heaps_HeapMem_Object__table__V                            
20003424  x_graph_step                                                         
20003428  x_graph_start                                                        
2000342c  y_graph_start                                                        
20003430  y_graph_max                                                          
20003434  y_graph_end                                                          
20003438  ti_sysbios_family_arm_lm4_Timer_Module__state__V                     
20003444  xdc_runtime_SysMin_Module__state__V                                  
20003450  _lock                                                                
20003454  _unlock                                                              
20003458  gpioCallbackFunctions                                                
20003460  ti_sysbios_family_arm_m3_Hwi_Module__root__V                         
20003468  ti_sysbios_gates_GateHwi_Module__root__V                             
20003470  ti_sysbios_gates_GateMutex_Module__root__V                           
20003478  ti_sysbios_hal_Hwi_Module__root__V                                   
20003480  ti_sysbios_heaps_HeapMem_Module__root__V                             
20003488  ti_sysbios_knl_Clock_Module__root__V                                 
20003490  ti_sysbios_knl_Event_Module__root__V                                 
20003498  ti_sysbios_knl_Queue_Module__root__V                                 
200034a0  ti_sysbios_knl_Semaphore_Module__root__V                             
200034a8  xdc_runtime_Registry_Module__state__V                                
200034b0  xdc_runtime_Startup_Module__state__V                                 
200034b8  xdc_runtime_System_Module_State_0_atexitHandlers__A                  
200034c0  xdc_runtime_System_Module__state__V                                  
200034ce  xdc_runtime_Error_Module__state__V                                   
200034dc  errno                                                                
200034e0  main_func_sp                                                         
200034e4  ti_sysbios_family_arm_m3_Hwi_Module_State_0_excContext__A            
200034e8  ti_sysbios_family_arm_m3_Hwi_Module_State_0_excStack__A              
200034ec  ti_sysbios_gates_GateHwi_Object__table__V                            
200034f0  ti_sysbios_knl_Task_Module_State_0_idleTask__A                       
200034f4  g_i16TouchMin                                                        
200034f8  xdc_runtime_Memory_Module__state__V                                  
20003500  __stack                                                              
20003800  __STACK_END                                                          
e000e000  ti_sysbios_family_arm_m3_Hwi_nvic                                    
ffffffff  __TI_pprof_out_hndl                                                  
ffffffff  __TI_prof_data_size                                                  
ffffffff  __TI_prof_data_start                                                 
ffffffff  __binit__                                                            
ffffffff  __c_args__                                                           
ffffffff  binit                                                                
UNDEFED   SHT$$INIT_ARRAY$$Base                                                
UNDEFED   SHT$$INIT_ARRAY$$Limit                                               

[946 symbols]
