******************************************************************************
                  TI ARM Linker PC v20.2.4                     
******************************************************************************
>> Linked Tue Jun  1 01:48:28 2021

OUTPUT FILE NAME:   <empty_EK_TM4C1294XL_TI.out>
ENTRY POINT SYMBOL: "_c_int00"  address: 0000b73d


MEMORY CONFIGURATION

         name            origin    length      used     unused   attr    fill
----------------------  --------  ---------  --------  --------  ----  --------
  FLASH                 00000000   00100000  00013c1a  000ec3e6  R  X
  SRAM                  20000000   00040000  00004990  0003b670  RW X


SEGMENT ALLOCATION MAP

run origin  load origin   length   init length attrs members
----------  ----------- ---------- ----------- ----- -------
00000000    00000000    00013c28   00013c28    r-x
  00000000    00000000    0000003c   0000003c    r-- .resetVecs
  00000040    00000040    0000ebfa   0000ebfa    r-x .text
  0000ec40    0000ec40    00004ba4   00004ba4    r-- .const
  000137e8    000137e8    00000440   00000440    r-- .cinit
20000000    20000000    00004990   00000000    rw-
  20000000    20000000    00000360   00000000    rw- .vecs
  20000360    20000360    0000361c   00000000    rw- .bss
  2000397c    2000397c    00000d14   00000000    rw- .data
  20004690    20004690    00000300   00000000    rw- .stack


SECTION ALLOCATION MAP

 output                                  attributes/
section   page    origin      length       input sections
--------  ----  ----------  ----------   ----------------
.text      0    00000040    0000ebfa     
                  00000040    00000a4e     rtsv7M4_T_le_v4SPD16_eabi.lib : _printfi.c.obj (.text:__TI_printfi)
                  00000a8e    00000002                                   : _lock.c.obj (.text:_nop)
                  00000a90    000006ac     MotorLib.lib : motorlib.obj (.text)
                  0000113c    00000004     driverlib.lib : i2c.obj (.text:I2CMasterControl)
                  00001140    00000430     sysbios.aem4f : BIOS.obj (.text:ti_sysbios_family_arm_m3_Hwi_excDumpRegs__I)
                  00001570    000003f0     grlib_demo.obj (.text:drawGraphPoint)
                  00001960    00000374     grlib.lib : image.obj (.text:InternalImageDraw)
                  00001cd4    00000004     driverlib.lib : i2c.obj (.text:I2CMasterDataGet)
                  00001cd8    0000034c     sysbios.aem4f : BIOS.obj (.text:ti_sysbios_knl_Event_pend__E)
                  00002024    0000034c     ti.targets.arm.rtsarm.aem4f : System.oem4f (.text:xdc_runtime_System_doPrint__I)
                  00002370    000002f8     grlib.lib : image.obj (.text:PixelTransparentDraw)
                  00002668    000002d0     sysbios.aem4f : BIOS.obj (.text:ti_sysbios_knl_Semaphore_pend__E)
                  00002938    000002a0     rtsv7M4_T_le_v4SPD16_eabi.lib : mktime.c.obj (.text:__mktime32)
                  00002bd8    00000270                                   : _printfi.c.obj (.text:_pconv_a)
                  00002e48    0000026c     sysbios.aem4f : BIOS.obj (.text:ti_sysbios_heaps_HeapMem_free__E)
                  000030b4    00000268     touch.obj (.text:TouchScreenDebouncer)
                  0000331c    00000254     grlib.lib : string.obj (.text:GrFontGlyphRender)
                  00003570    00000250     sysbios.aem4f : BIOS.obj (.text:ti_sysbios_heaps_HeapMem_alloc__E)
                  000037c0    00000234                   : BIOS.obj (.text:ti_sysbios_knl_Task_Instance_finalize__E)
                  000039f4    0000020c     drivers_tivaware.aem4f : UARTTiva.oem4f (.text:UARTTiva_open)
                  00003c00    00000204     Boot.aem4f : Boot_sysctl.oem4f (.text:ti_catalog_arm_cortexm4_tiva_ce_Boot_sysCtlClockFreqSetI__I)
                  00003e04    00000200     driverlib.lib : sysctl.obj (.text:SysCtlClockFreqSet)
                  00004004    00000200     rtsv7M4_T_le_v4SPD16_eabi.lib : s_exp2.c.obj (.text:exp2)
                  00004204    00000004     driverlib.lib : i2c.obj (.text:I2CMasterDataPut)
                  00004208    000001f4     sysbios.aem4f : BIOS.obj (.text:ti_sysbios_family_arm_m3_Hwi_excHandlerMax__I)
                  000043fc    000001e8     empty_pem4f.oem4f (.text:xdc_runtime_System_printfExtend__I)
                  000045e4    000001e4     Kentec320x240x16_ssd2119_spi.obj (.text:Kentec320x240x16_SSD2119Init)
                  000047c8    000001dc     Kentec320x240x16_ssd2119_spi.obj (.text:Kentec320x240x16_SSD2119PixelDrawMultiple)
                  000049a4    000001d4     grlib_demo.obj (.text:OnGraphsPage)
                  00004b78    000001d0     rtsv7M4_T_le_v4SPD16_eabi.lib : _printfi.c.obj (.text:_pconv_g)
                  00004d48    000001c0     sysbios.aem4f : BIOS.obj (.text:ti_sysbios_knl_Task_Instance_init__E)
                  00004f08    000001b8     motorCode.obj (.text:motorFxn)
                  000050c0    000001b6     rtsv7M4_T_le_v4SPD16_eabi.lib : fd_add_t2.asm.obj (.text)
                  00005276    00000002                                   : div0.asm.obj (.text)
                  00005278    000001a4     pinout.obj (.text:PinoutSet)
                  0000541c    00000190     grlib.lib : canvas.obj (.text:CanvasPaint)
                  000055ac    0000017e               : pushbutton.obj (.text:RectangularButtonPaint)
                  0000572a    00000002     empty_pem4f.oem4f (.text:ti_sysbios_BIOS_nullFunc__I)
                  0000572c    00000178     touch.obj (.text:TouchScreenIntHandler)
                  000058a4    00000174     motorCode.obj (.text:initMotor)
                  00005a18    00000174     sysbios.aem4f : BIOS.obj (.text:ti_sysbios_family_arm_m3_Hwi_excBusFault__I)
                  00005b8c    00000170     drivers_tivaware.aem4f : PWMTiva.oem4f (.text:PWMTiva_open)
                  00005cfc    00000004     driverlib.lib : uart.obj (.text:UARTIntClear)
                  00005d00    00000164     sysbios.aem4f : BIOS.obj (.text:ti_sysbios_family_arm_m3_Hwi_excUsageFault__I)
                  00005e64    00000160     grlib_demo.obj (.text:initWidgets)
                  00005fc4    00000150     drivers_tivaware.aem4f : GPIOTiva.oem4f (.text:GPIO_setConfig)
                  00006114    00000148     motorCode.obj (.text:initHallABC)
                  0000625c    00000004     grlib.lib : widget.obj (.text:WidgetDefaultMsgProc)
                  00006260    00000148     sysbios.aem4f : BIOS.obj (.text:ti_sysbios_family_arm_m3_Hwi_excMemFault__I)
                  000063a8    0000013c     rtsv7M4_T_le_v4SPD16_eabi.lib : _printfi.c.obj (.text:_pconv_e)
                  000064e4    00000004                                   : exit.c.obj (.text:abort:abort)
                  000064e8    0000013c     sysbios.aem4f : BIOS.obj (.text:ti_sysbios_heaps_HeapMem_Instance_init__E)
                  00006624    00000136     rtsv7M4_T_le_v4SPD16_eabi.lib : fd_div_t2.asm.obj (.text)
                  0000675a    00000002     empty_pem4f.oem4f (.text:xdc_runtime_Startup_reset__I)
                  0000675c    00000134     rtsv7M4_T_le_v4SPD16_eabi.lib : localtim.c.obj (.text:__localtime32)
                  00006890    00000132     driverlib.lib : gpio.obj (.text:GPIOPadConfigSet)
                  000069c2    00000002     --HOLE-- [fill = 0]
                  000069c4    00000124     grlib_demo.obj (.text:OnSettingsPage)
                  00006ae8    00000124     rtsv7M4_T_le_v4SPD16_eabi.lib : _printfi.c.obj (.text:fcvt)
                  00006c0c    00000004     empty_pem4f.oem4f (.text:ti_sysbios_BIOS_RtsGateProxy_enter__E)
                  00006c10    00000120     sysbios.aem4f : BIOS.obj (.text:ti_sysbios_family_arm_lm4_Timer_start__E)
                  00006d30    0000011c                   : BIOS.obj (.text:ti_sysbios_knl_Clock_Instance_init__E)
                  00006e4c    00000118     empty.obj (.text:main)
                  00006f64    00000118     ti.targets.arm.rtsarm.aem4f : Error.oem4f (.text:xdc_runtime_Error_policyDefault__E)
                  0000707c    00000114     drivers_tivaware.aem4f : PWMTimerTiva.oem4f (.text:PWMTimerTiva_open)
                  00007190    00000110     rtsv7M4_T_le_v4SPD16_eabi.lib : s_scalbn.c.obj (.text:scalbn)
                  000072a0    0000010c     Kentec320x240x16_ssd2119_spi.obj (.text:Kentec320x240x16_SSD2119RectFill)
                  000073ac    0000010c     touch.obj (.text:TouchScreenInit)
                  000074b8    00000106     grlib.lib : line.obj (.text:GrLineDraw)
                  000075be    00000002     --HOLE-- [fill = 0]
                  000075c0    00000104     sysbios.aem4f : BIOS.obj (.text:ti_sysbios_knl_Event_post__E)
                  000076c4    00000100     ti.targets.arm.rtsarm.aem4f : Core-mem.oem4f (.text:xdc_runtime_Core_createObject__I)
                  000077c4    000000fc     rtsv7M4_T_le_v4SPD16_eabi.lib : fd_mul_t2.asm.obj (.text)
                  000078c0    000000f8     ti.targets.arm.rtsarm.aem4f : Startup.oem4f (.text:xdc_runtime_Startup_startMods__I)
                  000079b8    000000f4     sysbios.aem4f : m3_Hwi_asm.obj (.text:ti_sysbios_family_arm_m3_Hwi_dispatch__I)
                  00007aac    000000f2     grlib.lib : pushbutton.obj (.text:RectangularButtonClick)
                  00007b9e    000000f0     drivers_tivaware.aem4f : PWMTiva.oem4f (.text:PWMTiva_setDuty)
                  00007c8e    00000002     --HOLE-- [fill = 0]
                  00007c90    000000f0     motorCode.obj (.text:filterFxn)
                  00007d80    000000ec     sysbios.aem4f : BIOS.obj (.text:ti_sysbios_knl_Semaphore_post__E)
                  00007e6c    000000e8     grlib.lib : widget.obj (.text:WidgetMessageQueueAdd)
                  00007f54    000000e0     drivers_tivaware.aem4f : I2CTiva.oem4f (.text:I2CTiva_open)
                  00008034    000000d6                            : I2CTiva.oem4f (.text:I2CTiva_hwiFxn)
                  0000810a    00000002     --HOLE-- [fill = 0]
                  0000810c    000000d0     motorCode.obj (.text:HallFxn)
                  000081dc    000000cc     ti.targets.arm.rtsarm.aem4f : Core-smem.oem4f (.text:xdc_runtime_Core_constructObject__I)
                  000082a8    000000c4     sensors_api.obj (.text:initLightTask)
                  0000836c    000000c0     grlib.lib : string.obj (.text:GrDefaultStringRenderer)
                  0000842c    000000bc     motorCode.obj (.text:PIControlFxn)
                  000084e8    000000bc     sysbios.aem4f : BIOS.obj (.text:ti_sysbios_family_arm_m3_Hwi_excDebugMon__I)
                  000085a4    00000004     empty_pem4f.oem4f (.text:ti_sysbios_BIOS_RtsGateProxy_leave__E)
                  000085a8    000000bc     sysbios.aem4f : BIOS.obj (.text:ti_sysbios_family_arm_m3_Hwi_excHardFault__I)
                  00008664    000000b8     EK_TM4C1294XL.obj (.text:EK_TM4C1294XL_initGeneral)
                  0000871c    000000b8     grlib.lib : line.obj (.text:GrLineClip)
                  000087d4    000000b8     Kentec320x240x16_ssd2119_spi.obj (.text:InitSPILCDInterface)
                  0000888c    000000b8     drivers_tivaware.aem4f : PWMTimerTiva.oem4f (.text:PWMTimerTiva_setDuty)
                  00008944    000000b4     grlib_demo.obj (.text:OnDecrease)
                  000089f8    000000b4     grlib_demo.obj (.text:OnStartMotor)
                  00008aac    000000b4     grlib.lib : widget.obj (.text:WidgetMessageSendPostOrder)
                  00008b60    000000b4     sysbios.aem4f : BIOS.obj (.text:ti_sysbios_gates_GateMutex_enter__E)
                  00008c14    00000004                   : BIOS.obj (.text:ti_sysbios_family_arm_lm4_Timer_masterEnable__I)
                  00008c18    000000b4                   : BIOS.obj (.text:ti_sysbios_knl_Task_checkStacks__E)
                  00008ccc    000000b1     rtsv7M4_T_le_v4SPD16_eabi.lib : _printfi.c.obj (.text:_ltostr)
                  00008d7d    00000003     --HOLE-- [fill = 0]
                  00008d80    000000b0     grlib_demo.obj (.text:OnIncrease)
                  00008e30    000000ac     drivers_tivaware.aem4f : UARTTiva.oem4f (.text:readTaskBlocking)
                  00008edc    00000004     empty_pem4f.oem4f (.text:ti_sysbios_family_arm_m3_Hwi_destruct)
                  00008ee0    000000ac     sysbios.aem4f : BIOS.obj (.text:ti_sysbios_family_arm_lm4_Timer_enableTiva__I)
                  00008f8c    000000a8     grlib_demo.obj (.text:initUI)
                  00009034    00000004     empty_pem4f.oem4f (.text:ti_sysbios_family_arm_m3_TaskSupport_Module__startupDone__S)
                  00009038    000000a8     sysbios.aem4f : BIOS.obj (.text:ti_sysbios_family_arm_lm4_Timer_enableTimers__I)
                  000090e0    000000a4                   : BIOS.obj (.text:ti_sysbios_knl_Clock_Instance_finalize__E)
                  00009184    000000a0     auto_init.aem4f : auto_init.oem4f (.text)
                  00009224    000000a0     sensors_api.obj (.text:initSensors)
                  000092c4    000000a0     ti.targets.arm.rtsarm.aem4f : Text.oem4f (.text:xdc_runtime_Text_putMod__E)
                  00009364    0000009c     rtsv7M4_T_le_v4SPD16_eabi.lib : memcpy_t2.asm.obj (.text)
                  00009400    0000009c     sysbios.aem4f : BIOS.obj (.text:ti_sysbios_knl_Semaphore_Instance_init__E)
                  0000949c    0000009a     ti.targets.arm.rtsarm.aem4f : Text.oem4f (.text:xdc_runtime_Text_putSite__E)
                  00009536    00000098     drivers_tivaware.aem4f : UARTTiva.oem4f (.text:UARTTiva_readPolling)
                  000095ce    00000002     --HOLE-- [fill = 0]
                  000095d0    00000098     Boot.aem4f : Boot.oem4f (.text:ti_catalog_arm_cortexm4_tiva_ce_Boot_sysCtlClockFreqSet__E)
                  00009668    00000096     rtsv7M4_T_le_v4SPD16_eabi.lib : ull_div_t2.asm.obj (.text)
                  000096fe    00000094     drivers_tivaware.aem4f : UARTTiva.oem4f (.text:UARTTiva_write)
                  00009792    00000006     driverlib.lib : gpio.obj (.text:GPIOIntClear)
                  00009798    00000094     sysbios.aem4f : BIOS.obj (.text:ti_sysbios_family_arm_m3_Hwi_Instance_init__E)
                  0000982c    00000004     empty_pem4f.oem4f (.text:ti_sysbios_hal_Hwi_HwiProxy_delete)
                  00009830    00000094     sysbios.aem4f : BIOS.obj (.text:ti_sysbios_family_arm_m3_Hwi_initNVIC__E)
                  000098c4    00000004     empty_pem4f.oem4f (.text:ti_sysbios_heaps_HeapMem_Module_GateProxy_enter__E)
                  000098c8    00000094     sysbios.aem4f : BIOS.obj (.text:ti_sysbios_knl_Task_postInit__I)
                  0000995c    0000008c     drivers_tivaware.aem4f : GPIOTiva.oem4f (.text:GPIO_init)
                  000099e8    0000008c                            : UARTTiva.oem4f (.text:UARTTiva_control)
                  00009a74    0000008c     motorCode.obj (.text:accelLimitFxn)
                  00009b00    0000008c     sysbios.aem4f : m3_TaskSupport_asm.obj (.text:ti_sysbios_family_arm_m3_TaskSupport_buildTaskStack)
                  00009b8c    0000008a     drivers_tivaware.aem4f : UARTTiva.oem4f (.text:readIsrTextBlocking)
                  00009c16    00000002     --HOLE-- [fill = 0]
                  00009c18    00000088                            : PWMTiva.oem4f (.text:PWMTiva_control)
                  00009ca0    00000086     grlib.lib : rectangle.obj (.text:GrRectFill)
                  00009d26    00000086     rtsv7M4_T_le_v4SPD16_eabi.lib : fd_cmp_t2.asm.obj (.text:__aeabi_cdcmple)
                  00009dac    00000086                                   : fd_cmp_t2.asm.obj (.text:__aeabi_cdrcmple)
                  00009e32    00000006     driverlib.lib : gpio.obj (.text:GPIOPinRead)
                  00009e38    00000084     sysbios.aem4f : BIOS.obj (.text:ti_sysbios_family_arm_m3_Hwi_postInit__I)
                  00009ebc    00000082     drivers_tivaware.aem4f : UARTTiva.oem4f (.text:readIsrTextCallback)
                  00009f3e    0000007e                            : I2CTiva.oem4f (.text:I2CTiva_transfer)
                  00009fbc    0000007a     driverlib.lib : adc.obj (.text:ADCSequenceStepConfigure)
                  0000a036    0000007a     drivers_tivaware.aem4f : UARTTiva.oem4f (.text:readTaskCallback)
                  0000a0b0    0000007a     rtsv7M4_T_le_v4SPD16_eabi.lib : memset_t2.asm.obj (.text)
                  0000a12a    00000002     --HOLE-- [fill = 0]
                  0000a12c    00000074     motorCode.obj (.text:ADCTriggerFxn)
                  0000a1a0    00000074     sysbios.aem4f : BIOS.obj (.text:ti_sysbios_knl_Clock_start__E)
                  0000a214    00000070     opt3001.obj (.text:OPT3001Convert)
                  0000a284    00000004     empty_pem4f.oem4f (.text:ti_sysbios_heaps_HeapMem_Module_GateProxy_leave__E)
                  0000a288    00000070     sysbios.aem4f : BIOS.obj (.text:ti_sysbios_knl_Clock_workFunc__E)
                  0000a2f8    00000070                   : BIOS.obj (.text:ti_sysbios_knl_Task_exit__E)
                  0000a368    0000006e     rtsv7M4_T_le_v4SPD16_eabi.lib : _printfi.c.obj (.text:_mcpy)
                  0000a3d6    0000006e                                   : fd_tos_t2.asm.obj (.text)
                  0000a444    0000006e                                   : ll_div_t2.asm.obj (.text)
                  0000a4b2    00000002     --HOLE-- [fill = 0]
                  0000a4b4    0000006d     ti.targets.arm.rtsarm.aem4f : System.oem4f (.text:xdc_runtime_System_formatNum__I)
                  0000a521    00000003     --HOLE-- [fill = 0]
                  0000a524    0000006c     grlib_demo.obj (.text:OnGraphsMain)
                  0000a590    0000006c     drivers_tivaware.aem4f : PWMTimerTiva.oem4f (.text:PWMTimerTiva_control)
                  0000a5fc    0000006c     rtsv7M4_T_le_v4SPD16_eabi.lib : asctime.c.obj (.text:asctime)
                  0000a668    0000006c     empty_pem4f.oem4f (.text:ti_sysbios_family_arm_m3_Hwi_Object__create__S)
                  0000a6d4    00000004     empty_pem4f.oem4f (.text:ti_sysbios_knl_Clock_TimerProxy_getMaxTicks__E)
                  0000a6d8    0000006c     sysbios.aem4f : BIOS.obj (.text:ti_sysbios_knl_Swi_restoreHwi__E)
                  0000a744    0000006c     drivers_tivaware.aem4f : UARTTiva.oem4f (.text:writeData)
                  0000a7b0    0000006c     ti.targets.arm.rtsarm.aem4f : Error.oem4f (.text:xdc_runtime_Error_print__E)
                  0000a81c    0000006c                                 : Memory.oem4f (.text:xdc_runtime_Memory_alloc__E)
                  0000a888    0000006a     drivers_tivaware.aem4f : PWMTiva.oem4f (.text:PWMTiva_close)
                  0000a8f2    00000002     --HOLE-- [fill = 0]
                  0000a8f4    00000068     grlib_demo.obj (.text:DrawDayNight)
                  0000a95c    00000068     grlib_demo.obj (.text:DrawTime)
                  0000a9c4    00000068     grlib.lib : context.obj (.text:GrContextInit)
                  0000aa2c    00000068               : string.obj (.text:GrStringWidthGet)
                  0000aa94    00000068     driverlib.lib : interrupt.obj (.text:IntEnable)
                  0000aafc    00000068     Kentec320x240x16_ssd2119_spi.obj (.text:Kentec320x240x16_SSD2119LineDrawH)
                  0000ab64    00000068     Kentec320x240x16_ssd2119_spi.obj (.text:Kentec320x240x16_SSD2119LineDrawV)
                  0000abcc    00000068     rtsv7M4_T_le_v4SPD16_eabi.lib : copy_decompress_lzss.c.obj (.text:decompress:lzss:__TI_decompress_lzss)
                  0000ac34    00000066     grlib.lib : context.obj (.text:GrContextClipRegionSet)
                  0000ac9a    00000066               : rectangle.obj (.text:GrRectDraw)
                  0000ad00    00000066     opt3001.obj (.text:OPT3001Read)
                  0000ad66    00000066     ti.targets.arm.rtsarm.aem4f : Core-mem.oem4f (.text:xdc_runtime_Core_deleteObject__I)
                  0000adcc    00000064     drivers_tivaware.aem4f : GPIOTiva.oem4f (.text:GPIO_hwiIntFxn)
                  0000ae30    00000064     opt3001.obj (.text:OPT3001Test)
                  0000ae94    00000064     grlib.lib : widget.obj (.text:WidgetMessageQueueProcess)
                  0000aef8    00000064     rtsv7M4_T_le_v4SPD16_eabi.lib : s_frexp.c.obj (.text:frexp)
                  0000af5c    00000004     empty_pem4f.oem4f (.text:ti_sysbios_knl_Clock_destruct)
                  0000af60    00000064     sysbios.aem4f : BIOS.obj (.text:ti_sysbios_family_arm_lm4_Timer_Module_startup__E)
                  0000afc4    00000064     empty_pem4f.oem4f (.text:ti_sysbios_family_arm_m3_Hwi_create)
                  0000b028    00000064     sysbios.aem4f : BIOS.obj (.text:ti_sysbios_family_arm_m3_Hwi_dispatchC__I)
                  0000b08c    00000064     empty_pem4f.oem4f (.text:ti_sysbios_hal_Hwi_create)
                  0000b0f0    00000062     drivers_tivaware.aem4f : I2CTiva.oem4f (.text:I2CTiva_primeTransfer)
                  0000b152    00000002     --HOLE-- [fill = 0]
                  0000b154    00000060     driverlib.lib : timer.obj (.text:TimerConfigure)
                  0000b1b4    00000060     Kentec320x240x16_ssd2119_spi.obj (.text:WriteDataSPI)
                  0000b214    00000060     motorCode.obj (.text:statesFxn)
                  0000b274    00000060     sensors_api.obj (.text:taskLight)
                  0000b2d4    00000004     empty_pem4f.oem4f (.text:ti_sysbios_knl_Queue_destruct)
                  0000b2d8    00000060     sysbios.aem4f : BIOS.obj (.text:ti_sysbios_knl_Task_schedule__I)
                  0000b338    0000005e     grlib.lib : widget.obj (.text:WidgetMessageSendPreOrder)
                  0000b396    0000005e     drivers_tivaware.aem4f : UARTTiva.oem4f (.text:readIsrBinaryBlocking)
                  0000b3f4    0000005c     Kentec320x240x16_ssd2119_spi.obj (.text:WriteCommandSPI)
                  0000b450    0000005c     sensors_api.obj (.text:getLight)
                  0000b4ac    00000004     empty_pem4f.oem4f (.text:ti_sysbios_knl_Semaphore_destruct)
                  0000b4b0    0000005c     sysbios.aem4f : BIOS.obj (.text:ti_sysbios_knl_Swi_run__I)
                  0000b50c    00000004     ti.targets.arm.rtsarm.aem4f : Error.oem4f (.text:xdc_runtime_Error_getSite__E)
                  0000b510    0000005c     sysbios.aem4f : BIOS.obj (.text:ti_sysbios_knl_Swi_schedule__I)
                  0000b56c    00000004     empty_pem4f.oem4f (.text:xdc_runtime_System_Module_GateProxy_enter__E)
                  0000b570    0000005c     sysbios.aem4f : BIOS.obj (.text:ti_sysbios_knl_Task_Module_startup__E)
                  0000b5cc    0000005c     empty_pem4f.oem4f (.text:ti_sysbios_knl_Task_create)
                  0000b628    0000005c     sysbios.aem4f : BIOS.obj (.text:ti_sysbios_knl_Task_startCore__E)
                  0000b684    0000005b     ti.targets.arm.rtsarm.aem4f : Text.oem4f (.text:xdc_runtime_Text_putLab__E)
                  0000b6df    00000001     --HOLE-- [fill = 0]
                  0000b6e0    0000005a     grlib.lib : string.obj (.text:FontWideGlyphDataGet)
                  0000b73a    00000002     --HOLE-- [fill = 0]
                  0000b73c    00000058     boot.aem4f : boot.oem4f (.text)
                  0000b794    00000058     rtsv7M4_T_le_v4SPD16_eabi.lib : hostwrite.c.obj (.text:HOSTwrite)
                  0000b7ec    00000058     driverlib.lib : timer.obj (.text:TimerControlTrigger)
                  0000b844    00000058     empty_pem4f.oem4f (.text:ti_sysbios_family_arm_m3_Hwi_construct)
                  0000b89c    00000058     sysbios.aem4f : m3_Hwi_asm_switch.obj (.text:ti_sysbios_family_arm_m3_Hwi_initStacks__E)
                  0000b8f4    00000056     driverlib.lib : gpio.obj (.text:GPIOIntTypeSet)
                  0000b94a    00000056     rtsv7M4_T_le_v4SPD16_eabi.lib : _printfi.c.obj (.text:_pconv_f)
                  0000b9a0    00000054     EK_TM4C1294XL.obj (.text:EK_TM4C1294XL_initUART)
                  0000b9f4    00000054     rtsv7M4_T_le_v4SPD16_eabi.lib : _ltoa.c.obj (.text:__TI_ltoa)
                  0000ba48    00000054     drivers_tivaware.aem4f : UARTTiva.oem4f (.text:readIsrBinaryCallback)
                  0000ba9c    00000054     ti.targets.arm.rtsarm.aem4f : Assert.oem4f (.text:xdc_runtime_Assert_raise__I)
                  0000baf0    00000052     rtsv7M4_T_le_v4SPD16_eabi.lib : _printfi.c.obj (.text:_ecpy)
                  0000bb42    00000002     --HOLE-- [fill = 0]
                  0000bb44    00000050     motorCode.obj (.text:ADC0_Init)
                  0000bb94    00000050     driverlib.lib : adc.obj (.text:ADCSequenceConfigure)
                  0000bbe4    00000050     drivers_tivaware.aem4f : GPIOTiva.oem4f (.text:GPIO_setCallback)
                  0000bc34    00000050                            : GPIOTiva.oem4f (.text:GPIO_toggle)
                  0000bc84    00000050                            : GPIOTiva.oem4f (.text:GPIO_write)
                  0000bcd4    00000050     opt3001.obj (.text:OPT3001WriteI2C)
                  0000bd24    00000050     drivers_tivaware.aem4f : UARTTiva.oem4f (.text:UARTTiva_writeCancel)
                  0000bd74    00000050     Boot.aem4f : Boot_sysctl.oem4f (.text:_SysCtlFrequencyGet)
                  0000bdc4    00000004     empty_pem4f.oem4f (.text:xdc_runtime_System_Module_GateProxy_leave__E)
                  0000bdc8    00000050     sysbios.aem4f : BIOS.obj (.text:ti_sysbios_family_arm_m3_Hwi_Module_startup__E)
                  0000be18    00000050     ti.targets.arm.rtsarm.aem4f : Startup.oem4f (.text:xdc_runtime_Startup_exec__E)
                  0000be68    00000050                                 : Text.oem4f (.text:xdc_runtime_Text_visitRope2__I)
                  0000beb8    0000004c     driverlib.lib : i2c.obj (.text:I2CMasterInitExpClk)
                  0000bf04    0000004c     drivers_tivaware.aem4f : UARTTiva.oem4f (.text:UARTTiva_close)
                  0000bf50    0000004c     grlib.lib : widget.obj (.text:WidgetRemove)
                  0000bf9c    0000004c     rtsv7M4_T_le_v4SPD16_eabi.lib : atoi.c.obj (.text:atoi)
                  0000bfe8    0000004c                                   : cpy_tbl.c.obj (.text:copy_in)
                  0000c034    0000004c     grlib_demo.obj (.text:drawSettingValue)
                  0000c080    0000004c     motorCode.obj (.text:initUART)
                  0000c0cc    0000004c     rtsv7M4_T_le_v4SPD16_eabi.lib : snprintf.c.obj (.text:snprintf)
                  0000c118    0000004c     sysbios.aem4f : BIOS.obj (.text:ti_sysbios_family_arm_lm4_Timer_setAvailMask__E)
                  0000c164    00000004     ti.targets.arm.rtsarm.aem4f : System.oem4f (.text:xdc_runtime_System_aprintf_va__F)
                  0000c168    0000004c     sysbios.aem4f : BIOS.obj (.text:ti_sysbios_heaps_HeapMem_getStats__E)
                  0000c1b4    00000004     ti.targets.arm.rtsarm.aem4f : System.oem4f (.text:xdc_runtime_System_printf_va__F)
                  0000c1b8    0000004c     sysbios.aem4f : BIOS.obj (.text:ti_sysbios_knl_Swi_runLoop__I)
                  0000c204    00000004     --HOLE-- [fill = 0]
                  0000c208    0000004c                   : BIOS.obj (.text:ti_sysbios_knl_Task_allBlockedFunction__I)
                  0000c254    0000004a     drivers_tivaware.aem4f : PWMTimerTiva.oem4f (.text:PWMTimerTiva_close)
                  0000c29e    0000004a     grlib.lib : string.obj (.text:UpdateContextCharMapping)
                  0000c2e8    00000048     driverlib.lib : gpio.obj (.text:GPIOPinConfigure)
                  0000c330    00000048     rtsv7M4_T_le_v4SPD16_eabi.lib : hosttime.c.obj (.text:HOSTtime)
                  0000c378    00000048     grlib_demo.obj (.text:OnMainMenu)
                  0000c3c0    00000048     grlib_demo.obj (.text:OnSettingsMain)
                  0000c408    00000048     driverlib.lib : sysctl.obj (.text:_SysCtlFrequencyGet)
                  0000c450    00000048     rtsv7M4_T_le_v4SPD16_eabi.lib : fd_toi_t2.asm.obj (.text)
                  0000c498    00000048     sysbios.aem4f : BIOS.obj (.text:ti_sysbios_family_arm_m3_Hwi_disableInterrupt__E)
                  0000c4e0    00000048                   : BIOS.obj (.text:ti_sysbios_family_arm_m3_Hwi_enableInterrupt__E)
                  0000c528    00000048                   : BIOS.obj (.text:ti_sysbios_family_arm_m3_Hwi_excReserved__I)
                  0000c570    00000046     grlib.lib : line.obj (.text:GrLineDrawH)
                  0000c5b6    00000046               : line.obj (.text:GrLineDrawV)
                  0000c5fc    00000046     Kentec320x240x16_ssd2119_spi.obj (.text:Kentec320x240x16_SSD2119PixelDraw)
                  0000c642    00000046     drivers_tivaware.aem4f : RingBuf.oem4f (.text:RingBuf_put)
                  0000c688    00000046     driverlib.lib : uart.obj (.text:UARTConfigSetExpClk)
                  0000c6ce    00000046     ti.targets.arm.rtsarm.aem4f : Core-params.oem4f (.text:xdc_runtime_Core_assignParams__I)
                  0000c714    00000044     rtsv7M4_T_le_v4SPD16_eabi.lib : fd_tou_t2.asm.obj (.text)
                  0000c758    00000044     sysbios.aem4f : BIOS.obj (.text:ti_sysbios_family_arm_lm4_Timer_isrStub__E)
                  0000c79c    00000004     --HOLE-- [fill = 0]
                  0000c7a0    00000044                   : BIOS.obj (.text:ti_sysbios_family_arm_m3_Hwi_getStackInfo__E)
                  0000c7e4    00000004     --HOLE-- [fill = 0]
                  0000c7e8    00000044                   : BIOS.obj (.text:ti_sysbios_knl_Swi_post__E)
                  0000c82c    00000044     ti.targets.arm.rtsarm.aem4f : Error.oem4f (.text:xdc_runtime_Error_setX__E)
                  0000c870    00000044                                 : SysMin.oem4f (.text:xdc_runtime_SysMin_flush__E)
                  0000c8b4    00000044                                 : Text.oem4f (.text:xdc_runtime_Text_xprintf__I)
                  0000c8f8    00000042     drivers_tivaware.aem4f : UARTTiva.oem4f (.text:UARTTiva_hwiIntFxn)
                  0000c93a    00000042                            : UARTTiva.oem4f (.text:UARTTiva_writePolling)
                  0000c97c    00000040     opt3001.obj (.text:OPT3001ReadI2C)
                  0000c9bc    00000040     drivers_tivaware.aem4f : RingBuf.oem4f (.text:RingBuf_get)
                  0000c9fc    00000040                            : UARTTiva.oem4f (.text:UARTTiva_read)
                  0000ca3c    00000040     rtsv7M4_T_le_v4SPD16_eabi.lib : u_divt2.asm.obj (.text)
                  0000ca7c    00000040                                   : sprintf.c.obj (.text:sprintf)
                  0000cabc    00000004     --HOLE-- [fill = 0]
                  0000cac0    00000040     sysbios.aem4f : BIOS.obj (.text:ti_sysbios_family_arm_lm4_Timer_startup__E)
                  0000cb00    0000003e     rtsv7M4_T_le_v4SPD16_eabi.lib : _printfi.c.obj (.text:_fcpy)
                  0000cb3e    00000002     --HOLE-- [fill = 0]
                  0000cb40    0000003c     EK_TM4C1294XL.obj (.text:EK_TM4C1294XL_initI2C)
                  0000cb7c    0000003c     driverlib.lib : ssi.obj (.text:SSIConfigSetExpClk)
                  0000cbb8    0000003c     sysbios.aem4f : BIOS.obj (.text:ti_sysbios_family_arm_m3_Hwi_excSvCall__I)
                  0000cbf4    00000004     --HOLE-- [fill = 0]
                  0000cbf8    0000003c                   : BIOS.obj (.text:ti_sysbios_heaps_HeapMem_init__I)
                  0000cc34    00000004     --HOLE-- [fill = 0]
                  0000cc38    0000003c                   : BIOS.obj (.text:ti_sysbios_knl_Swi_restore__E)
                  0000cc74    0000003a     grlib.lib : string.obj (.text:FontGlyphDataGet)
                  0000ccae    0000003a     drivers_tivaware.aem4f : I2CTiva.oem4f (.text:I2CTiva_completeTransfer)
                  0000cce8    00000038                            : I2C.oem4f (.text:I2C_init)
                  0000cd20    00000038                            : PWM.oem4f (.text:PWM_init)
                  0000cd58    00000038     driverlib.lib : sysctl.obj (.text:SysCtlPeripheralReady)
                  0000cd90    00000038     drivers_tivaware.aem4f : UART.oem4f (.text:UART_init)
                  0000cdc8    00000038     rtsv7M4_T_le_v4SPD16_eabi.lib : trgmsg.c.obj (.text:__TI_writemsg)
                  0000ce00    00000038                                   : fs_tod_t2.asm.obj (.text)
                  0000ce38    00000038     motorCode.obj (.text:startMotor)
                  0000ce70    00000038     sysbios.aem4f : BIOS.obj (.text:ti_sysbios_family_arm_m3_Hwi_excNoIsr__I)
                  0000cea8    00000038     empty_pem4f.oem4f (.text:ti_sysbios_knl_Clock_create)
                  0000cee0    00000038     sysbios.aem4f : BIOS.obj (.text:ti_sysbios_knl_Task_processVitalTaskFlag__I)
                  0000cf18    00000038     ti.targets.arm.rtsarm.aem4f : SysMin.oem4f (.text:xdc_runtime_SysMin_putch__E)
                  0000cf50    00000038                                 : System.oem4f (.text:xdc_runtime_System_atexit__E)
                  0000cf88    00000036     grlib.lib : line.obj (.text:GrClipCodeGet)
                  0000cfbe    00000036     drivers_tivaware.aem4f : I2CTiva.oem4f (.text:I2CTiva_close)
                  0000cff4    00000036                            : UARTTiva.oem4f (.text:UARTTiva_readCancel)
                  0000d02a    00000002     --HOLE-- [fill = 0]
                  0000d02c    00000034     driverlib.lib : sysctl.obj (.text:SysCtlPeripheralEnable)
                  0000d060    00000034     rtsv7M4_T_le_v4SPD16_eabi.lib : trgmsg.c.obj (.text:__TI_readmsg)
                  0000d094    00000004     --HOLE-- [fill = 0]
                  0000d098    00000034     sysbios.aem4f : BIOS.obj (.text:ti_sysbios_family_arm_m3_Hwi_Instance_finalize__E)
                  0000d0cc    00000004     --HOLE-- [fill = 0]
                  0000d0d0    00000034                   : BIOS.obj (.text:ti_sysbios_family_arm_m3_Hwi_excNmi__I)
                  0000d104    00000004     --HOLE-- [fill = 0]
                  0000d108    00000034                   : BIOS.obj (.text:ti_sysbios_hal_Hwi_checkStack)
                  0000d13c    00000034     empty_pem4f.oem4f (.text:ti_sysbios_knl_Clock_construct)
                  0000d170    00000034     ti.targets.arm.rtsarm.aem4f : Core-label.oem4f (.text:xdc_runtime_Core_assignLabel__I)
                  0000d1a4    00000033                                 : Text.oem4f (.text:xdc_runtime_Text_printVisFxn__I)
                  0000d1d7    00000001     --HOLE-- [fill = 0]
                  0000d1d8    00000032     sysbios.aem4f : BIOS.obj (.text:ti_sysbios_hal_Hwi_initStack)
                  0000d20a    00000002     --HOLE-- [fill = 0]
                  0000d20c    00000030     drivers_tivaware.aem4f : GPIOTiva.oem4f (.text:GPIO_enableInt)
                  0000d23c    00000030                            : GPIOTiva.oem4f (.text:GPIO_read)
                  0000d26c    00000030                            : I2C.oem4f (.text:I2C_open)
                  0000d29c    00000030     grlib_demo.obj (.text:OnGraphAcceleration)
                  0000d2cc    00000030     drivers_tivaware.aem4f : PWMTiva.oem4f (.text:PWMTiva_init)
                  0000d2fc    00000030                            : PWM.oem4f (.text:PWM_open)
                  0000d32c    00000030                            : UART.oem4f (.text:UART_open)
                  0000d35c    00000030     rtsv7M4_T_le_v4SPD16_eabi.lib : snprintf.c.obj (.text:_outs)
                  0000d38c    00000030     motorCode.obj (.text:readABC)
                  0000d3bc    00000030     empty_pem4f.oem4f (.text:ti_sysbios_BIOS_atExitFunc__I)
                  0000d3ec    00000004     --HOLE-- [fill = 0]
                  0000d3f0    00000030     sysbios.aem4f : BIOS.obj (.text:ti_sysbios_family_arm_lm4_Timer_stop__E)
                  0000d420    00000030                   : BIOS.obj (.text:ti_sysbios_family_arm_m3_TaskSupport_start__E)
                  0000d450    00000030     empty_pem4f.oem4f (.text:ti_sysbios_gates_GateHwi_Object__create__S)
                  0000d480    00000030     empty_pem4f.oem4f (.text:ti_sysbios_gates_GateHwi_create)
                  0000d4b0    00000030     empty_pem4f.oem4f (.text:ti_sysbios_gates_GateMutex_Object__create__S)
                  0000d4e0    00000030     empty_pem4f.oem4f (.text:ti_sysbios_heaps_HeapMem_Object__create__S)
                  0000d510    00000030     sysbios.aem4f : BIOS.obj (.text:ti_sysbios_knl_Event_pendTimeout__I)
                  0000d540    00000030     empty_pem4f.oem4f (.text:ti_sysbios_knl_Semaphore_construct)
                  0000d570    00000030     sysbios.aem4f : BIOS.obj (.text:ti_sysbios_knl_Semaphore_pendTimeout__I)
                  0000d5a0    00000030                   : BIOS.obj (.text:ti_sysbios_knl_Task_unblockI__E)
                  0000d5d0    00000030     ti.targets.arm.rtsarm.aem4f : SysMin.oem4f (.text:xdc_runtime_SysMin_abort__E)
                  0000d600    00000030                                 : System.oem4f (.text:xdc_runtime_System_processAtExit__E)
                  0000d630    0000002e     grlib.lib : string.obj (.text:GrStringNextCharGet)
                  0000d65e    0000002e     opt3001.obj (.text:OPT3001Enable)
                  0000d68c    0000002e     rtsv7M4_T_le_v4SPD16_eabi.lib : i_tofd_t2.asm.obj (.text)
                  0000d6ba    0000002c     grlib.lib : string.obj (.text:GrFontBaselineGet)
                  0000d6e6    0000002c               : string.obj (.text:GrFontHeightGet)
                  0000d712    0000002c               : pushbutton.obj (.text:RectangularButtonMsgProc)
                  0000d73e    0000002c               : widget.obj (.text:WidgetIsInTree)
                  0000d76a    00000002     --HOLE-- [fill = 0]
                  0000d76c    0000002c     empty_pem4f.oem4f (.text:ti_sysbios_knl_Clock_doTick__I)
                  0000d798    0000002c     empty_pem4f.oem4f (.text:ti_sysbios_knl_Event_construct)
                  0000d7c4    0000002c     empty_pem4f.oem4f (.text:ti_sysbios_knl_Queue_construct)
                  0000d7f0    0000002c     sysbios.aem4f : BIOS.obj (.text:ti_sysbios_knl_Task_restore__E)
                  0000d81c    0000002c     ti.targets.arm.rtsarm.aem4f : Text.oem4f (.text:xdc_runtime_Text_cordText__E)
                  0000d848    0000002a     driverlib.lib : gpio.obj (.text:GPIODirModeSet)
                  0000d872    0000002a     ti.targets.arm.rtsarm.aem4f : System.oem4f (.text:xdc_runtime_System_putchar__I)
                  0000d89c    00000028     Kentec320x240x16_ssd2119_spi.obj (.text:Kentec320x240x16_SSD2119ColorTranslate)
                  0000d8c4    00000028     grlib_demo.obj (.text:OnGraphLight)
                  0000d8ec    00000028     grlib_demo.obj (.text:OnGraphSpeed)
                  0000d914    00000004     --HOLE-- [fill = 0]
                  0000d918    00000028     sysbios.aem4f : BIOS.obj (.text:ti_sysbios_hal_Hwi_Instance_init__E)
                  0000d940    00000028                   : BIOS.obj (.text:ti_sysbios_knl_Swi_Module_startup__E)
                  0000d968    00000026     grlib.lib : string.obj (.text:GrFontInfoGet)
                  0000d98e    00000026     sysbios.aem4f : m3_Hwi_asm.obj (.text:ti_sysbios_family_arm_m3_Hwi_pendSV__I)
                  0000d9b4    00000026     ti.targets.arm.rtsarm.aem4f : System.oem4f (.text:xdc_runtime_System_avprintf__E)
                  0000d9da    00000002     --HOLE-- [fill = 0]
                  0000d9dc    00000024     grlib_demo.obj (.text:OnGraphPower)
                  0000da00    00000024     empty_pem4f.oem4f (.text:ti_sysbios_BIOS_errorRaiseHook__I)
                  0000da24    00000024     empty_pem4f.oem4f (.text:ti_sysbios_BIOS_registerRTSLock__I)
                  0000da48    00000024     empty_pem4f.oem4f (.text:ti_sysbios_BIOS_removeRTSLock__I)
                  0000da6c    00000024     empty_pem4f.oem4f (.text:ti_sysbios_BIOS_startFunc__I)
                  0000da90    00000024     empty_pem4f.oem4f (.text:ti_sysbios_gates_GateMutex_Object__delete__S)
                  0000dab4    00000004     --HOLE-- [fill = 0]
                  0000dab8    00000024     sysbios.aem4f : BIOS.obj (.text:ti_sysbios_knl_Clock_Module_startup__E)
                  0000dadc    00000004     --HOLE-- [fill = 0]
                  0000dae0    00000024                   : BIOS.obj (.text:ti_sysbios_knl_Task_restoreHwi__E)
                  0000db04    00000024     ti.targets.arm.rtsarm.aem4f : System.oem4f (.text:xdc_runtime_System_vprintf__E)
                  0000db28    00000022     grlib.lib : string.obj (.text:GrFontGlyphDataGet)
                  0000db4a    00000022     driverlib.lib : pwm.obj (.text:PWMGenConfigure)
                  0000db6c    00000022     drivers_tivaware.aem4f : PWMTiva.oem4f (.text:PWMTiva_getPeriodCounts)
                  0000db8e    00000002     --HOLE-- [fill = 0]
                  0000db90    00000022     sysbios.aem4f : BIOS.obj (.text:ti_sysbios_family_arm_lm4_Timer_write__I)
                  0000dbb2    00000022     empty_pem4f.oem4f (.text:xdc_runtime_SysMin_output__I)
                  0000dbd4    00000020     motorCode.obj (.text:ADCFxn)
                  0000dbf4    00000020     drivers_tivaware.aem4f : GPIOTiva.oem4f (.text:GPIO_clearInt)
                  0000dc14    00000020     driverlib.lib : uart.obj (.text:UARTDisable)
                  0000dc34    00000020     Boot.aem4f : Boot_sysctl.oem4f (.text:_SysCtlMemTimingGet)
                  0000dc54    00000020     driverlib.lib : sysctl.obj (.text:_SysCtlMemTimingGet)
                  0000dc74    00000020     rtsv7M4_T_le_v4SPD16_eabi.lib : u_tofd_t2.asm.obj (.text)
                  0000dc94    00000020     motorCode.obj (.text:setSpeed)
                  0000dcb4    00000020     empty_pem4f.oem4f (.text:ti_sysbios_BIOS_rtsLock__I)
                  0000dcd4    00000020     empty_pem4f.oem4f (.text:ti_sysbios_family_arm_m3_Hwi_Object__delete__S)
                  0000dcf4    00000020     sysbios.aem4f : m3_Hwi_asm.obj (.text:ti_sysbios_family_arm_m3_Hwi_excHandlerAsm__I)
                  0000dd14    00000004     --HOLE-- [fill = 0]
                  0000dd18    00000020                   : BIOS.obj (.text:ti_sysbios_family_arm_m3_Hwi_excHandler__I)
                  0000dd38    00000020     empty_pem4f.oem4f (.text:ti_sysbios_gates_GateHwi_Object__delete__S)
                  0000dd58    00000020     empty_pem4f.oem4f (.text:ti_sysbios_heaps_HeapMem_Object__delete__S)
                  0000dd78    00000020     empty_pem4f.oem4f (.text:ti_sysbios_knl_Clock_Object__destruct__S)
                  0000dd98    00000020     sysbios.aem4f : BIOS.obj (.text:ti_sysbios_knl_Idle_run__E)
                  0000ddb8    00000020     empty_pem4f.oem4f (.text:ti_sysbios_knl_Semaphore_Object__destruct__S)
                  0000ddd8    00000020     ti.targets.arm.rtsarm.aem4f : Registry.oem4f (.text:xdc_runtime_Registry_findById__E)
                  0000ddf8    00000020                                 : SysMin.oem4f (.text:xdc_runtime_SysMin_Module_startup__E)
                  0000de18    0000001e     driverlib.lib : adc.obj (.text:ADCSequenceDataGet)
                  0000de36    0000001e     grlib.lib : string.obj (.text:GrFontCodepageGet)
                  0000de54    0000001e     driverlib.lib : pwm.obj (.text:PWMPulseWidthSet)
                  0000de72    0000001e     drivers_tivaware.aem4f : PWMTiva.oem4f (.text:PWMTiva_getPeriodMicroSecs)
                  0000de90    0000001e     grlib.lib : widget.obj (.text:WidgetAdd)
                  0000deae    0000001e     sysbios.aem4f : m3_Hwi_asm_switch.obj (.text:ti_sysbios_family_xxx_Hwi_switchAndRunFunc)
                  0000decc    0000001c     grlib.lib : widget.obj (.text:WidgetPointerMessage)
                  0000dee8    0000001c     drivers_tivaware.aem4f : GPIOTiva.oem4f (.text:getGpioIntIndex)
                  0000df04    0000001c     empty.obj (.text:heartBeatFxn)
                  0000df20    0000001c     rtsv7M4_T_le_v4SPD16_eabi.lib : memccpy.c.obj (.text:memccpy)
                  0000df3c    0000001c     empty_pem4f.oem4f (.text:ti_sysbios_family_arm_m3_Hwi_Object__destruct__S)
                  0000df58    0000001c     sysbios.aem4f : BIOS.obj (.text:ti_sysbios_gates_GateMutex_Instance_init__E)
                  0000df74    0000001c     empty_pem4f.oem4f (.text:ti_sysbios_hal_Hwi_HwiProxy_create)
                  0000df90    0000001c     empty_pem4f.oem4f (.text:ti_sysbios_knl_Queue_Object__destruct__S)
                  0000dfac    00000004     --HOLE-- [fill = 0]
                  0000dfb0    0000001c     sysbios.aem4f : BIOS.obj (.text:ti_sysbios_knl_Queue_put__E)
                  0000dfcc    00000004     --HOLE-- [fill = 0]
                  0000dfd0    0000001c                   : BIOS.obj (.text:ti_sysbios_knl_Task_enter__I)
                  0000dfec    0000001c     ti.targets.arm.rtsarm.aem4f : Error.oem4f (.text:xdc_runtime_Error_raiseX__E)
                  0000e008    0000001c                                 : Memory.oem4f (.text:xdc_runtime_Memory_valloc__E)
                  0000e024    0000001c                                 : SysMin.oem4f (.text:xdc_runtime_SysMin_exit__E)
                  0000e040    0000001c                                 : System.oem4f (.text:xdc_runtime_System_abort__E)
                  0000e05c    0000001a     rtsv7M4_T_le_v4SPD16_eabi.lib : s_copysign.c.obj (.text:copysign)
                  0000e076    0000001a     empty_pem4f.oem4f (.text:ti_sysbios_family_arm_m3_Hwi_Handle__label__S)
                  0000e090    0000001a     empty_pem4f.oem4f (.text:ti_sysbios_gates_GateHwi_Handle__label__S)
                  0000e0aa    0000001a     empty_pem4f.oem4f (.text:ti_sysbios_gates_GateMutex_Handle__label__S)
                  0000e0c4    0000001a     empty_pem4f.oem4f (.text:ti_sysbios_heaps_HeapMem_Handle__label__S)
                  0000e0de    0000001a     empty_pem4f.oem4f (.text:ti_sysbios_knl_Swi_Handle__label__S)
                  0000e0f8    0000001a     empty_pem4f.oem4f (.text:ti_sysbios_knl_Task_Handle__label__S)
                  0000e112    0000001a     empty_pem4f.oem4f (.text:xdc_runtime_System_aprintf__E)
                  0000e12c    0000001a     empty_pem4f.oem4f (.text:xdc_runtime_System_printf__E)
                  0000e146    00000018     driverlib.lib : gpio.obj (.text:GPIOPinTypeGPIOOutput)
                  0000e15e    00000018                   : timer.obj (.text:TimerControlLevel)
                  0000e176    00000002     --HOLE-- [fill = 0]
                  0000e178    00000018                   : timer.obj (.text:TimerDisable)
                  0000e190    00000018     drivers_tivaware.aem4f : UART.oem4f (.text:UART_Params_init)
                  0000e1a8    00000018     rtsv7M4_T_le_v4SPD16_eabi.lib : args_main.c.obj (.text:_args_main)
                  0000e1c0    00000018                                   : snprintf.c.obj (.text:_outc)
                  0000e1d8    00000018                                   : sprintf.c.obj (.text:_outs)
                  0000e1f0    00000018     empty_pem4f.oem4f (.text:ti_sysbios_BIOS_rtsUnlock__I)
                  0000e208    00000018     empty_pem4f.oem4f (.text:ti_sysbios_family_arm_lm4_Timer_Module__startupDone__F)
                  0000e220    00000018     empty_pem4f.oem4f (.text:ti_sysbios_family_arm_m3_Hwi_Module__startupDone__F)
                  0000e238    00000018     sysbios.aem4f : m3_TaskSupport_asm.obj (.text:ti_sysbios_family_arm_m3_TaskSupport_swap__E)
                  0000e250    00000018                   : BIOS.obj (.text:ti_sysbios_gates_GateMutex_leave__E)
                  0000e268    00000018     ti.targets.arm.rtsarm.aem4f : Error.oem4f (.text:xdc_runtime_Error_check__E)
                  0000e280    00000018                                 : System.oem4f (.text:xdc_runtime_System_exit__E)
                  0000e298    00000018                                 : Text.oem4f (.text:xdc_runtime_Text_ropeText__E)
                  0000e2b0    00000016     grlib.lib : string.obj (.text:GrStringDraw)
                  0000e2c6    00000016     driverlib.lib : i2c.obj (.text:I2CMasterErr)
                  0000e2dc    00000016     rtsv7M4_T_le_v4SPD16_eabi.lib : strchr.c.obj (.text:strchr)
                  0000e2f2    00000016     empty_pem4f.oem4f (.text:ti_sysbios_BIOS_exitFunc__I)
                  0000e308    00000016     motorCode.obj (.text:ti_sysbios_gates_GateHwi_Params_init)
                  0000e31e    00000016     motorCode.obj (.text:ti_sysbios_hal_Hwi_Params_init)
                  0000e334    00000016     empty.obj (.text:ti_sysbios_knl_Clock_Params_init)
                  0000e34a    00000016     motorCode.obj (.text:ti_sysbios_knl_Clock_Params_init)
                  0000e360    00000016     sensors_api.obj (.text:ti_sysbios_knl_Clock_Params_init)
                  0000e376    00000016     motorCode.obj (.text:ti_sysbios_knl_Semaphore_Params_init)
                  0000e38c    00000016     sensors_api.obj (.text:ti_sysbios_knl_Semaphore_Params_init)
                  0000e3a2    00000016     sensors_api.obj (.text:ti_sysbios_knl_Task_Params_init)
                  0000e3b8    00000014     grlib.lib : canvas.obj (.text:CanvasMsgProc)
                  0000e3cc    00000014     Kentec320x240x16_ssd2119_spi.obj (.text:LED_OFF)
                  0000e3e0    00000014     Kentec320x240x16_ssd2119_spi.obj (.text:LED_ON)
                  0000e3f4    00000014     grlib_demo.obj (.text:OnSettingAcceleration)
                  0000e408    00000014     grlib_demo.obj (.text:OnSettingCurrent)
                  0000e41c    00000014     grlib_demo.obj (.text:OnSettingSpeed)
                  0000e430    00000014     driverlib.lib : pwm.obj (.text:PWMClockSet)
                  0000e444    00000014                   : sysctl.obj (.text:SysCtlPWMClockSet)
                  0000e458    00000014     touch.obj (.text:TouchScreenCallbackSet)
                  0000e46c    00000014     driverlib.lib : uart.obj (.text:UARTEnable)
                  0000e480    00000014     grlib.lib : widget.obj (.text:WidgetMutexGet)
                  0000e494    00000014     motorCode.obj (.text:getSpeed)
                  0000e4a8    00000014     rtsv7M4_T_le_v4SPD16_eabi.lib : strcpy.c.obj (.text:strcpy)
                  0000e4bc    00000014                                   : strlen.c.obj (.text:strlen)
                  0000e4d0    00000014     empty_pem4f.oem4f (.text:ti_sysbios_family_arm_m3_Hwi_Object__get__S)
                  0000e4e4    00000004     --HOLE-- [fill = 0]
                  0000e4e8    00000014     sysbios.aem4f : BIOS.obj (.text:ti_sysbios_family_arm_m3_Hwi_switchFromBootStack__E)
                  0000e4fc    00000014     empty_pem4f.oem4f (.text:ti_sysbios_heaps_HeapMem_Object__get__S)
                  0000e510    00000014     sysbios.aem4f : BIOS.obj (.text:ti_sysbios_knl_Event_Instance_init__E)
                  0000e524    00000014     empty_pem4f.oem4f (.text:ti_sysbios_knl_Swi_Object__get__S)
                  0000e538    00000012     driverlib.lib : gpio.obj (.text:GPIOPinTypeADC)
                  0000e54a    00000012                   : gpio.obj (.text:GPIOPinTypeEthernetLED)
                  0000e55c    00000012                   : gpio.obj (.text:GPIOPinTypeGPIOInput)
                  0000e56e    00000012                   : gpio.obj (.text:GPIOPinTypeI2C)
                  0000e580    00000012                   : gpio.obj (.text:GPIOPinTypeI2CSCL)
                  0000e592    00000012                   : gpio.obj (.text:GPIOPinTypePWM)
                  0000e5a4    00000012                   : gpio.obj (.text:GPIOPinTypeSSI)
                  0000e5b6    00000012                   : gpio.obj (.text:GPIOPinTypeTimer)
                  0000e5c8    00000012                   : gpio.obj (.text:GPIOPinTypeUART)
                  0000e5da    00000012                   : gpio.obj (.text:GPIOPinTypeUSBAnalog)
                  0000e5ec    00000012                   : gpio.obj (.text:GPIOPinTypeUSBDigital)
                  0000e5fe    00000012                   : pwm.obj (.text:PWMGenPeriodGet)
                  0000e610    00000012                   : pwm.obj (.text:PWMOutputInvert)
                  0000e622    00000012                   : pwm.obj (.text:PWMOutputState)
                  0000e634    00000012     drivers_tivaware.aem4f : RingBuf.oem4f (.text:RingBuf_construct)
                  0000e646    00000012     driverlib.lib : ssi.obj (.text:SSIDataGetNonBlocking)
                  0000e658    00000012                   : timer.obj (.text:TimerLoadSet)
                  0000e66a    00000012                   : timer.obj (.text:TimerMatchSet)
                  0000e67c    00000012                   : timer.obj (.text:TimerPrescaleMatchSet)
                  0000e68e    00000012                   : timer.obj (.text:TimerPrescaleSet)
                  0000e6a0    00000012     sysbios.aem4f : BIOS.obj (.text:ti_sysbios_hal_Hwi_Module_startup__E)
                  0000e6b2    00000012     rtsv7M4_T_le_v4SPD16_eabi.lib : wcslen.c.obj (.text:wcslen)
                  0000e6c4    00000012     empty_pem4f.oem4f (.text:xdc_runtime_Startup_exec__I)
                  0000e6d6    00000002     --HOLE-- [fill = 0]
                  0000e6d8    00000010     empty_pem4f.oem4f (.text:.bootCodeSection:ti_catalog_arm_cortexm4_tiva_ce_Boot_init__I)
                  0000e6e8    00000010     driverlib.lib : adc.obj (.text:ADCIntEnable)
                  0000e6f8    00000010     drivers_tivaware.aem4f : I2C.oem4f (.text:I2C_Params_init)
                  0000e708    00000010     driverlib.lib : pwm.obj (.text:PWMGenPeriodSet)
                  0000e718    00000010     drivers_tivaware.aem4f : PWM.oem4f (.text:PWM_Params_init)
                  0000e728    00000010     empty.obj (.text:incrementTime)
                  0000e738    00000010     drivers_tivaware.aem4f : UARTTiva.oem4f (.text:readBlockingTimeout)
                  0000e748    00000010     sensors_api.obj (.text:swiLight)
                  0000e758    00000010     sysbios.aem4f : BIOS.obj (.text:ti_sysbios_BIOS_getCpuFreq__E)
                  0000e768    00000010                   : BIOS.obj (.text:ti_sysbios_BIOS_setThreadType__E)
                  0000e778    00000010                   : BIOS.obj (.text:ti_sysbios_BIOS_start__E)
                  0000e788    00000010                   : m3_TaskSupport_asm.obj (.text:ti_sysbios_family_arm_m3_TaskSupport_glue)
                  0000e798    00000010                   : BIOS.obj (.text:ti_sysbios_gates_GateMutex_Instance_finalize__E)
                  0000e7a8    00000010     empty_pem4f.oem4f (.text:ti_sysbios_hal_Hwi_HwiProxy_Object__create__S)
                  0000e7b8    00000010     sysbios.aem4f : BIOS.obj (.text:ti_sysbios_knl_Semaphore_Instance_finalize__E)
                  0000e7c8    00000010                   : BIOS.obj (.text:ti_sysbios_knl_Swi_disable__E)
                  0000e7d8    00000010     empty_pem4f.oem4f (.text:ti_sysbios_knl_Task_Object__get__S)
                  0000e7e8    00000010     sysbios.aem4f : BIOS.obj (.text:ti_sysbios_knl_Task_disable__E)
                  0000e7f8    00000010     ti.targets.arm.rtsarm.aem4f : Gate.oem4f (.text:xdc_runtime_Gate_leaveSystem__E)
                  0000e808    00000010                                 : Memory.oem4f (.text:xdc_runtime_Memory_free__E)
                  0000e818    00000010                                 : SysMin.oem4f (.text:xdc_runtime_SysMin_ready__E)
                  0000e828    00000010                                 : System.oem4f (.text:xdc_runtime_System_vsnprintf__E)
                  0000e838    00000010     empty_pem4f.oem4f (.text:xdc_runtime_Text_visitRope__I)
                  0000e848    0000000e     driverlib.lib : adc.obj (.text:ADCSequenceEnable)
                  0000e856    0000000e                   : gpio.obj (.text:GPIOIntStatus)
                  0000e864    0000000e     grlib.lib : image.obj (.text:GrImageDraw)
                  0000e872    0000000e     driverlib.lib : timer.obj (.text:TimerEnable)
                  0000e880    0000000e                   : uart.obj (.text:UARTCharGetNonBlocking)
                  0000e88e    0000000e                   : uart.obj (.text:UARTCharPutNonBlocking)
                  0000e89c    0000000e     rtsv7M4_T_le_v4SPD16_eabi.lib : time.c.obj (.text:__time32)
                  0000e8aa    0000000e                                   : copy_decompress_none.c.obj (.text:decompress:none:__TI_decompress_none)
                  0000e8b8    0000000e     sysbios.aem4f : BIOS.obj (.text:ti_sysbios_knl_Idle_loop__E)
                  0000e8c6    00000002     --HOLE-- [fill = 0]
                  0000e8c8    0000000e                   : BIOS.obj (.text:ti_sysbios_knl_Queue_empty__E)
                  0000e8d6    0000000c     driverlib.lib : gpio.obj (.text:GPIOIntEnable)
                  0000e8e2    0000000c                   : pwm.obj (.text:PWMGenDisable)
                  0000e8ee    0000000c                   : pwm.obj (.text:PWMGenEnable)
                  0000e8fa    0000000c     drivers_tivaware.aem4f : RingBuf.oem4f (.text:RingBuf_peek)
                  0000e906    0000000c     driverlib.lib : uart.obj (.text:UARTFlowControlSet)
                  0000e912    0000000c     drivers_tivaware.aem4f : UARTTiva.oem4f (.text:UARTTiva_init)
                  0000e91e    00000002     --HOLE-- [fill = 0]
                  0000e920    0000000c     rtsv7M4_T_le_v4SPD16_eabi.lib : _lock.c.obj (.text:_register_lock)
                  0000e92c    0000000c                                   : _lock.c.obj (.text:_register_unlock)
                  0000e938    0000000c                                   : copy_zero_init.c.obj (.text:decompress:ZI:__TI_zero_init)
                  0000e944    0000000c     motorCode.obj (.text:getState)
                  0000e950    0000000c     sysbios.aem4f : BIOS.obj (.text:ti_sysbios_family_arm_lm4_Timer_getAvailMask__E)
                  0000e95c    00000004     --HOLE-- [fill = 0]
                  0000e960    0000000c                   : BIOS.obj (.text:ti_sysbios_family_arm_lm4_Timer_getMaxTicks__E)
                  0000e96c    0000000c     empty_pem4f.oem4f (.text:ti_sysbios_family_arm_m3_Hwi_Params__init__S)
                  0000e978    0000000c     sysbios.aem4f : BIOS.obj (.text:ti_sysbios_family_arm_m3_Hwi_disableFxn__E)
                  0000e984    00000004     --HOLE-- [fill = 0]
                  0000e988    0000000c                   : BIOS.obj (.text:ti_sysbios_family_arm_m3_TaskSupport_checkStack__E)
                  0000e994    00000004     --HOLE-- [fill = 0]
                  0000e998    0000000c                   : BIOS.obj (.text:ti_sysbios_family_arm_m3_TaskSupport_getStackAlignment__E)
                  0000e9a4    0000000c     empty_pem4f.oem4f (.text:ti_sysbios_gates_GateHwi_Params__init__S)
                  0000e9b0    0000000c     sysbios.aem4f : BIOS.obj (.text:ti_sysbios_gates_GateHwi_enter__E)
                  0000e9bc    0000000c     empty_pem4f.oem4f (.text:ti_sysbios_hal_Hwi_Params__init__S)
                  0000e9c8    0000000c     empty_pem4f.oem4f (.text:ti_sysbios_knl_Clock_Params__init__S)
                  0000e9d4    00000004     --HOLE-- [fill = 0]
                  0000e9d8    0000000c     sysbios.aem4f : BIOS.obj (.text:ti_sysbios_knl_Clock_getTicks__E)
                  0000e9e4    0000000c     motorCode.obj (.text:ti_sysbios_knl_Event_handle)
                  0000e9f0    0000000c     empty_pem4f.oem4f (.text:ti_sysbios_knl_Queue_Object__get__S)
                  0000e9fc    0000000c     empty_pem4f.oem4f (.text:ti_sysbios_knl_Semaphore_Params__init__S)
                  0000ea08    0000000c     motorCode.obj (.text:ti_sysbios_knl_Semaphore_handle)
                  0000ea14    0000000c     sensors_api.obj (.text:ti_sysbios_knl_Semaphore_handle)
                  0000ea20    0000000c     empty_pem4f.oem4f (.text:ti_sysbios_knl_Task_Params__init__S)
                  0000ea2c    0000000c     empty.obj (.text:updateGraphUI)
                  0000ea38    0000000c     ti.targets.arm.rtsarm.aem4f : Error.oem4f (.text:xdc_runtime_Error_init__E)
                  0000ea44    0000000c                                 : Gate.oem4f (.text:xdc_runtime_Gate_enterSystem__E)
                  0000ea50    0000000c                                 : Memory.oem4f (.text:xdc_runtime_Memory_calloc__E)
                  0000ea5c    0000000c                                 : Memory.oem4f (.text:xdc_runtime_Memory_getMaxDefaultTypeAlign__E)
                  0000ea68    0000000a     driverlib.lib : adc.obj (.text:ADCIntClear)
                  0000ea72    0000000a                   : i2c.obj (.text:I2CMasterDisable)
                  0000ea7c    0000000a                   : i2c.obj (.text:I2CMasterEnable)
                  0000ea86    0000000a     drivers_tivaware.aem4f : I2CTiva.oem4f (.text:I2CTiva_init)
                  0000ea90    0000000a                            : I2C.oem4f (.text:I2C_transfer)
                  0000ea9a    0000000a     Kentec320x240x16_ssd2119_spi.obj (.text:Kentec320x240x16_SSD2119Flush)
                  0000eaa4    0000000a     drivers_tivaware.aem4f : PWMTimerTiva.oem4f (.text:PWMTimerTiva_getPeriodCounts)
                  0000eaae    0000000a                            : PWM.oem4f (.text:PWM_setDuty)
                  0000eab8    0000000a     driverlib.lib : ssi.obj (.text:SSIDataPut)
                  0000eac2    0000000a                   : ssi.obj (.text:SSIEnable)
                  0000eacc    0000000a                   : uart.obj (.text:UARTCharGet)
                  0000ead6    0000000a                   : uart.obj (.text:UARTCharPut)
                  0000eae0    0000000a                   : uart.obj (.text:UARTIntDisable)
                  0000eaea    0000000a                   : uart.obj (.text:UARTIntStatus)
                  0000eaf4    0000000a     rtsv7M4_T_le_v4SPD16_eabi.lib : sprintf.c.obj (.text:_outc)
                  0000eafe    00000002     --HOLE-- [fill = 0]
                  0000eb00    0000000a     sysbios.aem4f : BIOS.obj (.text:ti_sysbios_hal_Hwi_Instance_finalize__E)
                  0000eb0a    0000000a     empty_pem4f.oem4f (.text:xdc_runtime_IHeap_alloc)
                  0000eb14    0000000a     empty_pem4f.oem4f (.text:xdc_runtime_IHeap_free)
                  0000eb1e    00000008     EK_TM4C1294XL.obj (.text:EK_TM4C1294XL_initGPIO)
                  0000eb26    00000008     grlib.lib : charmap.obj (.text:GrMapISO8859_1_Unicode)
                  0000eb2e    00000008     driverlib.lib : i2c.obj (.text:I2CMasterIntClear)
                  0000eb36    00000008                   : i2c.obj (.text:I2CMasterSlaveAddrSet)
                  0000eb3e    00000008     drivers_tivaware.aem4f : I2CTiva.oem4f (.text:I2CTiva_blockingCallback)
                  0000eb46    00000008                            : PWMTimerTiva.oem4f (.text:PWMTimerTiva_init)
                  0000eb4e    00000008     driverlib.lib : ssi.obj (.text:SSIBusy)
                  0000eb56    00000008                   : uart.obj (.text:UARTIntEnable)
                  0000eb5e    00000008                   : uart.obj (.text:UARTRxErrorGet)
                  0000eb66    00000002     --HOLE-- [fill = 0]
                  0000eb68    00000008     rtsv7M4_T_le_v4SPD16_eabi.lib : errno.c.obj (.text:__aeabi_errno_addr)
                  0000eb70    00000008     drivers_tivaware.aem4f : UARTTiva.oem4f (.text:readSemCallback)
                  0000eb78    00000008     sysbios.aem4f : BIOS.obj (.text:ti_sysbios_family_arm_lm4_Timer_masterDisable__I)
                  0000eb80    00000008                   : BIOS.obj (.text:ti_sysbios_family_arm_m3_Hwi_doSwiRestore__I)
                  0000eb88    00000008                   : BIOS.obj (.text:ti_sysbios_family_arm_m3_Hwi_startup__E)
                  0000eb90    00000008     drivers_tivaware.aem4f : UARTTiva.oem4f (.text:writeSemCallback)
                  0000eb98    00000006     driverlib.lib : gpio.obj (.text:GPIOPinWrite)
                  0000eb9e    00000006     grlib.lib : string.obj (.text:GrContextFontSet)
                  0000eba4    00000006     driverlib.lib : i2c.obj (.text:I2CMasterIntDisable)
                  0000ebaa    00000006                   : i2c.obj (.text:I2CMasterIntEnable)
                  0000ebb0    00000006     drivers_tivaware.aem4f : I2CTiva.oem4f (.text:I2CTiva_control)
                  0000ebb6    00000006                            : PWMTimerTiva.oem4f (.text:PWMTimerTiva_getPeriodMicroSecs)
                  0000ebbc    00000006     driverlib.lib : sysctl.obj (.text:SysCtlDelay)
                  0000ebc2    00000006                   : uart.obj (.text:UARTFIFOLevelSet)
                  0000ebc8    00000006                   : uart.obj (.text:UARTRxErrorClear)
                  0000ebce    00000006     grlib.lib : widget.obj (.text:WidgetMutexPut)
                  0000ebd4    00000004     --HOLE-- [fill = 0]
                  0000ebd8    00000006     sysbios.aem4f : BIOS.obj (.text:ti_sysbios_family_arm_m3_Hwi_doTaskRestore__I)
                  0000ebde    00000002     --HOLE-- [fill = 0]
                  0000ebe0    00000006                   : BIOS.obj (.text:ti_sysbios_family_arm_m3_Hwi_restoreFxn__E)
                  0000ebe6    00000002     --HOLE-- [fill = 0]
                  0000ebe8    00000006                   : BIOS.obj (.text:ti_sysbios_gates_GateHwi_leave__E)
                  0000ebee    00000002     --HOLE-- [fill = 0]
                  0000ebf0    00000006                   : BIOS.obj (.text:ti_sysbios_heaps_HeapMem_isBlocking__E)
                  0000ebf6    00000002     --HOLE-- [fill = 0]
                  0000ebf8    00000006                   : BIOS.obj (.text:ti_sysbios_knl_Clock_stop__E)
                  0000ebfe    00000002     --HOLE-- [fill = 0]
                  0000ec00    00000006                   : BIOS.obj (.text:ti_sysbios_knl_Queue_Instance_init__E)
                  0000ec06    00000002     --HOLE-- [fill = 0]
                  0000ec08    00000006                   : BIOS.obj (.text:ti_sysbios_knl_Swi_startup__E)
                  0000ec0e    00000006     ti.targets.arm.rtsarm.aem4f : System.oem4f (.text:xdc_runtime_System_Module_startup__E)
                  0000ec14    00000004     --HOLE-- [fill = 0]
                  0000ec18    00000004     sysbios.aem4f : BIOS.obj (.text:ti_sysbios_gates_GateHwi_query__E)
                  0000ec1c    00000004     --HOLE-- [fill = 0]
                  0000ec20    00000004                   : BIOS.obj (.text:ti_sysbios_gates_GateMutex_query__E)
                  0000ec24    00000004     --HOLE-- [fill = 0]
                  0000ec28    00000004                   : BIOS.obj (.text:ti_sysbios_knl_Task_startup__E)
                  0000ec2c    00000004     --HOLE-- [fill = 0]
                  0000ec30    00000002                   : BIOS.obj (.text:ti_sysbios_gates_GateHwi_Instance_init__E)
                  0000ec32    00000006     --HOLE-- [fill = 0]
                  0000ec38    00000002                   : BIOS.obj (.text:ti_sysbios_knl_Clock_logTick__E)

.const     0    0000ec40    00004ba4     
                  0000ec40    00001922     empty_pem4f.oem4f (.const:xdc_runtime_Text_charTab__A)
                  00010562    00000002     empty_pem4f.oem4f (.const:ti_catalog_arm_cortexm4_tiva_ce_Boot_Module__id__C)
                  00010564    00000004     empty_pem4f.oem4f (.const:ti_catalog_arm_cortexm4_tiva_ce_Boot_A_mustNotUseEnhancedClockMode__C)
                  00010568    00001000     rtsv7M4_T_le_v4SPD16_eabi.lib : s_exp2.c.obj (.const:tbl)
                  00011568    000007e5     grlib.lib : fontcmss18.obj (.const:.string:g_pui8Cmss18Data)
                  00011d4d    00000782               : fontcmss18b.obj (.const:.string:g_pui8Cmss18bData)
                  000124cf    00000001     empty_pem4f.oem4f (.const:xdc_runtime_Error_policy__C)
                  000124d0    000001b0     driverlib.lib : sysctl.obj (.const:g_pppui32XTALtoVCO)
                  00012680    00000120     Boot.aem4f : Boot_sysctl.oem4f (.const:g_pppui32XTALtoVCO)
                  000127a0    00000101     rtsv7M4_T_le_v4SPD16_eabi.lib : ctype.c.obj (.const:.string:_ctypes_)
                  000128a1    00000001     --HOLE-- [fill = 0]
                  000128a2    00000002     empty_pem4f.oem4f (.const:ti_sysbios_family_arm_m3_Hwi_Module__id__C)
                  000128a4    000000c8     grlib.lib : fontcmss18.obj (.const:g_sFontCmss18)
                  0001296c    000000c8               : fontcmss18b.obj (.const:g_sFontCmss18b)
                  00012a34    000000c0     empty_pem4f.oem4f (.const:xdc_runtime_Text_nodeTab__A)
                  00012af4    0000009e     grlib_demo.obj (.const:.string)
                  00012b92    00000002     empty_pem4f.oem4f (.const:ti_sysbios_gates_GateMutex_Module__id__C)
                  00012b94    00000090     driverlib.lib : gpio.obj (.const:g_pui32GPIOBaseAddrs)
                  00012c24    00000070                   : interrupt.obj (.const)
                  00012c94    0000006c     Boot.aem4f : Boot_sysctl.oem4f (.const:g_pui32Xtals)
                  00012d00    0000006c     driverlib.lib : sysctl.obj (.const:g_pui32Xtals)
                  00012d6c    00000060     rtsv7M4_T_le_v4SPD16_eabi.lib : mktime.c.obj (.const:$O1$$)
                  00012dcc    00000060     MotorLib.lib : motorlib.obj (.const:PWM_config)
                  00012e2c    00000058     empty_pem4f.oem4f (.const:.string)
                  00012e84    00000054     drivers_tivaware.aem4f : GPIOTiva.oem4f (.const:.string)
                  00012ed8    00000054     MotorLib.lib : motorlib.obj (.const:motorLibPWMTivaHWAttrs)
                  00012f2c    0000004c     rtsv7M4_T_le_v4SPD16_eabi.lib : asctime.c.obj (.const:$O1$$)
                  00012f78    0000004c                                   : asctime.c.obj (.const:.string)
                  00012fc4    0000004c     drivers_tivaware.aem4f : UARTTiva.oem4f (.const)
                  00013010    00000048                            : GPIOTiva.oem4f (.const:gpioBaseAddresses)
                  00013058    0000003c     empty_pem4f.oem4f (.const:ti_sysbios_knl_Task_Object__PARAMS__C)
                  00013094    00000030     Boot.aem4f : Boot_sysctl.oem4f (.const:g_sXTALtoMEMTIM)
                  000130c4    00000030     driverlib.lib : sysctl.obj (.const:g_sXTALtoMEMTIM)
                  000130f4    00000030     empty_pem4f.oem4f (.const:ti_sysbios_family_arm_m3_Hwi_Object__PARAMS__C)
                  00013124    00000030     EK_TM4C1294XL.obj (.const:uartTivaHWAttrs)
                  00013154    0000002c     empty_pem4f.oem4f (.const:ti_sysbios_hal_Hwi_Object__PARAMS__C)
                  00013180    00000028     drivers_tivaware.aem4f : UARTTiva.oem4f (.const:UARTTiva_fxnTable)
                  000131a8    00000028     Kentec320x240x16_ssd2119_spi.obj (.const:g_sKentec320x240x16_SSD2119)
                  000131d0    00000028     empty_pem4f.oem4f (.const:ti_sysbios_heaps_HeapMem_Module__FXNS__C)
                  000131f8    00000024     EK_TM4C1294XL.obj (.const:UART_config)
                  0001321c    00000024     drivers_tivaware.aem4f : UART.oem4f (.const:UART_defaultParams)
                  00013240    00000024     empty_pem4f.oem4f (.const:ti_sysbios_gates_GateHwi_Module__FXNS__C)
                  00013264    00000024     empty_pem4f.oem4f (.const:ti_sysbios_gates_GateMutex_Module__FXNS__C)
                  00013288    00000024     empty_pem4f.oem4f (.const:ti_sysbios_heaps_HeapMem_Object__PARAMS__C)
                  000132ac    00000024     empty_pem4f.oem4f (.const:ti_sysbios_knl_Clock_Object__PARAMS__C)
                  000132d0    00000024     empty_pem4f.oem4f (.const:ti_sysbios_knl_Semaphore_Object__PARAMS__C)
                  000132f4    00000020     drivers_tivaware.aem4f : PWMTimerTiva.oem4f (.const)
                  00013314    00000020                            : PWMTiva.oem4f (.const)
                  00013334    00000020     empty_pem4f.oem4f (.const:ti_sysbios_family_arm_m3_Hwi_Object__DESC__C)
                  00013354    00000020     empty_pem4f.oem4f (.const:ti_sysbios_gates_GateHwi_Object__DESC__C)
                  00013374    00000020     empty_pem4f.oem4f (.const:ti_sysbios_gates_GateMutex_Object__DESC__C)
                  00013394    00000020     empty_pem4f.oem4f (.const:ti_sysbios_hal_Hwi_Object__DESC__C)
                  000133b4    00000020     empty_pem4f.oem4f (.const:ti_sysbios_heaps_HeapMem_Object__DESC__C)
                  000133d4    00000020     empty_pem4f.oem4f (.const:ti_sysbios_knl_Clock_Object__DESC__C)
                  000133f4    00000020     empty_pem4f.oem4f (.const:ti_sysbios_knl_Event_Object__DESC__C)
                  00013414    00000020     empty_pem4f.oem4f (.const:ti_sysbios_knl_Queue_Object__DESC__C)
                  00013434    00000020     empty_pem4f.oem4f (.const:ti_sysbios_knl_Semaphore_Object__DESC__C)
                  00013454    00000020     empty_pem4f.oem4f (.const:ti_sysbios_knl_Task_Object__DESC__C)
                  00013474    00000020     empty_pem4f.oem4f (.const:xdc_runtime_Startup_sfxnTab__A)
                  00013494    0000001c     drivers_tivaware.aem4f : I2CTiva.oem4f (.const)
                  000134b0    0000001c     touch.obj (.const:g_pi32TouchParameters)
                  000134cc    00000018     EK_TM4C1294XL.obj (.const:I2C_config)
                  000134e4    00000018     empty_pem4f.oem4f (.const:ti_sysbios_gates_GateHwi_Object__PARAMS__C)
                  000134fc    00000018     empty_pem4f.oem4f (.const:ti_sysbios_gates_GateMutex_Object__PARAMS__C)
                  00013514    00000018     empty_pem4f.oem4f (.const:ti_sysbios_knl_Event_Object__PARAMS__C)
                  0001352c    00000018     empty_pem4f.oem4f (.const:ti_sysbios_knl_Queue_Object__PARAMS__C)
                  00013544    00000014     EK_TM4C1294XL.obj (.const:GPIOTiva_config)
                  00013558    00000014     empty_pem4f.oem4f (.const:xdc_runtime_Startup_firstFxns__A)
                  0001356c    00000010     drivers_tivaware.aem4f : I2C.oem4f (.const)
                  0001357c    00000010     grlib.lib : context.obj (.const)
                  0001358c    00000010     MotorLib.lib : motorlib.obj (.const:motorLibPWMTimerTivaHWAttrs)
                  0001359c    00000010     empty_pem4f.oem4f (.const:xdc_runtime_Startup_sfxnRts__A)
                  000135ac    0000000c     drivers_tivaware.aem4f : PWM.oem4f (.const)
                  000135b8    0000000c     EK_TM4C1294XL.obj (.const:i2cTivaHWAttrs)
                  000135c4    00000008     Boot.aem4f : Boot_sysctl.oem4f (.const)
                  000135cc    00000008     driverlib.lib : sysctl.obj (.const)
                  000135d4    00000008     empty_pem4f.oem4f (.const:ti_sysbios_family_arm_m3_Hwi_excHookFuncs__A)
                  000135dc    00000008     empty_pem4f.oem4f (.const:ti_sysbios_knl_Idle_funcList__C)
                  000135e4    00000008     empty_pem4f.oem4f (.const:xdc_runtime_Startup_firstFxns__C)
                  000135ec    00000008     empty_pem4f.oem4f (.const:xdc_runtime_Startup_lastFxns__C)
                  000135f4    00000004     empty_pem4f.oem4f (.const:ti_catalog_arm_cortexm4_tiva_ce_Boot_Module__diagsEnabled__C)
                  000135f8    00000004     empty_pem4f.oem4f (.const:ti_catalog_arm_cortexm4_tiva_ce_Boot_Module__diagsIncluded__C)
                  000135fc    00000004     empty_pem4f.oem4f (.const:ti_catalog_arm_cortexm4_tiva_ce_Boot_Module__diagsMask__C)
                  00013600    00000004     empty_pem4f.oem4f (.const:ti_sysbios_family_arm_lm4_Timer_enableFunc__C)
                  00013604    00000004     empty_pem4f.oem4f (.const:ti_sysbios_family_arm_lm4_Timer_numTimerDevices__C)
                  00013608    00000004     empty_pem4f.oem4f (.const:ti_sysbios_family_arm_lm4_Timer_startupNeeded__C)
                  0001360c    00000004     empty_pem4f.oem4f (.const:ti_sysbios_family_arm_m3_Hwi_E_NMI__C)
                  00013610    00000004     empty_pem4f.oem4f (.const:ti_sysbios_family_arm_m3_Hwi_E_alreadyDefined__C)
                  00013614    00000004     empty_pem4f.oem4f (.const:ti_sysbios_family_arm_m3_Hwi_E_busFault__C)
                  00013618    00000004     empty_pem4f.oem4f (.const:ti_sysbios_family_arm_m3_Hwi_E_debugMon__C)
                  0001361c    00000004     empty_pem4f.oem4f (.const:ti_sysbios_family_arm_m3_Hwi_E_hardFault__C)
                  00013620    00000004     empty_pem4f.oem4f (.const:ti_sysbios_family_arm_m3_Hwi_E_memFault__C)
                  00013624    00000004     empty_pem4f.oem4f (.const:ti_sysbios_family_arm_m3_Hwi_E_noIsr__C)
                  00013628    00000004     empty_pem4f.oem4f (.const:ti_sysbios_family_arm_m3_Hwi_E_reserved__C)
                  0001362c    00000004     empty_pem4f.oem4f (.const:ti_sysbios_family_arm_m3_Hwi_E_svCall__C)
                  00013630    00000004     empty_pem4f.oem4f (.const:ti_sysbios_family_arm_m3_Hwi_E_usageFault__C)
                  00013634    00000004     empty_pem4f.oem4f (.const:ti_sysbios_family_arm_m3_Hwi_NUM_INTERRUPTS__C)
                  00013638    00000004     empty_pem4f.oem4f (.const:ti_sysbios_family_arm_m3_Hwi_Object__count__C)
                  0001363c    00000004     empty_pem4f.oem4f (.const:ti_sysbios_family_arm_m3_Hwi_ccr__C)
                  00013640    00000004     empty_pem4f.oem4f (.const:ti_sysbios_family_arm_m3_Hwi_excHandlerFunc__C)
                  00013644    00000004     empty_pem4f.oem4f (.const:ti_sysbios_family_arm_m3_Hwi_excHookFuncs__C)
                  00013648    00000004     empty_pem4f.oem4f (.const:ti_sysbios_family_arm_m3_Hwi_nullIsrFunc__C)
                  0001364c    00000004     empty_pem4f.oem4f (.const:ti_sysbios_family_arm_m3_Hwi_priGroup__C)
                  00013650    00000004     empty_pem4f.oem4f (.const:ti_sysbios_family_arm_m3_TaskSupport_stackAlignment__C)
                  00013654    00000004     empty_pem4f.oem4f (.const:ti_sysbios_gates_GateMutex_A_badContext__C)
                  00013658    00000004     empty_pem4f.oem4f (.const:ti_sysbios_gates_GateMutex_Instance_State_sem__O)
                  0001365c    00000004     empty_pem4f.oem4f (.const:ti_sysbios_gates_GateMutex_Module__diagsEnabled__C)
                  00013660    00000004     empty_pem4f.oem4f (.const:ti_sysbios_gates_GateMutex_Module__diagsIncluded__C)
                  00013664    00000004     empty_pem4f.oem4f (.const:ti_sysbios_gates_GateMutex_Module__diagsMask__C)
                  00013668    00000004     empty_pem4f.oem4f (.const:ti_sysbios_hal_Hwi_E_stackOverflow__C)
                  0001366c    00000004     empty_pem4f.oem4f (.const:ti_sysbios_heaps_HeapMem_A_align__C)
                  00013670    00000004     empty_pem4f.oem4f (.const:ti_sysbios_heaps_HeapMem_A_heapSize__C)
                  00013674    00000004     empty_pem4f.oem4f (.const:ti_sysbios_heaps_HeapMem_A_invalidFree__C)
                  00013678    00000004     empty_pem4f.oem4f (.const:ti_sysbios_heaps_HeapMem_A_zeroBlock__C)
                  0001367c    00000004     empty_pem4f.oem4f (.const:ti_sysbios_heaps_HeapMem_E_memory__C)
                  00013680    00000004     empty_pem4f.oem4f (.const:ti_sysbios_heaps_HeapMem_Module__diagsEnabled__C)
                  00013684    00000004     empty_pem4f.oem4f (.const:ti_sysbios_heaps_HeapMem_Module__diagsIncluded__C)
[...]
0001374c  xdc_runtime_Error_E_memory__C                                        
00013750  xdc_runtime_Error_Module__diagsEnabled__C                            
00013754  xdc_runtime_Error_Module__diagsIncluded__C                           
00013758  xdc_runtime_Error_Module__diagsMask__C                               
0001375c  xdc_runtime_Error_Module__loggerFxn8__C                              
00013760  xdc_runtime_Error_Module__loggerObj__C                               
00013764  xdc_runtime_Error_policyFxn__C                                       
00013768  xdc_runtime_Error_raiseHook__C                                       
0001376c  xdc_runtime_IGateProvider_Interface__BASE__C                         
00013770  xdc_runtime_IHeap_Interface__BASE__C                                 
00013774  xdc_runtime_IModule_Interface__BASE__C                               
00013778  xdc_runtime_Log_L_error__C                                           
0001377c  xdc_runtime_Memory_defaultHeapInstance__C                            
00013780  xdc_runtime_Startup_execImpl__C                                      
00013784  xdc_runtime_Startup_maxPasses__C                                     
00013788  xdc_runtime_Startup_sfxnRts__C                                       
0001378c  xdc_runtime_Startup_sfxnTab__C                                       
00013790  xdc_runtime_SysMin_bufSize__C                                        
00013794  xdc_runtime_SysMin_outputFunc__C                                     
00013798  xdc_runtime_System_Module__gateObj__C                                
0001379c  xdc_runtime_System_abortFxn__C                                       
000137a0  xdc_runtime_System_exitFxn__C                                        
000137a4  xdc_runtime_System_extendFxn__C                                      
000137a8  xdc_runtime_System_maxAtexitHandlers__C                              
000137ac  xdc_runtime_Text_charTab__C                                          
000137b0  xdc_runtime_Text_nameEmpty__C                                        
000137b4  xdc_runtime_Text_nameStatic__C                                       
000137b8  xdc_runtime_Text_nameUnknown__C                                      
000137bc  xdc_runtime_Text_nodeTab__C                                          
000137c0  xdc_runtime_Text_visitRopeFxn__C                                     
000137c4  ti_sysbios_hal_Hwi_Module__id__C                                     
000137c6  ti_sysbios_heaps_HeapMem_Module__id__C                               
000137c8  ti_sysbios_knl_Clock_Module__id__C                                   
000137ca  ti_sysbios_knl_Event_Module__id__C                                   
000137cc  ti_sysbios_knl_Semaphore_Module__id__C                               
000137ce  ti_sysbios_knl_Task_Module__id__C                                    
000137d0  xdc_runtime_Core_Module__id__C                                       
000137d2  xdc_runtime_Error_Module__loggerDefined__C                           
000137d4  xdc_runtime_Error_maxDepth__C                                        
000137d6  xdc_runtime_Main_Module__id__C                                       
000137d8  xdc_runtime_Memory_Module__id__C                                     
000137da  xdc_runtime_SysMin_flushAtExit__C                                    
000137dc  xdc_runtime_Text_charCnt__C                                          
000137de  xdc_runtime_Text_isLoaded__C                                         
000137e0  xdc_runtime_Text_registryModsLastId__C                               
000137e2  xdc_runtime_Text_unnamedModsLastId__C                                
000137e8  __TI_static_base__                                                   
00013bf4  __TI_Handler_Table_Base                                              
00013c00  __TI_Handler_Table_Limit                                             
00013c10  __TI_CINIT_Base                                                      
00013c28  __TI_CINIT_Limit                                                     
20000000  __start___llvm_prf_cnts                                              
20000000  __stop___llvm_prf_cnts                                               
20000000  ti_sysbios_family_arm_m3_Hwi_ramVectors                              
20000360  ti_sysbios_knl_Task_Instance_State_0_stack__A                        
20000b60  ti_sysbios_knl_Task_Instance_State_1_stack__A                        
20001360  ti_sysbios_knl_Task_Instance_State_2_stack__A                        
20001560  taskLightStack                                                       
20002560  ti_sysbios_heaps_HeapMem_Instance_State_0_buf__A                     
20002960  xdc_runtime_SysMin_Module_State_0_outbuf__A                          
20002d60  ti_sysbios_family_arm_m3_Hwi_dispatchTable                           
200030c0  uartTivaObjects                                                      
20003398  __CIOBUF_                                                            
20003548  i2cTivaObjects                                                       
200035c8  uartTivaRingBuffer                                                   
20003608  motorLibPWMObjects                                                   
20003640  eb                                                                   
20003670  sContext                                                             
2000369c  clkSensorParams                                                      
200036c0  clockLightStruct                                                     
200036e4  clockUpdateGraph                                                     
20003708  clockUpdateTime                                                      
2000378c  maxTime                                                              
200037ac  minTime                                                              
200037e8  semLightStruct                                                       
20003804  semStruct                                                            
20003820  gHwiprms                                                             
20003838  lightBuffer                                                          
20003850  motorLibPWMTimerObjects                                              
20003868  evtStruct                                                            
2000387c  valueText                                                            
200038a0  pui32ADC0Value                                                       
200038b4  graphMax                                                             
200038bc  graphMin                                                             
200038c4  parmbuf                                                              
200038cc  SysTicks                                                             
200038d0  acceleration                                                         
200038d4  acceleration_avg                                                     
200038d8  adc0                                                                 
200038dc  current                                                              
200038e0  data_Graph                                                           
200038e4  delta_rpm                                                            
200038e8  delta_time                                                           
200038ec  error                                                                
200038f0  evtHandle                                                            
200038f4  g_accelerationLimit                                                  
200038f8  g_currentLimit                                                       
200038fc  g_drawingGraph                                                       
20003900  g_motorSpeed                                                         
20003904  g_numPlotOverflow                                                    
20003908  g_numPlotPoints                                                      
2000390c  g_pi32ParmSet                                                        
20003914  g_sCurrentPanel                                                      
20003918  g_ui32SysClock                                                       
2000391c  gateHwi                                                              
20003924  graphIntMax                                                          
20003928  graphIntMin                                                          
2000392c  hA                                                                   
20003930  hB                                                                   
20003934  hC                                                                   
20003938  hallA                                                                
2000393c  hallB                                                                
20003940  hallC                                                                
20003944  light_i2c                                                            
20003948  output                                                               
2000394c  previousPoint                                                        
20003950  rpm_avg                                                              
20003954  rpm_from_UI                                                          
20003958  semHandle                                                            
2000395c  semLightHandle                                                       
20003960  t                                                                    
20003964  uart                                                                 
20003968  voltage                                                              
2000396c  y_graph_step                                                         
20003970  g_i16TouchX                                                          
20003972  g_i16TouchY                                                          
20003974  e_event                                                              
20003975  e_stop                                                               
20003976  motorStartedUI                                                       
20003977  motorState                                                           
20003978  print_from_clock                                                     
20003979  running                                                              
2000397a  success                                                              
2000397b  updateGraph                                                          
2000397c  ti_sysbios_knl_Task_Object__table__V                                 
20003a60  ti_sysbios_knl_Swi_Module_State_0_readyQ__A                          
20003ae0  motor                                                                
20003ae4  prevMotor                                                            
20003ae8  prevSysTick                                                          
20003aec  deltaPos                                                             
20003af0  clock_time_mins                                                      
20003af4  clock_time_secs                                                      
20003af8  rpm_actual                                                           
20003afc  acceleration_sum                                                     
20003b00  rpm_prev                                                             
20003b04  integral_error                                                       
20003b08  rpm_desired                                                          
20003b0c  rpm_int                                                              
20003b10  jump                                                                 
20003b14  Kp                                                                   
20003b18  Ki                                                                   
20003b1c  clock_count                                                          
20003b20  rpm_sum                                                              
20003b24  min_per_sysTick                                                      
20003b28  rotation                                                             
20003b2c  rpm_sum_c                                                            
20003b30  dummy                                                                
20003b34  adc_test                                                             
20003b38  vref                                                                 
20003b3c  stepVoltage                                                          
20003b40  shunt                                                                
20003b44  gain                                                                 
20003b48  g_sGraphAcceleration                                                 
20003b98  g_sGraphBack                                                         
20003be8  g_sGraphExit                                                         
20003c38  g_sGraphLight                                                        
20003c88  g_sGraphOption                                                       
20003cd8  g_sGraphPower                                                        
20003d28  g_sGraphSpeed                                                        
20003d78  g_sGraphTitle                                                        
20003dc8  g_sMotorOption                                                       
20003e18  g_sSetOption                                                         
20003e68  g_sSettingAcceleration                                               
20003eb8  g_sSettingBack                                                       
20003f08  g_sSettingCurrent                                                    
20003f58  g_sSettingDecrease                                                   
20003fa8  g_sSettingExit                                                       
20003ff8  g_sSettingIncrease                                                   
20004048  g_sSettingSpeed                                                      
20004098  g_sSettingTitle                                                      
200040e8  g_sSettingValue                                                      
20004138  ti_sysbios_knl_Task_Module__state__V                                 
2000417c  g_sGraph                                                             
200041bc  g_sGraphPage                                                         
200041fc  g_sGraphsMainPage                                                    
2000423c  g_sMainPage                                                          
2000427c  g_sSettingPage                                                       
200042bc  g_sSettingsMainPage                                                  
200042fc  ti_sysbios_family_arm_lm4_Timer_Module_State_0_device__A             
2000433c  ti_sysbios_family_arm_lm4_Timer_Object__table__V                     
2000437c  ti_sysbios_gates_GateMutex_Object__table__V                          
200043b4  ti_sysbios_family_arm_m3_Hwi_Module__state__V                        
200043e8  ti_sysbios_family_arm_m3_Hwi_Object__table__V                        
20004418  ti_sysbios_knl_Swi_Object__table__V                                  
20004448  g_sRoot                                                              
20004476  ti_sysbios_family_arm_m3_Hwi_Module_State_0_excActive__A             
20004478  ti_sysbios_knl_Clock_Module__state__V                                
200044c8  ti_sysbios_BIOS_Module__state__V                                     
200044ec  gpioPinConfigs                                                       
2000450c  ti_sysbios_family_arm_lm4_Timer_Module_State_0_handles__A            
2000452c  ti_sysbios_knl_Task_Module_State_0_readyQ__A                         
2000454c  ti_sysbios_knl_Swi_Module__state__V                                  
20004580  ti_sysbios_heaps_HeapMem_Object__table__V                            
20004598  x_graph_step                                                         
2000459c  x_graph_start                                                        
200045a0  y_graph_start                                                        
200045a4  y_graph_max                                                          
200045a8  y_graph_end                                                          
200045ac  _tz                                                                  
200045bc  ti_sysbios_family_arm_lm4_Timer_Module__state__V                     
200045c8  xdc_runtime_SysMin_Module__state__V                                  
200045d4  _lock                                                                
200045d8  _unlock                                                              
200045dc  gpioCallbackFunctions                                                
200045e4  ti_sysbios_family_arm_m3_Hwi_Module__root__V                         
200045ec  ti_sysbios_gates_GateHwi_Module__root__V                             
200045f4  ti_sysbios_gates_GateMutex_Module__root__V                           
200045fc  ti_sysbios_hal_Hwi_Module__root__V                                   
20004604  ti_sysbios_heaps_HeapMem_Module__root__V                             
2000460c  ti_sysbios_knl_Clock_Module__root__V                                 
20004614  ti_sysbios_knl_Event_Module__root__V                                 
2000461c  ti_sysbios_knl_Queue_Module__root__V                                 
20004624  ti_sysbios_knl_Semaphore_Module__root__V                             
2000462c  ti_sysbios_knl_Task_Module__root__V                                  
20004634  xdc_runtime_Registry_Module__state__V                                
2000463c  xdc_runtime_Startup_Module__state__V                                 
20004644  xdc_runtime_System_Module_State_0_atexitHandlers__A                  
2000464c  xdc_runtime_System_Module__state__V                                  
2000465a  xdc_runtime_Error_Module__state__V                                   
2000465c  triggerThreshold                                                     
20004670  errno                                                                
20004674  main_func_sp                                                         
20004678  ti_sysbios_family_arm_m3_Hwi_Module_State_0_excContext__A            
2000467c  ti_sysbios_family_arm_m3_Hwi_Module_State_0_excStack__A              
20004680  ti_sysbios_gates_GateHwi_Object__table__V                            
20004684  ti_sysbios_knl_Task_Module_State_0_idleTask__A                       
20004688  g_i16TouchMin                                                        
2000468c  xdc_runtime_Memory_Module__state__V                                  
20004690  __stack                                                              
20004990  __STACK_END                                                          
e000e000  ti_sysbios_family_arm_m3_Hwi_nvic                                    
ffffffff  __TI_pprof_out_hndl                                                  
ffffffff  __TI_prof_data_size                                                  
ffffffff  __TI_prof_data_start                                                 
ffffffff  __binit__                                                            
ffffffff  __c_args__                                                           
ffffffff  binit                                                                
UNDEFED   SHT$$INIT_ARRAY$$Base                                                
UNDEFED   SHT$$INIT_ARRAY$$Limit                                               

[1020 symbols]
