******************************************************************************
                  TI ARM Linker PC v20.2.2                     
******************************************************************************
>> Linked Tue Jun  1 02:11:54 2021

OUTPUT FILE NAME:   <empty_EK_TM4C1294XL_TI.out>
ENTRY POINT SYMBOL: "_c_int00"  address: 0000c83d


MEMORY CONFIGURATION

         name            origin    length      used     unused   attr    fill
----------------------  --------  ---------  --------  --------  ----  --------
  FLASH                 00000000   00100000  00014eae  000eb152  R  X
  SRAM                  20000000   00040000  0000521d  0003ade3  RW X


SEGMENT ALLOCATION MAP

run origin  load origin   length   init length attrs members
----------  ----------- ---------- ----------- ----- -------
00000000    00000000    00014eb8   00014eb8    r-x
  00000000    00000000    0000003c   0000003c    r-- .resetVecs
  00000040    00000040    0000fe52   0000fe52    r-x .text
  0000fe98    0000fe98    00004be0   00004be0    r-- .const
  00014a78    00014a78    00000440   00000440    r-- .cinit
20000000    20000000    00005220   00000000    rw-
  20000000    20000000    00000360   00000000    rw- .vecs
  20000360    20000360    00003ea9   00000000    rw- .bss
  2000420c    2000420c    00000d14   00000000    rw- .data
  20004f20    20004f20    00000300   00000000    rw- .stack


SECTION ALLOCATION MAP

 output                                  attributes/
section   page    origin      length       input sections
--------  ----  ----------  ----------   ----------------
.text      0    00000040    0000fe52     
                  00000040    00000a4e     rtsv7M4_T_le_v4SPD16_eabi.lib : _printfi.c.obj (.text:__TI_printfi)
                  00000a8e    00000002                                   : _lock.c.obj (.text:_nop)
                  00000a90    000009c0                                   : e_pow.c.obj (.text:pow)
                  00001450    000006ac     MotorLib.lib : motorlib.obj (.text)
                  00001afc    00000004     driverlib.lib : i2c.obj (.text:I2CMasterControl)
                  00001b00    00000430     sysbios.aem4f : BIOS.obj (.text:ti_sysbios_family_arm_m3_Hwi_excDumpRegs__I)
                  00001f30    000003f0     grlib_demo.obj (.text:drawGraphPoint)
                  00002320    00000374     grlib.lib : image.obj (.text:InternalImageDraw)
                  00002694    00000004     driverlib.lib : i2c.obj (.text:I2CMasterDataGet)
                  00002698    0000034c     sysbios.aem4f : BIOS.obj (.text:ti_sysbios_knl_Event_pend__E)
                  000029e4    0000034c     ti.targets.arm.rtsarm.aem4f : System.oem4f (.text:xdc_runtime_System_doPrint__I)
                  00002d30    000002f8     grlib.lib : image.obj (.text:PixelTransparentDraw)
                  00003028    000002d0     sysbios.aem4f : BIOS.obj (.text:ti_sysbios_knl_Semaphore_pend__E)
                  000032f8    000002a0     rtsv7M4_T_le_v4SPD16_eabi.lib : mktime.c.obj (.text:__mktime32)
                  00003598    00000270                                   : _printfi.c.obj (.text:_pconv_a)
                  00003808    0000026c     sysbios.aem4f : BIOS.obj (.text:ti_sysbios_heaps_HeapMem_free__E)
                  00003a74    00000268     touch.obj (.text:TouchScreenDebouncer)
                  00003cdc    00000254     grlib.lib : string.obj (.text:GrFontGlyphRender)
                  00003f30    00000250     sysbios.aem4f : BIOS.obj (.text:ti_sysbios_heaps_HeapMem_alloc__E)
                  00004180    00000234                   : BIOS.obj (.text:ti_sysbios_knl_Task_Instance_finalize__E)
                  000043b4    0000020c     drivers_tivaware.aem4f : UARTTiva.oem4f (.text:UARTTiva_open)
                  000045c0    00000204     Boot.aem4f : Boot_sysctl.oem4f (.text:ti_catalog_arm_cortexm4_tiva_ce_Boot_sysCtlClockFreqSetI__I)
                  000047c4    00000200     driverlib.lib : sysctl.obj (.text:SysCtlClockFreqSet)
                  000049c4    00000200     rtsv7M4_T_le_v4SPD16_eabi.lib : s_exp2.c.obj (.text:exp2)
                  00004bc4    00000004     driverlib.lib : i2c.obj (.text:I2CMasterDataPut)
                  00004bc8    000001f4     sysbios.aem4f : BIOS.obj (.text:ti_sysbios_family_arm_m3_Hwi_excHandlerMax__I)
                  00004dbc    00000004     driverlib.lib : uart.obj (.text:UARTIntClear)
                  00004dc0    000001f0     sysbios.aem4f : BIOS.obj (.text:ti_sysbios_knl_Task_sleep__E)
                  00004fb0    000001e8     empty_pem4f.oem4f (.text:xdc_runtime_System_printfExtend__I)
                  00005198    000001e4     Kentec320x240x16_ssd2119_spi.obj (.text:Kentec320x240x16_SSD2119Init)
                  0000537c    000001dc     Kentec320x240x16_ssd2119_spi.obj (.text:Kentec320x240x16_SSD2119PixelDrawMultiple)
                  00005558    000001d4     grlib_demo.obj (.text:OnGraphsPage)
                  0000572c    000001d0     rtsv7M4_T_le_v4SPD16_eabi.lib : _printfi.c.obj (.text:_pconv_g)
                  000058fc    00000004     grlib.lib : widget.obj (.text:WidgetDefaultMsgProc)
                  00005900    000001c0     sysbios.aem4f : BIOS.obj (.text:ti_sysbios_knl_Task_Instance_init__E)
                  00005ac0    000001b6     rtsv7M4_T_le_v4SPD16_eabi.lib : fd_add_t2.asm.obj (.text)
                  00005c76    00000002                                   : div0.asm.obj (.text)
                  00005c78    000001b0     motorCode.obj (.text:motorFxn)
                  00005e28    000001a4     pinout.obj (.text:PinoutSet)
                  00005fcc    00000190     grlib.lib : canvas.obj (.text:CanvasPaint)
                  0000615c    0000017e               : pushbutton.obj (.text:RectangularButtonPaint)
                  000062da    00000002     empty_pem4f.oem4f (.text:ti_sysbios_BIOS_nullFunc__I)
                  000062dc    00000178     touch.obj (.text:TouchScreenIntHandler)
                  00006454    00000174     motorCode.obj (.text:initMotor)
                  000065c8    00000174     sysbios.aem4f : BIOS.obj (.text:ti_sysbios_family_arm_m3_Hwi_excBusFault__I)
                  0000673c    00000170     drivers_tivaware.aem4f : PWMTiva.oem4f (.text:PWMTiva_open)
                  000068ac    00000004     rtsv7M4_T_le_v4SPD16_eabi.lib : exit.c.obj (.text:abort:abort)
                  000068b0    00000164     sysbios.aem4f : BIOS.obj (.text:ti_sysbios_family_arm_m3_Hwi_excUsageFault__I)
                  00006a14    00000160     grlib_demo.obj (.text:initWidgets)
                  00006b74    00000158     rtsv7M4_T_le_v4SPD16_eabi.lib : e_sqrt.c.obj (.text:sqrt)
                  00006ccc    00000150     drivers_tivaware.aem4f : GPIOTiva.oem4f (.text:GPIO_setConfig)
                  00006e1c    00000148     motorCode.obj (.text:initHallABC)
                  00006f64    00000004     empty_pem4f.oem4f (.text:ti_sysbios_BIOS_RtsGateProxy_enter__E)
                  00006f68    00000148     sysbios.aem4f : BIOS.obj (.text:ti_sysbios_family_arm_m3_Hwi_excMemFault__I)
                  000070b0    0000013c     rtsv7M4_T_le_v4SPD16_eabi.lib : _printfi.c.obj (.text:_pconv_e)
                  000071ec    00000004     empty_pem4f.oem4f (.text:ti_sysbios_BIOS_RtsGateProxy_leave__E)
                  000071f0    0000013c     sysbios.aem4f : BIOS.obj (.text:ti_sysbios_heaps_HeapMem_Instance_init__E)
                  0000732c    00000136     rtsv7M4_T_le_v4SPD16_eabi.lib : fd_div_t2.asm.obj (.text)
                  00007462    00000002     empty_pem4f.oem4f (.text:xdc_runtime_Startup_reset__I)
                  00007464    00000134     rtsv7M4_T_le_v4SPD16_eabi.lib : localtim.c.obj (.text:__localtime32)
                  00007598    00000132     driverlib.lib : gpio.obj (.text:GPIOPadConfigSet)
                  000076ca    00000002     --HOLE-- [fill = 0]
                  000076cc    00000124     grlib_demo.obj (.text:OnSettingsPage)
                  000077f0    00000124     rtsv7M4_T_le_v4SPD16_eabi.lib : _printfi.c.obj (.text:fcvt)
                  00007914    00000004     sysbios.aem4f : BIOS.obj (.text:ti_sysbios_family_arm_lm4_Timer_masterEnable__I)
                  00007918    00000120                   : BIOS.obj (.text:ti_sysbios_family_arm_lm4_Timer_start__E)
                  00007a38    0000011c                   : BIOS.obj (.text:ti_sysbios_knl_Clock_Instance_init__E)
                  00007b54    00000118     ti.targets.arm.rtsarm.aem4f : Error.oem4f (.text:xdc_runtime_Error_policyDefault__E)
                  00007c6c    00000114     drivers_tivaware.aem4f : PWMTimerTiva.oem4f (.text:PWMTimerTiva_open)
                  00007d80    00000114     sensors_api.obj (.text:initAcceleration)
                  00007e94    00000114     empty.obj (.text:main)
                  00007fa8    00000110     rtsv7M4_T_le_v4SPD16_eabi.lib : s_scalbn.c.obj (.text:scalbn)
                  000080b8    0000010c     Kentec320x240x16_ssd2119_spi.obj (.text:Kentec320x240x16_SSD2119RectFill)
                  000081c4    0000010c     touch.obj (.text:TouchScreenInit)
                  000082d0    00000106     grlib.lib : line.obj (.text:GrLineDraw)
                  000083d6    00000002     --HOLE-- [fill = 0]
                  000083d8    00000104     sysbios.aem4f : BIOS.obj (.text:ti_sysbios_knl_Event_post__E)
                  000084dc    00000100     ti.targets.arm.rtsarm.aem4f : Core-mem.oem4f (.text:xdc_runtime_Core_createObject__I)
                  000085dc    000000fc     rtsv7M4_T_le_v4SPD16_eabi.lib : fd_mul_t2.asm.obj (.text)
                  000086d8    000000f8     bmi160.obj (.text:getAccelVector)
                  000087d0    000000f8     ti.targets.arm.rtsarm.aem4f : Startup.oem4f (.text:xdc_runtime_Startup_startMods__I)
                  000088c8    000000f4     motorCode.obj (.text:filterFxn)
                  000089bc    000000f4     sysbios.aem4f : m3_Hwi_asm.obj (.text:ti_sysbios_family_arm_m3_Hwi_dispatch__I)
                  00008ab0    000000f2     grlib.lib : pushbutton.obj (.text:RectangularButtonClick)
                  00008ba2    000000f0     drivers_tivaware.aem4f : PWMTiva.oem4f (.text:PWMTiva_setDuty)
                  00008c92    00000002     --HOLE-- [fill = 0]
                  00008c94    000000ec     sensors_api.obj (.text:taskAcceleration)
                  00008d80    000000ec     sysbios.aem4f : BIOS.obj (.text:ti_sysbios_knl_Semaphore_post__E)
                  00008e6c    000000e8     grlib.lib : widget.obj (.text:WidgetMessageQueueAdd)
                  00008f54    000000e0     drivers_tivaware.aem4f : I2CTiva.oem4f (.text:I2CTiva_open)
                  00009034    000000d6                            : I2CTiva.oem4f (.text:I2CTiva_hwiFxn)
                  0000910a    00000002     --HOLE-- [fill = 0]
                  0000910c    000000d0     motorCode.obj (.text:HallFxn)
                  000091dc    000000cc     ti.targets.arm.rtsarm.aem4f : Core-smem.oem4f (.text:xdc_runtime_Core_constructObject__I)
                  000092a8    000000c4     sensors_api.obj (.text:initLightTask)
                  0000936c    000000c2     bmi160.obj (.text:BMI160Init)
                  0000942e    000000c0     grlib.lib : string.obj (.text:GrDefaultStringRenderer)
                  000094ee    00000002     --HOLE-- [fill = 0]
                  000094f0    000000c0     sensors_api.obj (.text:initSensors)
                  000095b0    000000bc     sysbios.aem4f : BIOS.obj (.text:ti_sysbios_family_arm_m3_Hwi_excDebugMon__I)
                  0000966c    00000004     empty_pem4f.oem4f (.text:ti_sysbios_family_arm_m3_Hwi_destruct)
                  00009670    000000bc     sysbios.aem4f : BIOS.obj (.text:ti_sysbios_family_arm_m3_Hwi_excHardFault__I)
                  0000972c    000000b8     EK_TM4C1294XL.obj (.text:EK_TM4C1294XL_initGeneral)
                  000097e4    000000b8     grlib.lib : line.obj (.text:GrLineClip)
                  0000989c    000000b8     Kentec320x240x16_ssd2119_spi.obj (.text:InitSPILCDInterface)
                  00009954    000000b8     drivers_tivaware.aem4f : PWMTimerTiva.oem4f (.text:PWMTimerTiva_setDuty)
                  00009a0c    000000b4     grlib_demo.obj (.text:OnDecrease)
                  00009ac0    000000b4     grlib.lib : widget.obj (.text:WidgetMessageSendPostOrder)
                  00009b74    00000004     empty_pem4f.oem4f (.text:ti_sysbios_family_arm_m3_TaskSupport_Module__startupDone__S)
                  00009b78    000000b4     sysbios.aem4f : BIOS.obj (.text:ti_sysbios_gates_GateMutex_enter__E)
                  00009c2c    00000004     empty_pem4f.oem4f (.text:ti_sysbios_hal_Hwi_HwiProxy_delete)
                  00009c30    000000b4     sysbios.aem4f : BIOS.obj (.text:ti_sysbios_knl_Task_checkStacks__E)
                  00009ce4    000000b1     rtsv7M4_T_le_v4SPD16_eabi.lib : _printfi.c.obj (.text:_ltostr)
                  00009d95    00000003     --HOLE-- [fill = 0]
                  00009d98    000000b0     grlib_demo.obj (.text:OnIncrease)
                  00009e48    000000ac     drivers_tivaware.aem4f : UARTTiva.oem4f (.text:readTaskBlocking)
                  00009ef4    00000004     empty_pem4f.oem4f (.text:ti_sysbios_heaps_HeapMem_Module_GateProxy_enter__E)
                  00009ef8    000000ac     sysbios.aem4f : BIOS.obj (.text:ti_sysbios_family_arm_lm4_Timer_enableTiva__I)
                  00009fa4    000000a8     grlib_demo.obj (.text:initUI)
                  0000a04c    00000004     empty_pem4f.oem4f (.text:ti_sysbios_heaps_HeapMem_Module_GateProxy_leave__E)
                  0000a050    000000a8     sysbios.aem4f : BIOS.obj (.text:ti_sysbios_family_arm_lm4_Timer_enableTimers__I)
                  0000a0f8    000000a4                   : BIOS.obj (.text:ti_sysbios_knl_Clock_Instance_finalize__E)
                  0000a19c    000000a0     grlib_demo.obj (.text:OnStartMotor)
                  0000a23c    000000a0     auto_init.aem4f : auto_init.oem4f (.text)
                  0000a2dc    000000a0     ti.targets.arm.rtsarm.aem4f : Text.oem4f (.text:xdc_runtime_Text_putMod__E)
                  0000a37c    0000009c     rtsv7M4_T_le_v4SPD16_eabi.lib : memcpy_t2.asm.obj (.text)
                  0000a418    0000009c     sysbios.aem4f : BIOS.obj (.text:ti_sysbios_knl_Semaphore_Instance_init__E)
                  0000a4b4    0000009a     ti.targets.arm.rtsarm.aem4f : Text.oem4f (.text:xdc_runtime_Text_putSite__E)
                  0000a54e    00000098     drivers_tivaware.aem4f : UARTTiva.oem4f (.text:UARTTiva_readPolling)
                  0000a5e6    00000002     --HOLE-- [fill = 0]
                  0000a5e8    00000098     Boot.aem4f : Boot.oem4f (.text:ti_catalog_arm_cortexm4_tiva_ce_Boot_sysCtlClockFreqSet__E)
                  0000a680    00000096     rtsv7M4_T_le_v4SPD16_eabi.lib : ull_div_t2.asm.obj (.text)
                  0000a716    00000094     drivers_tivaware.aem4f : UARTTiva.oem4f (.text:UARTTiva_write)
                  0000a7aa    00000006     driverlib.lib : gpio.obj (.text:GPIOIntClear)
                  0000a7b0    00000094     sysbios.aem4f : BIOS.obj (.text:ti_sysbios_family_arm_m3_Hwi_Instance_init__E)
                  0000a844    00000004     empty_pem4f.oem4f (.text:ti_sysbios_knl_Clock_TimerProxy_getMaxTicks__E)
                  0000a848    00000094     sysbios.aem4f : BIOS.obj (.text:ti_sysbios_family_arm_m3_Hwi_initNVIC__E)
                  0000a8dc    00000004     empty_pem4f.oem4f (.text:ti_sysbios_knl_Clock_destruct)
                  0000a8e0    00000094     sysbios.aem4f : BIOS.obj (.text:ti_sysbios_knl_Task_postInit__I)
                  0000a974    0000008c     drivers_tivaware.aem4f : GPIOTiva.oem4f (.text:GPIO_init)
                  0000aa00    0000008c     motorCode.obj (.text:PIControlFxn)
                  0000aa8c    0000008c     drivers_tivaware.aem4f : UARTTiva.oem4f (.text:UARTTiva_control)
                  0000ab18    0000008c     motorCode.obj (.text:accelLimitFxn)
                  0000aba4    0000008c     sysbios.aem4f : m3_TaskSupport_asm.obj (.text:ti_sysbios_family_arm_m3_TaskSupport_buildTaskStack)
                  0000ac30    0000008a     drivers_tivaware.aem4f : UARTTiva.oem4f (.text:readIsrTextBlocking)
                  0000acba    00000002     --HOLE-- [fill = 0]
                  0000acbc    00000088                            : PWMTiva.oem4f (.text:PWMTiva_control)
                  0000ad44    00000086     grlib.lib : rectangle.obj (.text:GrRectFill)
                  0000adca    00000086     rtsv7M4_T_le_v4SPD16_eabi.lib : fd_cmp_t2.asm.obj (.text:__aeabi_cdcmple)
                  0000ae50    00000086                                   : fd_cmp_t2.asm.obj (.text:__aeabi_cdrcmple)
                  0000aed6    00000002     --HOLE-- [fill = 0]
                  0000aed8    00000084     sysbios.aem4f : BIOS.obj (.text:ti_sysbios_family_arm_m3_Hwi_postInit__I)
                  0000af5c    00000082     drivers_tivaware.aem4f : UARTTiva.oem4f (.text:readIsrTextCallback)
                  0000afde    0000007e                            : I2CTiva.oem4f (.text:I2CTiva_transfer)
                  0000b05c    0000007a     driverlib.lib : adc.obj (.text:ADCSequenceStepConfigure)
                  0000b0d6    0000007a     drivers_tivaware.aem4f : UARTTiva.oem4f (.text:readTaskCallback)
                  0000b150    0000007a     rtsv7M4_T_le_v4SPD16_eabi.lib : memset_t2.asm.obj (.text)
                  0000b1ca    00000002     --HOLE-- [fill = 0]
                  0000b1cc    00000074     motorCode.obj (.text:ADCTriggerFxn)
                  0000b240    00000074     sysbios.aem4f : BIOS.obj (.text:ti_sysbios_knl_Clock_start__E)
                  0000b2b4    00000070     opt3001.obj (.text:OPT3001Convert)
                  0000b324    00000004     empty_pem4f.oem4f (.text:ti_sysbios_knl_Queue_destruct)
                  0000b328    00000070     sysbios.aem4f : BIOS.obj (.text:ti_sysbios_knl_Clock_workFunc__E)
                  0000b398    00000070                   : BIOS.obj (.text:ti_sysbios_knl_Task_exit__E)
                  0000b408    0000006e     rtsv7M4_T_le_v4SPD16_eabi.lib : _printfi.c.obj (.text:_mcpy)
                  0000b476    0000006e                                   : fd_tos_t2.asm.obj (.text)
                  0000b4e4    0000006e                                   : ll_div_t2.asm.obj (.text)
                  0000b552    00000002     --HOLE-- [fill = 0]
                  0000b554    0000006d     ti.targets.arm.rtsarm.aem4f : System.oem4f (.text:xdc_runtime_System_formatNum__I)
                  0000b5c1    00000003     --HOLE-- [fill = 0]
                  0000b5c4    0000006c     grlib_demo.obj (.text:OnGraphsMain)
                  0000b630    0000006c     drivers_tivaware.aem4f : PWMTimerTiva.oem4f (.text:PWMTimerTiva_control)
                  0000b69c    0000006c     rtsv7M4_T_le_v4SPD16_eabi.lib : asctime.c.obj (.text:asctime)
                  0000b708    0000006c     empty_pem4f.oem4f (.text:ti_sysbios_family_arm_m3_Hwi_Object__create__S)
                  0000b774    00000004     empty_pem4f.oem4f (.text:ti_sysbios_knl_Semaphore_destruct)
                  0000b778    0000006c     sysbios.aem4f : BIOS.obj (.text:ti_sysbios_knl_Swi_restoreHwi__E)
                  0000b7e4    0000006c     drivers_tivaware.aem4f : UARTTiva.oem4f (.text:writeData)
                  0000b850    0000006c     ti.targets.arm.rtsarm.aem4f : Error.oem4f (.text:xdc_runtime_Error_print__E)
                  0000b8bc    0000006c                                 : Memory.oem4f (.text:xdc_runtime_Memory_alloc__E)
                  0000b928    0000006a     drivers_tivaware.aem4f : PWMTiva.oem4f (.text:PWMTiva_close)
                  0000b992    00000002     --HOLE-- [fill = 0]
                  0000b994    00000068     grlib_demo.obj (.text:DrawDayNight)
                  0000b9fc    00000068     grlib_demo.obj (.text:DrawTime)
                  0000ba64    00000068     grlib.lib : context.obj (.text:GrContextInit)
                  0000bacc    00000068               : string.obj (.text:GrStringWidthGet)
                  0000bb34    00000068     driverlib.lib : interrupt.obj (.text:IntEnable)
                  0000bb9c    00000068     Kentec320x240x16_ssd2119_spi.obj (.text:Kentec320x240x16_SSD2119LineDrawH)
                  0000bc04    00000068     Kentec320x240x16_ssd2119_spi.obj (.text:Kentec320x240x16_SSD2119LineDrawV)
                  0000bc6c    00000068     rtsv7M4_T_le_v4SPD16_eabi.lib : copy_decompress_lzss.c.obj (.text:decompress:lzss:__TI_decompress_lzss)
                  0000bcd4    00000066     grlib.lib : context.obj (.text:GrContextClipRegionSet)
                  0000bd3a    00000066               : rectangle.obj (.text:GrRectDraw)
                  0000bda0    00000066     opt3001.obj (.text:OPT3001Read)
                  0000be06    00000066     ti.targets.arm.rtsarm.aem4f : Core-mem.oem4f (.text:xdc_runtime_Core_deleteObject__I)
                  0000be6c    00000064     drivers_tivaware.aem4f : GPIOTiva.oem4f (.text:GPIO_hwiIntFxn)
                  0000bed0    00000064     opt3001.obj (.text:OPT3001Test)
                  0000bf34    00000064     grlib.lib : widget.obj (.text:WidgetMessageQueueProcess)
                  0000bf98    00000064     rtsv7M4_T_le_v4SPD16_eabi.lib : s_frexp.c.obj (.text:frexp)
                  0000bffc    00000064     empty.obj (.text:setupLightSensor)
                  0000c060    00000064     sysbios.aem4f : BIOS.obj (.text:ti_sysbios_family_arm_lm4_Timer_Module_startup__E)
                  0000c0c4    00000064     empty_pem4f.oem4f (.text:ti_sysbios_family_arm_m3_Hwi_create)
                  0000c128    00000064     sysbios.aem4f : BIOS.obj (.text:ti_sysbios_family_arm_m3_Hwi_dispatchC__I)
                  0000c18c    00000064     empty_pem4f.oem4f (.text:ti_sysbios_hal_Hwi_create)
                  0000c1f0    00000062     drivers_tivaware.aem4f : I2CTiva.oem4f (.text:I2CTiva_primeTransfer)
                  0000c252    00000002     --HOLE-- [fill = 0]
                  0000c254    00000060     driverlib.lib : timer.obj (.text:TimerConfigure)
                  0000c2b4    00000060     Kentec320x240x16_ssd2119_spi.obj (.text:WriteDataSPI)
                  0000c314    00000060     motorCode.obj (.text:statesFxn)
                  0000c374    00000060     sensors_api.obj (.text:taskLight)
                  0000c3d4    00000004     ti.targets.arm.rtsarm.aem4f : Error.oem4f (.text:xdc_runtime_Error_getSite__E)
                  0000c3d8    00000060     sysbios.aem4f : BIOS.obj (.text:ti_sysbios_knl_Task_schedule__I)
                  0000c438    0000005e     grlib.lib : widget.obj (.text:WidgetMessageSendPreOrder)
                  0000c496    0000005e     drivers_tivaware.aem4f : UARTTiva.oem4f (.text:readIsrBinaryBlocking)
                  0000c4f4    0000005c     Kentec320x240x16_ssd2119_spi.obj (.text:WriteCommandSPI)
                  0000c550    0000005c     sensors_api.obj (.text:getLight)
                  0000c5ac    00000004     empty_pem4f.oem4f (.text:xdc_runtime_System_Module_GateProxy_enter__E)
                  0000c5b0    0000005c     sysbios.aem4f : BIOS.obj (.text:ti_sysbios_knl_Swi_run__I)
                  0000c60c    00000004     empty_pem4f.oem4f (.text:xdc_runtime_System_Module_GateProxy_leave__E)
                  0000c610    0000005c     sysbios.aem4f : BIOS.obj (.text:ti_sysbios_knl_Swi_schedule__I)
                  0000c66c    00000004     ti.targets.arm.rtsarm.aem4f : System.oem4f (.text:xdc_runtime_System_aprintf_va__F)
                  0000c670    0000005c     sysbios.aem4f : BIOS.obj (.text:ti_sysbios_knl_Task_Module_startup__E)
                  0000c6cc    0000005c     empty_pem4f.oem4f (.text:ti_sysbios_knl_Task_create)
                  0000c728    0000005c     sysbios.aem4f : BIOS.obj (.text:ti_sysbios_knl_Task_startCore__E)
                  0000c784    0000005b     ti.targets.arm.rtsarm.aem4f : Text.oem4f (.text:xdc_runtime_Text_putLab__E)
                  0000c7df    00000001     --HOLE-- [fill = 0]
                  0000c7e0    0000005a     grlib.lib : string.obj (.text:FontWideGlyphDataGet)
                  0000c83a    00000002     --HOLE-- [fill = 0]
                  0000c83c    00000058     boot.aem4f : boot.oem4f (.text)
                  0000c894    00000058     rtsv7M4_T_le_v4SPD16_eabi.lib : hostwrite.c.obj (.text:HOSTwrite)
                  0000c8ec    00000058     driverlib.lib : timer.obj (.text:TimerControlTrigger)
                  0000c944    00000058     empty_pem4f.oem4f (.text:ti_sysbios_family_arm_m3_Hwi_construct)
                  0000c99c    00000058     sysbios.aem4f : m3_Hwi_asm_switch.obj (.text:ti_sysbios_family_arm_m3_Hwi_initStacks__E)
                  0000c9f4    00000056     driverlib.lib : gpio.obj (.text:GPIOIntTypeSet)
                  0000ca4a    00000056     rtsv7M4_T_le_v4SPD16_eabi.lib : _printfi.c.obj (.text:_pconv_f)
                  0000caa0    00000054     EK_TM4C1294XL.obj (.text:EK_TM4C1294XL_initUART)
                  0000caf4    00000054     rtsv7M4_T_le_v4SPD16_eabi.lib : _ltoa.c.obj (.text:__TI_ltoa)
                  0000cb48    00000054     drivers_tivaware.aem4f : UARTTiva.oem4f (.text:readIsrBinaryCallback)
                  0000cb9c    00000054     ti.targets.arm.rtsarm.aem4f : Assert.oem4f (.text:xdc_runtime_Assert_raise__I)
                  0000cbf0    00000052     rtsv7M4_T_le_v4SPD16_eabi.lib : _printfi.c.obj (.text:_ecpy)
                  0000cc42    00000002     --HOLE-- [fill = 0]
                  0000cc44    00000050     motorCode.obj (.text:ADC0_Init)
                  0000cc94    00000050     driverlib.lib : adc.obj (.text:ADCSequenceConfigure)
                  0000cce4    00000050     drivers_tivaware.aem4f : GPIOTiva.oem4f (.text:GPIO_setCallback)
                  0000cd34    00000050                            : GPIOTiva.oem4f (.text:GPIO_toggle)
                  0000cd84    00000050                            : GPIOTiva.oem4f (.text:GPIO_write)
                  0000cdd4    00000050     opt3001.obj (.text:OPT3001WriteI2C)
                  0000ce24    00000050     drivers_tivaware.aem4f : UARTTiva.oem4f (.text:UARTTiva_writeCancel)
                  0000ce74    00000050     Boot.aem4f : Boot_sysctl.oem4f (.text:_SysCtlFrequencyGet)
                  0000cec4    00000004     ti.targets.arm.rtsarm.aem4f : System.oem4f (.text:xdc_runtime_System_printf_va__F)
                  0000cec8    00000050     sysbios.aem4f : BIOS.obj (.text:ti_sysbios_family_arm_m3_Hwi_Module_startup__E)
                  0000cf18    00000050     ti.targets.arm.rtsarm.aem4f : Startup.oem4f (.text:xdc_runtime_Startup_exec__E)
                  0000cf68    00000050                                 : Text.oem4f (.text:xdc_runtime_Text_visitRope2__I)
                  0000cfb8    0000004c     driverlib.lib : i2c.obj (.text:I2CMasterInitExpClk)
                  0000d004    0000004c     drivers_tivaware.aem4f : UARTTiva.oem4f (.text:UARTTiva_close)
                  0000d050    0000004c     grlib.lib : widget.obj (.text:WidgetRemove)
                  0000d09c    0000004c     rtsv7M4_T_le_v4SPD16_eabi.lib : atoi.c.obj (.text:atoi)
                  0000d0e8    0000004c                                   : cpy_tbl.c.obj (.text:copy_in)
                  0000d134    0000004c     grlib_demo.obj (.text:drawSettingValue)
                  0000d180    0000004c     motorCode.obj (.text:initUART)
                  0000d1cc    0000004c     rtsv7M4_T_le_v4SPD16_eabi.lib : snprintf.c.obj (.text:snprintf)
                  0000d218    0000004c     sysbios.aem4f : BIOS.obj (.text:ti_sysbios_family_arm_lm4_Timer_setAvailMask__E)
                  0000d264    00000004     --HOLE-- [fill = 0]
                  0000d268    0000004c                   : BIOS.obj (.text:ti_sysbios_heaps_HeapMem_getStats__E)
                  0000d2b4    00000004     --HOLE-- [fill = 0]
                  0000d2b8    0000004c                   : BIOS.obj (.text:ti_sysbios_knl_Swi_runLoop__I)
                  0000d304    00000004     --HOLE-- [fill = 0]
                  0000d308    0000004c                   : BIOS.obj (.text:ti_sysbios_knl_Task_allBlockedFunction__I)
                  0000d354    0000004a     drivers_tivaware.aem4f : PWMTimerTiva.oem4f (.text:PWMTimerTiva_close)
                  0000d39e    0000004a     grlib.lib : string.obj (.text:UpdateContextCharMapping)
                  0000d3e8    00000048     driverlib.lib : gpio.obj (.text:GPIOPinConfigure)
                  0000d430    00000048     rtsv7M4_T_le_v4SPD16_eabi.lib : hosttime.c.obj (.text:HOSTtime)
                  0000d478    00000048     grlib_demo.obj (.text:OnMainMenu)
                  0000d4c0    00000048     grlib_demo.obj (.text:OnSettingsMain)
                  0000d508    00000048     driverlib.lib : sysctl.obj (.text:_SysCtlFrequencyGet)
                  0000d550    00000048     bmi160.obj (.text:accelThreshold)
                  0000d598    00000048     rtsv7M4_T_le_v4SPD16_eabi.lib : fd_toi_t2.asm.obj (.text)
                  0000d5e0    00000048     sysbios.aem4f : BIOS.obj (.text:ti_sysbios_family_arm_m3_Hwi_disableInterrupt__E)
                  0000d628    00000048                   : BIOS.obj (.text:ti_sysbios_family_arm_m3_Hwi_enableInterrupt__E)
                  0000d670    00000048                   : BIOS.obj (.text:ti_sysbios_family_arm_m3_Hwi_excReserved__I)
                  0000d6b8    00000048     bmi160.obj (.text:writeI2C)
                  0000d700    00000046     grlib.lib : line.obj (.text:GrLineDrawH)
                  0000d746    00000046               : line.obj (.text:GrLineDrawV)
                  0000d78c    00000046     Kentec320x240x16_ssd2119_spi.obj (.text:Kentec320x240x16_SSD2119PixelDraw)
                  0000d7d2    00000046     drivers_tivaware.aem4f : RingBuf.oem4f (.text:RingBuf_put)
                  0000d818    00000046     driverlib.lib : uart.obj (.text:UARTConfigSetExpClk)
                  0000d85e    00000046     ti.targets.arm.rtsarm.aem4f : Core-params.oem4f (.text:xdc_runtime_Core_assignParams__I)
                  0000d8a4    00000044     rtsv7M4_T_le_v4SPD16_eabi.lib : fd_tou_t2.asm.obj (.text)
                  0000d8e8    00000044     sysbios.aem4f : BIOS.obj (.text:ti_sysbios_family_arm_lm4_Timer_isrStub__E)
                  0000d92c    00000004     --HOLE-- [fill = 0]
                  0000d930    00000044                   : BIOS.obj (.text:ti_sysbios_family_arm_m3_Hwi_getStackInfo__E)
                  0000d974    00000004     --HOLE-- [fill = 0]
                  0000d978    00000044                   : BIOS.obj (.text:ti_sysbios_knl_Swi_post__E)
                  0000d9bc    00000044     ti.targets.arm.rtsarm.aem4f : Error.oem4f (.text:xdc_runtime_Error_setX__E)
                  0000da00    00000044                                 : SysMin.oem4f (.text:xdc_runtime_SysMin_flush__E)
                  0000da44    00000044                                 : Text.oem4f (.text:xdc_runtime_Text_xprintf__I)
                  0000da88    00000042     drivers_tivaware.aem4f : UARTTiva.oem4f (.text:UARTTiva_hwiIntFxn)
                  0000daca    00000042                            : UARTTiva.oem4f (.text:UARTTiva_writePolling)
                  0000db0c    00000040     opt3001.obj (.text:OPT3001ReadI2C)
                  0000db4c    00000040     drivers_tivaware.aem4f : RingBuf.oem4f (.text:RingBuf_get)
                  0000db8c    00000040                            : UARTTiva.oem4f (.text:UARTTiva_read)
                  0000dbcc    00000040     bmi160.obj (.text:readI2C)
                  0000dc0c    00000040     rtsv7M4_T_le_v4SPD16_eabi.lib : u_divt2.asm.obj (.text)
                  0000dc4c    00000040                                   : sprintf.c.obj (.text:sprintf)
                  0000dc8c    00000004     --HOLE-- [fill = 0]
                  0000dc90    00000040     sysbios.aem4f : BIOS.obj (.text:ti_sysbios_family_arm_lm4_Timer_startup__E)
                  0000dcd0    0000003e     rtsv7M4_T_le_v4SPD16_eabi.lib : _printfi.c.obj (.text:_fcpy)
                  0000dd0e    00000002     --HOLE-- [fill = 0]
                  0000dd10    0000003c     EK_TM4C1294XL.obj (.text:EK_TM4C1294XL_initI2C)
                  0000dd4c    0000003c     driverlib.lib : ssi.obj (.text:SSIConfigSetExpClk)
                  0000dd88    0000003c     sysbios.aem4f : BIOS.obj (.text:ti_sysbios_family_arm_m3_Hwi_excSvCall__I)
                  0000ddc4    00000004     --HOLE-- [fill = 0]
                  0000ddc8    0000003c                   : BIOS.obj (.text:ti_sysbios_heaps_HeapMem_init__I)
                  0000de04    00000004     --HOLE-- [fill = 0]
                  0000de08    0000003c                   : BIOS.obj (.text:ti_sysbios_knl_Swi_restore__E)
                  0000de44    0000003a     grlib.lib : string.obj (.text:FontGlyphDataGet)
                  0000de7e    0000003a     drivers_tivaware.aem4f : I2CTiva.oem4f (.text:I2CTiva_completeTransfer)
                  0000deb8    00000038                            : I2C.oem4f (.text:I2C_init)
                  0000def0    00000038                            : PWM.oem4f (.text:PWM_init)
                  0000df28    00000038     driverlib.lib : sysctl.obj (.text:SysCtlPeripheralReady)
                  0000df60    00000038     drivers_tivaware.aem4f : UART.oem4f (.text:UART_init)
                  0000df98    00000038     rtsv7M4_T_le_v4SPD16_eabi.lib : trgmsg.c.obj (.text:__TI_writemsg)
                  0000dfd0    00000038                                   : fs_tod_t2.asm.obj (.text)
                  0000e008    00000038     motorCode.obj (.text:startMotor)
                  0000e040    00000038     sysbios.aem4f : BIOS.obj (.text:ti_sysbios_family_arm_m3_Hwi_excNoIsr__I)
                  0000e078    00000038     empty_pem4f.oem4f (.text:ti_sysbios_knl_Clock_create)
                  0000e0b0    00000038     sysbios.aem4f : BIOS.obj (.text:ti_sysbios_knl_Task_processVitalTaskFlag__I)
                  0000e0e8    00000038     ti.targets.arm.rtsarm.aem4f : SysMin.oem4f (.text:xdc_runtime_SysMin_putch__E)
                  0000e120    00000038                                 : System.oem4f (.text:xdc_runtime_System_atexit__E)
                  0000e158    00000036     grlib.lib : line.obj (.text:GrClipCodeGet)
                  0000e18e    00000036     drivers_tivaware.aem4f : I2CTiva.oem4f (.text:I2CTiva_close)
                  0000e1c4    00000036                            : UARTTiva.oem4f (.text:UARTTiva_readCancel)
                  0000e1fa    00000002     --HOLE-- [fill = 0]
                  0000e1fc    00000034     driverlib.lib : sysctl.obj (.text:SysCtlPeripheralEnable)
                  0000e230    00000034     rtsv7M4_T_le_v4SPD16_eabi.lib : trgmsg.c.obj (.text:__TI_readmsg)
                  0000e264    00000004     --HOLE-- [fill = 0]
                  0000e268    00000034     sysbios.aem4f : BIOS.obj (.text:ti_sysbios_family_arm_m3_Hwi_Instance_finalize__E)
                  0000e29c    00000004     --HOLE-- [fill = 0]
                  0000e2a0    00000034                   : BIOS.obj (.text:ti_sysbios_family_arm_m3_Hwi_excNmi__I)
                  0000e2d4    00000004     --HOLE-- [fill = 0]
                  0000e2d8    00000034                   : BIOS.obj (.text:ti_sysbios_hal_Hwi_checkStack)
                  0000e30c    00000034     empty_pem4f.oem4f (.text:ti_sysbios_knl_Clock_construct)
                  0000e340    00000034     ti.targets.arm.rtsarm.aem4f : Core-label.oem4f (.text:xdc_runtime_Core_assignLabel__I)
                  0000e374    00000033                                 : Text.oem4f (.text:xdc_runtime_Text_printVisFxn__I)
                  0000e3a7    00000001     --HOLE-- [fill = 0]
                  0000e3a8    00000032     sysbios.aem4f : BIOS.obj (.text:ti_sysbios_hal_Hwi_initStack)
                  0000e3da    00000002     --HOLE-- [fill = 0]
                  0000e3dc    00000030     drivers_tivaware.aem4f : GPIOTiva.oem4f (.text:GPIO_enableInt)
                  0000e40c    00000030                            : GPIOTiva.oem4f (.text:GPIO_read)
                  0000e43c    00000030                            : I2C.oem4f (.text:I2C_open)
                  0000e46c    00000030     grlib_demo.obj (.text:OnGraphAcceleration)
                  0000e49c    00000030     drivers_tivaware.aem4f : PWMTiva.oem4f (.text:PWMTiva_init)
                  0000e4cc    00000030                            : PWM.oem4f (.text:PWM_open)
                  0000e4fc    00000030                            : UART.oem4f (.text:UART_open)
                  0000e52c    00000030     rtsv7M4_T_le_v4SPD16_eabi.lib : snprintf.c.obj (.text:_outs)
                  0000e55c    00000030     motorCode.obj (.text:readABC)
                  0000e58c    00000030     empty_pem4f.oem4f (.text:ti_sysbios_BIOS_atExitFunc__I)
                  0000e5bc    00000004     --HOLE-- [fill = 0]
                  0000e5c0    00000030     sysbios.aem4f : BIOS.obj (.text:ti_sysbios_family_arm_lm4_Timer_stop__E)
                  0000e5f0    00000030                   : BIOS.obj (.text:ti_sysbios_family_arm_m3_TaskSupport_start__E)
                  0000e620    00000030     empty_pem4f.oem4f (.text:ti_sysbios_gates_GateHwi_Object__create__S)
                  0000e650    00000030     empty_pem4f.oem4f (.text:ti_sysbios_gates_GateHwi_create)
                  0000e680    00000030     empty_pem4f.oem4f (.text:ti_sysbios_gates_GateMutex_Object__create__S)
                  0000e6b0    00000030     empty_pem4f.oem4f (.text:ti_sysbios_heaps_HeapMem_Object__create__S)
                  0000e6e0    00000030     sysbios.aem4f : BIOS.obj (.text:ti_sysbios_knl_Event_pendTimeout__I)
                  0000e710    00000030     empty_pem4f.oem4f (.text:ti_sysbios_knl_Semaphore_construct)
                  0000e740    00000030     sysbios.aem4f : BIOS.obj (.text:ti_sysbios_knl_Semaphore_pendTimeout__I)
                  0000e770    00000030                   : BIOS.obj (.text:ti_sysbios_knl_Task_unblockI__E)
                  0000e7a0    00000030     ti.targets.arm.rtsarm.aem4f : SysMin.oem4f (.text:xdc_runtime_SysMin_abort__E)
                  0000e7d0    00000030                                 : System.oem4f (.text:xdc_runtime_System_processAtExit__E)
                  0000e800    0000002e     grlib.lib : string.obj (.text:GrStringNextCharGet)
                  0000e82e    0000002e     opt3001.obj (.text:OPT3001Enable)
                  0000e85c    0000002e     rtsv7M4_T_le_v4SPD16_eabi.lib : i_tofd_t2.asm.obj (.text)
                  0000e88a    0000002c     grlib.lib : string.obj (.text:GrFontBaselineGet)
                  0000e8b6    0000002c               : string.obj (.text:GrFontHeightGet)
                  0000e8e2    0000002c               : pushbutton.obj (.text:RectangularButtonMsgProc)
                  0000e90e    0000002c               : widget.obj (.text:WidgetIsInTree)
                  0000e93a    00000002     --HOLE-- [fill = 0]
                  0000e93c    0000002c     empty_pem4f.oem4f (.text:ti_sysbios_knl_Clock_doTick__I)
                  0000e968    0000002c     empty_pem4f.oem4f (.text:ti_sysbios_knl_Event_construct)
                  0000e994    0000002c     empty_pem4f.oem4f (.text:ti_sysbios_knl_Queue_construct)
                  0000e9c0    0000002c     sysbios.aem4f : BIOS.obj (.text:ti_sysbios_knl_Task_restore__E)
                  0000e9ec    0000002c     ti.targets.arm.rtsarm.aem4f : Text.oem4f (.text:xdc_runtime_Text_cordText__E)
                  0000ea18    0000002a     driverlib.lib : gpio.obj (.text:GPIODirModeSet)
                  0000ea42    0000002a     ti.targets.arm.rtsarm.aem4f : System.oem4f (.text:xdc_runtime_System_putchar__I)
                  0000ea6c    00000028     Kentec320x240x16_ssd2119_spi.obj (.text:Kentec320x240x16_SSD2119ColorTranslate)
                  0000ea94    00000028     grlib_demo.obj (.text:OnGraphLight)
                  0000eabc    00000028     grlib_demo.obj (.text:OnGraphSpeed)
                  0000eae4    00000004     --HOLE-- [fill = 0]
                  0000eae8    00000028     sysbios.aem4f : BIOS.obj (.text:ti_sysbios_hal_Hwi_Instance_init__E)
                  0000eb10    00000028                   : BIOS.obj (.text:ti_sysbios_knl_Swi_Module_startup__E)
                  0000eb38    00000026     grlib.lib : string.obj (.text:GrFontInfoGet)
                  0000eb5e    00000026     sysbios.aem4f : m3_Hwi_asm.obj (.text:ti_sysbios_family_arm_m3_Hwi_pendSV__I)
                  0000eb84    00000026     ti.targets.arm.rtsarm.aem4f : System.oem4f (.text:xdc_runtime_System_avprintf__E)
                  0000ebaa    00000002     --HOLE-- [fill = 0]
                  0000ebac    00000024     grlib_demo.obj (.text:OnGraphPower)
                  0000ebd0    00000024     sensors_api.obj (.text:setAccelThreshold)
                  0000ebf4    00000024     empty_pem4f.oem4f (.text:ti_sysbios_BIOS_errorRaiseHook__I)
                  0000ec18    00000024     empty_pem4f.oem4f (.text:ti_sysbios_BIOS_registerRTSLock__I)
                  0000ec3c    00000024     empty_pem4f.oem4f (.text:ti_sysbios_BIOS_removeRTSLock__I)
                  0000ec60    00000024     empty_pem4f.oem4f (.text:ti_sysbios_BIOS_startFunc__I)
                  0000ec84    00000024     empty_pem4f.oem4f (.text:ti_sysbios_gates_GateMutex_Object__delete__S)
                  0000eca8    00000024     sysbios.aem4f : BIOS.obj (.text:ti_sysbios_knl_Clock_Module_startup__E)
                  0000eccc    00000004     --HOLE-- [fill = 0]
                  0000ecd0    00000024                   : BIOS.obj (.text:ti_sysbios_knl_Task_restoreHwi__E)
                  0000ecf4    00000024     ti.targets.arm.rtsarm.aem4f : System.oem4f (.text:xdc_runtime_System_vprintf__E)
                  0000ed18    00000022     grlib.lib : string.obj (.text:GrFontGlyphDataGet)
                  0000ed3a    00000022     driverlib.lib : pwm.obj (.text:PWMGenConfigure)
                  0000ed5c    00000022     drivers_tivaware.aem4f : PWMTiva.oem4f (.text:PWMTiva_getPeriodCounts)
                  0000ed7e    00000002     --HOLE-- [fill = 0]
                  0000ed80    00000022     sysbios.aem4f : BIOS.obj (.text:ti_sysbios_family_arm_lm4_Timer_write__I)
                  0000eda2    00000022     empty_pem4f.oem4f (.text:xdc_runtime_SysMin_output__I)
                  0000edc4    00000020     motorCode.obj (.text:ADCFxn)
                  0000ede4    00000020     drivers_tivaware.aem4f : GPIOTiva.oem4f (.text:GPIO_clearInt)
                  0000ee04    00000020     driverlib.lib : uart.obj (.text:UARTDisable)
                  0000ee24    00000020     Boot.aem4f : Boot_sysctl.oem4f (.text:_SysCtlMemTimingGet)
                  0000ee44    00000020     driverlib.lib : sysctl.obj (.text:_SysCtlMemTimingGet)
                  0000ee64    00000020     rtsv7M4_T_le_v4SPD16_eabi.lib : u_tofd_t2.asm.obj (.text)
                  0000ee84    00000020     motorCode.obj (.text:setSpeed)
                  0000eea4    00000020     empty_pem4f.oem4f (.text:ti_sysbios_BIOS_rtsLock__I)
                  0000eec4    00000020     empty_pem4f.oem4f (.text:ti_sysbios_family_arm_m3_Hwi_Object__delete__S)
                  0000eee4    00000020     sysbios.aem4f : m3_Hwi_asm.obj (.text:ti_sysbios_family_arm_m3_Hwi_excHandlerAsm__I)
                  0000ef04    00000004     --HOLE-- [fill = 0]
                  0000ef08    00000020                   : BIOS.obj (.text:ti_sysbios_family_arm_m3_Hwi_excHandler__I)
                  0000ef28    00000020     empty_pem4f.oem4f (.text:ti_sysbios_gates_GateHwi_Object__delete__S)
                  0000ef48    00000020     empty_pem4f.oem4f (.text:ti_sysbios_heaps_HeapMem_Object__delete__S)
                  0000ef68    00000020     empty_pem4f.oem4f (.text:ti_sysbios_knl_Clock_Object__destruct__S)
                  0000ef88    00000020     sysbios.aem4f : BIOS.obj (.text:ti_sysbios_knl_Idle_run__E)
                  0000efa8    00000020     empty_pem4f.oem4f (.text:ti_sysbios_knl_Semaphore_Object__destruct__S)
                  0000efc8    00000020     ti.targets.arm.rtsarm.aem4f : Registry.oem4f (.text:xdc_runtime_Registry_findById__E)
                  0000efe8    00000020                                 : SysMin.oem4f (.text:xdc_runtime_SysMin_Module_startup__E)
                  0000f008    0000001e     driverlib.lib : adc.obj (.text:ADCSequenceDataGet)
                  0000f026    0000001e     grlib.lib : string.obj (.text:GrFontCodepageGet)
                  0000f044    0000001e     driverlib.lib : pwm.obj (.text:PWMPulseWidthSet)
                  0000f062    0000001e     drivers_tivaware.aem4f : PWMTiva.oem4f (.text:PWMTiva_getPeriodMicroSecs)
                  0000f080    0000001e     grlib.lib : widget.obj (.text:WidgetAdd)
                  0000f09e    0000001e     sysbios.aem4f : m3_Hwi_asm_switch.obj (.text:ti_sysbios_family_xxx_Hwi_switchAndRunFunc)
                  0000f0bc    0000001c     grlib.lib : widget.obj (.text:WidgetPointerMessage)
                  0000f0d8    0000001c     drivers_tivaware.aem4f : GPIOTiva.oem4f (.text:getGpioIntIndex)
                  0000f0f4    0000001c     empty.obj (.text:heartBeatFxn)
                  0000f110    0000001c     rtsv7M4_T_le_v4SPD16_eabi.lib : memccpy.c.obj (.text:memccpy)
                  0000f12c    0000001c     empty_pem4f.oem4f (.text:ti_sysbios_family_arm_m3_Hwi_Object__destruct__S)
                  0000f148    0000001c     sysbios.aem4f : BIOS.obj (.text:ti_sysbios_gates_GateMutex_Instance_init__E)
                  0000f164    0000001c     empty_pem4f.oem4f (.text:ti_sysbios_hal_Hwi_HwiProxy_create)
                  0000f180    0000001c     empty_pem4f.oem4f (.text:ti_sysbios_knl_Queue_Object__destruct__S)
                  0000f19c    00000004     --HOLE-- [fill = 0]
                  0000f1a0    0000001c     sysbios.aem4f : BIOS.obj (.text:ti_sysbios_knl_Queue_put__E)
                  0000f1bc    00000004     --HOLE-- [fill = 0]
                  0000f1c0    0000001c                   : BIOS.obj (.text:ti_sysbios_knl_Task_enter__I)
                  0000f1dc    0000001c     ti.targets.arm.rtsarm.aem4f : Error.oem4f (.text:xdc_runtime_Error_raiseX__E)
                  0000f1f8    0000001c                                 : Memory.oem4f (.text:xdc_runtime_Memory_valloc__E)
                  0000f214    0000001c                                 : SysMin.oem4f (.text:xdc_runtime_SysMin_exit__E)
                  0000f230    0000001c                                 : System.oem4f (.text:xdc_runtime_System_abort__E)
                  0000f24c    0000001a     rtsv7M4_T_le_v4SPD16_eabi.lib : s_copysign.c.obj (.text:copysign)
                  0000f266    0000001a     empty_pem4f.oem4f (.text:ti_sysbios_family_arm_m3_Hwi_Handle__label__S)
                  0000f280    0000001a     empty_pem4f.oem4f (.text:ti_sysbios_gates_GateHwi_Handle__label__S)
                  0000f29a    0000001a     empty_pem4f.oem4f (.text:ti_sysbios_gates_GateMutex_Handle__label__S)
                  0000f2b4    0000001a     empty_pem4f.oem4f (.text:ti_sysbios_heaps_HeapMem_Handle__label__S)
                  0000f2ce    0000001a     empty_pem4f.oem4f (.text:ti_sysbios_knl_Swi_Handle__label__S)
                  0000f2e8    0000001a     empty_pem4f.oem4f (.text:ti_sysbios_knl_Task_Handle__label__S)
                  0000f302    0000001a     empty_pem4f.oem4f (.text:xdc_runtime_System_aprintf__E)
                  0000f31c    0000001a     empty_pem4f.oem4f (.text:xdc_runtime_System_printf__E)
                  0000f336    00000018     driverlib.lib : gpio.obj (.text:GPIOPinTypeGPIOOutput)
                  0000f34e    00000018                   : timer.obj (.text:TimerControlLevel)
                  0000f366    00000002     --HOLE-- [fill = 0]
                  0000f368    00000018                   : timer.obj (.text:TimerDisable)
                  0000f380    00000018     drivers_tivaware.aem4f : UART.oem4f (.text:UART_Params_init)
                  0000f398    00000018     rtsv7M4_T_le_v4SPD16_eabi.lib : args_main.c.obj (.text:_args_main)
                  0000f3b0    00000018                                   : snprintf.c.obj (.text:_outc)
                  0000f3c8    00000018                                   : sprintf.c.obj (.text:_outs)
                  0000f3e0    00000018     sensors_api.obj (.text:accelEStopIntterupt)
                  0000f3f8    00000018     empty_pem4f.oem4f (.text:ti_sysbios_BIOS_rtsUnlock__I)
                  0000f410    00000018     empty_pem4f.oem4f (.text:ti_sysbios_family_arm_lm4_Timer_Module__startupDone__F)
                  0000f428    00000018     empty_pem4f.oem4f (.text:ti_sysbios_family_arm_m3_Hwi_Module__startupDone__F)
                  0000f440    00000018     sysbios.aem4f : m3_TaskSupport_asm.obj (.text:ti_sysbios_family_arm_m3_TaskSupport_swap__E)
                  0000f458    00000018                   : BIOS.obj (.text:ti_sysbios_gates_GateMutex_leave__E)
                  0000f470    00000018                   : BIOS.obj (.text:ti_sysbios_knl_Task_sleepTimeout__I)
                  0000f488    00000018     ti.targets.arm.rtsarm.aem4f : Error.oem4f (.text:xdc_runtime_Error_check__E)
                  0000f4a0    00000018                                 : System.oem4f (.text:xdc_runtime_System_exit__E)
                  0000f4b8    00000018                                 : Text.oem4f (.text:xdc_runtime_Text_ropeText__E)
                  0000f4d0    00000016     grlib.lib : string.obj (.text:GrStringDraw)
                  0000f4e6    00000016     driverlib.lib : i2c.obj (.text:I2CMasterErr)
                  0000f4fc    00000016     rtsv7M4_T_le_v4SPD16_eabi.lib : strchr.c.obj (.text:strchr)
                  0000f512    00000016     empty_pem4f.oem4f (.text:ti_sysbios_BIOS_exitFunc__I)
                  0000f528    00000016     motorCode.obj (.text:ti_sysbios_gates_GateHwi_Params_init)
                  0000f53e    00000016     motorCode.obj (.text:ti_sysbios_hal_Hwi_Params_init)
                  0000f554    00000016     empty.obj (.text:ti_sysbios_knl_Clock_Params_init)
                  0000f56a    00000016     motorCode.obj (.text:ti_sysbios_knl_Clock_Params_init)
                  0000f580    00000016     sensors_api.obj (.text:ti_sysbios_knl_Clock_Params_init)
                  0000f596    00000016     motorCode.obj (.text:ti_sysbios_knl_Semaphore_Params_init)
                  0000f5ac    00000016     sensors_api.obj (.text:ti_sysbios_knl_Semaphore_Params_init)
                  0000f5c2    00000016     empty.obj (.text:ti_sysbios_knl_Task_Params_init)
                  0000f5d8    00000016     sensors_api.obj (.text:ti_sysbios_knl_Task_Params_init)
                  0000f5ee    00000014     grlib.lib : canvas.obj (.text:CanvasMsgProc)
                  0000f602    00000002     --HOLE-- [fill = 0]
                  0000f604    00000014     Kentec320x240x16_ssd2119_spi.obj (.text:LED_OFF)
                  0000f618    00000014     Kentec320x240x16_ssd2119_spi.obj (.text:LED_ON)
                  0000f62c    00000014     grlib_demo.obj (.text:OnSettingAcceleration)
                  0000f640    00000014     grlib_demo.obj (.text:OnSettingCurrent)
                  0000f654    00000014     grlib_demo.obj (.text:OnSettingSpeed)
                  0000f668    00000014     driverlib.lib : pwm.obj (.text:PWMClockSet)
                  0000f67c    00000014                   : sysctl.obj (.text:SysCtlPWMClockSet)
                  0000f690    00000014     touch.obj (.text:TouchScreenCallbackSet)
                  0000f6a4    00000014     driverlib.lib : uart.obj (.text:UARTEnable)
                  0000f6b8    00000014     grlib.lib : widget.obj (.text:WidgetMutexGet)
                  0000f6cc    00000014     motorCode.obj (.text:getSpeed)
                  0000f6e0    00000014     rtsv7M4_T_le_v4SPD16_eabi.lib : strcpy.c.obj (.text:strcpy)
                  0000f6f4    00000014                                   : strlen.c.obj (.text:strlen)
                  0000f708    00000014     empty_pem4f.oem4f (.text:ti_sysbios_family_arm_m3_Hwi_Object__get__S)
                  0000f71c    00000004     --HOLE-- [fill = 0]
                  0000f720    00000014     sysbios.aem4f : BIOS.obj (.text:ti_sysbios_family_arm_m3_Hwi_switchFromBootStack__E)
                  0000f734    00000014     empty_pem4f.oem4f (.text:ti_sysbios_heaps_HeapMem_Object__get__S)
                  0000f748    00000014     sysbios.aem4f : BIOS.obj (.text:ti_sysbios_knl_Event_Instance_init__E)
                  0000f75c    00000014     empty_pem4f.oem4f (.text:ti_sysbios_knl_Swi_Object__get__S)
                  0000f770    00000012     driverlib.lib : gpio.obj (.text:GPIOPinTypeADC)
                  0000f782    00000012                   : gpio.obj (.text:GPIOPinTypeEthernetLED)
                  0000f794    00000012                   : gpio.obj (.text:GPIOPinTypeGPIOInput)
                  0000f7a6    00000012                   : gpio.obj (.text:GPIOPinTypeI2C)
                  0000f7b8    00000012                   : gpio.obj (.text:GPIOPinTypeI2CSCL)
                  0000f7ca    00000012                   : gpio.obj (.text:GPIOPinTypePWM)
                  0000f7dc    00000012                   : gpio.obj (.text:GPIOPinTypeSSI)
                  0000f7ee    00000012                   : gpio.obj (.text:GPIOPinTypeTimer)
                  0000f800    00000012                   : gpio.obj (.text:GPIOPinTypeUART)
                  0000f812    00000012                   : gpio.obj (.text:GPIOPinTypeUSBAnalog)
                  0000f824    00000012                   : gpio.obj (.text:GPIOPinTypeUSBDigital)
                  0000f836    00000012                   : pwm.obj (.text:PWMGenPeriodGet)
                  0000f848    00000012                   : pwm.obj (.text:PWMOutputInvert)
                  0000f85a    00000012                   : pwm.obj (.text:PWMOutputState)
                  0000f86c    00000012     drivers_tivaware.aem4f : RingBuf.oem4f (.text:RingBuf_construct)
                  0000f87e    00000012     driverlib.lib : ssi.obj (.text:SSIDataGetNonBlocking)
                  0000f890    00000012                   : timer.obj (.text:TimerLoadSet)
                  0000f8a2    00000012                   : timer.obj (.text:TimerMatchSet)
                  0000f8b4    00000012                   : timer.obj (.text:TimerPrescaleMatchSet)
                  0000f8c6    00000012                   : timer.obj (.text:TimerPrescaleSet)
                  0000f8d8    00000012     sysbios.aem4f : BIOS.obj (.text:ti_sysbios_hal_Hwi_Module_startup__E)
                  0000f8ea    00000012     rtsv7M4_T_le_v4SPD16_eabi.lib : wcslen.c.obj (.text:wcslen)
                  0000f8fc    00000012     empty_pem4f.oem4f (.text:xdc_runtime_Startup_exec__I)
                  0000f90e    00000002     --HOLE-- [fill = 0]
                  0000f910    00000010     empty_pem4f.oem4f (.text:.bootCodeSection:ti_catalog_arm_cortexm4_tiva_ce_Boot_init__I)
                  0000f920    00000010     driverlib.lib : adc.obj (.text:ADCIntEnable)
                  0000f930    00000010     drivers_tivaware.aem4f : I2C.oem4f (.text:I2C_Params_init)
                  0000f940    00000010     driverlib.lib : pwm.obj (.text:PWMGenPeriodSet)
                  0000f950    00000010     drivers_tivaware.aem4f : PWM.oem4f (.text:PWM_Params_init)
                  0000f960    00000010     empty.obj (.text:incrementTime)
                  0000f970    00000010     drivers_tivaware.aem4f : UARTTiva.oem4f (.text:readBlockingTimeout)
                  0000f980    00000010     empty.obj (.text:sensorsFxn)
                  0000f990    00000010     sensors_api.obj (.text:swiAcceleration)
                  0000f9a0    00000010     sensors_api.obj (.text:swiLight)
                  0000f9b0    00000010     sysbios.aem4f : BIOS.obj (.text:ti_sysbios_BIOS_getCpuFreq__E)
                  0000f9c0    00000010                   : BIOS.obj (.text:ti_sysbios_BIOS_setThreadType__E)
                  0000f9d0    00000010                   : BIOS.obj (.text:ti_sysbios_BIOS_start__E)
                  0000f9e0    00000010                   : m3_TaskSupport_asm.obj (.text:ti_sysbios_family_arm_m3_TaskSupport_glue)
                  0000f9f0    00000010                   : BIOS.obj (.text:ti_sysbios_gates_GateMutex_Instance_finalize__E)
                  0000fa00    00000010     empty_pem4f.oem4f (.text:ti_sysbios_hal_Hwi_HwiProxy_Object__create__S)
                  0000fa10    00000010     sysbios.aem4f : BIOS.obj (.text:ti_sysbios_knl_Semaphore_Instance_finalize__E)
                  0000fa20    00000010                   : BIOS.obj (.text:ti_sysbios_knl_Swi_disable__E)
                  0000fa30    00000010     empty_pem4f.oem4f (.text:ti_sysbios_knl_Task_Object__get__S)
                  0000fa40    00000010     sysbios.aem4f : BIOS.obj (.text:ti_sysbios_knl_Task_disable__E)
                  0000fa50    00000010     ti.targets.arm.rtsarm.aem4f : Gate.oem4f (.text:xdc_runtime_Gate_leaveSystem__E)
                  0000fa60    00000010                                 : Memory.oem4f (.text:xdc_runtime_Memory_free__E)
                  0000fa70    00000010                                 : SysMin.oem4f (.text:xdc_runtime_SysMin_ready__E)
                  0000fa80    00000010                                 : System.oem4f (.text:xdc_runtime_System_vsnprintf__E)
                  0000fa90    00000010     empty_pem4f.oem4f (.text:xdc_runtime_Text_visitRope__I)
                  0000faa0    0000000e     driverlib.lib : adc.obj (.text:ADCSequenceEnable)
                  0000faae    0000000e                   : gpio.obj (.text:GPIOIntStatus)
                  0000fabc    0000000e     grlib.lib : image.obj (.text:GrImageDraw)
                  0000faca    0000000e     driverlib.lib : timer.obj (.text:TimerEnable)
                  0000fad8    0000000e                   : uart.obj (.text:UARTCharGetNonBlocking)
                  0000fae6    0000000e                   : uart.obj (.text:UARTCharPutNonBlocking)
                  0000faf4    0000000e     rtsv7M4_T_le_v4SPD16_eabi.lib : time.c.obj (.text:__time32)
                  0000fb02    0000000e                                   : copy_decompress_none.c.obj (.text:decompress:none:__TI_decompress_none)
                  0000fb10    0000000e     sysbios.aem4f : BIOS.obj (.text:ti_sysbios_knl_Idle_loop__E)
                  0000fb1e    00000002     --HOLE-- [fill = 0]
                  0000fb20    0000000e                   : BIOS.obj (.text:ti_sysbios_knl_Queue_empty__E)
                  0000fb2e    0000000c     driverlib.lib : gpio.obj (.text:GPIOIntEnable)
                  0000fb3a    0000000c                   : pwm.obj (.text:PWMGenDisable)
                  0000fb46    0000000c                   : pwm.obj (.text:PWMGenEnable)
                  0000fb52    0000000c     drivers_tivaware.aem4f : RingBuf.oem4f (.text:RingBuf_peek)
                  0000fb5e    0000000c     driverlib.lib : uart.obj (.text:UARTFlowControlSet)
                  0000fb6a    0000000c     drivers_tivaware.aem4f : UARTTiva.oem4f (.text:UARTTiva_init)
                  0000fb76    00000002     --HOLE-- [fill = 0]
                  0000fb78    0000000c     rtsv7M4_T_le_v4SPD16_eabi.lib : _lock.c.obj (.text:_register_lock)
                  0000fb84    0000000c                                   : _lock.c.obj (.text:_register_unlock)
                  0000fb90    0000000c                                   : copy_zero_init.c.obj (.text:decompress:ZI:__TI_zero_init)
                  0000fb9c    0000000c     motorCode.obj (.text:getState)
                  0000fba8    0000000c     sysbios.aem4f : BIOS.obj (.text:ti_sysbios_family_arm_lm4_Timer_getAvailMask__E)
                  0000fbb4    00000004     --HOLE-- [fill = 0]
                  0000fbb8    0000000c                   : BIOS.obj (.text:ti_sysbios_family_arm_lm4_Timer_getMaxTicks__E)
                  0000fbc4    0000000c     empty_pem4f.oem4f (.text:ti_sysbios_family_arm_m3_Hwi_Params__init__S)
                  0000fbd0    0000000c     sysbios.aem4f : BIOS.obj (.text:ti_sysbios_family_arm_m3_Hwi_disableFxn__E)
                  0000fbdc    00000004     --HOLE-- [fill = 0]
                  0000fbe0    0000000c                   : BIOS.obj (.text:ti_sysbios_family_arm_m3_TaskSupport_checkStack__E)
                  0000fbec    00000004     --HOLE-- [fill = 0]
                  0000fbf0    0000000c                   : BIOS.obj (.text:ti_sysbios_family_arm_m3_TaskSupport_getStackAlignment__E)
                  0000fbfc    0000000c     empty_pem4f.oem4f (.text:ti_sysbios_gates_GateHwi_Params__init__S)
                  0000fc08    0000000c     sysbios.aem4f : BIOS.obj (.text:ti_sysbios_gates_GateHwi_enter__E)
                  0000fc14    0000000c     empty_pem4f.oem4f (.text:ti_sysbios_hal_Hwi_Params__init__S)
                  0000fc20    0000000c     empty_pem4f.oem4f (.text:ti_sysbios_knl_Clock_Params__init__S)
                  0000fc2c    00000004     --HOLE-- [fill = 0]
                  0000fc30    0000000c     sysbios.aem4f : BIOS.obj (.text:ti_sysbios_knl_Clock_getTicks__E)
                  0000fc3c    0000000c     motorCode.obj (.text:ti_sysbios_knl_Event_handle)
                  0000fc48    0000000c     empty_pem4f.oem4f (.text:ti_sysbios_knl_Queue_Object__get__S)
                  0000fc54    0000000c     empty_pem4f.oem4f (.text:ti_sysbios_knl_Semaphore_Params__init__S)
                  0000fc60    0000000c     motorCode.obj (.text:ti_sysbios_knl_Semaphore_handle)
                  0000fc6c    0000000c     sensors_api.obj (.text:ti_sysbios_knl_Semaphore_handle)
                  0000fc78    0000000c     empty_pem4f.oem4f (.text:ti_sysbios_knl_Task_Params__init__S)
                  0000fc84    0000000c     empty.obj (.text:updateGraphUI)
                  0000fc90    0000000c     ti.targets.arm.rtsarm.aem4f : Error.oem4f (.text:xdc_runtime_Error_init__E)
                  0000fc9c    0000000c                                 : Gate.oem4f (.text:xdc_runtime_Gate_enterSystem__E)
                  0000fca8    0000000c                                 : Memory.oem4f (.text:xdc_runtime_Memory_calloc__E)
                  0000fcb4    0000000c                                 : Memory.oem4f (.text:xdc_runtime_Memory_getMaxDefaultTypeAlign__E)
                  0000fcc0    0000000a     driverlib.lib : adc.obj (.text:ADCIntClear)
                  0000fcca    0000000a                   : i2c.obj (.text:I2CMasterDisable)
                  0000fcd4    0000000a                   : i2c.obj (.text:I2CMasterEnable)
                  0000fcde    0000000a     drivers_tivaware.aem4f : I2CTiva.oem4f (.text:I2CTiva_init)
                  0000fce8    0000000a                            : I2C.oem4f (.text:I2C_transfer)
                  0000fcf2    0000000a     Kentec320x240x16_ssd2119_spi.obj (.text:Kentec320x240x16_SSD2119Flush)
                  0000fcfc    0000000a     drivers_tivaware.aem4f : PWMTimerTiva.oem4f (.text:PWMTimerTiva_getPeriodCounts)
                  0000fd06    0000000a                            : PWM.oem4f (.text:PWM_setDuty)
                  0000fd10    0000000a     driverlib.lib : ssi.obj (.text:SSIDataPut)
                  0000fd1a    0000000a                   : ssi.obj (.text:SSIEnable)
                  0000fd24    0000000a                   : uart.obj (.text:UARTCharGet)
                  0000fd2e    0000000a                   : uart.obj (.text:UARTCharPut)
                  0000fd38    0000000a                   : uart.obj (.text:UARTIntDisable)
                  0000fd42    0000000a                   : uart.obj (.text:UARTIntStatus)
                  0000fd4c    0000000a     rtsv7M4_T_le_v4SPD16_eabi.lib : sprintf.c.obj (.text:_outc)
                  0000fd56    00000002     --HOLE-- [fill = 0]
                  0000fd58    0000000a     sysbios.aem4f : BIOS.obj (.text:ti_sysbios_hal_Hwi_Instance_finalize__E)
                  0000fd62    0000000a     empty_pem4f.oem4f (.text:xdc_runtime_IHeap_alloc)
                  0000fd6c    0000000a     empty_pem4f.oem4f (.text:xdc_runtime_IHeap_free)
                  0000fd76    00000008     EK_TM4C1294XL.obj (.text:EK_TM4C1294XL_initGPIO)
                  0000fd7e    00000008     grlib.lib : charmap.obj (.text:GrMapISO8859_1_Unicode)
                  0000fd86    00000008     driverlib.lib : i2c.obj (.text:I2CMasterIntClear)
                  0000fd8e    00000008                   : i2c.obj (.text:I2CMasterSlaveAddrSet)
                  0000fd96    00000008     drivers_tivaware.aem4f : I2CTiva.oem4f (.text:I2CTiva_blockingCallback)
                  0000fd9e    00000008                            : PWMTimerTiva.oem4f (.text:PWMTimerTiva_init)
                  0000fda6    00000008     driverlib.lib : ssi.obj (.text:SSIBusy)
                  0000fdae    00000008                   : uart.obj (.text:UARTIntEnable)
                  0000fdb6    00000008                   : uart.obj (.text:UARTRxErrorGet)
                  0000fdbe    00000002     --HOLE-- [fill = 0]
                  0000fdc0    00000008     rtsv7M4_T_le_v4SPD16_eabi.lib : errno.c.obj (.text:__aeabi_errno_addr)
                  0000fdc8    00000008     drivers_tivaware.aem4f : UARTTiva.oem4f (.text:readSemCallback)
                  0000fdd0    00000008     sysbios.aem4f : BIOS.obj (.text:ti_sysbios_family_arm_lm4_Timer_masterDisable__I)
                  0000fdd8    00000008                   : BIOS.obj (.text:ti_sysbios_family_arm_m3_Hwi_doSwiRestore__I)
                  0000fde0    00000008                   : BIOS.obj (.text:ti_sysbios_family_arm_m3_Hwi_startup__E)
                  0000fde8    00000008     drivers_tivaware.aem4f : UARTTiva.oem4f (.text:writeSemCallback)
                  0000fdf0    00000006     driverlib.lib : gpio.obj (.text:GPIOPinRead)
                  0000fdf6    00000006                   : gpio.obj (.text:GPIOPinWrite)
                  0000fdfc    00000006     grlib.lib : string.obj (.text:GrContextFontSet)
                  0000fe02    00000006     driverlib.lib : i2c.obj (.text:I2CMasterIntDisable)
                  0000fe08    00000006                   : i2c.obj (.text:I2CMasterIntEnable)
                  0000fe0e    00000006     drivers_tivaware.aem4f : I2CTiva.oem4f (.text:I2CTiva_control)
                  0000fe14    00000006                            : PWMTimerTiva.oem4f (.text:PWMTimerTiva_getPeriodMicroSecs)
                  0000fe1a    00000006     driverlib.lib : sysctl.obj (.text:SysCtlDelay)
                  0000fe20    00000006                   : uart.obj (.text:UARTFIFOLevelSet)
                  0000fe26    00000006                   : uart.obj (.text:UARTRxErrorClear)
                  0000fe2c    00000006     grlib.lib : widget.obj (.text:WidgetMutexPut)
                  0000fe32    00000006     ti.targets.arm.rtsarm.aem4f : System.oem4f (.text:xdc_runtime_System_Module_startup__E)
                  0000fe38    00000006     sysbios.aem4f : BIOS.obj (.text:ti_sysbios_family_arm_m3_Hwi_doTaskRestore__I)
                  0000fe3e    00000002     --HOLE-- [fill = 0]
                  0000fe40    00000006                   : BIOS.obj (.text:ti_sysbios_family_arm_m3_Hwi_restoreFxn__E)
                  0000fe46    00000002     --HOLE-- [fill = 0]
                  0000fe48    00000006                   : BIOS.obj (.text:ti_sysbios_gates_GateHwi_leave__E)
                  0000fe4e    00000002     --HOLE-- [fill = 0]
                  0000fe50    00000006                   : BIOS.obj (.text:ti_sysbios_heaps_HeapMem_isBlocking__E)
                  0000fe56    00000002     --HOLE-- [fill = 0]
                  0000fe58    00000006                   : BIOS.obj (.text:ti_sysbios_knl_Clock_stop__E)
                  0000fe5e    00000002     --HOLE-- [fill = 0]
                  0000fe60    00000006                   : BIOS.obj (.text:ti_sysbios_knl_Queue_Instance_init__E)
                  0000fe66    00000002     --HOLE-- [fill = 0]
                  0000fe68    00000006                   : BIOS.obj (.text:ti_sysbios_knl_Swi_startup__E)
                  0000fe6e    00000002     --HOLE-- [fill = 0]
                  0000fe70    00000004                   : BIOS.obj (.text:ti_sysbios_gates_GateHwi_query__E)
                  0000fe74    00000004     --HOLE-- [fill = 0]
                  0000fe78    00000004                   : BIOS.obj (.text:ti_sysbios_gates_GateMutex_query__E)
                  0000fe7c    00000004     --HOLE-- [fill = 0]
                  0000fe80    00000004                   : BIOS.obj (.text:ti_sysbios_knl_Task_startup__E)
                  0000fe84    00000004     --HOLE-- [fill = 0]
                  0000fe88    00000002                   : BIOS.obj (.text:ti_sysbios_gates_GateHwi_Instance_init__E)
                  0000fe8a    00000006     --HOLE-- [fill = 0]
                  0000fe90    00000002                   : BIOS.obj (.text:ti_sysbios_knl_Clock_logTick__E)

.const     0    0000fe98    00004be0     
                  0000fe98    00001922     empty_pem4f.oem4f (.const:xdc_runtime_Text_charTab__A)
                  000117ba    00000002     empty_pem4f.oem4f (.const:ti_catalog_arm_cortexm4_tiva_ce_Boot_Module__id__C)
                  000117bc    00000004     bmi160.obj (.const)
                  000117c0    00001000     rtsv7M4_T_le_v4SPD16_eabi.lib : s_exp2.c.obj (.const:tbl)
                  000127c0    000007e5     grlib.lib : fontcmss18.obj (.const:.string:g_pui8Cmss18Data)
                  00012fa5    00000782               : fontcmss18b.obj (.const:.string:g_pui8Cmss18bData)
                  00013727    00000001     empty_pem4f.oem4f (.const:xdc_runtime_Error_policy__C)
                  00013728    000001b0     driverlib.lib : sysctl.obj (.const:g_pppui32XTALtoVCO)
                  000138d8    00000120     Boot.aem4f : Boot_sysctl.oem4f (.const:g_pppui32XTALtoVCO)
                  000139f8    00000101     rtsv7M4_T_le_v4SPD16_eabi.lib : ctype.c.obj (.const:.string:_ctypes_)
                  00013af9    00000001     --HOLE-- [fill = 0]
                  00013afa    00000002     empty_pem4f.oem4f (.const:ti_sysbios_family_arm_m3_Hwi_Module__id__C)
                  00013afc    000000c8     grlib.lib : fontcmss18.obj (.const:g_sFontCmss18)
                  00013bc4    000000c8               : fontcmss18b.obj (.const:g_sFontCmss18b)
                  00013c8c    000000c0     empty_pem4f.oem4f (.const:xdc_runtime_Text_nodeTab__A)
                  00013d4c    0000009e     grlib_demo.obj (.const:.string)
                  00013dea    00000002     empty_pem4f.oem4f (.const:ti_sysbios_gates_GateMutex_Module__id__C)
                  00013dec    00000090     driverlib.lib : gpio.obj (.const:g_pui32GPIOBaseAddrs)
                  00013e7c    00000070                   : interrupt.obj (.const)
                  00013eec    0000006c     Boot.aem4f : Boot_sysctl.oem4f (.const:g_pui32Xtals)
                  00013f58    0000006c     driverlib.lib : sysctl.obj (.const:g_pui32Xtals)
                  00013fc4    00000060     rtsv7M4_T_le_v4SPD16_eabi.lib : mktime.c.obj (.const:$O1$$)
                  00014024    00000060     MotorLib.lib : motorlib.obj (.const:PWM_config)
                  00014084    00000058     empty_pem4f.oem4f (.const:.string)
                  000140dc    00000054     drivers_tivaware.aem4f : GPIOTiva.oem4f (.const:.string)
                  00014130    00000054     MotorLib.lib : motorlib.obj (.const:motorLibPWMTivaHWAttrs)
                  00014184    0000004c     rtsv7M4_T_le_v4SPD16_eabi.lib : asctime.c.obj (.const:$O1$$)
                  000141d0    0000004c                                   : asctime.c.obj (.const:.string)
                  0001421c    0000004c     drivers_tivaware.aem4f : UARTTiva.oem4f (.const)
                  00014268    00000048                            : GPIOTiva.oem4f (.const:gpioBaseAddresses)
                  000142b0    0000003c     empty_pem4f.oem4f (.const:ti_sysbios_knl_Task_Object__PARAMS__C)
                  000142ec    00000004     empty_pem4f.oem4f (.const:ti_catalog_arm_cortexm4_tiva_ce_Boot_A_mustNotUseEnhancedClockMode__C)
                  000142f0    00000030     rtsv7M4_T_le_v4SPD16_eabi.lib : e_pow.c.obj (.const:$O1$$)
                  00014320    00000030     Boot.aem4f : Boot_sysctl.oem4f (.const:g_sXTALtoMEMTIM)
                  00014350    00000030     driverlib.lib : sysctl.obj (.const:g_sXTALtoMEMTIM)
                  00014380    00000030     empty_pem4f.oem4f (.const:ti_sysbios_family_arm_m3_Hwi_Object__PARAMS__C)
                  000143b0    00000030     EK_TM4C1294XL.obj (.const:uartTivaHWAttrs)
                  000143e0    0000002c     empty_pem4f.oem4f (.const:ti_sysbios_hal_Hwi_Object__PARAMS__C)
                  0001440c    00000028     drivers_tivaware.aem4f : UARTTiva.oem4f (.const:UARTTiva_fxnTable)
                  00014434    00000028     Kentec320x240x16_ssd2119_spi.obj (.const:g_sKentec320x240x16_SSD2119)
                  0001445c    00000028     empty_pem4f.oem4f (.const:ti_sysbios_heaps_HeapMem_Module__FXNS__C)
                  00014484    00000024     EK_TM4C1294XL.obj (.const:UART_config)
                  000144a8    00000024     drivers_tivaware.aem4f : UART.oem4f (.const:UART_defaultParams)
                  000144cc    00000024     empty_pem4f.oem4f (.const:ti_sysbios_gates_GateHwi_Module__FXNS__C)
                  000144f0    00000024     empty_pem4f.oem4f (.const:ti_sysbios_gates_GateMutex_Module__FXNS__C)
                  00014514    00000024     empty_pem4f.oem4f (.const:ti_sysbios_heaps_HeapMem_Object__PARAMS__C)
                  00014538    00000024     empty_pem4f.oem4f (.const:ti_sysbios_knl_Clock_Object__PARAMS__C)
                  0001455c    00000024     empty_pem4f.oem4f (.const:ti_sysbios_knl_Semaphore_Object__PARAMS__C)
                  00014580    00000020     drivers_tivaware.aem4f : PWMTimerTiva.oem4f (.const)
                  000145a0    00000020                            : PWMTiva.oem4f (.const)
                  000145c0    00000020     empty_pem4f.oem4f (.const:ti_sysbios_family_arm_m3_Hwi_Object__DESC__C)
                  000145e0    00000020     empty_pem4f.oem4f (.const:ti_sysbios_gates_GateHwi_Object__DESC__C)
                  00014600    00000020     empty_pem4f.oem4f (.const:ti_sysbios_gates_GateMutex_Object__DESC__C)
                  00014620    00000020     empty_pem4f.oem4f (.const:ti_sysbios_hal_Hwi_Object__DESC__C)
                  00014640    00000020     empty_pem4f.oem4f (.const:ti_sysbios_heaps_HeapMem_Object__DESC__C)
                  00014660    00000020     empty_pem4f.oem4f (.const:ti_sysbios_knl_Clock_Object__DESC__C)
                  00014680    00000020     empty_pem4f.oem4f (.const:ti_sysbios_knl_Event_Object__DESC__C)
                  000146a0    00000020     empty_pem4f.oem4f (.const:ti_sysbios_knl_Queue_Object__DESC__C)
                  000146c0    00000020     empty_pem4f.oem4f (.const:ti_sysbios_knl_Semaphore_Object__DESC__C)
                  000146e0    00000020     empty_pem4f.oem4f (.const:ti_sysbios_knl_Task_Object__DESC__C)
                  00014700    00000020     empty_pem4f.oem4f (.const:xdc_runtime_Startup_sfxnTab__A)
                  00014720    0000001c     drivers_tivaware.aem4f : I2CTiva.oem4f (.const)
                  0001473c    0000001c     touch.obj (.const:g_pi32TouchParameters)
                  00014758    00000018     EK_TM4C1294XL.obj (.const:I2C_config)
                  00014770    00000018     empty_pem4f.oem4f (.const:ti_sysbios_gates_GateHwi_Object__PARAMS__C)
                  00014788    00000018     empty_pem4f.oem4f (.const:ti_sysbios_gates_GateMutex_Object__PARAMS__C)
                  000147a0    00000018     empty_pem4f.oem4f (.const:ti_sysbios_knl_Event_Object__PARAMS__C)
                  000147b8    00000018     empty_pem4f.oem4f (.const:ti_sysbios_knl_Queue_Object__PARAMS__C)
                  000147d0    00000014     EK_TM4C1294XL.obj (.const:GPIOTiva_config)
                  000147e4    00000014     empty_pem4f.oem4f (.const:xdc_runtime_Startup_firstFxns__A)
                  000147f8    00000010     drivers_tivaware.aem4f : I2C.oem4f (.const)
                  00014808    00000010     grlib.lib : context.obj (.const)
                  00014818    00000010     MotorLib.lib : motorlib.obj (.const:motorLibPWMTimerTivaHWAttrs)
                  00014828    00000010     empty_pem4f.oem4f (.const:xdc_runtime_Startup_sfxnRts__A)
                  00014838    0000000c     drivers_tivaware.aem4f : PWM.oem4f (.const)
                  00014844    0000000c     EK_TM4C1294XL.obj (.const:i2cTivaHWAttrs)
                  00014850    00000008     Boot.aem4f : Boot_sysctl.oem4f (.const)
                  00014858    00000008     driverlib.lib : sysctl.obj (.const)
                  00014860    00000008     empty_pem4f.oem4f (.const:ti_sysbios_family_arm_m3_Hwi_excHookFuncs__A)
                  00014868    00000008     empty_pem4f.oem4f (.const:ti_sysbios_knl_Idle_funcList__C)
                  00014870    00000008     empty_pem4f.oem4f (.const:xdc_runtime_Startup_firstFxns__C)
                  00014878    00000008     empty_pem4f.oem4f (.const:xdc_runtime_Startup_lastFxns__C)
                  00014880    00000004     empty_pem4f.oem4f (.const:ti_catalog_arm_cortexm4_tiva_ce_Boot_Module__diagsEnabled__C)
                  00014884    00000004     empty_pem4f.oem4f (.const:ti_catalog_arm_cortexm4_tiva_ce_Boot_Module__diagsIncluded__C)
                  00014888    00000004     empty_pem4f.oem4f (.const:ti_catalog_arm_cortexm4_tiva_ce_Boot_Module__diagsMask__C)
                  0001488c    00000004     empty_pem4f.oem4f (.const:ti_sysbios_family_arm_lm4_Timer_enableFunc__C)
                  00014890    00000004     empty_pem4f.oem4f (.const:ti_sysbios_family_arm_lm4_Timer_numTimerDevices__C)
                  00014894    00000004     empty_pem4f.oem4f (.const:ti_sysbios_family_arm_lm4_Timer_startupNeeded__C)
                  00014898    00000004     empty_pem4f.oem4f (.const:ti_sysbios_family_arm_m3_Hwi_E_NMI__C)
                  0001489c    00000004     empty_pem4f.oem4f (.const:ti_sysbios_family_arm_m3_Hwi_E_alreadyDefined__C)
                  000148a0    00000004     empty_pem4f.oem4f (.const:ti_sysbios_family_arm_m3_Hwi_E_busFault__C)
                  000148a4    00000004     empty_pem4f.oem4f (.const:ti_sysbios_family_arm_m3_Hwi_E_debugMon__C)
                  000148a8    00000004     empty_pem4f.oem4f (.const:ti_sysbios_family_arm_m3_Hwi_E_hardFault__C)
                  000148ac    00000004     empty_pem4f.oem4f (.const:ti_sysbios_family_arm_m3_Hwi_E_memFault__C)
                  000148b0    00000004     empty_pem4f.oem4f (.const:ti_sysbios_family_arm_m3_Hwi_E_noIsr__C)
                  000148b4    00000004     empty_pem4f.oem4f (.const:ti_sysbios_family_arm_m3_Hwi_E_reserved__C)
                  000148b8    00000004     empty_pem4f.oem4f (.const:ti_sysbios_family_arm_m3_Hwi_E_svCall__C)
                  000148bc    00000004     empty_pem4f.oem4f (.const:ti_sysbios_family_arm_m3_Hwi_E_usageFault__C)
                  000148c0    00000004     empty_pem4f.oem4f (.const:ti_sysbios_family_arm_m3_Hwi_NUM_INTERRUPTS__C)
                  000148c4    00000004     empty_pem4f.oem4f (.const:ti_sysbios_family_arm_m3_Hwi_Object__count__C)
                  000148c8    00000004     empty_pem4f.oem4f (.const:ti_sysbios_family_arm_m3_Hwi_ccr__C)
                  000148cc    00000004     empty_pem4f.oem4f (.const:ti_sysbios_family_arm_m3_Hwi_excHandlerFunc__C)
                  000148d0    00000004     empty_pem4f.oem4f (.const:ti_sysbios_family_arm_m3_Hwi_excHookFuncs__C)
[...]
00014a04  xdc_runtime_IHeap_Interface__BASE__C                                 
00014a08  xdc_runtime_IModule_Interface__BASE__C                               
00014a0c  xdc_runtime_Log_L_error__C                                           
00014a10  xdc_runtime_Memory_defaultHeapInstance__C                            
00014a14  xdc_runtime_Startup_execImpl__C                                      
00014a18  xdc_runtime_Startup_maxPasses__C                                     
00014a1c  xdc_runtime_Startup_sfxnRts__C                                       
00014a20  xdc_runtime_Startup_sfxnTab__C                                       
00014a24  xdc_runtime_SysMin_bufSize__C                                        
00014a28  xdc_runtime_SysMin_outputFunc__C                                     
00014a2c  xdc_runtime_System_Module__gateObj__C                                
00014a30  xdc_runtime_System_abortFxn__C                                       
00014a34  xdc_runtime_System_exitFxn__C                                        
00014a38  xdc_runtime_System_extendFxn__C                                      
00014a3c  xdc_runtime_System_maxAtexitHandlers__C                              
00014a40  xdc_runtime_Text_charTab__C                                          
00014a44  xdc_runtime_Text_nameEmpty__C                                        
00014a48  xdc_runtime_Text_nameStatic__C                                       
00014a4c  xdc_runtime_Text_nameUnknown__C                                      
00014a50  xdc_runtime_Text_nodeTab__C                                          
00014a54  xdc_runtime_Text_visitRopeFxn__C                                     
00014a58  ti_sysbios_hal_Hwi_Module__id__C                                     
00014a5a  ti_sysbios_heaps_HeapMem_Module__id__C                               
00014a5c  ti_sysbios_knl_Clock_Module__id__C                                   
00014a5e  ti_sysbios_knl_Event_Module__id__C                                   
00014a60  ti_sysbios_knl_Semaphore_Module__id__C                               
00014a62  ti_sysbios_knl_Task_Module__id__C                                    
00014a64  xdc_runtime_Core_Module__id__C                                       
00014a66  xdc_runtime_Error_Module__loggerDefined__C                           
00014a68  xdc_runtime_Error_maxDepth__C                                        
00014a6a  xdc_runtime_Main_Module__id__C                                       
00014a6c  xdc_runtime_Memory_Module__id__C                                     
00014a6e  xdc_runtime_SysMin_flushAtExit__C                                    
00014a70  xdc_runtime_Text_charCnt__C                                          
00014a72  xdc_runtime_Text_isLoaded__C                                         
00014a74  xdc_runtime_Text_registryModsLastId__C                               
00014a76  xdc_runtime_Text_unnamedModsLastId__C                                
00014a78  __TI_static_base__                                                   
00014e84  __TI_Handler_Table_Base                                              
00014e90  __TI_Handler_Table_Limit                                             
00014ea0  __TI_CINIT_Base                                                      
00014eb8  __TI_CINIT_Limit                                                     
20000000  __start___llvm_prf_cnts                                              
20000000  __stop___llvm_prf_cnts                                               
20000000  ti_sysbios_family_arm_m3_Hwi_ramVectors                              
20000360  ti_sysbios_knl_Task_Instance_State_0_stack__A                        
20000b60  ti_sysbios_knl_Task_Instance_State_1_stack__A                        
20001360  ti_sysbios_knl_Task_Instance_State_2_stack__A                        
20001560  taskLightStack                                                       
20002560  taskAccelStack                                                       
20002d60  ti_sysbios_heaps_HeapMem_Instance_State_0_buf__A                     
20003160  xdc_runtime_SysMin_Module_State_0_outbuf__A                          
20003560  ti_sysbios_family_arm_m3_Hwi_dispatchTable                           
200038c0  uartTivaObjects                                                      
20003b98  __CIOBUF_                                                            
20003d48  i2cTivaObjects                                                       
20003dc8  uartTivaRingBuffer                                                   
20003e08  motorLibPWMObjects                                                   
20003e40  eb                                                                   
20003e70  sContext                                                             
20003e9c  clkSensorParams                                                      
20003ec0  clockAccelerationStruct                                              
20003ee4  clockLightStruct                                                     
20003f08  clockUpdateGraph                                                     
20003f2c  clockUpdateTime                                                      
20003f50  uartParams                                                           
20003fd4  maxTime                                                              
20003ff4  minTime                                                              
20004030  semAccelStruct                                                       
2000404c  semLightStruct                                                       
20004068  semStruct                                                            
20004084  gHwiprms                                                             
2000409c  lightBuffer                                                          
200040b4  motorLibPWMTimerObjects                                              
200040cc  accelerationBuffer                                                   
200040e0  evtStruct                                                            
200040f4  valueText                                                            
20004118  av                                                                   
20004124  pui32ADC0Value                                                       
20004138  graphMax                                                             
20004140  graphMin                                                             
20004148  parmbuf                                                              
20004150  SysTicks                                                             
20004154  accel_mag                                                            
20004158  acceleration                                                         
2000415c  acceleration_avg                                                     
20004160  adc0                                                                 
20004164  current                                                              
20004168  data_Graph                                                           
2000416c  delta_rpm                                                            
20004170  delta_time                                                           
20004174  error                                                                
20004178  evtHandle                                                            
2000417c  g_accelerationLimit                                                  
20004180  g_currentLimit                                                       
20004184  g_drawingGraph                                                       
20004188  g_motorSpeed                                                         
2000418c  g_numPlotOverflow                                                    
20004190  g_numPlotPoints                                                      
20004194  g_pi32ParmSet                                                        
2000419c  g_sCurrentPanel                                                      
200041a0  g_ui32SysClock                                                       
200041a4  gateHwi                                                              
200041ac  graphIntMax                                                          
200041b0  graphIntMin                                                          
200041b4  hA                                                                   
200041b8  hB                                                                   
200041bc  hC                                                                   
200041c0  hallA                                                                
200041c4  hallB                                                                
200041c8  hallC                                                                
200041cc  light_i2c                                                            
200041d0  output                                                               
200041d4  previousPoint                                                        
200041d8  rpm_avg                                                              
200041dc  rpm_from_UI                                                          
200041e0  semAccelHandle                                                       
200041e4  semHandle                                                            
200041e8  semLightHandle                                                       
200041ec  t                                                                    
200041f0  uart                                                                 
200041f4  voltage                                                              
200041f8  y_graph_step                                                         
200041fc  g_i16TouchX                                                          
200041fe  g_i16TouchY                                                          
20004200  ThresholdAccel                                                       
20004201  e_event                                                              
20004202  e_stop                                                               
20004203  motorStartedUI                                                       
20004204  motorState                                                           
20004205  print_from_clock                                                     
20004206  running                                                              
20004207  success                                                              
20004208  updateGraph                                                          
2000420c  ti_sysbios_knl_Task_Object__table__V                                 
200042f0  ti_sysbios_knl_Swi_Module_State_0_readyQ__A                          
20004370  motor                                                                
20004374  prevMotor                                                            
20004378  prevSysTick                                                          
2000437c  deltaPos                                                             
20004380  clock_time_mins                                                      
20004384  clock_time_secs                                                      
20004388  rpm_actual                                                           
2000438c  acceleration_sum                                                     
20004390  rpm_prev                                                             
20004394  integral_error                                                       
20004398  rpm_desired                                                          
2000439c  rpm_int                                                              
200043a0  jump                                                                 
200043a4  Kp                                                                   
200043a8  Ki                                                                   
200043ac  clock_count                                                          
200043b0  rpm_sum                                                              
200043b4  min_per_sysTick                                                      
200043b8  rotation                                                             
200043bc  rpm_sum_c                                                            
200043c0  dummy                                                                
200043c4  adc_test                                                             
200043c8  vref                                                                 
200043cc  stepVoltage                                                          
200043d0  shunt                                                                
200043d4  gain                                                                 
200043d8  g_sGraphAcceleration                                                 
20004428  g_sGraphBack                                                         
20004478  g_sGraphExit                                                         
200044c8  g_sGraphLight                                                        
20004518  g_sGraphOption                                                       
20004568  g_sGraphPower                                                        
200045b8  g_sGraphSpeed                                                        
20004608  g_sGraphTitle                                                        
20004658  g_sMotorOption                                                       
200046a8  g_sSetOption                                                         
200046f8  g_sSettingAcceleration                                               
20004748  g_sSettingBack                                                       
20004798  g_sSettingCurrent                                                    
200047e8  g_sSettingDecrease                                                   
20004838  g_sSettingExit                                                       
20004888  g_sSettingIncrease                                                   
200048d8  g_sSettingSpeed                                                      
20004928  g_sSettingTitle                                                      
20004978  g_sSettingValue                                                      
200049c8  ti_sysbios_knl_Task_Module__state__V                                 
20004a0c  g_sGraph                                                             
20004a4c  g_sGraphPage                                                         
20004a8c  g_sGraphsMainPage                                                    
20004acc  g_sMainPage                                                          
20004b0c  g_sSettingPage                                                       
20004b4c  g_sSettingsMainPage                                                  
20004b8c  ti_sysbios_family_arm_lm4_Timer_Module_State_0_device__A             
20004bcc  ti_sysbios_family_arm_lm4_Timer_Object__table__V                     
20004c0c  ti_sysbios_gates_GateMutex_Object__table__V                          
20004c44  ti_sysbios_family_arm_m3_Hwi_Module__state__V                        
20004c78  ti_sysbios_family_arm_m3_Hwi_Object__table__V                        
20004ca8  ti_sysbios_knl_Swi_Object__table__V                                  
20004cd8  g_sRoot                                                              
20004d06  ti_sysbios_family_arm_m3_Hwi_Module_State_0_excActive__A             
20004d08  ti_sysbios_knl_Clock_Module__state__V                                
20004d58  ti_sysbios_BIOS_Module__state__V                                     
20004d7c  gpioPinConfigs                                                       
20004d9c  ti_sysbios_family_arm_lm4_Timer_Module_State_0_handles__A            
20004dbc  ti_sysbios_knl_Task_Module_State_0_readyQ__A                         
20004ddc  ti_sysbios_knl_Swi_Module__state__V                                  
20004e10  ti_sysbios_heaps_HeapMem_Object__table__V                            
20004e28  x_graph_step                                                         
20004e2c  x_graph_start                                                        
20004e30  y_graph_start                                                        
20004e34  y_graph_max                                                          
20004e38  y_graph_end                                                          
20004e3c  _tz                                                                  
20004e4c  ti_sysbios_family_arm_lm4_Timer_Module__state__V                     
20004e58  xdc_runtime_SysMin_Module__state__V                                  
20004e64  _lock                                                                
20004e68  _unlock                                                              
20004e6c  gpioCallbackFunctions                                                
20004e74  ti_sysbios_family_arm_m3_Hwi_Module__root__V                         
20004e7c  ti_sysbios_gates_GateHwi_Module__root__V                             
20004e84  ti_sysbios_gates_GateMutex_Module__root__V                           
20004e8c  ti_sysbios_hal_Hwi_Module__root__V                                   
20004e94  ti_sysbios_heaps_HeapMem_Module__root__V                             
20004e9c  ti_sysbios_knl_Clock_Module__root__V                                 
20004ea4  ti_sysbios_knl_Event_Module__root__V                                 
20004eac  ti_sysbios_knl_Queue_Module__root__V                                 
20004eb4  ti_sysbios_knl_Semaphore_Module__root__V                             
20004ebc  ti_sysbios_knl_Task_Module__root__V                                  
20004ec4  xdc_runtime_Registry_Module__state__V                                
20004ecc  xdc_runtime_Startup_Module__state__V                                 
20004ed4  xdc_runtime_System_Module_State_0_atexitHandlers__A                  
20004edc  xdc_runtime_System_Module__state__V                                  
20004eea  xdc_runtime_Error_Module__state__V                                   
20004eec  triggerThreshold                                                     
20004f00  errno                                                                
20004f04  main_func_sp                                                         
20004f08  ti_sysbios_family_arm_m3_Hwi_Module_State_0_excContext__A            
20004f0c  ti_sysbios_family_arm_m3_Hwi_Module_State_0_excStack__A              
20004f10  ti_sysbios_gates_GateHwi_Object__table__V                            
20004f14  ti_sysbios_knl_Task_Module_State_0_idleTask__A                       
20004f18  g_i16TouchMin                                                        
20004f1c  xdc_runtime_Memory_Module__state__V                                  
20004f20  __stack                                                              
20005220  __STACK_END                                                          
e000e000  ti_sysbios_family_arm_m3_Hwi_nvic                                    
ffffffff  __TI_pprof_out_hndl                                                  
ffffffff  __TI_prof_data_size                                                  
ffffffff  __TI_prof_data_start                                                 
ffffffff  __binit__                                                            
ffffffff  __c_args__                                                           
ffffffff  binit                                                                
UNDEFED   SHT$$INIT_ARRAY$$Base                                                
UNDEFED   SHT$$INIT_ARRAY$$Limit                                               

[1050 symbols]
