******************************************************************************
                  TI ARM Linker PC v20.2.4                     
******************************************************************************
>> Linked Sat May 29 12:41:27 2021

OUTPUT FILE NAME:   <empty_EK_TM4C1294XL_TI.out>
ENTRY POINT SYMBOL: "_c_int00"  address: 0000833d


MEMORY CONFIGURATION

         name            origin    length      used     unused   attr    fill
----------------------  --------  ---------  --------  --------  ----  --------
  FLASH                 00000000   00100000  0000e2f6  000f1d0a  R  X
  SRAM                  20000000   00040000  00002929  0003d6d7  RW X


SEGMENT ALLOCATION MAP

run origin  load origin   length   init length attrs members
----------  ----------- ---------- ----------- ----- -------
00000000    00000000    0000e300   0000e300    r-x
  00000000    00000000    0000003c   0000003c    r-- .resetVecs
  00000040    00000040    0000a89a   0000a89a    r-x .text
  0000a8dc    0000a8dc    00003668   00003668    r-- .const
  0000df48    0000df48    000003b8   000003b8    r-- .cinit
20000000    20000000    00002930   00000000    rw-
  20000000    20000000    00000360   00000000    rw- .vecs
  20000360    20000360    000016e1   00000000    rw- .bss
  20001a44    20001a44    00000be8   00000000    rw- .data
  20002630    20002630    00000300   00000000    rw- .stack


SECTION ALLOCATION MAP

 output                                  attributes/
section   page    origin      length       input sections
--------  ----  ----------  ----------   ----------------
.text      0    00000040    0000a89a     
                  00000040    00000a4e     rtsv7M4_T_le_v4SPD16_eabi.lib : _printfi.c.obj (.text:__TI_printfi)
                  00000a8e    00000002                                   : _lock.c.obj (.text:_nop)
                  00000a90    00000430     sysbios.aem4f : BIOS.obj (.text:ti_sysbios_family_arm_m3_Hwi_excDumpRegs__I)
                  00000ec0    00000374     grlib.lib : image.obj (.text:InternalImageDraw)
                  00001234    0000034c     ti.targets.arm.rtsarm.aem4f : System.oem4f (.text:xdc_runtime_System_doPrint__I)
                  00001580    000002f8     grlib.lib : image.obj (.text:PixelTransparentDraw)
                  00001878    000002d0     sysbios.aem4f : BIOS.obj (.text:ti_sysbios_knl_Semaphore_pend__E)
                  00001b48    00000270     rtsv7M4_T_le_v4SPD16_eabi.lib : _printfi.c.obj (.text:_pconv_a)
                  00001db8    0000026c     sysbios.aem4f : BIOS.obj (.text:ti_sysbios_heaps_HeapMem_free__E)
                  00002024    00000268     touch.obj (.text:TouchScreenDebouncer)
                  0000228c    00000254     grlib.lib : string.obj (.text:GrFontGlyphRender)
                  000024e0    00000250     sysbios.aem4f : BIOS.obj (.text:ti_sysbios_heaps_HeapMem_alloc__E)
                  00002730    00000234                   : BIOS.obj (.text:ti_sysbios_knl_Task_Instance_finalize__E)
                  00002964    00000204     driverlib.lib : sysctl.obj (.text:SysCtlClockFreqSet)
                  00002b68    00000204     Boot.aem4f : Boot_sysctl.oem4f (.text:ti_catalog_arm_cortexm4_tiva_ce_Boot_sysCtlClockFreqSetI__I)
                  00002d6c    00000004     driverlib.lib : i2c.obj (.text:I2CMasterControl)
                  00002d70    000001f4     sysbios.aem4f : BIOS.obj (.text:ti_sysbios_family_arm_m3_Hwi_excHandlerMax__I)
                  00002f64    000001e4     Kentec320x240x16_ssd2119_spi.obj (.text:Kentec320x240x16_SSD2119Init)
                  00003148    000001dc     Kentec320x240x16_ssd2119_spi.obj (.text:Kentec320x240x16_SSD2119PixelDrawMultiple)
                  00003324    000001d0     rtsv7M4_T_le_v4SPD16_eabi.lib : _printfi.c.obj (.text:_pconv_g)
                  000034f4    00000004     driverlib.lib : i2c.obj (.text:I2CMasterDataGet)
                  000034f8    000001c0     sysbios.aem4f : BIOS.obj (.text:ti_sysbios_knl_Task_Instance_init__E)
                  000036b8    000001b6     rtsv7M4_T_le_v4SPD16_eabi.lib : fd_add_t2.asm.obj (.text)
                  0000386e    00000002                                   : div0.asm.obj (.text)
                  00003870    000001a4     pinout.obj (.text:PinoutSet)
                  00003a14    00000190     grlib.lib : canvas.obj (.text:CanvasPaint)
                  00003ba4    0000017e               : pushbutton.obj (.text:RectangularButtonPaint)
                  00003d22    00000002     empty_pem4f.oem4f (.text:ti_sysbios_BIOS_nullFunc__I)
                  00003d24    00000178     touch.obj (.text:TouchScreenIntHandler)
                  00003e9c    00000004     driverlib.lib : i2c.obj (.text:I2CMasterDataPut)
                  00003ea0    00000174     sysbios.aem4f : BIOS.obj (.text:ti_sysbios_family_arm_m3_Hwi_excBusFault__I)
                  00004014    00000004     grlib.lib : widget.obj (.text:WidgetDefaultMsgProc)
                  00004018    00000164     sysbios.aem4f : BIOS.obj (.text:ti_sysbios_family_arm_m3_Hwi_excUsageFault__I)
                  0000417c    00000158     grlib_demo.obj (.text:initWidgets)
                  000042d4    00000150     drivers_tivaware.aem4f : GPIOTiva.oem4f (.text:GPIO_setConfig)
                  00004424    00000150     grlib_demo.obj (.text:OnGraphsPage)
                  00004574    00000004     rtsv7M4_T_le_v4SPD16_eabi.lib : exit.c.obj (.text:abort:abort)
                  00004578    00000148     sysbios.aem4f : BIOS.obj (.text:ti_sysbios_family_arm_m3_Hwi_excMemFault__I)
                  000046c0    0000013c     rtsv7M4_T_le_v4SPD16_eabi.lib : _printfi.c.obj (.text:_pconv_e)
                  000047fc    00000004     empty_pem4f.oem4f (.text:ti_sysbios_BIOS_RtsGateProxy_enter__E)
                  00004800    0000013c     sysbios.aem4f : BIOS.obj (.text:ti_sysbios_heaps_HeapMem_Instance_init__E)
                  0000493c    00000136     rtsv7M4_T_le_v4SPD16_eabi.lib : fd_div_t2.asm.obj (.text)
                  00004a72    00000006     driverlib.lib : gpio.obj (.text:GPIOIntClear)
                  00004a78    00000134     sysbios.aem4f : BIOS.obj (.text:ti_sysbios_family_arm_lm4_Timer_start__E)
                  00004bac    00000130     driverlib.lib : gpio.obj (.text:GPIOPadConfigSet)
                  00004cdc    00000124     rtsv7M4_T_le_v4SPD16_eabi.lib : _printfi.c.obj (.text:fcvt)
                  00004e00    0000011c     grlib_demo.obj (.text:OnSettingsPage)
                  00004f1c    00000118     ti.targets.arm.rtsarm.aem4f : Error.oem4f (.text:xdc_runtime_Error_policyDefault__E)
                  00005034    00000110     rtsv7M4_T_le_v4SPD16_eabi.lib : s_scalbn.c.obj (.text:scalbn)
                  00005144    0000010c     Kentec320x240x16_ssd2119_spi.obj (.text:Kentec320x240x16_SSD2119RectFill)
                  00005250    0000010c     touch.obj (.text:TouchScreenInit)
                  0000535c    00000106     grlib.lib : line.obj (.text:GrLineDraw)
                  00005462    00000002     empty_pem4f.oem4f (.text:xdc_runtime_Startup_reset__I)
                  00005464    00000100     ti.targets.arm.rtsarm.aem4f : Core-mem.oem4f (.text:xdc_runtime_Core_createObject__I)
                  00005564    000000fc     rtsv7M4_T_le_v4SPD16_eabi.lib : fd_mul_t2.asm.obj (.text)
                  00005660    000000f8     empty.obj (.text:main)
                  00005758    000000f8     ti.targets.arm.rtsarm.aem4f : Startup.oem4f (.text:xdc_runtime_Startup_startMods__I)
                  00005850    000000f8     empty_pem4f.oem4f (.text:xdc_runtime_System_printfExtend__I)
                  00005948    000000f4     sysbios.aem4f : m3_Hwi_asm.obj (.text:ti_sysbios_family_arm_m3_Hwi_dispatch__I)
                  00005a3c    000000f2     grlib.lib : pushbutton.obj (.text:RectangularButtonClick)
                  00005b2e    00000002     --HOLE-- [fill = 0]
                  00005b30    000000ec     sysbios.aem4f : BIOS.obj (.text:ti_sysbios_knl_Semaphore_post__E)
                  00005c1c    000000e8     grlib.lib : widget.obj (.text:WidgetMessageQueueAdd)
                  00005d04    000000e0     drivers_tivaware.aem4f : I2CTiva.oem4f (.text:I2CTiva_open)
                  00005de4    000000d6                            : I2CTiva.oem4f (.text:I2CTiva_hwiFxn)
                  00005eba    00000002     --HOLE-- [fill = 0]
                  00005ebc    000000cc     ti.targets.arm.rtsarm.aem4f : Core-smem.oem4f (.text:xdc_runtime_Core_constructObject__I)
                  00005f88    000000c0     grlib.lib : string.obj (.text:GrDefaultStringRenderer)
                  00006048    000000bc     sysbios.aem4f : BIOS.obj (.text:ti_sysbios_family_arm_m3_Hwi_excDebugMon__I)
                  00006104    00000004     empty_pem4f.oem4f (.text:ti_sysbios_BIOS_RtsGateProxy_leave__E)
                  00006108    000000bc     sysbios.aem4f : BIOS.obj (.text:ti_sysbios_family_arm_m3_Hwi_excHardFault__I)
                  000061c4    000000b8     EK_TM4C1294XL.obj (.text:EK_TM4C1294XL_initGeneral)
                  0000627c    000000b8     grlib.lib : line.obj (.text:GrLineClip)
                  00006334    000000b8     Kentec320x240x16_ssd2119_spi.obj (.text:InitSPILCDInterface)
                  000063ec    000000b4     grlib.lib : widget.obj (.text:WidgetMessageSendPostOrder)
                  000064a0    000000b4     sysbios.aem4f : BIOS.obj (.text:ti_sysbios_gates_GateMutex_enter__E)
                  00006554    00000004                   : BIOS.obj (.text:ti_sysbios_family_arm_lm4_Timer_masterEnable__I)
                  00006558    000000b4                   : BIOS.obj (.text:ti_sysbios_knl_Task_checkStacks__E)
                  0000660c    000000b1     rtsv7M4_T_le_v4SPD16_eabi.lib : _printfi.c.obj (.text:_ltostr)
                  000066bd    00000003     --HOLE-- [fill = 0]
                  000066c0    000000ac     sysbios.aem4f : BIOS.obj (.text:ti_sysbios_family_arm_lm4_Timer_enableTiva__I)
                  0000676c    00000004     empty_pem4f.oem4f (.text:ti_sysbios_family_arm_m3_Hwi_destruct)
                  00006770    000000a8     sysbios.aem4f : BIOS.obj (.text:ti_sysbios_family_arm_lm4_Timer_enableTimers__I)
                  00006818    000000a8                   : BIOS.obj (.text:ti_sysbios_knl_Task_postInit__I)
                  000068c0    000000a0     auto_init.aem4f : auto_init.oem4f (.text)
                  00006960    000000a0     ti.targets.arm.rtsarm.aem4f : Text.oem4f (.text:xdc_runtime_Text_putMod__E)
                  00006a00    0000009c     rtsv7M4_T_le_v4SPD16_eabi.lib : memcpy_t2.asm.obj (.text)
                  00006a9c    00000004     empty_pem4f.oem4f (.text:ti_sysbios_family_arm_m3_TaskSupport_Module__startupDone__S)
                  00006aa0    0000009c     sysbios.aem4f : BIOS.obj (.text:ti_sysbios_knl_Semaphore_Instance_init__E)
                  00006b3c    0000009a     ti.targets.arm.rtsarm.aem4f : Text.oem4f (.text:xdc_runtime_Text_putSite__E)
                  00006bd6    00000002     --HOLE-- [fill = 0]
                  00006bd8    00000098     grlib_demo.obj (.text:drawGraph)
                  00006c70    00000098     Boot.aem4f : Boot.oem4f (.text:ti_catalog_arm_cortexm4_tiva_ce_Boot_sysCtlClockFreqSet__E)
                  00006d08    00000096     rtsv7M4_T_le_v4SPD16_eabi.lib : ull_div_t2.asm.obj (.text)
                  00006d9e    00000002     --HOLE-- [fill = 0]
                  00006da0    00000094     sysbios.aem4f : BIOS.obj (.text:ti_sysbios_family_arm_m3_Hwi_Instance_init__E)
                  00006e34    00000004     empty_pem4f.oem4f (.text:ti_sysbios_heaps_HeapMem_Module_GateProxy_enter__E)
                  00006e38    00000094     sysbios.aem4f : BIOS.obj (.text:ti_sysbios_family_arm_m3_Hwi_initNVIC__E)
                  00006ecc    0000008c     drivers_tivaware.aem4f : GPIOTiva.oem4f (.text:GPIO_init)
                  00006f58    0000008c     grlib_demo.obj (.text:OnIncrease)
                  00006fe4    0000008c     sysbios.aem4f : m3_TaskSupport_asm.obj (.text:ti_sysbios_family_arm_m3_TaskSupport_buildTaskStack)
                  00007070    00000088     grlib_demo.obj (.text:OnDecrease)
                  000070f8    00000086     grlib.lib : rectangle.obj (.text:GrRectFill)
                  0000717e    00000086     rtsv7M4_T_le_v4SPD16_eabi.lib : fd_cmp_t2.asm.obj (.text:__aeabi_cdcmple)
                  00007204    00000086                                   : fd_cmp_t2.asm.obj (.text:__aeabi_cdrcmple)
                  0000728a    00000006     driverlib.lib : gpio.obj (.text:GPIOPinRead)
                  00007290    00000084     sysbios.aem4f : BIOS.obj (.text:ti_sysbios_family_arm_m3_Hwi_postInit__I)
                  00007314    0000007e     drivers_tivaware.aem4f : I2CTiva.oem4f (.text:I2CTiva_transfer)
                  00007392    0000007a     driverlib.lib : adc.obj (.text:ADCSequenceStepConfigure)
                  0000740c    0000007a     rtsv7M4_T_le_v4SPD16_eabi.lib : memset_t2.asm.obj (.text)
                  00007486    00000002     --HOLE-- [fill = 0]
                  00007488    00000070     grlib_demo.obj (.text:initUI)
                  000074f8    00000070     sysbios.aem4f : BIOS.obj (.text:ti_sysbios_knl_Clock_workFunc__E)
                  00007568    00000070                   : BIOS.obj (.text:ti_sysbios_knl_Task_exit__E)
                  000075d8    0000006e     rtsv7M4_T_le_v4SPD16_eabi.lib : _printfi.c.obj (.text:_mcpy)
                  00007646    00000002     --HOLE-- [fill = 0]
                  00007648    0000006d     ti.targets.arm.rtsarm.aem4f : System.oem4f (.text:xdc_runtime_System_formatNum__I)
                  000076b5    00000003     --HOLE-- [fill = 0]
                  000076b8    0000006c     sysbios.aem4f : BIOS.obj (.text:ti_sysbios_knl_Swi_restoreHwi__E)
                  00007724    0000006c     ti.targets.arm.rtsarm.aem4f : Error.oem4f (.text:xdc_runtime_Error_print__E)
                  00007790    0000006c                                 : Memory.oem4f (.text:xdc_runtime_Memory_alloc__E)
                  000077fc    00000068     EK_TM4C1294XL.obj (.text:EK_TM4C1294XL_initI2C)
                  00007864    00000068     grlib.lib : context.obj (.text:GrContextInit)
                  000078cc    00000068               : string.obj (.text:GrStringWidthGet)
                  00007934    00000068     driverlib.lib : interrupt.obj (.text:IntEnable)
                  0000799c    00000068     Kentec320x240x16_ssd2119_spi.obj (.text:Kentec320x240x16_SSD2119LineDrawH)
                  00007a04    00000068     Kentec320x240x16_ssd2119_spi.obj (.text:Kentec320x240x16_SSD2119LineDrawV)
                  00007a6c    00000068     rtsv7M4_T_le_v4SPD16_eabi.lib : copy_decompress_lzss.c.obj (.text:decompress:lzss:__TI_decompress_lzss)
                  00007ad4    00000066     grlib.lib : context.obj (.text:GrContextClipRegionSet)
                  00007b3a    00000066               : rectangle.obj (.text:GrRectDraw)
                  00007ba0    00000066     ti.targets.arm.rtsarm.aem4f : Core-mem.oem4f (.text:xdc_runtime_Core_deleteObject__I)
                  00007c06    00000002     --HOLE-- [fill = 0]
                  00007c08    00000064     drivers_tivaware.aem4f : GPIOTiva.oem4f (.text:GPIO_hwiIntFxn)
                  00007c6c    00000064     grlib.lib : widget.obj (.text:WidgetMessageQueueProcess)
                  00007cd0    00000064     rtsv7M4_T_le_v4SPD16_eabi.lib : s_frexp.c.obj (.text:frexp)
                  00007d34    00000004     empty_pem4f.oem4f (.text:ti_sysbios_heaps_HeapMem_Module_GateProxy_leave__E)
                  00007d38    00000064     sysbios.aem4f : BIOS.obj (.text:ti_sysbios_family_arm_lm4_Timer_Module_startup__E)
                  00007d9c    00000064     empty_pem4f.oem4f (.text:ti_sysbios_family_arm_m3_Hwi_create)
                  00007e00    00000064     sysbios.aem4f : BIOS.obj (.text:ti_sysbios_family_arm_m3_Hwi_dispatchC__I)
                  00007e64    00000062     drivers_tivaware.aem4f : I2CTiva.oem4f (.text:I2CTiva_primeTransfer)
                  00007ec6    00000002     --HOLE-- [fill = 0]
                  00007ec8    00000060     driverlib.lib : timer.obj (.text:TimerConfigure)
                  00007f28    00000060     Kentec320x240x16_ssd2119_spi.obj (.text:WriteDataSPI)
                  00007f88    00000060     sysbios.aem4f : BIOS.obj (.text:ti_sysbios_family_arm_lm4_Timer_isrStub__E)
                  00007fe8    00000060                   : BIOS.obj (.text:ti_sysbios_knl_Task_schedule__I)
                  00008048    0000005e     grlib.lib : widget.obj (.text:WidgetMessageSendPreOrder)
                  000080a6    00000002     --HOLE-- [fill = 0]
                  000080a8    0000005c     Kentec320x240x16_ssd2119_spi.obj (.text:WriteCommandSPI)
                  00008104    00000004     empty_pem4f.oem4f (.text:ti_sysbios_knl_Clock_TimerProxy_getMaxTicks__E)
                  00008108    0000005c     sysbios.aem4f : BIOS.obj (.text:ti_sysbios_knl_Swi_run__I)
                  00008164    00000004     empty_pem4f.oem4f (.text:ti_sysbios_knl_Queue_destruct)
                  00008168    0000005c     sysbios.aem4f : BIOS.obj (.text:ti_sysbios_knl_Swi_schedule__I)
                  000081c4    00000004     empty_pem4f.oem4f (.text:ti_sysbios_knl_Semaphore_destruct)
                  000081c8    0000005c     sysbios.aem4f : BIOS.obj (.text:ti_sysbios_knl_Task_Module_startup__E)
                  00008224    00000004     ti.targets.arm.rtsarm.aem4f : Error.oem4f (.text:xdc_runtime_Error_getSite__E)
                  00008228    0000005c     sysbios.aem4f : BIOS.obj (.text:ti_sysbios_knl_Task_startCore__E)
                  00008284    0000005b     ti.targets.arm.rtsarm.aem4f : Text.oem4f (.text:xdc_runtime_Text_putLab__E)
                  000082df    00000001     --HOLE-- [fill = 0]
                  000082e0    0000005a     grlib.lib : string.obj (.text:FontWideGlyphDataGet)
                  0000833a    00000002     --HOLE-- [fill = 0]
                  0000833c    00000058     boot.aem4f : boot.oem4f (.text)
                  00008394    00000058     rtsv7M4_T_le_v4SPD16_eabi.lib : hostwrite.c.obj (.text:HOSTwrite)
                  000083ec    00000058     grlib_demo.obj (.text:OnGraphsMain)
                  00008444    00000058     driverlib.lib : timer.obj (.text:TimerControlTrigger)
                  0000849c    00000058     empty_pem4f.oem4f (.text:ti_sysbios_family_arm_m3_Hwi_construct)
                  000084f4    00000058     sysbios.aem4f : m3_Hwi_asm_switch.obj (.text:ti_sysbios_family_arm_m3_Hwi_initStacks__E)
                  0000854c    00000056     driverlib.lib : gpio.obj (.text:GPIOIntTypeSet)
                  000085a2    00000056     rtsv7M4_T_le_v4SPD16_eabi.lib : _printfi.c.obj (.text:_pconv_f)
                  000085f8    00000054                                   : _ltoa.c.obj (.text:__TI_ltoa)
                  0000864c    00000054     empty_pem4f.oem4f (.text:ti_sysbios_knl_Task_construct)
                  000086a0    00000054     ti.targets.arm.rtsarm.aem4f : Assert.oem4f (.text:xdc_runtime_Assert_raise__I)
                  000086f4    00000052     rtsv7M4_T_le_v4SPD16_eabi.lib : _printfi.c.obj (.text:_ecpy)
                  00008746    00000002     --HOLE-- [fill = 0]
                  00008748    00000050     drivers_tivaware.aem4f : GPIOTiva.oem4f (.text:GPIO_setCallback)
                  00008798    00000050                            : GPIOTiva.oem4f (.text:GPIO_toggle)
                  000087e8    00000050                            : GPIOTiva.oem4f (.text:GPIO_write)
                  00008838    00000050     Boot.aem4f : Boot_sysctl.oem4f (.text:_SysCtlFrequencyGet)
                  00008888    00000050     sysbios.aem4f : BIOS.obj (.text:ti_sysbios_family_arm_m3_Hwi_Module_startup__E)
                  000088d8    00000050     ti.targets.arm.rtsarm.aem4f : Startup.oem4f (.text:xdc_runtime_Startup_exec__E)
                  00008928    00000050                                 : Text.oem4f (.text:xdc_runtime_Text_visitRope2__I)
                  00008978    0000004c     grlib.lib : widget.obj (.text:WidgetRemove)
                  000089c4    0000004c     rtsv7M4_T_le_v4SPD16_eabi.lib : atoi.c.obj (.text:atoi)
                  00008a10    0000004c                                   : cpy_tbl.c.obj (.text:copy_in)
                  00008a5c    0000004c     grlib_demo.obj (.text:drawSettingValue)
                  00008aa8    0000004c     sysbios.aem4f : BIOS.obj (.text:ti_sysbios_heaps_HeapMem_getStats__E)
                  00008af4    00000004     empty_pem4f.oem4f (.text:xdc_runtime_System_Module_GateProxy_enter__E)
                  00008af8    0000004c     sysbios.aem4f : BIOS.obj (.text:ti_sysbios_knl_Swi_runLoop__I)
                  00008b44    00000004     empty_pem4f.oem4f (.text:xdc_runtime_System_Module_GateProxy_leave__E)
                  00008b48    0000004c     sysbios.aem4f : BIOS.obj (.text:ti_sysbios_knl_Task_allBlockedFunction__I)
                  00008b94    0000004a     grlib.lib : string.obj (.text:UpdateContextCharMapping)
                  00008bde    00000002     --HOLE-- [fill = 0]
                  00008be0    00000048     driverlib.lib : gpio.obj (.text:GPIOPinConfigure)
                  00008c28    00000048                   : i2c.obj (.text:I2CMasterInitExpClk)
                  00008c70    00000048                   : sysctl.obj (.text:_SysCtlFrequencyGet)
                  00008cb8    00000048     rtsv7M4_T_le_v4SPD16_eabi.lib : fd_toi_t2.asm.obj (.text)
                  00008d00    00000048     sysbios.aem4f : BIOS.obj (.text:ti_sysbios_family_arm_m3_Hwi_disableInterrupt__E)
                  00008d48    00000048                   : BIOS.obj (.text:ti_sysbios_family_arm_m3_Hwi_enableInterrupt__E)
                  00008d90    00000048                   : BIOS.obj (.text:ti_sysbios_family_arm_m3_Hwi_excReserved__I)
                  00008dd8    00000046     grlib.lib : line.obj (.text:GrLineDrawH)
                  00008e1e    00000046               : line.obj (.text:GrLineDrawV)
                  00008e64    00000046     Kentec320x240x16_ssd2119_spi.obj (.text:Kentec320x240x16_SSD2119PixelDraw)
                  00008eaa    00000046     ti.targets.arm.rtsarm.aem4f : Core-params.oem4f (.text:xdc_runtime_Core_assignParams__I)
                  00008ef0    00000044     sysbios.aem4f : BIOS.obj (.text:ti_sysbios_family_arm_m3_Hwi_getStackInfo__E)
                  00008f34    00000004     ti.targets.arm.rtsarm.aem4f : System.oem4f (.text:xdc_runtime_System_aprintf_va__F)
                  00008f38    00000044     sysbios.aem4f : BIOS.obj (.text:ti_sysbios_knl_Swi_post__E)
                  00008f7c    00000044     ti.targets.arm.rtsarm.aem4f : Error.oem4f (.text:xdc_runtime_Error_setX__E)
                  00008fc0    00000044                                 : SysMin.oem4f (.text:xdc_runtime_SysMin_flush__E)
                  00009004    00000044                                 : Text.oem4f (.text:xdc_runtime_Text_xprintf__I)
                  00009048    00000040     grlib_demo.obj (.text:OnMainMenu)
                  00009088    00000040     grlib_demo.obj (.text:OnSettingsMain)
                  000090c8    00000040     rtsv7M4_T_le_v4SPD16_eabi.lib : u_divt2.asm.obj (.text)
                  00009108    00000040                                   : sprintf.c.obj (.text:sprintf)
                  00009148    00000040     sysbios.aem4f : BIOS.obj (.text:ti_sysbios_family_arm_lm4_Timer_startup__E)
                  00009188    0000003e     driverlib.lib : adc.obj (.text:ADCSequenceConfigure)
                  000091c6    0000003e     rtsv7M4_T_le_v4SPD16_eabi.lib : _printfi.c.obj (.text:_fcpy)
                  00009204    0000003c     driverlib.lib : ssi.obj (.text:SSIConfigSetExpClk)
                  00009240    0000003c     sysbios.aem4f : BIOS.obj (.text:ti_sysbios_family_arm_m3_Hwi_excSvCall__I)
                  0000927c    00000004     ti.targets.arm.rtsarm.aem4f : System.oem4f (.text:xdc_runtime_System_printf_va__F)
                  00009280    0000003c     sysbios.aem4f : BIOS.obj (.text:ti_sysbios_heaps_HeapMem_init__I)
                  000092bc    00000004     --HOLE-- [fill = 0]
                  000092c0    0000003c                   : BIOS.obj (.text:ti_sysbios_knl_Swi_restore__E)
                  000092fc    0000003a     grlib.lib : string.obj (.text:FontGlyphDataGet)
                  00009336    0000003a     drivers_tivaware.aem4f : I2CTiva.oem4f (.text:I2CTiva_completeTransfer)
                  00009370    00000038                            : I2C.oem4f (.text:I2C_init)
                  000093a8    00000038     rtsv7M4_T_le_v4SPD16_eabi.lib : trgmsg.c.obj (.text:__TI_writemsg)
                  000093e0    00000038     sysbios.aem4f : BIOS.obj (.text:ti_sysbios_family_arm_m3_Hwi_excNoIsr__I)
                  00009418    00000038                   : BIOS.obj (.text:ti_sysbios_knl_Task_processVitalTaskFlag__I)
                  00009450    00000038     ti.targets.arm.rtsarm.aem4f : SysMin.oem4f (.text:xdc_runtime_SysMin_putch__E)
                  00009488    00000038                                 : System.oem4f (.text:xdc_runtime_System_atexit__E)
                  000094c0    00000036     grlib.lib : line.obj (.text:GrClipCodeGet)
                  000094f6    00000036     drivers_tivaware.aem4f : I2CTiva.oem4f (.text:I2CTiva_close)
                  0000952c    00000034     driverlib.lib : sysctl.obj (.text:SysCtlPeripheralEnable)
                  00009560    00000034     rtsv7M4_T_le_v4SPD16_eabi.lib : trgmsg.c.obj (.text:__TI_readmsg)
                  00009594    00000004     --HOLE-- [fill = 0]
                  00009598    00000034     sysbios.aem4f : BIOS.obj (.text:ti_sysbios_family_arm_m3_Hwi_Instance_finalize__E)
                  000095cc    00000004     --HOLE-- [fill = 0]
                  000095d0    00000034                   : BIOS.obj (.text:ti_sysbios_family_arm_m3_Hwi_excNmi__I)
                  00009604    00000004     --HOLE-- [fill = 0]
                  00009608    00000034                   : BIOS.obj (.text:ti_sysbios_hal_Hwi_checkStack)
                  0000963c    00000034     ti.targets.arm.rtsarm.aem4f : Core-label.oem4f (.text:xdc_runtime_Core_assignLabel__I)
                  00009670    00000033                                 : Text.oem4f (.text:xdc_runtime_Text_printVisFxn__I)
                  000096a3    00000005     --HOLE-- [fill = 0]
                  000096a8    00000032     sysbios.aem4f : BIOS.obj (.text:ti_sysbios_hal_Hwi_initStack)
                  000096da    00000002     --HOLE-- [fill = 0]
                  000096dc    00000030     grlib_demo.obj (.text:OnGraphAcceleration)
                  0000970c    00000030     empty_pem4f.oem4f (.text:ti_sysbios_BIOS_atExitFunc__I)
                  0000973c    00000004     --HOLE-- [fill = 0]
                  00009740    00000030     sysbios.aem4f : BIOS.obj (.text:ti_sysbios_family_arm_lm4_Timer_stop__E)
                  00009770    00000030                   : BIOS.obj (.text:ti_sysbios_family_arm_m3_TaskSupport_start__E)
                  000097a0    00000030     empty_pem4f.oem4f (.text:ti_sysbios_gates_GateHwi_Object__create__S)
                  000097d0    00000030     empty_pem4f.oem4f (.text:ti_sysbios_gates_GateMutex_Object__create__S)
                  00009800    00000030     empty_pem4f.oem4f (.text:ti_sysbios_heaps_HeapMem_Object__create__S)
                  00009830    00000030     empty_pem4f.oem4f (.text:ti_sysbios_knl_Semaphore_construct)
                  00009860    00000030     sysbios.aem4f : BIOS.obj (.text:ti_sysbios_knl_Semaphore_pendTimeout__I)
                  00009890    00000030                   : BIOS.obj (.text:ti_sysbios_knl_Task_unblockI__E)
                  000098c0    00000030     ti.targets.arm.rtsarm.aem4f : SysMin.oem4f (.text:xdc_runtime_SysMin_abort__E)
                  000098f0    00000030                                 : System.oem4f (.text:xdc_runtime_System_processAtExit__E)
                  00009920    0000002e     grlib.lib : string.obj (.text:GrStringNextCharGet)
                  0000994e    0000002e     rtsv7M4_T_le_v4SPD16_eabi.lib : i_tofd_t2.asm.obj (.text)
                  0000997c    0000002c     grlib.lib : string.obj (.text:GrFontBaselineGet)
                  000099a8    0000002c               : string.obj (.text:GrFontHeightGet)
                  000099d4    0000002c               : pushbutton.obj (.text:RectangularButtonMsgProc)
                  00009a00    0000002c               : widget.obj (.text:WidgetIsInTree)
                  00009a2c    0000002c     empty_pem4f.oem4f (.text:ti_sysbios_knl_Clock_doTick__I)
                  00009a58    0000002c     empty_pem4f.oem4f (.text:ti_sysbios_knl_Queue_construct)
                  00009a84    00000004     --HOLE-- [fill = 0]
                  00009a88    0000002c     sysbios.aem4f : BIOS.obj (.text:ti_sysbios_knl_Task_restore__E)
                  00009ab4    0000002c     ti.targets.arm.rtsarm.aem4f : Text.oem4f (.text:xdc_runtime_Text_cordText__E)
                  00009ae0    0000002a     driverlib.lib : gpio.obj (.text:GPIODirModeSet)
                  00009b0a    0000002a     ti.targets.arm.rtsarm.aem4f : System.oem4f (.text:xdc_runtime_System_putchar__I)
                  00009b34    00000028     Kentec320x240x16_ssd2119_spi.obj (.text:Kentec320x240x16_SSD2119ColorTranslate)
                  00009b5c    00000028     grlib_demo.obj (.text:OnGraphSpeed)
                  00009b84    00000004     --HOLE-- [fill = 0]
                  00009b88    00000028     sysbios.aem4f : BIOS.obj (.text:ti_sysbios_knl_Swi_Module_startup__E)
                  00009bb0    00000026     grlib.lib : string.obj (.text:GrFontInfoGet)
                  00009bd6    00000026     sysbios.aem4f : m3_Hwi_asm.obj (.text:ti_sysbios_family_arm_m3_Hwi_pendSV__I)
                  00009bfc    00000026     ti.targets.arm.rtsarm.aem4f : System.oem4f (.text:xdc_runtime_System_avprintf__E)
                  00009c22    00000002     --HOLE-- [fill = 0]
                  00009c24    00000024     grlib_demo.obj (.text:OnGraphLight)
                  00009c48    00000024     grlib_demo.obj (.text:OnGraphPower)
                  00009c6c    00000024     empty.obj (.text:heartBeatFxn)
                  00009c90    00000024     empty_pem4f.oem4f (.text:ti_sysbios_BIOS_errorRaiseHook__I)
                  00009cb4    00000024     empty_pem4f.oem4f (.text:ti_sysbios_BIOS_registerRTSLock__I)
                  00009cd8    00000024     empty_pem4f.oem4f (.text:ti_sysbios_BIOS_removeRTSLock__I)
                  00009cfc    00000024     empty_pem4f.oem4f (.text:ti_sysbios_BIOS_startFunc__I)
                  00009d20    00000024     empty_pem4f.oem4f (.text:ti_sysbios_gates_GateMutex_Object__delete__S)
                  00009d44    00000004     --HOLE-- [fill = 0]
                  00009d48    00000024     sysbios.aem4f : BIOS.obj (.text:ti_sysbios_knl_Clock_Module_startup__E)
                  00009d6c    00000004     --HOLE-- [fill = 0]
                  00009d70    00000024                   : BIOS.obj (.text:ti_sysbios_knl_Task_restoreHwi__E)
                  00009d94    00000024     ti.targets.arm.rtsarm.aem4f : System.oem4f (.text:xdc_runtime_System_vprintf__E)
                  00009db8    00000022     grlib.lib : string.obj (.text:GrFontGlyphDataGet)
                  00009dda    00000006     driverlib.lib : gpio.obj (.text:GPIOPinWrite)
                  00009de0    00000022     sysbios.aem4f : BIOS.obj (.text:ti_sysbios_family_arm_lm4_Timer_write__I)
                  00009e02    00000022     empty_pem4f.oem4f (.text:xdc_runtime_SysMin_output__I)
                  00009e24    00000020     Boot.aem4f : Boot_sysctl.oem4f (.text:_SysCtlMemTimingGet)
                  00009e44    00000020     empty_pem4f.oem4f (.text:ti_sysbios_BIOS_rtsLock__I)
                  00009e64    00000020     sysbios.aem4f : m3_Hwi_asm.obj (.text:ti_sysbios_family_arm_m3_Hwi_excHandlerAsm__I)
                  00009e84    00000004     --HOLE-- [fill = 0]
                  00009e88    00000020                   : BIOS.obj (.text:ti_sysbios_family_arm_m3_Hwi_excHandler__I)
                  00009ea8    00000020     empty_pem4f.oem4f (.text:ti_sysbios_gates_GateHwi_Object__delete__S)
                  00009ec8    00000020     empty_pem4f.oem4f (.text:ti_sysbios_heaps_HeapMem_Object__delete__S)
                  00009ee8    00000020     sysbios.aem4f : BIOS.obj (.text:ti_sysbios_knl_Idle_run__E)
                  00009f08    00000020     empty_pem4f.oem4f (.text:ti_sysbios_knl_Semaphore_Object__destruct__S)
                  00009f28    00000020     ti.targets.arm.rtsarm.aem4f : Registry.oem4f (.text:xdc_runtime_Registry_findById__E)
                  00009f48    00000020                                 : SysMin.oem4f (.text:xdc_runtime_SysMin_Module_startup__E)
                  00009f68    0000001e     grlib.lib : string.obj (.text:GrFontCodepageGet)
                  00009f86    0000001e               : widget.obj (.text:WidgetAdd)
                  00009fa4    0000001e     sysbios.aem4f : m3_Hwi_asm_switch.obj (.text:ti_sysbios_family_xxx_Hwi_switchAndRunFunc)
                  00009fc2    00000002     --HOLE-- [fill = 0]
                  00009fc4    0000001c     grlib.lib : widget.obj (.text:WidgetPointerMessage)
                  00009fe0    0000001c     driverlib.lib : sysctl.obj (.text:_SysCtlMemTimingGet)
                  00009ffc    0000001c     drivers_tivaware.aem4f : GPIOTiva.oem4f (.text:getGpioIntIndex)
                  0000a018    0000001c     rtsv7M4_T_le_v4SPD16_eabi.lib : memccpy.c.obj (.text:memccpy)
                  0000a034    0000001c     empty_pem4f.oem4f (.text:ti_sysbios_family_arm_m3_Hwi_Object__destruct__S)
                  0000a050    0000001c     sysbios.aem4f : BIOS.obj (.text:ti_sysbios_gates_GateMutex_Instance_init__E)
                  0000a06c    0000001c     empty_pem4f.oem4f (.text:ti_sysbios_knl_Queue_Object__destruct__S)
                  0000a088    0000001c     sysbios.aem4f : BIOS.obj (.text:ti_sysbios_knl_Task_enter__I)
                  0000a0a4    0000001c     ti.targets.arm.rtsarm.aem4f : Error.oem4f (.text:xdc_runtime_Error_raiseX__E)
                  0000a0c0    0000001c                                 : Memory.oem4f (.text:xdc_runtime_Memory_valloc__E)
                  0000a0dc    0000001c                                 : SysMin.oem4f (.text:xdc_runtime_SysMin_exit__E)
                  0000a0f8    0000001c                                 : System.oem4f (.text:xdc_runtime_System_abort__E)
                  0000a114    0000001a     rtsv7M4_T_le_v4SPD16_eabi.lib : s_copysign.c.obj (.text:copysign)
                  0000a12e    0000001a     empty_pem4f.oem4f (.text:ti_sysbios_family_arm_m3_Hwi_Handle__label__S)
                  0000a148    0000001a     empty_pem4f.oem4f (.text:ti_sysbios_gates_GateHwi_Handle__label__S)
                  0000a162    0000001a     empty_pem4f.oem4f (.text:ti_sysbios_gates_GateMutex_Handle__label__S)
                  0000a17c    0000001a     empty_pem4f.oem4f (.text:ti_sysbios_heaps_HeapMem_Handle__label__S)
                  0000a196    0000001a     empty_pem4f.oem4f (.text:ti_sysbios_knl_Swi_Handle__label__S)
                  0000a1b0    0000001a     empty_pem4f.oem4f (.text:ti_sysbios_knl_Task_Handle__label__S)
                  0000a1ca    0000001a     empty_pem4f.oem4f (.text:xdc_runtime_System_aprintf__E)
                  0000a1e4    0000001a     empty_pem4f.oem4f (.text:xdc_runtime_System_printf__E)
                  0000a1fe    00000018     driverlib.lib : gpio.obj (.text:GPIOPinTypeGPIOOutput)
                  0000a216    00000002     --HOLE-- [fill = 0]
                  0000a218    00000018     rtsv7M4_T_le_v4SPD16_eabi.lib : args_main.c.obj (.text:_args_main)
                  0000a230    00000018                                   : sprintf.c.obj (.text:_outs)
                  0000a248    00000018     empty_pem4f.oem4f (.text:ti_sysbios_BIOS_rtsUnlock__I)
                  0000a260    00000018     empty_pem4f.oem4f (.text:ti_sysbios_family_arm_lm4_Timer_Module__startupDone__F)
                  0000a278    00000018     empty_pem4f.oem4f (.text:ti_sysbios_family_arm_m3_Hwi_Module__startupDone__F)
                  0000a290    00000018     sysbios.aem4f : m3_TaskSupport_asm.obj (.text:ti_sysbios_family_arm_m3_TaskSupport_swap__E)
                  0000a2a8    00000018                   : BIOS.obj (.text:ti_sysbios_gates_GateMutex_leave__E)
                  0000a2c0    00000018     ti.targets.arm.rtsarm.aem4f : Error.oem4f (.text:xdc_runtime_Error_check__E)
                  0000a2d8    00000018                                 : System.oem4f (.text:xdc_runtime_System_exit__E)
                  0000a2f0    00000018                                 : Text.oem4f (.text:xdc_runtime_Text_ropeText__E)
                  0000a308    00000016     grlib.lib : string.obj (.text:GrStringDraw)
                  0000a31e    00000016     driverlib.lib : i2c.obj (.text:I2CMasterErr)
                  0000a334    00000016     rtsv7M4_T_le_v4SPD16_eabi.lib : strchr.c.obj (.text:strchr)
                  0000a34a    00000016     empty_pem4f.oem4f (.text:ti_sysbios_BIOS_exitFunc__I)
                  0000a360    00000016     empty.obj (.text:ti_sysbios_knl_Task_Params_init)
                  0000a376    00000014     grlib.lib : canvas.obj (.text:CanvasMsgProc)
                  0000a38a    00000002     --HOLE-- [fill = 0]
                  0000a38c    00000014     Kentec320x240x16_ssd2119_spi.obj (.text:LED_OFF)
                  0000a3a0    00000014     Kentec320x240x16_ssd2119_spi.obj (.text:LED_ON)
                  0000a3b4    00000014     grlib_demo.obj (.text:OnSettingAcceleration)
                  0000a3c8    00000014     grlib_demo.obj (.text:OnSettingCurrent)
                  0000a3dc    00000014     grlib_demo.obj (.text:OnSettingSpeed)
                  0000a3f0    00000014     touch.obj (.text:TouchScreenCallbackSet)
                  0000a404    00000014     grlib.lib : widget.obj (.text:WidgetMutexGet)
                  0000a418    00000014     rtsv7M4_T_le_v4SPD16_eabi.lib : strlen.c.obj (.text:strlen)
                  0000a42c    00000014     empty_pem4f.oem4f (.text:ti_sysbios_family_arm_m3_Hwi_Object__get__S)
                  0000a440    00000014     sysbios.aem4f : BIOS.obj (.text:ti_sysbios_family_arm_m3_Hwi_switchFromBootStack__E)
                  0000a454    00000014     empty_pem4f.oem4f (.text:ti_sysbios_heaps_HeapMem_Object__get__S)
                  0000a468    00000014     empty_pem4f.oem4f (.text:ti_sysbios_knl_Swi_Object__get__S)
                  0000a47c    00000012     driverlib.lib : gpio.obj (.text:GPIOPinTypeEthernetLED)
                  0000a48e    00000012                   : gpio.obj (.text:GPIOPinTypeGPIOInput)
                  0000a4a0    00000012                   : gpio.obj (.text:GPIOPinTypeI2C)
                  0000a4b2    00000012                   : gpio.obj (.text:GPIOPinTypeI2CSCL)
                  0000a4c4    00000012                   : gpio.obj (.text:GPIOPinTypeSSI)
                  0000a4d6    00000012                   : gpio.obj (.text:GPIOPinTypeUART)
                  0000a4e8    00000012                   : gpio.obj (.text:GPIOPinTypeUSBAnalog)
                  0000a4fa    00000012                   : gpio.obj (.text:GPIOPinTypeUSBDigital)
                  0000a50c    00000012                   : ssi.obj (.text:SSIDataGetNonBlocking)
                  0000a51e    00000012                   : timer.obj (.text:TimerLoadSet)
                  0000a530    00000012     sysbios.aem4f : BIOS.obj (.text:ti_sysbios_hal_Hwi_Module_startup__E)
                  0000a542    00000012     rtsv7M4_T_le_v4SPD16_eabi.lib : wcslen.c.obj (.text:wcslen)
                  0000a554    00000012     empty_pem4f.oem4f (.text:xdc_runtime_Startup_exec__I)
                  0000a566    00000002     --HOLE-- [fill = 0]
                  0000a568    00000010     empty_pem4f.oem4f (.text:.bootCodeSection:ti_catalog_arm_cortexm4_tiva_ce_Boot_init__I)
                  0000a578    00000010     driverlib.lib : adc.obj (.text:ADCIntEnable)
                  0000a588    00000010     sysbios.aem4f : BIOS.obj (.text:ti_sysbios_BIOS_getCpuFreq__E)
                  0000a598    00000010                   : BIOS.obj (.text:ti_sysbios_BIOS_setThreadType__E)
                  0000a5a8    00000010                   : BIOS.obj (.text:ti_sysbios_BIOS_start__E)
                  0000a5b8    00000010                   : m3_TaskSupport_asm.obj (.text:ti_sysbios_family_arm_m3_TaskSupport_glue)
                  0000a5c8    00000010                   : BIOS.obj (.text:ti_sysbios_gates_GateMutex_Instance_finalize__E)
                  0000a5d8    00000010                   : BIOS.obj (.text:ti_sysbios_knl_Semaphore_Instance_finalize__E)
                  0000a5e8    00000010                   : BIOS.obj (.text:ti_sysbios_knl_Swi_disable__E)
                  0000a5f8    00000010     empty_pem4f.oem4f (.text:ti_sysbios_knl_Task_Object__get__S)
                  0000a608    00000010     sysbios.aem4f : BIOS.obj (.text:ti_sysbios_knl_Task_disable__E)
                  0000a618    00000010     ti.targets.arm.rtsarm.aem4f : Gate.oem4f (.text:xdc_runtime_Gate_leaveSystem__E)
                  0000a628    00000010                                 : Memory.oem4f (.text:xdc_runtime_Memory_free__E)
                  0000a638    00000010                                 : SysMin.oem4f (.text:xdc_runtime_SysMin_ready__E)
                  0000a648    00000010                                 : System.oem4f (.text:xdc_runtime_System_vsnprintf__E)
                  0000a658    00000010     empty_pem4f.oem4f (.text:xdc_runtime_Text_visitRope__I)
                  0000a668    0000000e     driverlib.lib : adc.obj (.text:ADCSequenceEnable)
                  0000a676    0000000e                   : gpio.obj (.text:GPIOIntStatus)
                  0000a684    0000000e     grlib.lib : image.obj (.text:GrImageDraw)
                  0000a692    0000000e     driverlib.lib : timer.obj (.text:TimerEnable)
                  0000a6a0    0000000e     rtsv7M4_T_le_v4SPD16_eabi.lib : copy_decompress_none.c.obj (.text:decompress:none:__TI_decompress_none)
                  0000a6ae    00000002     --HOLE-- [fill = 0]
                  0000a6b0    0000000e     sysbios.aem4f : BIOS.obj (.text:ti_sysbios_knl_Idle_loop__E)
                  0000a6be    00000002     --HOLE-- [fill = 0]
                  0000a6c0    0000000e                   : BIOS.obj (.text:ti_sysbios_knl_Queue_empty__E)
                  0000a6ce    00000002     --HOLE-- [fill = 0]
                  0000a6d0    0000000c     rtsv7M4_T_le_v4SPD16_eabi.lib : _lock.c.obj (.text:_register_lock)
                  0000a6dc    0000000c                                   : _lock.c.obj (.text:_register_unlock)
                  0000a6e8    0000000c                                   : copy_zero_init.c.obj (.text:decompress:ZI:__TI_zero_init)
                  0000a6f4    00000004     --HOLE-- [fill = 0]
                  0000a6f8    0000000c     sysbios.aem4f : BIOS.obj (.text:ti_sysbios_family_arm_lm4_Timer_getMaxTicks__E)
                  0000a704    0000000c     empty_pem4f.oem4f (.text:ti_sysbios_family_arm_m3_Hwi_Params__init__S)
                  0000a710    0000000c     sysbios.aem4f : BIOS.obj (.text:ti_sysbios_family_arm_m3_Hwi_disableFxn__E)
                  0000a71c    00000004     --HOLE-- [fill = 0]
                  0000a720    0000000c                   : BIOS.obj (.text:ti_sysbios_family_arm_m3_TaskSupport_checkStack__E)
                  0000a72c    00000004     --HOLE-- [fill = 0]
                  0000a730    0000000c                   : BIOS.obj (.text:ti_sysbios_family_arm_m3_TaskSupport_getStackAlignment__E)
                  0000a73c    00000004     --HOLE-- [fill = 0]
                  0000a740    0000000c                   : BIOS.obj (.text:ti_sysbios_gates_GateHwi_enter__E)
                  0000a74c    0000000c     empty_pem4f.oem4f (.text:ti_sysbios_knl_Queue_Object__get__S)
                  0000a758    0000000c     empty_pem4f.oem4f (.text:ti_sysbios_knl_Semaphore_Params__init__S)
                  0000a764    0000000c     empty_pem4f.oem4f (.text:ti_sysbios_knl_Task_Params__init__S)
                  0000a770    0000000c     ti.targets.arm.rtsarm.aem4f : Error.oem4f (.text:xdc_runtime_Error_init__E)
                  0000a77c    0000000c                                 : Gate.oem4f (.text:xdc_runtime_Gate_enterSystem__E)
                  0000a788    0000000c                                 : Memory.oem4f (.text:xdc_runtime_Memory_calloc__E)
                  0000a794    0000000c                                 : Memory.oem4f (.text:xdc_runtime_Memory_getMaxDefaultTypeAlign__E)
                  0000a7a0    0000000a     driverlib.lib : i2c.obj (.text:I2CMasterDisable)
                  0000a7aa    0000000a                   : i2c.obj (.text:I2CMasterEnable)
                  0000a7b4    0000000a     drivers_tivaware.aem4f : I2CTiva.oem4f (.text:I2CTiva_init)
                  0000a7be    0000000a     Kentec320x240x16_ssd2119_spi.obj (.text:Kentec320x240x16_SSD2119Flush)
                  0000a7c8    0000000a     grlib_demo.obj (.text:OnStartMotor)
                  0000a7d2    0000000a     driverlib.lib : ssi.obj (.text:SSIDataPut)
                  0000a7dc    0000000a                   : ssi.obj (.text:SSIEnable)
                  0000a7e6    0000000a     rtsv7M4_T_le_v4SPD16_eabi.lib : sprintf.c.obj (.text:_outc)
                  0000a7f0    0000000a     empty_pem4f.oem4f (.text:xdc_runtime_IHeap_alloc)
                  0000a7fa    0000000a     empty_pem4f.oem4f (.text:xdc_runtime_IHeap_free)
                  0000a804    00000008     EK_TM4C1294XL.obj (.text:EK_TM4C1294XL_initGPIO)
                  0000a80c    00000008     grlib.lib : charmap.obj (.text:GrMapISO8859_1_Unicode)
                  0000a814    00000008     driverlib.lib : i2c.obj (.text:I2CMasterIntClear)
                  0000a81c    00000008                   : i2c.obj (.text:I2CMasterSlaveAddrSet)
                  0000a824    00000008     drivers_tivaware.aem4f : I2CTiva.oem4f (.text:I2CTiva_blockingCallback)
                  0000a82c    00000008     driverlib.lib : ssi.obj (.text:SSIBusy)
                  0000a834    00000008     rtsv7M4_T_le_v4SPD16_eabi.lib : errno.c.obj (.text:__aeabi_errno_addr)
                  0000a83c    00000008     sysbios.aem4f : BIOS.obj (.text:ti_sysbios_family_arm_lm4_Timer_masterDisable__I)
                  0000a844    00000004     --HOLE-- [fill = 0]
                  0000a848    00000008                   : BIOS.obj (.text:ti_sysbios_family_arm_m3_Hwi_doSwiRestore__I)
                  0000a850    00000008                   : BIOS.obj (.text:ti_sysbios_family_arm_m3_Hwi_startup__E)
                  0000a858    00000006     grlib.lib : string.obj (.text:GrContextFontSet)
                  0000a85e    00000006     driverlib.lib : i2c.obj (.text:I2CMasterIntDisable)
                  0000a864    00000006                   : i2c.obj (.text:I2CMasterIntEnable)
                  0000a86a    00000006     drivers_tivaware.aem4f : I2CTiva.oem4f (.text:I2CTiva_control)
                  0000a870    00000006     driverlib.lib : sysctl.obj (.text:SysCtlDelay)
                  0000a876    00000006     grlib.lib : widget.obj (.text:WidgetMutexPut)
                  0000a87c    00000004     --HOLE-- [fill = 0]
                  0000a880    00000006     sysbios.aem4f : BIOS.obj (.text:ti_sysbios_family_arm_m3_Hwi_doTaskRestore__I)
                  0000a886    00000002     --HOLE-- [fill = 0]
                  0000a888    00000006                   : BIOS.obj (.text:ti_sysbios_family_arm_m3_Hwi_restoreFxn__E)
                  0000a88e    00000002     --HOLE-- [fill = 0]
                  0000a890    00000006                   : BIOS.obj (.text:ti_sysbios_gates_GateHwi_leave__E)
                  0000a896    00000002     --HOLE-- [fill = 0]
                  0000a898    00000006                   : BIOS.obj (.text:ti_sysbios_heaps_HeapMem_isBlocking__E)
                  0000a89e    00000002     --HOLE-- [fill = 0]
                  0000a8a0    00000006                   : BIOS.obj (.text:ti_sysbios_knl_Queue_Instance_init__E)
                  0000a8a6    00000002     --HOLE-- [fill = 0]
                  0000a8a8    00000006                   : BIOS.obj (.text:ti_sysbios_knl_Swi_startup__E)
                  0000a8ae    00000006     ti.targets.arm.rtsarm.aem4f : System.oem4f (.text:xdc_runtime_System_Module_startup__E)
                  0000a8b4    00000004     --HOLE-- [fill = 0]
                  0000a8b8    00000004     sysbios.aem4f : BIOS.obj (.text:ti_sysbios_gates_GateHwi_query__E)
                  0000a8bc    00000004     --HOLE-- [fill = 0]
                  0000a8c0    00000004                   : BIOS.obj (.text:ti_sysbios_gates_GateMutex_query__E)
                  0000a8c4    00000004     --HOLE-- [fill = 0]
                  0000a8c8    00000004                   : BIOS.obj (.text:ti_sysbios_knl_Task_startup__E)
                  0000a8cc    00000004     --HOLE-- [fill = 0]
                  0000a8d0    00000002                   : BIOS.obj (.text:ti_sysbios_gates_GateHwi_Instance_init__E)
                  0000a8d2    00000006     --HOLE-- [fill = 0]
                  0000a8d8    00000002                   : BIOS.obj (.text:ti_sysbios_knl_Clock_logTick__E)

.const     0    0000a8dc    00003668     
                  0000a8dc    0000187d     empty_pem4f.oem4f (.const:xdc_runtime_Text_charTab__A)
                  0000c159    000007e5     grlib.lib : fontcmss18.obj (.const:.string:g_pui8Cmss18Data)
                  0000c93e    00000782               : fontcmss18b.obj (.const:.string:g_pui8Cmss18bData)
                  0000d0c0    00000120     Boot.aem4f : Boot_sysctl.oem4f (.const:g_pppui32XTALtoVCO)
                  0000d1e0    00000120     driverlib.lib : sysctl.obj (.const:g_pppui32XTALtoVCO)
                  0000d300    00000101     rtsv7M4_T_le_v4SPD16_eabi.lib : ctype.c.obj (.const:.string:_ctypes_)
                  0000d401    00000001     empty_pem4f.oem4f (.const:xdc_runtime_Error_policy__C)
                  0000d402    00000002     empty_pem4f.oem4f (.const:ti_catalog_arm_cortexm4_tiva_ce_Boot_Module__id__C)
                  0000d404    000000c8     grlib.lib : fontcmss18.obj (.const:g_sFontCmss18)
                  0000d4cc    000000c8               : fontcmss18b.obj (.const:g_sFontCmss18b)
                  0000d594    000000bc     empty_pem4f.oem4f (.const:xdc_runtime_Text_nodeTab__A)
                  0000d650    0000009e     grlib_demo.obj (.const:.string)
                  0000d6ee    00000002     empty_pem4f.oem4f (.const:ti_sysbios_family_arm_m3_Hwi_Module__id__C)
                  0000d6f0    00000090     driverlib.lib : gpio.obj (.const:g_pui32GPIOBaseAddrs)
                  0000d780    00000070                   : interrupt.obj (.const)
                  0000d7f0    0000006c     Boot.aem4f : Boot_sysctl.oem4f (.const:g_pui32Xtals)
                  0000d85c    0000006c     driverlib.lib : sysctl.obj (.const:g_pui32Xtals)
                  0000d8c8    00000054     drivers_tivaware.aem4f : GPIOTiva.oem4f (.const:.string)
                  0000d91c    00000048     empty_pem4f.oem4f (.const:.string)
                  0000d964    00000048     drivers_tivaware.aem4f : GPIOTiva.oem4f (.const:gpioBaseAddresses)
                  0000d9ac    0000003c     empty_pem4f.oem4f (.const:ti_sysbios_knl_Task_Object__PARAMS__C)
                  0000d9e8    00000030     Boot.aem4f : Boot_sysctl.oem4f (.const:g_sXTALtoMEMTIM)
                  0000da18    00000030     driverlib.lib : sysctl.obj (.const:g_sXTALtoMEMTIM)
                  0000da48    00000030     empty_pem4f.oem4f (.const:ti_sysbios_family_arm_m3_Hwi_Object__PARAMS__C)
                  0000da78    00000028     Kentec320x240x16_ssd2119_spi.obj (.const:g_sKentec320x240x16_SSD2119)
                  0000daa0    00000028     empty_pem4f.oem4f (.const:ti_sysbios_heaps_HeapMem_Module__FXNS__C)
                  0000dac8    00000024     EK_TM4C1294XL.obj (.const:I2C_config)
                  0000daec    00000024     empty_pem4f.oem4f (.const:ti_sysbios_gates_GateHwi_Module__FXNS__C)
                  0000db10    00000024     empty_pem4f.oem4f (.const:ti_sysbios_gates_GateMutex_Module__FXNS__C)
                  0000db34    00000024     empty_pem4f.oem4f (.const:ti_sysbios_heaps_HeapMem_Object__PARAMS__C)
                  0000db58    00000024     empty_pem4f.oem4f (.const:ti_sysbios_knl_Semaphore_Object__PARAMS__C)
                  0000db7c    00000020     empty_pem4f.oem4f (.const:ti_sysbios_family_arm_m3_Hwi_Object__DESC__C)
                  0000db9c    00000020     empty_pem4f.oem4f (.const:ti_sysbios_gates_GateHwi_Object__DESC__C)
                  0000dbbc    00000020     empty_pem4f.oem4f (.const:ti_sysbios_gates_GateMutex_Object__DESC__C)
                  0000dbdc    00000020     empty_pem4f.oem4f (.const:ti_sysbios_heaps_HeapMem_Object__DESC__C)
                  0000dbfc    00000020     empty_pem4f.oem4f (.const:ti_sysbios_knl_Queue_Object__DESC__C)
                  0000dc1c    00000020     empty_pem4f.oem4f (.const:ti_sysbios_knl_Semaphore_Object__DESC__C)
                  0000dc3c    00000020     empty_pem4f.oem4f (.const:ti_sysbios_knl_Task_Object__DESC__C)
                  0000dc5c    00000020     empty_pem4f.oem4f (.const:xdc_runtime_Startup_sfxnTab__A)
                  0000dc7c    0000001c     drivers_tivaware.aem4f : I2CTiva.oem4f (.const)
                  0000dc98    0000001c     touch.obj (.const:g_pi32TouchParameters)
                  0000dcb4    00000018     EK_TM4C1294XL.obj (.const:i2cTivaHWAttrs)
                  0000dccc    00000018     empty_pem4f.oem4f (.const:ti_sysbios_gates_GateHwi_Object__PARAMS__C)
                  0000dce4    00000018     empty_pem4f.oem4f (.const:ti_sysbios_gates_GateMutex_Object__PARAMS__C)
                  0000dcfc    00000018     empty_pem4f.oem4f (.const:ti_sysbios_knl_Queue_Object__PARAMS__C)
                  0000dd14    00000014     EK_TM4C1294XL.obj (.const:GPIOTiva_config)
                  0000dd28    00000014     empty_pem4f.oem4f (.const:xdc_runtime_Startup_firstFxns__A)
                  0000dd3c    00000010     grlib.lib : context.obj (.const)
                  0000dd4c    00000010     empty_pem4f.oem4f (.const:xdc_runtime_Startup_sfxnRts__A)
                  0000dd5c    00000008     Boot.aem4f : Boot_sysctl.oem4f (.const)
                  0000dd64    00000008     driverlib.lib : sysctl.obj (.const)
                  0000dd6c    00000008     empty_pem4f.oem4f (.const:ti_sysbios_family_arm_m3_Hwi_excHookFuncs__A)
                  0000dd74    00000008     empty_pem4f.oem4f (.const:ti_sysbios_knl_Idle_funcList__C)
                  0000dd7c    00000008     empty_pem4f.oem4f (.const:xdc_runtime_Startup_firstFxns__C)
                  0000dd84    00000008     empty_pem4f.oem4f (.const:xdc_runtime_Startup_lastFxns__C)
                  0000dd8c    00000004     empty_pem4f.oem4f (.const:ti_catalog_arm_cortexm4_tiva_ce_Boot_A_mustNotUseEnhancedClockMode__C)
                  0000dd90    00000004     empty_pem4f.oem4f (.const:ti_catalog_arm_cortexm4_tiva_ce_Boot_Module__diagsEnabled__C)
                  0000dd94    00000004     empty_pem4f.oem4f (.const:ti_catalog_arm_cortexm4_tiva_ce_Boot_Module__diagsIncluded__C)
                  0000dd98    00000004     empty_pem4f.oem4f (.const:ti_catalog_arm_cortexm4_tiva_ce_Boot_Module__diagsMask__C)
                  0000dd9c    00000004     empty_pem4f.oem4f (.const:ti_sysbios_family_arm_lm4_Timer_enableFunc__C)
                  0000dda0    00000004     empty_pem4f.oem4f (.const:ti_sysbios_family_arm_lm4_Timer_numTimerDevices__C)
                  0000dda4    00000004     empty_pem4f.oem4f (.const:ti_sysbios_family_arm_lm4_Timer_startupNeeded__C)
                  0000dda8    00000004     empty_pem4f.oem4f (.const:ti_sysbios_family_arm_m3_Hwi_E_NMI__C)
                  0000ddac    00000004     empty_pem4f.oem4f (.const:ti_sysbios_family_arm_m3_Hwi_E_alreadyDefined__C)
                  0000ddb0    00000004     empty_pem4f.oem4f (.const:ti_sysbios_family_arm_m3_Hwi_E_busFault__C)
                  0000ddb4    00000004     empty_pem4f.oem4f (.const:ti_sysbios_family_arm_m3_Hwi_E_debugMon__C)
                  0000ddb8    00000004     empty_pem4f.oem4f (.const:ti_sysbios_family_arm_m3_Hwi_E_hardFault__C)
                  0000ddbc    00000004     empty_pem4f.oem4f (.const:ti_sysbios_family_arm_m3_Hwi_E_memFault__C)
                  0000ddc0    00000004     empty_pem4f.oem4f (.const:ti_sysbios_family_arm_m3_Hwi_E_noIsr__C)
                  0000ddc4    00000004     empty_pem4f.oem4f (.const:ti_sysbios_family_arm_m3_Hwi_E_reserved__C)
                  0000ddc8    00000004     empty_pem4f.oem4f (.const:ti_sysbios_family_arm_m3_Hwi_E_svCall__C)
                  0000ddcc    00000004     empty_pem4f.oem4f (.const:ti_sysbios_family_arm_m3_Hwi_E_usageFault__C)
                  0000ddd0    00000004     empty_pem4f.oem4f (.const:ti_sysbios_family_arm_m3_Hwi_NUM_INTERRUPTS__C)
                  0000ddd4    00000004     empty_pem4f.oem4f (.const:ti_sysbios_family_arm_m3_Hwi_Object__count__C)
                  0000ddd8    00000004     empty_pem4f.oem4f (.const:ti_sysbios_family_arm_m3_Hwi_ccr__C)
                  0000dddc    00000004     empty_pem4f.oem4f (.const:ti_sysbios_family_arm_m3_Hwi_excHandlerFunc__C)
                  0000dde0    00000004     empty_pem4f.oem4f (.const:ti_sysbios_family_arm_m3_Hwi_excHookFuncs__C)
                  0000dde4    00000004     empty_pem4f.oem4f (.const:ti_sysbios_family_arm_m3_Hwi_nullIsrFunc__C)
                  0000dde8    00000004     empty_pem4f.oem4f (.const:ti_sysbios_family_arm_m3_Hwi_priGroup__C)
                  0000ddec    00000004     empty_pem4f.oem4f (.const:ti_sysbios_family_arm_m3_TaskSupport_stackAlignment__C)
                  0000ddf0    00000004     empty_pem4f.oem4f (.const:ti_sysbios_gates_GateMutex_A_badContext__C)
                  0000ddf4    00000004     empty_pem4f.oem4f (.const:ti_sysbios_gates_GateMutex_Instance_State_sem__O)
                  0000ddf8    00000004     empty_pem4f.oem4f (.const:ti_sysbios_gates_GateMutex_Module__diagsEnabled__C)
                  0000ddfc    00000004     empty_pem4f.oem4f (.const:ti_sysbios_gates_GateMutex_Module__diagsIncluded__C)
                  0000de00    00000004     empty_pem4f.oem4f (.const:ti_sysbios_gates_GateMutex_Module__diagsMask__C)
                  0000de04    00000004     empty_pem4f.oem4f (.const:ti_sysbios_hal_Hwi_E_stackOverflow__C)
                  0000de08    00000004     empty_pem4f.oem4f (.const:ti_sysbios_heaps_HeapMem_A_align__C)
                  0000de0c    00000004     empty_pem4f.oem4f (.const:ti_sysbios_heaps_HeapMem_A_heapSize__C)
                  0000de10    00000004     empty_pem4f.oem4f (.const:ti_sysbios_heaps_HeapMem_A_invalidFree__C)
                  0000de14    00000004     empty_pem4f.oem4f (.const:ti_sysbios_heaps_HeapMem_A_zeroBlock__C)
                  0000de18    00000004     empty_pem4f.oem4f (.const:ti_sysbios_heaps_HeapMem_E_memory__C)
                  0000de1c    00000004     empty_pem4f.oem4f (.const:ti_sysbios_heaps_HeapMem_Module__diagsEnabled__C)
                  0000de20    00000004     empty_pem4f.oem4f (.const:ti_sysbios_heaps_HeapMem_Module__diagsIncluded__C)
                  0000de24    00000004     empty_pem4f.oem4f (.const:ti_sysbios_heaps_HeapMem_Module__diagsMask__C)
                  0000de28    00000004     empty_pem4f.oem4f (.const:ti_sysbios_heaps_HeapMem_Module__gateObj__C)
                  0000de2c    00000004     empty_pem4f.oem4f (.const:ti_sysbios_heaps_HeapMem_Object__count__C)
                  0000de30    00000004     empty_pem4f.oem4f (.const:ti_sysbios_heaps_HeapMem_reqAlign__C)
                  0000de34    00000004     empty_pem4f.oem4f (.const:ti_sysbios_knl_Clock_Module_State_clockQ__O)
                  0000de38    00000004     empty_pem4f.oem4f (.const:ti_sysbios_knl_Idle_funcList__A)
                  0000de3c    00000004     empty_pem4f.oem4f (.const:ti_sysbios_knl_Semaphore_A_badContext__C)
                  0000de40    00000004     empty_pem4f.oem4f (.const:ti_sysbios_knl_Semaphore_A_noEvents__C)
                  0000de44    00000004     empty_pem4f.oem4f (.const:ti_sysbios_knl_Semaphore_A_overflow__C)
                  0000de48    00000004     empty_pem4f.oem4f (.const:ti_sysbios_knl_Semaphore_A_pendTaskDisabled__C)
                  0000de4c    00000004     empty_pem4f.oem4f (.const:ti_sysbios_knl_Semaphore_Instance_State_pendQ__O)
                  0000de50    00000004     empty_pem4f.oem4f (.const:ti_sysbios_knl_Semaphore_Module__diagsEnabled__C)
                  0000de54    00000004     empty_pem4f.oem4f (.const:ti_sysbios_knl_Semaphore_Module__diagsIncluded__C)
                  0000de58    00000004     empty_pem4f.oem4f (.const:ti_sysbios_knl_Semaphore_Module__diagsMask__C)
                  0000de5c    00000004     empty_pem4f.oem4f (.const:ti_sysbios_knl_Swi_Object__count__C)
                  0000de60    00000004     empty_pem4f.oem4f (.const:ti_sysbios_knl_Task_A_badPriority__C)
                  0000de64    00000004     empty_pem4f.oem4f (.const:ti_sysbios_knl_Task_A_badTaskState__C)
                  0000de68    00000004     empty_pem4f.oem4f (.const:ti_sysbios_knl_Task_A_badThreadType__C)
                  0000de6c    00000004     empty_pem4f.oem4f (.const:ti_sysbios_knl_Task_A_noPendElem__C)
                  0000de70    00000004     empty_pem4f.oem4f (.const:ti_sysbios_knl_Task_E_spOutOfBounds__C)
                  0000de74    00000004     empty_pem4f.oem4f (.const:ti_sysbios_knl_Task_E_stackOverflow__C)
                  0000de78    00000004     empty_pem4f.oem4f (.const:ti_sysbios_knl_Task_Module_State_inactiveQ__O)
                  0000de7c    00000004     empty_pem4f.oem4f (.const:ti_sysbios_knl_Task_Module__diagsEnabled__C)
                  0000de80    00000004     empty_pem4f.oem4f (.const:ti_sysbios_knl_Task_Module__diagsIncluded__C)
                  0000de84    00000004     empty_pem4f.oem4f (.const:ti_sysbios_knl_Task_Module__diagsMask__C)
                  0000de88    00000004     empty_pem4f.oem4f (.const:ti_sysbios_knl_Task_Object__count__C)
                  0000de8c    00000004     empty_pem4f.oem4f (.const:ti_sysbios_knl_Task_allBlockedFunc__C)
                  0000de90    00000004     empty_pem4f.oem4f (.const:ti_sysbios_knl_Task_defaultStackHeap__C)
                  0000de94    00000004     empty_pem4f.oem4f (.const:ti_sysbios_knl_Task_defaultStackSize__C)
                  0000de98    00000004     empty_pem4f.oem4f (.const:ti_sysbios_knl_Task_numConstructedTasks__C)
                  0000de9c    00000004     empty_pem4f.oem4f (.const:xdc_runtime_Assert_E_assertFailed__C)
                  0000dea0    00000004     empty_pem4f.oem4f (.const:xdc_runtime_Core_A_initializedParams__C)
                  0000dea4    00000004     empty_pem4f.oem4f (.const:xdc_runtime_Core_Module__diagsEnabled__C)
                  0000dea8    00000004     empty_pem4f.oem4f (.const:xdc_runtime_Core_Module__diagsIncluded__C)
                  0000deac    00000004     empty_pem4f.oem4f (.const:xdc_runtime_Core_Module__diagsMask__C)
                  0000deb0    00000004     empty_pem4f.oem4f (.const:xdc_runtime_Error_E_memory__C)
                  0000deb4    00000004     empty_pem4f.oem4f (.const:xdc_runtime_Error_Module__diagsEnabled__C)
                  0000deb8    00000004     empty_pem4f.oem4f (.const:xdc_runtime_Error_Module__diagsIncluded__C)
                  0000debc    00000004     empty_pem4f.oem4f (.const:xdc_runtime_Error_Module__diagsMask__C)
                  0000dec0    00000004     empty_pem4f.oem4f (.const:xdc_runtime_Error_Module__loggerFxn8__C)
                  0000dec4    00000004     empty_pem4f.oem4f (.const:xdc_runtime_Error_Module__loggerObj__C)
                  0000dec8    00000004     empty_pem4f.oem4f (.const:xdc_runtime_Error_policyFxn__C)
                  0000decc    00000004     empty_pem4f.oem4f (.const:xdc_runtime_Error_raiseHook__C)
                  0000ded0    00000004     empty_pem4f.oem4f (.const:xdc_runtime_IGateProvider_Interface__BASE__C)
                  0000ded4    00000004     empty_pem4f.oem4f (.const:xdc_runtime_IHeap_Interface__BASE__C)
                  0000ded8    00000004     empty_pem4f.oem4f (.const:xdc_runtime_IModule_Interface__BASE__C)
                  0000dedc    00000004     empty_pem4f.oem4f (.const:xdc_runtime_Log_L_error__C)
                  0000dee0    00000004     empty_pem4f.oem4f (.const:xdc_runtime_Memory_defaultHeapInstance__C)
                  0000dee4    00000004     empty_pem4f.oem4f (.const:xdc_runtime_Startup_execImpl__C)
                  0000dee8    00000004     empty_pem4f.oem4f (.const:xdc_runtime_Startup_maxPasses__C)
                  0000deec    00000004     empty_pem4f.oem4f (.const:xdc_runtime_Startup_sfxnRts__C)
                  0000def0    00000004     empty_pem4f.oem4f (.const:xdc_runtime_Startup_sfxnTab__C)
                  0000def4    00000004     empty_pem4f.oem4f (.const:xdc_runtime_SysMin_bufSize__C)
                  0000def8    00000004     empty_pem4f.oem4f (.const:xdc_runtime_SysMin_outputFunc__C)
                  0000defc    00000004     empty_pem4f.oem4f (.const:xdc_runtime_System_Module__gateObj__C)
                  0000df00    00000004     empty_pem4f.oem4f (.const:xdc_runtime_System_abortFxn__C)
                  0000df04    00000004     empty_pem4f.oem4f (.const:xdc_runtime_System_exitFxn__C)
                  0000df08    00000004     empty_pem4f.oem4f (.const:xdc_runtime_System_extendFxn__C)
                  0000df0c    00000004     empty_pem4f.oem4f (.const:xdc_runtime_System_maxAtexitHandlers__C)
                  0000df10    00000004     empty_pem4f.oem4f (.const:xdc_runtime_Text_charTab__C)
                  0000df14    00000004     empty_pem4f.oem4f (.const:xdc_runtime_Text_nameEmpty__C)
                  0000df18    00000004     empty_pem4f.oem4f (.const:xdc_runtime_Text_nameStatic__C)
                  0000df1c    00000004     empty_pem4f.oem4f (.const:xdc_runtime_Text_nameUnknown__C)
                  0000df20    00000004     empty_pem4f.oem4f (.const:xdc_runtime_Text_nodeTab__C)
                  0000df24    00000004     empty_pem4f.oem4f (.const:xdc_runtime_Text_visitRopeFxn__C)
                  0000df28    00000002     empty_pem4f.oem4f (.const:ti_sysbios_gates_GateMutex_Module__id__C)
                  0000df2a    00000002     empty_pem4f.oem4f (.const:ti_sysbios_hal_Hwi_Module__id__C)
                  0000df2c    00000002     empty_pem4f.oem4f (.const:ti_sysbios_heaps_HeapMem_Module__id__C)
                  0000df2e    00000002     empty_pem4f.oem4f (.const:ti_sysbios_knl_Semaphore_Module__id__C)
                  0000df30    00000002     empty_pem4f.oem4f (.const:ti_sysbios_knl_Task_Module__id__C)
                  0000df32    00000002     empty_pem4f.oem4f (.const:xdc_runtime_Core_Module__id__C)
                  0000df34    00000002     empty_pem4f.oem4f (.const:xdc_runtime_Error_Module__loggerDefined__C)
                  0000df36    00000002     empty_pem4f.oem4f (.const:xdc_runtime_Error_maxDepth__C)
                  0000df38    00000002     empty_pem4f.oem4f (.const:xdc_runtime_Memory_Module__id__C)
                  0000df3a    00000002     empty_pem4f.oem4f (.const:xdc_runtime_SysMin_flushAtExit__C)
                  0000df3c    00000002     empty_pem4f.oem4f (.const:xdc_runtime_Text_charCnt__C)
                  0000df3e    00000002     empty_pem4f.oem4f (.const:xdc_runtime_Text_isLoaded__C)
                  0000df40    00000002     empty_pem4f.oem4f (.const:xdc_runtime_Text_registryModsLastId__C)
                  0000df42    00000002     empty_pem4f.oem4f (.const:xdc_runtime_Text_unnamedModsLastId__C)

.cinit     0    0000df48    000003b8     
                  0000df48    00000383     (.cinit..data.load) [load image, compression = lzss]
                  0000e2cb    00000001     --HOLE-- [fill = 0]
                  0000e2cc    0000000c     (__TI_handler_table)
                  0000e2d8    00000008     (.cinit..bss.load) [load image, compression = zero_init]
                  0000e2e0    00000008     (.cinit..vecs.load) [load image, compression = zero_init]
                  0000e2e8    00000018     (__TI_cinit_table)

.init_array 
*          0    00000000    00000000     UNINITIALIZED

.resetVecs 
*          0    00000000    0000003c     
                  00000000    0000003c     empty_pem4f.oem4f (.resetVecs)

.bss       0    20000360    000016e1     UNINITIALIZED
                  20000360    00000800     (.common:task0Stack)
                  20000b60    00000400     (.common:ti_sysbios_heaps_HeapMem_Instance_State_0_buf__A)
                  20000f60    00000360     (.common:ti_sysbios_family_arm_m3_Hwi_dispatchTable)
                  200012c0    00000200     empty_pem4f.oem4f (.bss:taskStackSection)
                  200014c0    00000140     grlib.lib : widget.obj (.bss:g_psMQ)
                  20001600    00000120     rtsv7M4_T_le_v4SPD16_eabi.lib : trgmsg.c.obj (.bss:_CIOBUF_)
                  20001720    00000100     (.common:i2cTivaObjects)
                  20001820    00000090     drivers_tivaware.aem4f : GPIOTiva.oem4f (.bss:gpioCallbackInfo)
                  200018b0    00000080     (.common:xdc_runtime_SysMin_Module_State_0_outbuf__A)
                  20001930    00000050     (.common:task0Struct)
                  20001980    0000002c     (.common:sContext)
                  200019ac    00000020     (.common:g_pui8Dictionary)
                  200019cc    00000014     (.common:valueText)
                  200019e0    00000010     touch.obj (.bss:g_pi16Samples)
                  200019f0    00000008     touch.obj (.bss)
                  200019f8    00000008     (.common:graphMax)
                  20001a00    00000008     (.common:graphMin)
                  20001a08    00000008     (.common:parmbuf)
                  20001a10    00000004     (.common:g_accelerationLimit)
                  20001a14    00000004     (.common:g_currentLimit)
                  20001a18    00000004     (.common:g_drawingGraph)
                  20001a1c    00000004     (.common:g_motorSpeed)
                  20001a20    00000004     (.common:g_numPlotOverflow)
                  20001a24    00000004     (.common:g_numPlotPoints)
                  20001a28    00000004     (.common:g_pi32ParmSet)
                  20001a2c    00000004     (.common:g_psGrLibDefaults)
                  20001a30    00000004     (.common:g_sCurrentPanel)
                  20001a34    00000004     (.common:g_ui32SysClock)
                  20001a38    00000004     (.common:gpioInterruptVectors)
                  20001a3c    00000002     (.common:g_i16TouchX)
                  20001a3e    00000002     (.common:g_i16TouchY)
                  20001a40    00000001     (.common:updateGraph)

.data      0    20001a44    00000be8     UNINITIALIZED
                  20001a44    00000080     empty_pem4f.oem4f (.data:ti_sysbios_knl_Swi_Module_State_0_readyQ__A)
                  20001ac4    00000080     empty_pem4f.oem4f (.data:ti_sysbios_knl_Task_Module_State_0_readyQ__A)
                  20001b44    00000050     grlib_demo.obj (.data:g_sGraphAcceleration)
                  20001b94    00000050     grlib_demo.obj (.data:g_sGraphBack)
                  20001be4    00000050     grlib_demo.obj (.data:g_sGraphExit)
                  20001c34    00000050     grlib_demo.obj (.data:g_sGraphLight)
                  20001c84    00000050     grlib_demo.obj (.data:g_sGraphOption)
                  20001cd4    00000050     grlib_demo.obj (.data:g_sGraphPower)
                  20001d24    00000050     grlib_demo.obj (.data:g_sGraphSpeed)
                  20001d74    00000050     grlib_demo.obj (.data:g_sGraphTitle)
                  20001dc4    00000050     grlib_demo.obj (.data:g_sMotorOption)
                  20001e14    00000050     grlib_demo.obj (.data:g_sSetOption)
                  20001e64    00000050     grlib_demo.obj (.data:g_sSettingAcceleration)
                  20001eb4    00000050     grlib_demo.obj (.data:g_sSettingBack)
                  20001f04    00000050     grlib_demo.obj (.data:g_sSettingCurrent)
                  20001f54    00000050     grlib_demo.obj (.data:g_sSettingDecrease)
                  20001fa4    00000050     grlib_demo.obj (.data:g_sSettingExit)
                  20001ff4    00000050     grlib_demo.obj (.data:g_sSettingIncrease)
                  20002044    00000050     grlib_demo.obj (.data:g_sSettingSpeed)
                  20002094    00000050     grlib_demo.obj (.data:g_sSettingTitle)
                  200020e4    00000050     grlib_demo.obj (.data:g_sSettingValue)
                  20002134    0000004c     empty_pem4f.oem4f (.data:ti_sysbios_knl_Task_Object__table__V)
                  20002180    00000044     empty_pem4f.oem4f (.data:ti_sysbios_knl_Task_Module__state__V)
                  200021c4    00000040     grlib_demo.obj (.data:g_sGraph)
                  20002204    00000040     grlib_demo.obj (.data:g_sGraphPage)
                  20002244    00000040     grlib_demo.obj (.data:g_sGraphsMainPage)
                  20002284    00000040     grlib_demo.obj (.data:g_sMainPage)
                  200022c4    00000040     grlib_demo.obj (.data:g_sSettingPage)
                  20002304    00000040     grlib_demo.obj (.data:g_sSettingsMainPage)
                  20002344    00000040     empty_pem4f.oem4f (.data:ti_sysbios_family_arm_lm4_Timer_Module_State_0_device__A)
                  20002384    00000040     empty_pem4f.oem4f (.data:ti_sysbios_family_arm_lm4_Timer_Object__table__V)
                  200023c4    00000038     empty_pem4f.oem4f (.data:ti_sysbios_gates_GateMutex_Object__table__V)
                  200023fc    00000034     empty_pem4f.oem4f (.data:ti_sysbios_family_arm_m3_Hwi_Module__state__V)
                  20002430    00000030     empty_pem4f.oem4f (.data:ti_sysbios_family_arm_m3_Hwi_Object__table__V)
                  20002460    00000030     empty_pem4f.oem4f (.data:ti_sysbios_knl_Swi_Object__table__V)
                  20002490    0000002d     grlib.lib : widget.obj (.data)
                  200024bd    00000001     --HOLE--
                  200024be    00000002     empty_pem4f.oem4f (.data:ti_sysbios_family_arm_m3_Hwi_Module_State_0_excActive__A)
                  200024c0    0000002c     empty_pem4f.oem4f (.data:ti_sysbios_knl_Clock_Module__state__V)
                  200024ec    00000024     empty_pem4f.oem4f (.data:ti_sysbios_BIOS_Module__state__V)
                  20002510    00000020     empty_pem4f.oem4f (.data:ti_sysbios_family_arm_lm4_Timer_Module_State_0_handles__A)
                  20002530    0000001c     EK_TM4C1294XL.obj (.data:gpioPinConfigs)
                  2000254c    0000001c     empty_pem4f.oem4f (.data:ti_sysbios_knl_Swi_Module__state__V)
                  20002568    00000018     empty_pem4f.oem4f (.data:ti_sysbios_heaps_HeapMem_Object__table__V)
                  20002580    0000000c     empty_pem4f.oem4f (.data:ti_sysbios_family_arm_lm4_Timer_Module__state__V)
                  2000258c    0000000c     empty_pem4f.oem4f (.data:xdc_runtime_SysMin_Module__state__V)
                  20002598    00000008     rtsv7M4_T_le_v4SPD16_eabi.lib : _lock.c.obj (.data:$O1$$)
                  200025a0    00000008     EK_TM4C1294XL.obj (.data:gpioCallbackFunctions)
                  200025a8    00000008     empty_pem4f.oem4f (.data:ti_sysbios_family_arm_m3_Hwi_Module__root__V)
                  200025b0    00000008     empty_pem4f.oem4f (.data:ti_sysbios_gates_GateHwi_Module__root__V)
                  200025b8    00000008     empty_pem4f.oem4f (.data:ti_sysbios_gates_GateMutex_Module__root__V)
                  200025c0    00000008     empty_pem4f.oem4f (.data:ti_sysbios_heaps_HeapMem_Module__root__V)
                  200025c8    00000008     empty_pem4f.oem4f (.data:ti_sysbios_knl_Queue_Module__root__V)
                  200025d0    00000008     empty_pem4f.oem4f (.data:ti_sysbios_knl_Semaphore_Module__root__V)
                  200025d8    00000008     empty_pem4f.oem4f (.data:ti_sysbios_knl_Task_Module__root__V)
                  200025e0    00000008     empty_pem4f.oem4f (.data:xdc_runtime_Registry_Module__state__V)
                  200025e8    00000008     empty_pem4f.oem4f (.data:xdc_runtime_Startup_Module__state__V)
                  200025f0    00000008     empty_pem4f.oem4f (.data:xdc_runtime_System_Module_State_0_atexitHandlers__A)
                  200025f8    00000008     empty_pem4f.oem4f (.data:xdc_runtime_System_Module__state__V)
                  20002600    00000005     drivers_tivaware.aem4f : GPIOTiva.oem4f (.data)
                  20002605    00000001     --HOLE--
                  20002606    00000002     empty_pem4f.oem4f (.data:xdc_runtime_Error_Module__state__V)
                  20002608    00000004     drivers_tivaware.aem4f : I2C.oem4f (.data)
                  2000260c    00000004     rtsv7M4_T_le_v4SPD16_eabi.lib : errno.c.obj (.data)
                  20002610    00000004                                   : stkdepth_vars.c.obj (.data)
                  20002614    00000004     empty_pem4f.oem4f (.data:ti_sysbios_family_arm_m3_Hwi_Module_State_0_excContext__A)
                  20002618    00000004     empty_pem4f.oem4f (.data:ti_sysbios_family_arm_m3_Hwi_Module_State_0_excStack__A)
                  2000261c    00000004     empty_pem4f.oem4f (.data:ti_sysbios_gates_GateHwi_Object__table__V)
                  20002620    00000004     empty_pem4f.oem4f (.data:ti_sysbios_knl_Task_Module_State_0_idleTask__A)
                  20002624    00000004     touch.obj (.data)
                  20002628    00000004     empty_pem4f.oem4f (.data:xdc_runtime_Memory_Module__state__V)

.stack     0    20002630    00000300     UNINITIALIZED
                  20002630    00000300     --HOLE--

.bootVecs 
*          0    00000000    00000008     DSECT
                  00000000    00000008     boot.aem4f : boot.oem4f (.bootVecs)

.vecs      0    20000000    00000360     UNINITIALIZED
                  20000000    00000360     empty_pem4f.oem4f (.vecs)

xdc.meta   0    00000000    000000fa     COPY SECTION
                  00000000    000000fa     empty_pem4f.oem4f (xdc.meta)

__llvm_prf_cnts 
*          0    20000000    00000000     UNINITIALIZED

MODULE SUMMARY

       Module                             code    ro data   rw data
       ------                             ----    -------   -------
    .\
       motorCode.obj                      0       0         2048   
       EK_TM4C1294XL.obj                  296     80        292    
       empty.obj                          306     0         153    
    +--+----------------------------------+-------+---------+---------+
       Total:                             602     80        2493   
                                                                   
    .\drivers\
       Kentec320x240x16_ssd2119_spi.obj   1968    40        0      
       touch.obj                          1280    28        36     
       pinout.obj                         420     0         0      
    +--+----------------------------------+-------+---------+---------+
       Total:                             3668    68        36     
                                                                   
    .\ui\
       grlib_demo.obj                     2026    158       1944   
    +--+----------------------------------+-------+---------+---------+
[...]
0000dbbc  ti_sysbios_gates_GateMutex_Object__DESC__C                           
0000dbdc  ti_sysbios_heaps_HeapMem_Object__DESC__C                             
0000dbfc  ti_sysbios_knl_Queue_Object__DESC__C                                 
0000dc1c  ti_sysbios_knl_Semaphore_Object__DESC__C                             
0000dc3c  ti_sysbios_knl_Task_Object__DESC__C                                  
0000dc5c  xdc_runtime_Startup_sfxnTab__A                                       
0000dc7c  I2CTiva_fxnTable                                                     
0000dc98  g_pi32TouchParameters                                                
0000dcb4  i2cTivaHWAttrs                                                       
0000dccc  ti_sysbios_gates_GateHwi_Object__PARAMS__C                           
0000dce4  ti_sysbios_gates_GateMutex_Object__PARAMS__C                         
0000dcfc  ti_sysbios_knl_Queue_Object__PARAMS__C                               
0000dd14  GPIOTiva_config                                                      
0000dd28  xdc_runtime_Startup_firstFxns__A                                     
0000dd3c  g_psDefaultCodePointMapTable                                         
0000dd4c  xdc_runtime_Startup_sfxnRts__A                                       
0000dd6c  ti_sysbios_family_arm_m3_Hwi_excHookFuncs__A                         
0000dd74  ti_sysbios_knl_Idle_funcList__C                                      
0000dd7c  xdc_runtime_Startup_firstFxns__C                                     
0000dd84  xdc_runtime_Startup_lastFxns__C                                      
0000dd8c  ti_catalog_arm_cortexm4_tiva_ce_Boot_A_mustNotUseEnhancedClockMode__C
0000dd90  ti_catalog_arm_cortexm4_tiva_ce_Boot_Module__diagsEnabled__C         
0000dd94  ti_catalog_arm_cortexm4_tiva_ce_Boot_Module__diagsIncluded__C        
0000dd98  ti_catalog_arm_cortexm4_tiva_ce_Boot_Module__diagsMask__C            
0000dd9c  ti_sysbios_family_arm_lm4_Timer_enableFunc__C                        
0000dda0  ti_sysbios_family_arm_lm4_Timer_numTimerDevices__C                   
0000dda4  ti_sysbios_family_arm_lm4_Timer_startupNeeded__C                     
0000dda8  ti_sysbios_family_arm_m3_Hwi_E_NMI__C                                
0000ddac  ti_sysbios_family_arm_m3_Hwi_E_alreadyDefined__C                     
0000ddb0  ti_sysbios_family_arm_m3_Hwi_E_busFault__C                           
0000ddb4  ti_sysbios_family_arm_m3_Hwi_E_debugMon__C                           
0000ddb8  ti_sysbios_family_arm_m3_Hwi_E_hardFault__C                          
0000ddbc  ti_sysbios_family_arm_m3_Hwi_E_memFault__C                           
0000ddc0  ti_sysbios_family_arm_m3_Hwi_E_noIsr__C                              
0000ddc4  ti_sysbios_family_arm_m3_Hwi_E_reserved__C                           
0000ddc8  ti_sysbios_family_arm_m3_Hwi_E_svCall__C                             
0000ddcc  ti_sysbios_family_arm_m3_Hwi_E_usageFault__C                         
0000ddd0  ti_sysbios_family_arm_m3_Hwi_NUM_INTERRUPTS__C                       
0000ddd4  ti_sysbios_family_arm_m3_Hwi_Object__count__C                        
0000ddd8  ti_sysbios_family_arm_m3_Hwi_ccr__C                                  
0000dddc  ti_sysbios_family_arm_m3_Hwi_excHandlerFunc__C                       
0000dde0  ti_sysbios_family_arm_m3_Hwi_excHookFuncs__C                         
0000dde4  ti_sysbios_family_arm_m3_Hwi_nullIsrFunc__C                          
0000dde8  ti_sysbios_family_arm_m3_Hwi_priGroup__C                             
0000ddec  ti_sysbios_family_arm_m3_TaskSupport_stackAlignment__C               
0000ddf0  ti_sysbios_gates_GateMutex_A_badContext__C                           
0000ddf4  ti_sysbios_gates_GateMutex_Instance_State_sem__O                     
0000ddf8  ti_sysbios_gates_GateMutex_Module__diagsEnabled__C                   
0000ddfc  ti_sysbios_gates_GateMutex_Module__diagsIncluded__C                  
0000de00  ti_sysbios_gates_GateMutex_Module__diagsMask__C                      
0000de04  ti_sysbios_hal_Hwi_E_stackOverflow__C                                
0000de08  ti_sysbios_heaps_HeapMem_A_align__C                                  
0000de0c  ti_sysbios_heaps_HeapMem_A_heapSize__C                               
0000de10  ti_sysbios_heaps_HeapMem_A_invalidFree__C                            
0000de14  ti_sysbios_heaps_HeapMem_A_zeroBlock__C                              
0000de18  ti_sysbios_heaps_HeapMem_E_memory__C                                 
0000de1c  ti_sysbios_heaps_HeapMem_Module__diagsEnabled__C                     
0000de20  ti_sysbios_heaps_HeapMem_Module__diagsIncluded__C                    
0000de24  ti_sysbios_heaps_HeapMem_Module__diagsMask__C                        
0000de28  ti_sysbios_heaps_HeapMem_Module__gateObj__C                          
0000de2c  ti_sysbios_heaps_HeapMem_Object__count__C                            
0000de30  ti_sysbios_heaps_HeapMem_reqAlign__C                                 
0000de34  ti_sysbios_knl_Clock_Module_State_clockQ__O                          
0000de38  ti_sysbios_knl_Idle_funcList__A                                      
0000de3c  ti_sysbios_knl_Semaphore_A_badContext__C                             
0000de40  ti_sysbios_knl_Semaphore_A_noEvents__C                               
0000de44  ti_sysbios_knl_Semaphore_A_overflow__C                               
0000de48  ti_sysbios_knl_Semaphore_A_pendTaskDisabled__C                       
0000de4c  ti_sysbios_knl_Semaphore_Instance_State_pendQ__O                     
0000de50  ti_sysbios_knl_Semaphore_Module__diagsEnabled__C                     
0000de54  ti_sysbios_knl_Semaphore_Module__diagsIncluded__C                    
0000de58  ti_sysbios_knl_Semaphore_Module__diagsMask__C                        
0000de5c  ti_sysbios_knl_Swi_Object__count__C                                  
0000de60  ti_sysbios_knl_Task_A_badPriority__C                                 
0000de64  ti_sysbios_knl_Task_A_badTaskState__C                                
0000de68  ti_sysbios_knl_Task_A_badThreadType__C                               
0000de6c  ti_sysbios_knl_Task_A_noPendElem__C                                  
0000de70  ti_sysbios_knl_Task_E_spOutOfBounds__C                               
0000de74  ti_sysbios_knl_Task_E_stackOverflow__C                               
0000de78  ti_sysbios_knl_Task_Module_State_inactiveQ__O                        
0000de7c  ti_sysbios_knl_Task_Module__diagsEnabled__C                          
0000de80  ti_sysbios_knl_Task_Module__diagsIncluded__C                         
0000de84  ti_sysbios_knl_Task_Module__diagsMask__C                             
0000de88  ti_sysbios_knl_Task_Object__count__C                                 
0000de8c  ti_sysbios_knl_Task_allBlockedFunc__C                                
0000de90  ti_sysbios_knl_Task_defaultStackHeap__C                              
0000de94  ti_sysbios_knl_Task_defaultStackSize__C                              
0000de98  ti_sysbios_knl_Task_numConstructedTasks__C                           
0000de9c  xdc_runtime_Assert_E_assertFailed__C                                 
0000dea0  xdc_runtime_Core_A_initializedParams__C                              
0000dea4  xdc_runtime_Core_Module__diagsEnabled__C                             
0000dea8  xdc_runtime_Core_Module__diagsIncluded__C                            
0000deac  xdc_runtime_Core_Module__diagsMask__C                                
0000deb0  xdc_runtime_Error_E_memory__C                                        
0000deb4  xdc_runtime_Error_Module__diagsEnabled__C                            
0000deb8  xdc_runtime_Error_Module__diagsIncluded__C                           
0000debc  xdc_runtime_Error_Module__diagsMask__C                               
0000dec0  xdc_runtime_Error_Module__loggerFxn8__C                              
0000dec4  xdc_runtime_Error_Module__loggerObj__C                               
0000dec8  xdc_runtime_Error_policyFxn__C                                       
0000decc  xdc_runtime_Error_raiseHook__C                                       
0000ded0  xdc_runtime_IGateProvider_Interface__BASE__C                         
0000ded4  xdc_runtime_IHeap_Interface__BASE__C                                 
0000ded8  xdc_runtime_IModule_Interface__BASE__C                               
0000dedc  xdc_runtime_Log_L_error__C                                           
0000dee0  xdc_runtime_Memory_defaultHeapInstance__C                            
0000dee4  xdc_runtime_Startup_execImpl__C                                      
0000dee8  xdc_runtime_Startup_maxPasses__C                                     
0000deec  xdc_runtime_Startup_sfxnRts__C                                       
0000def0  xdc_runtime_Startup_sfxnTab__C                                       
0000def4  xdc_runtime_SysMin_bufSize__C                                        
0000def8  xdc_runtime_SysMin_outputFunc__C                                     
0000defc  xdc_runtime_System_Module__gateObj__C                                
0000df00  xdc_runtime_System_abortFxn__C                                       
0000df04  xdc_runtime_System_exitFxn__C                                        
0000df08  xdc_runtime_System_extendFxn__C                                      
0000df0c  xdc_runtime_System_maxAtexitHandlers__C                              
0000df10  xdc_runtime_Text_charTab__C                                          
0000df14  xdc_runtime_Text_nameEmpty__C                                        
0000df18  xdc_runtime_Text_nameStatic__C                                       
0000df1c  xdc_runtime_Text_nameUnknown__C                                      
0000df20  xdc_runtime_Text_nodeTab__C                                          
0000df24  xdc_runtime_Text_visitRopeFxn__C                                     
0000df28  ti_sysbios_gates_GateMutex_Module__id__C                             
0000df2a  ti_sysbios_hal_Hwi_Module__id__C                                     
0000df2c  ti_sysbios_heaps_HeapMem_Module__id__C                               
0000df2e  ti_sysbios_knl_Semaphore_Module__id__C                               
0000df30  ti_sysbios_knl_Task_Module__id__C                                    
0000df32  xdc_runtime_Core_Module__id__C                                       
0000df34  xdc_runtime_Error_Module__loggerDefined__C                           
0000df36  xdc_runtime_Error_maxDepth__C                                        
0000df38  xdc_runtime_Memory_Module__id__C                                     
0000df3a  xdc_runtime_SysMin_flushAtExit__C                                    
0000df3c  xdc_runtime_Text_charCnt__C                                          
0000df3e  xdc_runtime_Text_isLoaded__C                                         
0000df40  xdc_runtime_Text_registryModsLastId__C                               
0000df42  xdc_runtime_Text_unnamedModsLastId__C                                
0000df48  __TI_static_base__                                                   
0000e2cc  __TI_Handler_Table_Base                                              
0000e2d8  __TI_Handler_Table_Limit                                             
0000e2e8  __TI_CINIT_Base                                                      
0000e300  __TI_CINIT_Limit                                                     
20000000  __start___llvm_prf_cnts                                              
20000000  __stop___llvm_prf_cnts                                               
20000000  ti_sysbios_family_arm_m3_Hwi_ramVectors                              
20000360  task0Stack                                                           
20000b60  ti_sysbios_heaps_HeapMem_Instance_State_0_buf__A                     
20000f60  ti_sysbios_family_arm_m3_Hwi_dispatchTable                           
200012c0  ti_sysbios_knl_Task_Instance_State_0_stack__A                        
20001600  __CIOBUF_                                                            
20001720  i2cTivaObjects                                                       
200018b0  xdc_runtime_SysMin_Module_State_0_outbuf__A                          
20001930  task0Struct                                                          
20001980  sContext                                                             
200019cc  valueText                                                            
200019f8  graphMax                                                             
20001a00  graphMin                                                             
20001a08  parmbuf                                                              
20001a10  g_accelerationLimit                                                  
20001a14  g_currentLimit                                                       
20001a18  g_drawingGraph                                                       
20001a1c  g_motorSpeed                                                         
20001a20  g_numPlotOverflow                                                    
20001a24  g_numPlotPoints                                                      
20001a28  g_pi32ParmSet                                                        
20001a30  g_sCurrentPanel                                                      
20001a34  g_ui32SysClock                                                       
20001a3c  g_i16TouchX                                                          
20001a3e  g_i16TouchY                                                          
20001a40  updateGraph                                                          
20001a44  ti_sysbios_knl_Swi_Module_State_0_readyQ__A                          
20001ac4  ti_sysbios_knl_Task_Module_State_0_readyQ__A                         
20001b44  g_sGraphAcceleration                                                 
20001b94  g_sGraphBack                                                         
20001be4  g_sGraphExit                                                         
20001c34  g_sGraphLight                                                        
20001c84  g_sGraphOption                                                       
20001cd4  g_sGraphPower                                                        
20001d24  g_sGraphSpeed                                                        
20001d74  g_sGraphTitle                                                        
20001dc4  g_sMotorOption                                                       
20001e14  g_sSetOption                                                         
20001e64  g_sSettingAcceleration                                               
20001eb4  g_sSettingBack                                                       
20001f04  g_sSettingCurrent                                                    
20001f54  g_sSettingDecrease                                                   
20001fa4  g_sSettingExit                                                       
20001ff4  g_sSettingIncrease                                                   
20002044  g_sSettingSpeed                                                      
20002094  g_sSettingTitle                                                      
200020e4  g_sSettingValue                                                      
20002134  ti_sysbios_knl_Task_Object__table__V                                 
20002180  ti_sysbios_knl_Task_Module__state__V                                 
200021c4  g_sGraph                                                             
20002204  g_sGraphPage                                                         
20002244  g_sGraphsMainPage                                                    
20002284  g_sMainPage                                                          
200022c4  g_sSettingPage                                                       
20002304  g_sSettingsMainPage                                                  
20002344  ti_sysbios_family_arm_lm4_Timer_Module_State_0_device__A             
20002384  ti_sysbios_family_arm_lm4_Timer_Object__table__V                     
200023c4  ti_sysbios_gates_GateMutex_Object__table__V                          
200023fc  ti_sysbios_family_arm_m3_Hwi_Module__state__V                        
20002430  ti_sysbios_family_arm_m3_Hwi_Object__table__V                        
20002460  ti_sysbios_knl_Swi_Object__table__V                                  
20002490  g_sRoot                                                              
200024be  ti_sysbios_family_arm_m3_Hwi_Module_State_0_excActive__A             
200024c0  ti_sysbios_knl_Clock_Module__state__V                                
200024ec  ti_sysbios_BIOS_Module__state__V                                     
20002510  ti_sysbios_family_arm_lm4_Timer_Module_State_0_handles__A            
20002530  gpioPinConfigs                                                       
2000254c  ti_sysbios_knl_Swi_Module__state__V                                  
20002568  ti_sysbios_heaps_HeapMem_Object__table__V                            
20002580  ti_sysbios_family_arm_lm4_Timer_Module__state__V                     
2000258c  xdc_runtime_SysMin_Module__state__V                                  
20002598  _lock                                                                
2000259c  _unlock                                                              
200025a0  gpioCallbackFunctions                                                
200025a8  ti_sysbios_family_arm_m3_Hwi_Module__root__V                         
200025b0  ti_sysbios_gates_GateHwi_Module__root__V                             
200025b8  ti_sysbios_gates_GateMutex_Module__root__V                           
200025c0  ti_sysbios_heaps_HeapMem_Module__root__V                             
200025c8  ti_sysbios_knl_Queue_Module__root__V                                 
200025d0  ti_sysbios_knl_Semaphore_Module__root__V                             
200025d8  ti_sysbios_knl_Task_Module__root__V                                  
200025e0  xdc_runtime_Registry_Module__state__V                                
200025e8  xdc_runtime_Startup_Module__state__V                                 
200025f0  xdc_runtime_System_Module_State_0_atexitHandlers__A                  
200025f8  xdc_runtime_System_Module__state__V                                  
20002606  xdc_runtime_Error_Module__state__V                                   
2000260c  errno                                                                
20002610  main_func_sp                                                         
20002614  ti_sysbios_family_arm_m3_Hwi_Module_State_0_excContext__A            
20002618  ti_sysbios_family_arm_m3_Hwi_Module_State_0_excStack__A              
2000261c  ti_sysbios_gates_GateHwi_Object__table__V                            
20002620  ti_sysbios_knl_Task_Module_State_0_idleTask__A                       
20002624  g_i16TouchMin                                                        
20002628  xdc_runtime_Memory_Module__state__V                                  
20002630  __stack                                                              
20002930  __STACK_END                                                          
e000e000  ti_sysbios_family_arm_m3_Hwi_nvic                                    
ffffffff  __TI_pprof_out_hndl                                                  
ffffffff  __TI_prof_data_size                                                  
ffffffff  __TI_prof_data_start                                                 
ffffffff  __binit__                                                            
ffffffff  __c_args__                                                           
ffffffff  binit                                                                
UNDEFED   SHT$$INIT_ARRAY$$Base                                                
UNDEFED   SHT$$INIT_ARRAY$$Limit                                               

[723 symbols]
