******************************************************************************
                  TI ARM Linker PC v20.2.2                     
******************************************************************************
>> Linked Mon May 31 18:56:48 2021

OUTPUT FILE NAME:   <empty_EK_TM4C1294XL_TI.out>
ENTRY POINT SYMBOL: "_c_int00"  address: 0000b1a5


MEMORY CONFIGURATION

         name            origin    length      used     unused   attr    fill
----------------------  --------  ---------  --------  --------  ----  --------
  FLASH                 00000000   00100000  00013406  000ecbfa  R  X
  SRAM                  20000000   00040000  00004820  0003b7e0  RW X


SEGMENT ALLOCATION MAP

run origin  load origin   length   init length attrs members
----------  ----------- ---------- ----------- ----- -------
00000000    00000000    00013410   00013410    r-x
  00000000    00000000    0000003c   0000003c    r-- .resetVecs
  00000040    00000040    0000e52a   0000e52a    r-x .text
  0000e570    0000e570    00004a88   00004a88    r-- .const
  00012ff8    00012ff8    00000418   00000418    r-- .cinit
20000000    20000000    00004820   00000000    rw-
  20000000    20000000    00000360   00000000    rw- .vecs
  20000360    20000360    000034ec   00000000    rw- .bss
  2000384c    2000384c    00000cd4   00000000    rw- .data
  20004520    20004520    00000300   00000000    rw- .stack


SECTION ALLOCATION MAP

 output                                  attributes/
section   page    origin      length       input sections
--------  ----  ----------  ----------   ----------------
.text      0    00000040    0000e52a     
                  00000040    00000a4e     rtsv7M4_T_le_v4SPD16_eabi.lib : _printfi.c.obj (.text:__TI_printfi)
                  00000a8e    00000002                                   : _lock.c.obj (.text:_nop)
                  00000a90    000006ac     MotorLib.lib : motorlib.obj (.text)
                  0000113c    00000004     driverlib.lib : i2c.obj (.text:I2CMasterControl)
                  00001140    00000430     sysbios.aem4f : BIOS.obj (.text:ti_sysbios_family_arm_m3_Hwi_excDumpRegs__I)
                  00001570    000003a4     grlib_demo.obj (.text:drawGraphPoint)
                  00001914    00000374     grlib.lib : image.obj (.text:InternalImageDraw)
                  00001c88    0000034c     sysbios.aem4f : BIOS.obj (.text:ti_sysbios_knl_Event_pend__E)
                  00001fd4    0000034c     ti.targets.arm.rtsarm.aem4f : System.oem4f (.text:xdc_runtime_System_doPrint__I)
                  00002320    000002f8     grlib.lib : image.obj (.text:PixelTransparentDraw)
                  00002618    000002d0     sysbios.aem4f : BIOS.obj (.text:ti_sysbios_knl_Semaphore_pend__E)
                  000028e8    00000270     rtsv7M4_T_le_v4SPD16_eabi.lib : _printfi.c.obj (.text:_pconv_a)
                  00002b58    0000026c     sysbios.aem4f : BIOS.obj (.text:ti_sysbios_heaps_HeapMem_free__E)
                  00002dc4    00000268     touch.obj (.text:TouchScreenDebouncer)
                  0000302c    00000254     grlib.lib : string.obj (.text:GrFontGlyphRender)
                  00003280    00000250     sysbios.aem4f : BIOS.obj (.text:ti_sysbios_heaps_HeapMem_alloc__E)
                  000034d0    00000234                   : BIOS.obj (.text:ti_sysbios_knl_Task_Instance_finalize__E)
                  00003704    00000210     motorCode.obj (.text:motorFxn)
                  00003914    0000020c     drivers_tivaware.aem4f : UARTTiva.oem4f (.text:UARTTiva_open)
                  00003b20    00000204     Boot.aem4f : Boot_sysctl.oem4f (.text:ti_catalog_arm_cortexm4_tiva_ce_Boot_sysCtlClockFreqSetI__I)
                  00003d24    00000200     driverlib.lib : sysctl.obj (.text:SysCtlClockFreqSet)
                  00003f24    00000200     rtsv7M4_T_le_v4SPD16_eabi.lib : s_exp2.c.obj (.text:exp2)
                  00004124    00000004     driverlib.lib : i2c.obj (.text:I2CMasterDataGet)
                  00004128    000001f4     sysbios.aem4f : BIOS.obj (.text:ti_sysbios_family_arm_m3_Hwi_excHandlerMax__I)
                  0000431c    000001e8     empty_pem4f.oem4f (.text:xdc_runtime_System_printfExtend__I)
                  00004504    000001e4     Kentec320x240x16_ssd2119_spi.obj (.text:Kentec320x240x16_SSD2119Init)
                  000046e8    000001dc     Kentec320x240x16_ssd2119_spi.obj (.text:Kentec320x240x16_SSD2119PixelDrawMultiple)
                  000048c4    000001d4     grlib_demo.obj (.text:OnGraphsPage)
                  00004a98    000001d0     rtsv7M4_T_le_v4SPD16_eabi.lib : _printfi.c.obj (.text:_pconv_g)
                  00004c68    000001c0     sysbios.aem4f : BIOS.obj (.text:ti_sysbios_knl_Task_Instance_init__E)
                  00004e28    000001b6     rtsv7M4_T_le_v4SPD16_eabi.lib : fd_add_t2.asm.obj (.text)
                  00004fde    00000002                                   : div0.asm.obj (.text)
                  00004fe0    000001a4     pinout.obj (.text:PinoutSet)
                  00005184    00000190     grlib.lib : canvas.obj (.text:CanvasPaint)
                  00005314    0000017e               : pushbutton.obj (.text:RectangularButtonPaint)
                  00005492    00000002     empty_pem4f.oem4f (.text:ti_sysbios_BIOS_nullFunc__I)
                  00005494    00000178     touch.obj (.text:TouchScreenIntHandler)
                  0000560c    00000174     motorCode.obj (.text:initMotor)
                  00005780    00000174     sysbios.aem4f : BIOS.obj (.text:ti_sysbios_family_arm_m3_Hwi_excBusFault__I)
                  000058f4    00000170     drivers_tivaware.aem4f : PWMTiva.oem4f (.text:PWMTiva_open)
                  00005a64    00000004     driverlib.lib : i2c.obj (.text:I2CMasterDataPut)
                  00005a68    00000164     sysbios.aem4f : BIOS.obj (.text:ti_sysbios_family_arm_m3_Hwi_excUsageFault__I)
                  00005bcc    00000158     grlib_demo.obj (.text:initWidgets)
                  00005d24    00000150     drivers_tivaware.aem4f : GPIOTiva.oem4f (.text:GPIO_setConfig)
                  00005e74    00000148     motorCode.obj (.text:initHallABC)
                  00005fbc    00000004     driverlib.lib : uart.obj (.text:UARTIntClear)
                  00005fc0    00000148     sysbios.aem4f : BIOS.obj (.text:ti_sysbios_family_arm_m3_Hwi_excMemFault__I)
                  00006108    0000013c     rtsv7M4_T_le_v4SPD16_eabi.lib : _printfi.c.obj (.text:_pconv_e)
                  00006244    00000004     grlib.lib : widget.obj (.text:WidgetDefaultMsgProc)
                  00006248    0000013c     sysbios.aem4f : BIOS.obj (.text:ti_sysbios_heaps_HeapMem_Instance_init__E)
                  00006384    00000136     rtsv7M4_T_le_v4SPD16_eabi.lib : fd_div_t2.asm.obj (.text)
                  000064ba    00000132     driverlib.lib : gpio.obj (.text:GPIOPadConfigSet)
                  000065ec    00000124     rtsv7M4_T_le_v4SPD16_eabi.lib : _printfi.c.obj (.text:fcvt)
                  00006710    00000120     sysbios.aem4f : BIOS.obj (.text:ti_sysbios_family_arm_lm4_Timer_start__E)
                  00006830    0000011c     grlib_demo.obj (.text:OnSettingsPage)
                  0000694c    00000004     rtsv7M4_T_le_v4SPD16_eabi.lib : exit.c.obj (.text:abort:abort)
                  00006950    0000011c     sysbios.aem4f : BIOS.obj (.text:ti_sysbios_knl_Clock_Instance_init__E)
                  00006a6c    00000118     ti.targets.arm.rtsarm.aem4f : Error.oem4f (.text:xdc_runtime_Error_policyDefault__E)
                  00006b84    00000114     drivers_tivaware.aem4f : PWMTimerTiva.oem4f (.text:PWMTimerTiva_open)
                  00006c98    00000110     rtsv7M4_T_le_v4SPD16_eabi.lib : s_scalbn.c.obj (.text:scalbn)
                  00006da8    0000010c     Kentec320x240x16_ssd2119_spi.obj (.text:Kentec320x240x16_SSD2119RectFill)
                  00006eb4    0000010c     touch.obj (.text:TouchScreenInit)
                  00006fc0    00000106     grlib.lib : line.obj (.text:GrLineDraw)
                  000070c6    00000002     empty_pem4f.oem4f (.text:xdc_runtime_Startup_reset__I)
                  000070c8    00000104     sysbios.aem4f : BIOS.obj (.text:ti_sysbios_knl_Event_post__E)
                  000071cc    00000100     ti.targets.arm.rtsarm.aem4f : Core-mem.oem4f (.text:xdc_runtime_Core_createObject__I)
                  000072cc    000000fc     rtsv7M4_T_le_v4SPD16_eabi.lib : fd_mul_t2.asm.obj (.text)
                  000073c8    000000f8     ti.targets.arm.rtsarm.aem4f : Startup.oem4f (.text:xdc_runtime_Startup_startMods__I)
                  000074c0    000000f4     motorCode.obj (.text:filterFxn)
                  000075b4    000000f4     empty.obj (.text:main)
                  000076a8    000000f4     sysbios.aem4f : m3_Hwi_asm.obj (.text:ti_sysbios_family_arm_m3_Hwi_dispatch__I)
                  0000779c    000000f2     grlib.lib : pushbutton.obj (.text:RectangularButtonClick)
                  0000788e    000000f0     drivers_tivaware.aem4f : PWMTiva.oem4f (.text:PWMTiva_setDuty)
                  0000797e    00000002     --HOLE-- [fill = 0]
                  00007980    000000ec     sysbios.aem4f : BIOS.obj (.text:ti_sysbios_knl_Semaphore_post__E)
                  00007a6c    000000e8     grlib.lib : widget.obj (.text:WidgetMessageQueueAdd)
                  00007b54    000000e0     drivers_tivaware.aem4f : I2CTiva.oem4f (.text:I2CTiva_open)
                  00007c34    000000d6                            : I2CTiva.oem4f (.text:I2CTiva_hwiFxn)
                  00007d0a    00000002     --HOLE-- [fill = 0]
                  00007d0c    000000d0     motorCode.obj (.text:HallFxn)
                  00007ddc    000000cc     ti.targets.arm.rtsarm.aem4f : Core-smem.oem4f (.text:xdc_runtime_Core_constructObject__I)
                  00007ea8    000000c4     sensor_api.obj (.text:initLightTask)
                  00007f6c    000000c0     grlib.lib : string.obj (.text:GrDefaultStringRenderer)
                  0000802c    00000004     empty_pem4f.oem4f (.text:ti_sysbios_BIOS_RtsGateProxy_enter__E)
                  00008030    000000bc     sysbios.aem4f : BIOS.obj (.text:ti_sysbios_family_arm_m3_Hwi_excDebugMon__I)
                  000080ec    00000004     empty_pem4f.oem4f (.text:ti_sysbios_BIOS_RtsGateProxy_leave__E)
                  000080f0    000000bc     sysbios.aem4f : BIOS.obj (.text:ti_sysbios_family_arm_m3_Hwi_excHardFault__I)
                  000081ac    000000b8     EK_TM4C1294XL.obj (.text:EK_TM4C1294XL_initGeneral)
                  00008264    000000b8     grlib.lib : line.obj (.text:GrLineClip)
                  0000831c    000000b8     Kentec320x240x16_ssd2119_spi.obj (.text:InitSPILCDInterface)
                  000083d4    000000b8     drivers_tivaware.aem4f : PWMTimerTiva.oem4f (.text:PWMTimerTiva_setDuty)
                  0000848c    000000b4     grlib_demo.obj (.text:OnDecrease)
                  00008540    000000b4     grlib.lib : widget.obj (.text:WidgetMessageSendPostOrder)
                  000085f4    00000004     sysbios.aem4f : BIOS.obj (.text:ti_sysbios_family_arm_lm4_Timer_masterEnable__I)
                  000085f8    000000b4                   : BIOS.obj (.text:ti_sysbios_gates_GateMutex_enter__E)
                  000086ac    00000004     empty_pem4f.oem4f (.text:ti_sysbios_family_arm_m3_Hwi_destruct)
                  000086b0    000000b4     sysbios.aem4f : BIOS.obj (.text:ti_sysbios_knl_Task_checkStacks__E)
                  00008764    000000b1     rtsv7M4_T_le_v4SPD16_eabi.lib : _printfi.c.obj (.text:_ltostr)
                  00008815    00000003     --HOLE-- [fill = 0]
                  00008818    000000b0     grlib_demo.obj (.text:OnIncrease)
                  000088c8    000000ac     drivers_tivaware.aem4f : UARTTiva.oem4f (.text:readTaskBlocking)
                  00008974    00000004     empty_pem4f.oem4f (.text:ti_sysbios_family_arm_m3_TaskSupport_Module__startupDone__S)
                  00008978    000000ac     sysbios.aem4f : BIOS.obj (.text:ti_sysbios_family_arm_lm4_Timer_enableTiva__I)
                  00008a24    00000004     empty_pem4f.oem4f (.text:ti_sysbios_hal_Hwi_HwiProxy_delete)
                  00008a28    000000a8     sysbios.aem4f : BIOS.obj (.text:ti_sysbios_family_arm_lm4_Timer_enableTimers__I)
                  00008ad0    000000a4                   : BIOS.obj (.text:ti_sysbios_knl_Clock_Instance_finalize__E)
                  00008b74    000000a0     auto_init.aem4f : auto_init.oem4f (.text)
                  00008c14    000000a0     ti.targets.arm.rtsarm.aem4f : Text.oem4f (.text:xdc_runtime_Text_putMod__E)
                  00008cb4    0000009c     grlib_demo.obj (.text:OnStartMotor)
                  00008d50    0000009c     motorCode.obj (.text:PIControlFxn)
                  00008dec    0000009c     sensor_api.obj (.text:initLightSensor)
                  00008e88    0000009c     rtsv7M4_T_le_v4SPD16_eabi.lib : memcpy_t2.asm.obj (.text)
                  00008f24    00000004     empty_pem4f.oem4f (.text:ti_sysbios_heaps_HeapMem_Module_GateProxy_enter__E)
                  00008f28    0000009c     sysbios.aem4f : BIOS.obj (.text:ti_sysbios_knl_Semaphore_Instance_init__E)
                  00008fc4    0000009a     ti.targets.arm.rtsarm.aem4f : Text.oem4f (.text:xdc_runtime_Text_putSite__E)
                  0000905e    00000098     drivers_tivaware.aem4f : UARTTiva.oem4f (.text:UARTTiva_readPolling)
                  000090f6    00000002     --HOLE-- [fill = 0]
                  000090f8    00000098     Boot.aem4f : Boot.oem4f (.text:ti_catalog_arm_cortexm4_tiva_ce_Boot_sysCtlClockFreqSet__E)
                  00009190    00000096     rtsv7M4_T_le_v4SPD16_eabi.lib : ull_div_t2.asm.obj (.text)
                  00009226    00000094     drivers_tivaware.aem4f : UARTTiva.oem4f (.text:UARTTiva_write)
                  000092ba    00000006     driverlib.lib : gpio.obj (.text:GPIOIntClear)
                  000092c0    00000094     sysbios.aem4f : BIOS.obj (.text:ti_sysbios_family_arm_m3_Hwi_Instance_init__E)
                  00009354    00000004     empty_pem4f.oem4f (.text:ti_sysbios_heaps_HeapMem_Module_GateProxy_leave__E)
                  00009358    00000094     sysbios.aem4f : BIOS.obj (.text:ti_sysbios_family_arm_m3_Hwi_initNVIC__E)
                  000093ec    00000004     empty_pem4f.oem4f (.text:ti_sysbios_knl_Clock_TimerProxy_getMaxTicks__E)
                  000093f0    00000094     sysbios.aem4f : BIOS.obj (.text:ti_sysbios_knl_Task_postInit__I)
                  00009484    00000090     motorCode.obj (.text:accelLimitFxn)
                  00009514    0000008c     drivers_tivaware.aem4f : GPIOTiva.oem4f (.text:GPIO_init)
                  000095a0    0000008c                            : UARTTiva.oem4f (.text:UARTTiva_control)
                  0000962c    0000008c     sysbios.aem4f : m3_TaskSupport_asm.obj (.text:ti_sysbios_family_arm_m3_TaskSupport_buildTaskStack)
                  000096b8    0000008a     drivers_tivaware.aem4f : UARTTiva.oem4f (.text:readIsrTextBlocking)
                  00009742    00000002     --HOLE-- [fill = 0]
                  00009744    00000088                            : PWMTiva.oem4f (.text:PWMTiva_control)
                  000097cc    00000088     grlib_demo.obj (.text:initUI)
                  00009854    00000086     grlib.lib : rectangle.obj (.text:GrRectFill)
                  000098da    00000086     rtsv7M4_T_le_v4SPD16_eabi.lib : fd_cmp_t2.asm.obj (.text:__aeabi_cdcmple)
                  00009960    00000086                                   : fd_cmp_t2.asm.obj (.text:__aeabi_cdrcmple)
                  000099e6    00000002     --HOLE-- [fill = 0]
                  000099e8    00000084     sysbios.aem4f : BIOS.obj (.text:ti_sysbios_family_arm_m3_Hwi_postInit__I)
                  00009a6c    00000082     drivers_tivaware.aem4f : UARTTiva.oem4f (.text:readIsrTextCallback)
                  00009aee    0000007e                            : I2CTiva.oem4f (.text:I2CTiva_transfer)
                  00009b6c    0000007c     motorCode.obj (.text:ADCTriggerFxn)
                  00009be8    0000007a     driverlib.lib : adc.obj (.text:ADCSequenceStepConfigure)
                  00009c62    0000007a     drivers_tivaware.aem4f : UARTTiva.oem4f (.text:readTaskCallback)
                  00009cdc    0000007a     rtsv7M4_T_le_v4SPD16_eabi.lib : memset_t2.asm.obj (.text)
                  00009d56    00000002     --HOLE-- [fill = 0]
                  00009d58    00000074     sysbios.aem4f : BIOS.obj (.text:ti_sysbios_knl_Clock_start__E)
                  00009dcc    00000070     opt3001.obj (.text:OPT3001Convert)
                  00009e3c    00000004     empty_pem4f.oem4f (.text:ti_sysbios_knl_Clock_destruct)
                  00009e40    00000070     sysbios.aem4f : BIOS.obj (.text:ti_sysbios_knl_Clock_workFunc__E)
                  00009eb0    00000070                   : BIOS.obj (.text:ti_sysbios_knl_Task_exit__E)
                  00009f20    0000006e     rtsv7M4_T_le_v4SPD16_eabi.lib : _printfi.c.obj (.text:_mcpy)
                  00009f8e    0000006e                                   : fd_tos_t2.asm.obj (.text)
                  00009ffc    0000006d     ti.targets.arm.rtsarm.aem4f : System.oem4f (.text:xdc_runtime_System_formatNum__I)
                  0000a069    00000003     --HOLE-- [fill = 0]
                  0000a06c    0000006c     drivers_tivaware.aem4f : PWMTimerTiva.oem4f (.text:PWMTimerTiva_control)
                  0000a0d8    0000006c     empty_pem4f.oem4f (.text:ti_sysbios_family_arm_m3_Hwi_Object__create__S)
                  0000a144    00000004     empty_pem4f.oem4f (.text:ti_sysbios_knl_Queue_destruct)
                  0000a148    0000006c     sysbios.aem4f : BIOS.obj (.text:ti_sysbios_knl_Swi_restoreHwi__E)
                  0000a1b4    0000006c     drivers_tivaware.aem4f : UARTTiva.oem4f (.text:writeData)
                  0000a220    0000006c     ti.targets.arm.rtsarm.aem4f : Error.oem4f (.text:xdc_runtime_Error_print__E)
                  0000a28c    0000006c                                 : Memory.oem4f (.text:xdc_runtime_Memory_alloc__E)
                  0000a2f8    0000006a     drivers_tivaware.aem4f : PWMTiva.oem4f (.text:PWMTiva_close)
                  0000a362    00000002     --HOLE-- [fill = 0]
                  0000a364    00000068     grlib.lib : context.obj (.text:GrContextInit)
                  0000a3cc    00000068               : string.obj (.text:GrStringWidthGet)
                  0000a434    00000068     driverlib.lib : interrupt.obj (.text:IntEnable)
                  0000a49c    00000068     Kentec320x240x16_ssd2119_spi.obj (.text:Kentec320x240x16_SSD2119LineDrawH)
                  0000a504    00000068     Kentec320x240x16_ssd2119_spi.obj (.text:Kentec320x240x16_SSD2119LineDrawV)
                  0000a56c    00000068     rtsv7M4_T_le_v4SPD16_eabi.lib : copy_decompress_lzss.c.obj (.text:decompress:lzss:__TI_decompress_lzss)
                  0000a5d4    00000066     grlib.lib : context.obj (.text:GrContextClipRegionSet)
                  0000a63a    00000066               : rectangle.obj (.text:GrRectDraw)
                  0000a6a0    00000066     opt3001.obj (.text:OPT3001Read)
                  0000a706    00000066     ti.targets.arm.rtsarm.aem4f : Core-mem.oem4f (.text:xdc_runtime_Core_deleteObject__I)
                  0000a76c    00000064     drivers_tivaware.aem4f : GPIOTiva.oem4f (.text:GPIO_hwiIntFxn)
                  0000a7d0    00000064     opt3001.obj (.text:OPT3001Test)
                  0000a834    00000064     grlib_demo.obj (.text:OnGraphsMain)
                  0000a898    00000064     grlib.lib : widget.obj (.text:WidgetMessageQueueProcess)
                  0000a8fc    00000064     rtsv7M4_T_le_v4SPD16_eabi.lib : s_frexp.c.obj (.text:frexp)
                  0000a960    00000064     empty.obj (.text:setupLightSensor)
                  0000a9c4    00000004     empty_pem4f.oem4f (.text:ti_sysbios_knl_Semaphore_destruct)
                  0000a9c8    00000064     sysbios.aem4f : BIOS.obj (.text:ti_sysbios_family_arm_lm4_Timer_Module_startup__E)
                  0000aa2c    00000064     empty_pem4f.oem4f (.text:ti_sysbios_family_arm_m3_Hwi_create)
                  0000aa90    00000064     sysbios.aem4f : BIOS.obj (.text:ti_sysbios_family_arm_m3_Hwi_dispatchC__I)
                  0000aaf4    00000064     empty_pem4f.oem4f (.text:ti_sysbios_hal_Hwi_create)
                  0000ab58    00000062     drivers_tivaware.aem4f : I2CTiva.oem4f (.text:I2CTiva_primeTransfer)
                  0000abba    00000002     --HOLE-- [fill = 0]
                  0000abbc    00000060     driverlib.lib : timer.obj (.text:TimerConfigure)
                  0000ac1c    00000060     Kentec320x240x16_ssd2119_spi.obj (.text:WriteDataSPI)
                  0000ac7c    00000060     motorCode.obj (.text:statesFxn)
                  0000acdc    00000060     sensor_api.obj (.text:taskLight)
                  0000ad3c    00000004     ti.targets.arm.rtsarm.aem4f : Error.oem4f (.text:xdc_runtime_Error_getSite__E)
                  0000ad40    00000060     sysbios.aem4f : BIOS.obj (.text:ti_sysbios_knl_Task_schedule__I)
                  0000ada0    0000005e     grlib.lib : widget.obj (.text:WidgetMessageSendPreOrder)
                  0000adfe    0000005e     drivers_tivaware.aem4f : UARTTiva.oem4f (.text:readIsrBinaryBlocking)
                  0000ae5c    0000005c     Kentec320x240x16_ssd2119_spi.obj (.text:WriteCommandSPI)
                  0000aeb8    0000005c     sensor_api.obj (.text:getLight)
                  0000af14    00000004     empty_pem4f.oem4f (.text:xdc_runtime_System_Module_GateProxy_enter__E)
                  0000af18    0000005c     sysbios.aem4f : BIOS.obj (.text:ti_sysbios_knl_Swi_run__I)
                  0000af74    00000004     empty_pem4f.oem4f (.text:xdc_runtime_System_Module_GateProxy_leave__E)
                  0000af78    0000005c     sysbios.aem4f : BIOS.obj (.text:ti_sysbios_knl_Swi_schedule__I)
                  0000afd4    00000004     ti.targets.arm.rtsarm.aem4f : System.oem4f (.text:xdc_runtime_System_aprintf_va__F)
                  0000afd8    0000005c     sysbios.aem4f : BIOS.obj (.text:ti_sysbios_knl_Task_Module_startup__E)
                  0000b034    0000005c     empty_pem4f.oem4f (.text:ti_sysbios_knl_Task_create)
                  0000b090    0000005c     sysbios.aem4f : BIOS.obj (.text:ti_sysbios_knl_Task_startCore__E)
                  0000b0ec    0000005b     ti.targets.arm.rtsarm.aem4f : Text.oem4f (.text:xdc_runtime_Text_putLab__E)
                  0000b147    00000001     --HOLE-- [fill = 0]
                  0000b148    0000005a     grlib.lib : string.obj (.text:FontWideGlyphDataGet)
                  0000b1a2    00000002     --HOLE-- [fill = 0]
                  0000b1a4    00000058     boot.aem4f : boot.oem4f (.text)
                  0000b1fc    00000058     rtsv7M4_T_le_v4SPD16_eabi.lib : hostwrite.c.obj (.text:HOSTwrite)
                  0000b254    00000058     driverlib.lib : timer.obj (.text:TimerControlTrigger)
                  0000b2ac    00000058     empty_pem4f.oem4f (.text:ti_sysbios_family_arm_m3_Hwi_construct)
                  0000b304    00000058     sysbios.aem4f : m3_Hwi_asm_switch.obj (.text:ti_sysbios_family_arm_m3_Hwi_initStacks__E)
                  0000b35c    00000056     driverlib.lib : gpio.obj (.text:GPIOIntTypeSet)
                  0000b3b2    00000056     rtsv7M4_T_le_v4SPD16_eabi.lib : _printfi.c.obj (.text:_pconv_f)
                  0000b408    00000054                                   : _ltoa.c.obj (.text:__TI_ltoa)
                  0000b45c    00000054     drivers_tivaware.aem4f : UARTTiva.oem4f (.text:readIsrBinaryCallback)
                  0000b4b0    00000054     ti.targets.arm.rtsarm.aem4f : Assert.oem4f (.text:xdc_runtime_Assert_raise__I)
                  0000b504    00000052     rtsv7M4_T_le_v4SPD16_eabi.lib : _printfi.c.obj (.text:_ecpy)
                  0000b556    00000002     --HOLE-- [fill = 0]
                  0000b558    00000050     motorCode.obj (.text:ADC0_Init)
                  0000b5a8    00000050     driverlib.lib : adc.obj (.text:ADCSequenceConfigure)
                  0000b5f8    00000050     drivers_tivaware.aem4f : GPIOTiva.oem4f (.text:GPIO_setCallback)
                  0000b648    00000050                            : GPIOTiva.oem4f (.text:GPIO_write)
                  0000b698    00000050     opt3001.obj (.text:OPT3001WriteI2C)
                  0000b6e8    00000050     drivers_tivaware.aem4f : UARTTiva.oem4f (.text:UARTTiva_writeCancel)
                  0000b738    00000050     Boot.aem4f : Boot_sysctl.oem4f (.text:_SysCtlFrequencyGet)
                  0000b788    00000050     sysbios.aem4f : BIOS.obj (.text:ti_sysbios_family_arm_m3_Hwi_Module_startup__E)
                  0000b7d8    00000050     ti.targets.arm.rtsarm.aem4f : Startup.oem4f (.text:xdc_runtime_Startup_exec__E)
                  0000b828    00000050                                 : Text.oem4f (.text:xdc_runtime_Text_visitRope2__I)
                  0000b878    0000004c     driverlib.lib : i2c.obj (.text:I2CMasterInitExpClk)
                  0000b8c4    0000004c     drivers_tivaware.aem4f : UARTTiva.oem4f (.text:UARTTiva_close)
                  0000b910    0000004c     grlib.lib : widget.obj (.text:WidgetRemove)
                  0000b95c    0000004c     rtsv7M4_T_le_v4SPD16_eabi.lib : atoi.c.obj (.text:atoi)
                  0000b9a8    0000004c                                   : cpy_tbl.c.obj (.text:copy_in)
                  0000b9f4    0000004c     grlib_demo.obj (.text:drawSettingValue)
                  0000ba40    0000004c     motorCode.obj (.text:initUART)
                  0000ba8c    00000004     ti.targets.arm.rtsarm.aem4f : System.oem4f (.text:xdc_runtime_System_printf_va__F)
                  0000ba90    0000004c     sysbios.aem4f : BIOS.obj (.text:ti_sysbios_family_arm_lm4_Timer_setAvailMask__E)
                  0000badc    00000004     --HOLE-- [fill = 0]
                  0000bae0    0000004c                   : BIOS.obj (.text:ti_sysbios_heaps_HeapMem_getStats__E)
                  0000bb2c    00000004     --HOLE-- [fill = 0]
                  0000bb30    0000004c                   : BIOS.obj (.text:ti_sysbios_knl_Swi_runLoop__I)
                  0000bb7c    00000004     --HOLE-- [fill = 0]
                  0000bb80    0000004c                   : BIOS.obj (.text:ti_sysbios_knl_Task_allBlockedFunction__I)
                  0000bbcc    0000004a     drivers_tivaware.aem4f : PWMTimerTiva.oem4f (.text:PWMTimerTiva_close)
                  0000bc16    0000004a     grlib.lib : string.obj (.text:UpdateContextCharMapping)
                  0000bc60    00000048     driverlib.lib : gpio.obj (.text:GPIOPinConfigure)
                  0000bca8    00000048                   : sysctl.obj (.text:_SysCtlFrequencyGet)
                  0000bcf0    00000048     rtsv7M4_T_le_v4SPD16_eabi.lib : fd_toi_t2.asm.obj (.text)
                  0000bd38    00000048     sysbios.aem4f : BIOS.obj (.text:ti_sysbios_family_arm_m3_Hwi_disableInterrupt__E)
                  0000bd80    00000048                   : BIOS.obj (.text:ti_sysbios_family_arm_m3_Hwi_enableInterrupt__E)
                  0000bdc8    00000048                   : BIOS.obj (.text:ti_sysbios_family_arm_m3_Hwi_excReserved__I)
                  0000be10    00000046     grlib.lib : line.obj (.text:GrLineDrawH)
                  0000be56    00000046               : line.obj (.text:GrLineDrawV)
                  0000be9c    00000046     Kentec320x240x16_ssd2119_spi.obj (.text:Kentec320x240x16_SSD2119PixelDraw)
                  0000bee2    00000046     drivers_tivaware.aem4f : RingBuf.oem4f (.text:RingBuf_put)
                  0000bf28    00000046     driverlib.lib : uart.obj (.text:UARTConfigSetExpClk)
                  0000bf6e    00000046     ti.targets.arm.rtsarm.aem4f : Core-params.oem4f (.text:xdc_runtime_Core_assignParams__I)
                  0000bfb4    00000044     rtsv7M4_T_le_v4SPD16_eabi.lib : fd_tou_t2.asm.obj (.text)
                  0000bff8    00000044     sysbios.aem4f : BIOS.obj (.text:ti_sysbios_family_arm_lm4_Timer_isrStub__E)
                  0000c03c    00000004     --HOLE-- [fill = 0]
                  0000c040    00000044                   : BIOS.obj (.text:ti_sysbios_family_arm_m3_Hwi_getStackInfo__E)
                  0000c084    00000004     --HOLE-- [fill = 0]
                  0000c088    00000044                   : BIOS.obj (.text:ti_sysbios_knl_Swi_post__E)
                  0000c0cc    00000044     ti.targets.arm.rtsarm.aem4f : Error.oem4f (.text:xdc_runtime_Error_setX__E)
                  0000c110    00000044                                 : SysMin.oem4f (.text:xdc_runtime_SysMin_flush__E)
                  0000c154    00000044                                 : Text.oem4f (.text:xdc_runtime_Text_xprintf__I)
                  0000c198    00000042     drivers_tivaware.aem4f : UARTTiva.oem4f (.text:UARTTiva_hwiIntFxn)
                  0000c1da    00000042                            : UARTTiva.oem4f (.text:UARTTiva_writePolling)
                  0000c21c    00000040     opt3001.obj (.text:OPT3001ReadI2C)
                  0000c25c    00000040     grlib_demo.obj (.text:OnMainMenu)
                  0000c29c    00000040     grlib_demo.obj (.text:OnSettingsMain)
                  0000c2dc    00000040     drivers_tivaware.aem4f : RingBuf.oem4f (.text:RingBuf_get)
                  0000c31c    00000040                            : UARTTiva.oem4f (.text:UARTTiva_read)
                  0000c35c    00000040     rtsv7M4_T_le_v4SPD16_eabi.lib : u_divt2.asm.obj (.text)
                  0000c39c    00000040                                   : sprintf.c.obj (.text:sprintf)
                  0000c3dc    00000004     --HOLE-- [fill = 0]
                  0000c3e0    00000040     sysbios.aem4f : BIOS.obj (.text:ti_sysbios_family_arm_lm4_Timer_startup__E)
                  0000c420    0000003e     rtsv7M4_T_le_v4SPD16_eabi.lib : _printfi.c.obj (.text:_fcpy)
                  0000c45e    00000002     --HOLE-- [fill = 0]
                  0000c460    0000003c     EK_TM4C1294XL.obj (.text:EK_TM4C1294XL_initI2C)
                  0000c49c    0000003c     driverlib.lib : ssi.obj (.text:SSIConfigSetExpClk)
                  0000c4d8    0000003c     sysbios.aem4f : BIOS.obj (.text:ti_sysbios_family_arm_m3_Hwi_excSvCall__I)
                  0000c514    00000004     --HOLE-- [fill = 0]
                  0000c518    0000003c                   : BIOS.obj (.text:ti_sysbios_heaps_HeapMem_init__I)
                  0000c554    00000004     --HOLE-- [fill = 0]
                  0000c558    0000003c                   : BIOS.obj (.text:ti_sysbios_knl_Swi_restore__E)
                  0000c594    0000003a     grlib.lib : string.obj (.text:FontGlyphDataGet)
                  0000c5ce    0000003a     drivers_tivaware.aem4f : I2CTiva.oem4f (.text:I2CTiva_completeTransfer)
                  0000c608    00000038                            : I2C.oem4f (.text:I2C_init)
                  0000c640    00000038                            : PWM.oem4f (.text:PWM_init)
                  0000c678    00000038     driverlib.lib : sysctl.obj (.text:SysCtlPeripheralReady)
                  0000c6b0    00000038     drivers_tivaware.aem4f : UART.oem4f (.text:UART_init)
                  0000c6e8    00000038     rtsv7M4_T_le_v4SPD16_eabi.lib : trgmsg.c.obj (.text:__TI_writemsg)
                  0000c720    00000038                                   : fs_tod_t2.asm.obj (.text)
                  0000c758    00000038     motorCode.obj (.text:startMotor)
                  0000c790    00000038     sysbios.aem4f : BIOS.obj (.text:ti_sysbios_family_arm_m3_Hwi_excNoIsr__I)
                  0000c7c8    00000038     empty_pem4f.oem4f (.text:ti_sysbios_knl_Clock_create)
                  0000c800    00000038     sysbios.aem4f : BIOS.obj (.text:ti_sysbios_knl_Task_processVitalTaskFlag__I)
                  0000c838    00000038     ti.targets.arm.rtsarm.aem4f : SysMin.oem4f (.text:xdc_runtime_SysMin_putch__E)
                  0000c870    00000038                                 : System.oem4f (.text:xdc_runtime_System_atexit__E)
                  0000c8a8    00000036     grlib.lib : line.obj (.text:GrClipCodeGet)
                  0000c8de    00000036     drivers_tivaware.aem4f : I2CTiva.oem4f (.text:I2CTiva_close)
                  0000c914    00000036                            : UARTTiva.oem4f (.text:UARTTiva_readCancel)
                  0000c94a    00000002     --HOLE-- [fill = 0]
                  0000c94c    00000034     driverlib.lib : sysctl.obj (.text:SysCtlPeripheralEnable)
                  0000c980    00000034     rtsv7M4_T_le_v4SPD16_eabi.lib : trgmsg.c.obj (.text:__TI_readmsg)
                  0000c9b4    00000004     --HOLE-- [fill = 0]
                  0000c9b8    00000034     sysbios.aem4f : BIOS.obj (.text:ti_sysbios_family_arm_m3_Hwi_Instance_finalize__E)
                  0000c9ec    00000004     --HOLE-- [fill = 0]
                  0000c9f0    00000034                   : BIOS.obj (.text:ti_sysbios_family_arm_m3_Hwi_excNmi__I)
                  0000ca24    00000004     --HOLE-- [fill = 0]
                  0000ca28    00000034                   : BIOS.obj (.text:ti_sysbios_hal_Hwi_checkStack)
                  0000ca5c    00000034     empty_pem4f.oem4f (.text:ti_sysbios_knl_Clock_construct)
                  0000ca90    00000034     ti.targets.arm.rtsarm.aem4f : Core-label.oem4f (.text:xdc_runtime_Core_assignLabel__I)
                  0000cac4    00000033                                 : Text.oem4f (.text:xdc_runtime_Text_printVisFxn__I)
                  0000caf7    00000001     --HOLE-- [fill = 0]
                  0000caf8    00000032     sysbios.aem4f : BIOS.obj (.text:ti_sysbios_hal_Hwi_initStack)
                  0000cb2a    00000002     --HOLE-- [fill = 0]
                  0000cb2c    00000030     drivers_tivaware.aem4f : GPIOTiva.oem4f (.text:GPIO_enableInt)
                  0000cb5c    00000030                            : GPIOTiva.oem4f (.text:GPIO_read)
                  0000cb8c    00000030                            : I2C.oem4f (.text:I2C_open)
                  0000cbbc    00000030     grlib_demo.obj (.text:OnGraphAcceleration)
                  0000cbec    00000030     drivers_tivaware.aem4f : PWMTiva.oem4f (.text:PWMTiva_init)
                  0000cc1c    00000030                            : PWM.oem4f (.text:PWM_open)
                  0000cc4c    00000030                            : UART.oem4f (.text:UART_open)
                  0000cc7c    00000030     motorCode.obj (.text:readABC)
                  0000ccac    00000030     empty_pem4f.oem4f (.text:ti_sysbios_BIOS_atExitFunc__I)
                  0000ccdc    00000004     --HOLE-- [fill = 0]
                  0000cce0    00000030     sysbios.aem4f : BIOS.obj (.text:ti_sysbios_family_arm_lm4_Timer_stop__E)
                  0000cd10    00000030                   : BIOS.obj (.text:ti_sysbios_family_arm_m3_TaskSupport_start__E)
                  0000cd40    00000030     empty_pem4f.oem4f (.text:ti_sysbios_gates_GateHwi_Object__create__S)
                  0000cd70    00000030     empty_pem4f.oem4f (.text:ti_sysbios_gates_GateHwi_create)
                  0000cda0    00000030     empty_pem4f.oem4f (.text:ti_sysbios_gates_GateMutex_Object__create__S)
                  0000cdd0    00000030     empty_pem4f.oem4f (.text:ti_sysbios_heaps_HeapMem_Object__create__S)
                  0000ce00    00000030     sysbios.aem4f : BIOS.obj (.text:ti_sysbios_knl_Event_pendTimeout__I)
                  0000ce30    00000030     empty_pem4f.oem4f (.text:ti_sysbios_knl_Semaphore_construct)
                  0000ce60    00000030     sysbios.aem4f : BIOS.obj (.text:ti_sysbios_knl_Semaphore_pendTimeout__I)
                  0000ce90    00000030                   : BIOS.obj (.text:ti_sysbios_knl_Task_unblockI__E)
                  0000cec0    00000030     ti.targets.arm.rtsarm.aem4f : SysMin.oem4f (.text:xdc_runtime_SysMin_abort__E)
                  0000cef0    00000030                                 : System.oem4f (.text:xdc_runtime_System_processAtExit__E)
                  0000cf20    0000002e     grlib.lib : string.obj (.text:GrStringNextCharGet)
                  0000cf4e    0000002e     opt3001.obj (.text:OPT3001Enable)
                  0000cf7c    0000002e     rtsv7M4_T_le_v4SPD16_eabi.lib : i_tofd_t2.asm.obj (.text)
                  0000cfaa    00000002     --HOLE-- [fill = 0]
                  0000cfac    0000002c     EK_TM4C1294XL.obj (.text:EK_TM4C1294XL_initUART)
                  0000cfd8    0000002c     grlib.lib : string.obj (.text:GrFontBaselineGet)
                  0000d004    0000002c               : string.obj (.text:GrFontHeightGet)
                  0000d030    0000002c               : pushbutton.obj (.text:RectangularButtonMsgProc)
                  0000d05c    0000002c               : widget.obj (.text:WidgetIsInTree)
                  0000d088    0000002c     empty_pem4f.oem4f (.text:ti_sysbios_knl_Clock_doTick__I)
                  0000d0b4    0000002c     empty_pem4f.oem4f (.text:ti_sysbios_knl_Event_construct)
                  0000d0e0    0000002c     empty_pem4f.oem4f (.text:ti_sysbios_knl_Queue_construct)
                  0000d10c    00000004     --HOLE-- [fill = 0]
                  0000d110    0000002c     sysbios.aem4f : BIOS.obj (.text:ti_sysbios_knl_Task_restore__E)
                  0000d13c    0000002c     ti.targets.arm.rtsarm.aem4f : Text.oem4f (.text:xdc_runtime_Text_cordText__E)
                  0000d168    0000002a     driverlib.lib : gpio.obj (.text:GPIODirModeSet)
                  0000d192    0000002a     ti.targets.arm.rtsarm.aem4f : System.oem4f (.text:xdc_runtime_System_putchar__I)
                  0000d1bc    00000028     Kentec320x240x16_ssd2119_spi.obj (.text:Kentec320x240x16_SSD2119ColorTranslate)
                  0000d1e4    00000028     grlib_demo.obj (.text:OnGraphSpeed)
                  0000d20c    00000004     --HOLE-- [fill = 0]
                  0000d210    00000028     sysbios.aem4f : BIOS.obj (.text:ti_sysbios_hal_Hwi_Instance_init__E)
                  0000d238    00000028                   : BIOS.obj (.text:ti_sysbios_knl_Swi_Module_startup__E)
                  0000d260    00000027     empty.obj (.text:lightFxn)
                  0000d287    00000001     --HOLE-- [fill = 0]
                  0000d288    00000026     grlib.lib : string.obj (.text:GrFontInfoGet)
                  0000d2ae    00000026     sysbios.aem4f : m3_Hwi_asm.obj (.text:ti_sysbios_family_arm_m3_Hwi_pendSV__I)
                  0000d2d4    00000026     ti.targets.arm.rtsarm.aem4f : System.oem4f (.text:xdc_runtime_System_avprintf__E)
                  0000d2fa    00000002     --HOLE-- [fill = 0]
                  0000d2fc    00000024     grlib_demo.obj (.text:OnGraphLight)
                  0000d320    00000024     grlib_demo.obj (.text:OnGraphPower)
                  0000d344    00000024     empty_pem4f.oem4f (.text:ti_sysbios_BIOS_errorRaiseHook__I)
                  0000d368    00000024     empty_pem4f.oem4f (.text:ti_sysbios_BIOS_registerRTSLock__I)
                  0000d38c    00000024     empty_pem4f.oem4f (.text:ti_sysbios_BIOS_removeRTSLock__I)
                  0000d3b0    00000024     empty_pem4f.oem4f (.text:ti_sysbios_BIOS_startFunc__I)
                  0000d3d4    00000024     empty_pem4f.oem4f (.text:ti_sysbios_gates_GateMutex_Object__delete__S)
                  0000d3f8    00000024     sysbios.aem4f : BIOS.obj (.text:ti_sysbios_knl_Clock_Module_startup__E)
                  0000d41c    00000004     --HOLE-- [fill = 0]
                  0000d420    00000024                   : BIOS.obj (.text:ti_sysbios_knl_Task_restoreHwi__E)
                  0000d444    00000024     ti.targets.arm.rtsarm.aem4f : System.oem4f (.text:xdc_runtime_System_vprintf__E)
                  0000d468    00000022     grlib.lib : string.obj (.text:GrFontGlyphDataGet)
                  0000d48a    00000022     driverlib.lib : pwm.obj (.text:PWMGenConfigure)
                  0000d4ac    00000022     drivers_tivaware.aem4f : PWMTiva.oem4f (.text:PWMTiva_getPeriodCounts)
                  0000d4ce    00000002     --HOLE-- [fill = 0]
                  0000d4d0    00000022     sysbios.aem4f : BIOS.obj (.text:ti_sysbios_family_arm_lm4_Timer_write__I)
                  0000d4f2    00000022     empty_pem4f.oem4f (.text:xdc_runtime_SysMin_output__I)
                  0000d514    00000020     motorCode.obj (.text:ADCFxn)
                  0000d534    00000020     drivers_tivaware.aem4f : GPIOTiva.oem4f (.text:GPIO_clearInt)
                  0000d554    00000020     driverlib.lib : uart.obj (.text:UARTDisable)
                  0000d574    00000020     Boot.aem4f : Boot_sysctl.oem4f (.text:_SysCtlMemTimingGet)
                  0000d594    00000020     driverlib.lib : sysctl.obj (.text:_SysCtlMemTimingGet)
                  0000d5b4    00000020     rtsv7M4_T_le_v4SPD16_eabi.lib : u_tofd_t2.asm.obj (.text)
                  0000d5d4    00000020     motorCode.obj (.text:setSpeed)
                  0000d5f4    00000020     empty_pem4f.oem4f (.text:ti_sysbios_BIOS_rtsLock__I)
                  0000d614    00000020     empty_pem4f.oem4f (.text:ti_sysbios_family_arm_m3_Hwi_Object__delete__S)
                  0000d634    00000020     sysbios.aem4f : m3_Hwi_asm.obj (.text:ti_sysbios_family_arm_m3_Hwi_excHandlerAsm__I)
                  0000d654    00000004     --HOLE-- [fill = 0]
                  0000d658    00000020                   : BIOS.obj (.text:ti_sysbios_family_arm_m3_Hwi_excHandler__I)
                  0000d678    00000020     empty_pem4f.oem4f (.text:ti_sysbios_gates_GateHwi_Object__delete__S)
                  0000d698    00000020     empty_pem4f.oem4f (.text:ti_sysbios_heaps_HeapMem_Object__delete__S)
                  0000d6b8    00000020     empty_pem4f.oem4f (.text:ti_sysbios_knl_Clock_Object__destruct__S)
                  0000d6d8    00000020     sysbios.aem4f : BIOS.obj (.text:ti_sysbios_knl_Idle_run__E)
                  0000d6f8    00000020     empty_pem4f.oem4f (.text:ti_sysbios_knl_Semaphore_Object__destruct__S)
                  0000d718    00000020     ti.targets.arm.rtsarm.aem4f : Registry.oem4f (.text:xdc_runtime_Registry_findById__E)
                  0000d738    00000020                                 : SysMin.oem4f (.text:xdc_runtime_SysMin_Module_startup__E)
                  0000d758    0000001e     driverlib.lib : adc.obj (.text:ADCSequenceDataGet)
                  0000d776    0000001e     grlib.lib : string.obj (.text:GrFontCodepageGet)
                  0000d794    0000001e     driverlib.lib : pwm.obj (.text:PWMPulseWidthSet)
                  0000d7b2    0000001e     drivers_tivaware.aem4f : PWMTiva.oem4f (.text:PWMTiva_getPeriodMicroSecs)
                  0000d7d0    0000001e     grlib.lib : widget.obj (.text:WidgetAdd)
                  0000d7ee    0000001e     sysbios.aem4f : m3_Hwi_asm_switch.obj (.text:ti_sysbios_family_xxx_Hwi_switchAndRunFunc)
                  0000d80c    0000001c     grlib.lib : widget.obj (.text:WidgetPointerMessage)
                  0000d828    0000001c     drivers_tivaware.aem4f : GPIOTiva.oem4f (.text:getGpioIntIndex)
                  0000d844    0000001c     rtsv7M4_T_le_v4SPD16_eabi.lib : memccpy.c.obj (.text:memccpy)
                  0000d860    0000001c     empty_pem4f.oem4f (.text:ti_sysbios_family_arm_m3_Hwi_Object__destruct__S)
                  0000d87c    00000004     --HOLE-- [fill = 0]
                  0000d880    0000001c     sysbios.aem4f : BIOS.obj (.text:ti_sysbios_gates_GateMutex_Instance_init__E)
                  0000d89c    0000001c     empty_pem4f.oem4f (.text:ti_sysbios_hal_Hwi_HwiProxy_create)
                  0000d8b8    0000001c     empty_pem4f.oem4f (.text:ti_sysbios_knl_Queue_Object__destruct__S)
                  0000d8d4    00000004     --HOLE-- [fill = 0]
                  0000d8d8    0000001c     sysbios.aem4f : BIOS.obj (.text:ti_sysbios_knl_Queue_put__E)
                  0000d8f4    00000004     --HOLE-- [fill = 0]
                  0000d8f8    0000001c                   : BIOS.obj (.text:ti_sysbios_knl_Task_enter__I)
                  0000d914    0000001c     ti.targets.arm.rtsarm.aem4f : Error.oem4f (.text:xdc_runtime_Error_raiseX__E)
                  0000d930    0000001c                                 : Memory.oem4f (.text:xdc_runtime_Memory_valloc__E)
                  0000d94c    0000001c                                 : SysMin.oem4f (.text:xdc_runtime_SysMin_exit__E)
                  0000d968    0000001c                                 : System.oem4f (.text:xdc_runtime_System_abort__E)
                  0000d984    0000001a     rtsv7M4_T_le_v4SPD16_eabi.lib : s_copysign.c.obj (.text:copysign)
                  0000d99e    0000001a     empty_pem4f.oem4f (.text:ti_sysbios_family_arm_m3_Hwi_Handle__label__S)
                  0000d9b8    0000001a     empty_pem4f.oem4f (.text:ti_sysbios_gates_GateHwi_Handle__label__S)
                  0000d9d2    0000001a     empty_pem4f.oem4f (.text:ti_sysbios_gates_GateMutex_Handle__label__S)
                  0000d9ec    0000001a     empty_pem4f.oem4f (.text:ti_sysbios_heaps_HeapMem_Handle__label__S)
                  0000da06    0000001a     empty_pem4f.oem4f (.text:ti_sysbios_knl_Swi_Handle__label__S)
                  0000da20    0000001a     empty_pem4f.oem4f (.text:ti_sysbios_knl_Task_Handle__label__S)
                  0000da3a    0000001a     empty_pem4f.oem4f (.text:xdc_runtime_System_aprintf__E)
                  0000da54    0000001a     empty_pem4f.oem4f (.text:xdc_runtime_System_printf__E)
                  0000da6e    00000018     driverlib.lib : adc.obj (.text:ADCProcessorTrigger)
                  0000da86    00000018                   : gpio.obj (.text:GPIOPinTypeGPIOOutput)
                  0000da9e    00000018                   : timer.obj (.text:TimerControlLevel)
                  0000dab6    00000002     --HOLE-- [fill = 0]
                  0000dab8    00000018                   : timer.obj (.text:TimerDisable)
                  0000dad0    00000018     drivers_tivaware.aem4f : UART.oem4f (.text:UART_Params_init)
                  0000dae8    00000018     rtsv7M4_T_le_v4SPD16_eabi.lib : args_main.c.obj (.text:_args_main)
                  0000db00    00000018                                   : sprintf.c.obj (.text:_outs)
                  0000db18    00000018     empty.obj (.text:heartBeatFxn)
                  0000db30    00000018     empty_pem4f.oem4f (.text:ti_sysbios_BIOS_rtsUnlock__I)
                  0000db48    00000018     empty_pem4f.oem4f (.text:ti_sysbios_family_arm_lm4_Timer_Module__startupDone__F)
                  0000db60    00000018     empty_pem4f.oem4f (.text:ti_sysbios_family_arm_m3_Hwi_Module__startupDone__F)
                  0000db78    00000018     sysbios.aem4f : m3_TaskSupport_asm.obj (.text:ti_sysbios_family_arm_m3_TaskSupport_swap__E)
                  0000db90    00000018                   : BIOS.obj (.text:ti_sysbios_gates_GateMutex_leave__E)
                  0000dba8    00000018     ti.targets.arm.rtsarm.aem4f : Error.oem4f (.text:xdc_runtime_Error_check__E)
                  0000dbc0    00000018                                 : System.oem4f (.text:xdc_runtime_System_exit__E)
                  0000dbd8    00000018                                 : Text.oem4f (.text:xdc_runtime_Text_ropeText__E)
                  0000dbf0    00000016     grlib.lib : string.obj (.text:GrStringDraw)
                  0000dc06    00000016     driverlib.lib : i2c.obj (.text:I2CMasterErr)
                  0000dc1c    00000016     rtsv7M4_T_le_v4SPD16_eabi.lib : strchr.c.obj (.text:strchr)
                  0000dc32    00000016     empty_pem4f.oem4f (.text:ti_sysbios_BIOS_exitFunc__I)
                  0000dc48    00000016     motorCode.obj (.text:ti_sysbios_gates_GateHwi_Params_init)
                  0000dc5e    00000016     motorCode.obj (.text:ti_sysbios_hal_Hwi_Params_init)
                  0000dc74    00000016     empty.obj (.text:ti_sysbios_knl_Clock_Params_init)
                  0000dc8a    00000016     motorCode.obj (.text:ti_sysbios_knl_Clock_Params_init)
                  0000dca0    00000016     sensor_api.obj (.text:ti_sysbios_knl_Clock_Params_init)
                  0000dcb6    00000016     motorCode.obj (.text:ti_sysbios_knl_Semaphore_Params_init)
                  0000dccc    00000016     sensor_api.obj (.text:ti_sysbios_knl_Semaphore_Params_init)
                  0000dce2    00000016     empty.obj (.text:ti_sysbios_knl_Task_Params_init)
                  0000dcf8    00000016     sensor_api.obj (.text:ti_sysbios_knl_Task_Params_init)
                  0000dd0e    00000014     grlib.lib : canvas.obj (.text:CanvasMsgProc)
                  0000dd22    00000002     --HOLE-- [fill = 0]
                  0000dd24    00000014     Kentec320x240x16_ssd2119_spi.obj (.text:LED_OFF)
                  0000dd38    00000014     Kentec320x240x16_ssd2119_spi.obj (.text:LED_ON)
                  0000dd4c    00000014     grlib_demo.obj (.text:OnSettingAcceleration)
                  0000dd60    00000014     grlib_demo.obj (.text:OnSettingCurrent)
                  0000dd74    00000014     grlib_demo.obj (.text:OnSettingSpeed)
                  0000dd88    00000014     driverlib.lib : pwm.obj (.text:PWMClockSet)
                  0000dd9c    00000014                   : sysctl.obj (.text:SysCtlPWMClockSet)
                  0000ddb0    00000014     touch.obj (.text:TouchScreenCallbackSet)
                  0000ddc4    00000014     driverlib.lib : uart.obj (.text:UARTEnable)
                  0000ddd8    00000014     grlib.lib : widget.obj (.text:WidgetMutexGet)
                  0000ddec    00000014     motorCode.obj (.text:getSpeed)
                  0000de00    00000014     rtsv7M4_T_le_v4SPD16_eabi.lib : strlen.c.obj (.text:strlen)
                  0000de14    00000014     empty_pem4f.oem4f (.text:ti_sysbios_family_arm_m3_Hwi_Object__get__S)
                  0000de28    00000014     sysbios.aem4f : BIOS.obj (.text:ti_sysbios_family_arm_m3_Hwi_switchFromBootStack__E)
                  0000de3c    00000014     empty_pem4f.oem4f (.text:ti_sysbios_heaps_HeapMem_Object__get__S)
                  0000de50    00000014     sysbios.aem4f : BIOS.obj (.text:ti_sysbios_knl_Event_Instance_init__E)
                  0000de64    00000014     empty_pem4f.oem4f (.text:ti_sysbios_knl_Swi_Object__get__S)
                  0000de78    00000012     driverlib.lib : gpio.obj (.text:GPIOPinTypeADC)
                  0000de8a    00000012                   : gpio.obj (.text:GPIOPinTypeEthernetLED)
                  0000de9c    00000012                   : gpio.obj (.text:GPIOPinTypeGPIOInput)
                  0000deae    00000012                   : gpio.obj (.text:GPIOPinTypeI2C)
                  0000dec0    00000012                   : gpio.obj (.text:GPIOPinTypeI2CSCL)
                  0000ded2    00000012                   : gpio.obj (.text:GPIOPinTypePWM)
                  0000dee4    00000012                   : gpio.obj (.text:GPIOPinTypeSSI)
                  0000def6    00000012                   : gpio.obj (.text:GPIOPinTypeTimer)
                  0000df08    00000012                   : gpio.obj (.text:GPIOPinTypeUART)
                  0000df1a    00000012                   : gpio.obj (.text:GPIOPinTypeUSBAnalog)
                  0000df2c    00000012                   : gpio.obj (.text:GPIOPinTypeUSBDigital)
                  0000df3e    00000012                   : pwm.obj (.text:PWMGenPeriodGet)
                  0000df50    00000012                   : pwm.obj (.text:PWMOutputInvert)
                  0000df62    00000012                   : pwm.obj (.text:PWMOutputState)
                  0000df74    00000012     drivers_tivaware.aem4f : RingBuf.oem4f (.text:RingBuf_construct)
                  0000df86    00000012     driverlib.lib : ssi.obj (.text:SSIDataGetNonBlocking)
                  0000df98    00000012                   : timer.obj (.text:TimerLoadSet)
                  0000dfaa    00000012                   : timer.obj (.text:TimerMatchSet)
                  0000dfbc    00000012                   : timer.obj (.text:TimerPrescaleMatchSet)
                  0000dfce    00000012                   : timer.obj (.text:TimerPrescaleSet)
                  0000dfe0    00000012     sysbios.aem4f : BIOS.obj (.text:ti_sysbios_hal_Hwi_Module_startup__E)
                  0000dff2    00000012     rtsv7M4_T_le_v4SPD16_eabi.lib : wcslen.c.obj (.text:wcslen)
                  0000e004    00000012     empty_pem4f.oem4f (.text:xdc_runtime_Startup_exec__I)
                  0000e016    00000002     --HOLE-- [fill = 0]
                  0000e018    00000010     empty_pem4f.oem4f (.text:.bootCodeSection:ti_catalog_arm_cortexm4_tiva_ce_Boot_init__I)
                  0000e028    00000010     driverlib.lib : adc.obj (.text:ADCIntEnable)
                  0000e038    00000010     drivers_tivaware.aem4f : I2C.oem4f (.text:I2C_Params_init)
                  0000e048    00000010     driverlib.lib : pwm.obj (.text:PWMGenPeriodSet)
                  0000e058    00000010     drivers_tivaware.aem4f : PWM.oem4f (.text:PWM_Params_init)
                  0000e068    00000010                            : UARTTiva.oem4f (.text:readBlockingTimeout)
                  0000e078    00000010     sensor_api.obj (.text:swiLight)
                  0000e088    00000010     sysbios.aem4f : BIOS.obj (.text:ti_sysbios_BIOS_getCpuFreq__E)
                  0000e098    00000010                   : BIOS.obj (.text:ti_sysbios_BIOS_setThreadType__E)
                  0000e0a8    00000010                   : BIOS.obj (.text:ti_sysbios_BIOS_start__E)
                  0000e0b8    00000010                   : m3_TaskSupport_asm.obj (.text:ti_sysbios_family_arm_m3_TaskSupport_glue)
                  0000e0c8    00000010                   : BIOS.obj (.text:ti_sysbios_gates_GateMutex_Instance_finalize__E)
                  0000e0d8    00000010     empty_pem4f.oem4f (.text:ti_sysbios_hal_Hwi_HwiProxy_Object__create__S)
                  0000e0e8    00000010     sysbios.aem4f : BIOS.obj (.text:ti_sysbios_knl_Semaphore_Instance_finalize__E)
                  0000e0f8    00000010                   : BIOS.obj (.text:ti_sysbios_knl_Swi_disable__E)
                  0000e108    00000010     empty_pem4f.oem4f (.text:ti_sysbios_knl_Task_Object__get__S)
                  0000e118    00000010     sysbios.aem4f : BIOS.obj (.text:ti_sysbios_knl_Task_disable__E)
                  0000e128    00000010     ti.targets.arm.rtsarm.aem4f : Gate.oem4f (.text:xdc_runtime_Gate_leaveSystem__E)
                  0000e138    00000010                                 : Memory.oem4f (.text:xdc_runtime_Memory_free__E)
                  0000e148    00000010                                 : SysMin.oem4f (.text:xdc_runtime_SysMin_ready__E)
                  0000e158    00000010                                 : System.oem4f (.text:xdc_runtime_System_vsnprintf__E)
                  0000e168    00000010     empty_pem4f.oem4f (.text:xdc_runtime_Text_visitRope__I)
                  0000e178    0000000e     driverlib.lib : adc.obj (.text:ADCSequenceEnable)
                  0000e186    0000000e                   : gpio.obj (.text:GPIOIntStatus)
                  0000e194    0000000e     grlib.lib : image.obj (.text:GrImageDraw)
                  0000e1a2    0000000e     driverlib.lib : timer.obj (.text:TimerEnable)
                  0000e1b0    0000000e                   : uart.obj (.text:UARTCharGetNonBlocking)
                  0000e1be    0000000e                   : uart.obj (.text:UARTCharPutNonBlocking)
                  0000e1cc    0000000e     rtsv7M4_T_le_v4SPD16_eabi.lib : copy_decompress_none.c.obj (.text:decompress:none:__TI_decompress_none)
                  0000e1da    00000006     driverlib.lib : gpio.obj (.text:GPIOPinRead)
                  0000e1e0    0000000e     sysbios.aem4f : BIOS.obj (.text:ti_sysbios_knl_Idle_loop__E)
                  0000e1ee    00000002     --HOLE-- [fill = 0]
                  0000e1f0    0000000e                   : BIOS.obj (.text:ti_sysbios_knl_Queue_empty__E)
                  0000e1fe    0000000c     driverlib.lib : gpio.obj (.text:GPIOIntEnable)
                  0000e20a    0000000c                   : pwm.obj (.text:PWMGenDisable)
                  0000e216    0000000c                   : pwm.obj (.text:PWMGenEnable)
                  0000e222    0000000c     drivers_tivaware.aem4f : RingBuf.oem4f (.text:RingBuf_peek)
                  0000e22e    0000000c     driverlib.lib : uart.obj (.text:UARTFlowControlSet)
                  0000e23a    0000000c     drivers_tivaware.aem4f : UARTTiva.oem4f (.text:UARTTiva_init)
                  0000e246    00000002     --HOLE-- [fill = 0]
                  0000e248    0000000c     rtsv7M4_T_le_v4SPD16_eabi.lib : _lock.c.obj (.text:_register_lock)
                  0000e254    0000000c                                   : _lock.c.obj (.text:_register_unlock)
                  0000e260    0000000c                                   : copy_zero_init.c.obj (.text:decompress:ZI:__TI_zero_init)
                  0000e26c    0000000c     motorCode.obj (.text:getState)
                  0000e278    0000000c     sysbios.aem4f : BIOS.obj (.text:ti_sysbios_family_arm_lm4_Timer_getAvailMask__E)
                  0000e284    00000004     --HOLE-- [fill = 0]
                  0000e288    0000000c                   : BIOS.obj (.text:ti_sysbios_family_arm_lm4_Timer_getMaxTicks__E)
                  0000e294    0000000c     empty_pem4f.oem4f (.text:ti_sysbios_family_arm_m3_Hwi_Params__init__S)
                  0000e2a0    0000000c     sysbios.aem4f : BIOS.obj (.text:ti_sysbios_family_arm_m3_Hwi_disableFxn__E)
                  0000e2ac    00000004     --HOLE-- [fill = 0]
                  0000e2b0    0000000c                   : BIOS.obj (.text:ti_sysbios_family_arm_m3_TaskSupport_checkStack__E)
                  0000e2bc    00000004     --HOLE-- [fill = 0]
                  0000e2c0    0000000c                   : BIOS.obj (.text:ti_sysbios_family_arm_m3_TaskSupport_getStackAlignment__E)
                  0000e2cc    0000000c     empty_pem4f.oem4f (.text:ti_sysbios_gates_GateHwi_Params__init__S)
                  0000e2d8    0000000c     sysbios.aem4f : BIOS.obj (.text:ti_sysbios_gates_GateHwi_enter__E)
                  0000e2e4    0000000c     empty_pem4f.oem4f (.text:ti_sysbios_hal_Hwi_Params__init__S)
                  0000e2f0    0000000c     empty_pem4f.oem4f (.text:ti_sysbios_knl_Clock_Params__init__S)
                  0000e2fc    00000004     --HOLE-- [fill = 0]
                  0000e300    0000000c     sysbios.aem4f : BIOS.obj (.text:ti_sysbios_knl_Clock_getTicks__E)
                  0000e30c    0000000c     motorCode.obj (.text:ti_sysbios_knl_Event_handle)
                  0000e318    0000000c     empty_pem4f.oem4f (.text:ti_sysbios_knl_Queue_Object__get__S)
                  0000e324    0000000c     empty_pem4f.oem4f (.text:ti_sysbios_knl_Semaphore_Params__init__S)
                  0000e330    0000000c     motorCode.obj (.text:ti_sysbios_knl_Semaphore_handle)
                  0000e33c    0000000c     sensor_api.obj (.text:ti_sysbios_knl_Semaphore_handle)
                  0000e348    0000000c     empty_pem4f.oem4f (.text:ti_sysbios_knl_Task_Params__init__S)
                  0000e354    0000000c     empty.obj (.text:updateGraphUI)
                  0000e360    0000000c     ti.targets.arm.rtsarm.aem4f : Error.oem4f (.text:xdc_runtime_Error_init__E)
                  0000e36c    0000000c                                 : Gate.oem4f (.text:xdc_runtime_Gate_enterSystem__E)
                  0000e378    0000000c                                 : Memory.oem4f (.text:xdc_runtime_Memory_calloc__E)
                  0000e384    0000000c                                 : Memory.oem4f (.text:xdc_runtime_Memory_getMaxDefaultTypeAlign__E)
                  0000e390    0000000a     driverlib.lib : adc.obj (.text:ADCIntClear)
                  0000e39a    0000000a                   : i2c.obj (.text:I2CMasterDisable)
                  0000e3a4    0000000a                   : i2c.obj (.text:I2CMasterEnable)
                  0000e3ae    0000000a     drivers_tivaware.aem4f : I2CTiva.oem4f (.text:I2CTiva_init)
                  0000e3b8    0000000a                            : I2C.oem4f (.text:I2C_transfer)
                  0000e3c2    0000000a     Kentec320x240x16_ssd2119_spi.obj (.text:Kentec320x240x16_SSD2119Flush)
                  0000e3cc    0000000a     drivers_tivaware.aem4f : PWMTimerTiva.oem4f (.text:PWMTimerTiva_getPeriodCounts)
                  0000e3d6    0000000a                            : PWM.oem4f (.text:PWM_setDuty)
                  0000e3e0    0000000a     driverlib.lib : ssi.obj (.text:SSIDataPut)
                  0000e3ea    0000000a                   : ssi.obj (.text:SSIEnable)
                  0000e3f4    0000000a                   : uart.obj (.text:UARTCharGet)
                  0000e3fe    0000000a                   : uart.obj (.text:UARTCharPut)
                  0000e408    0000000a                   : uart.obj (.text:UARTIntDisable)
                  0000e412    0000000a                   : uart.obj (.text:UARTIntStatus)
                  0000e41c    0000000a     drivers_tivaware.aem4f : UART.oem4f (.text:UART_write)
                  0000e426    0000000a     rtsv7M4_T_le_v4SPD16_eabi.lib : sprintf.c.obj (.text:_outc)
                  0000e430    0000000a     sysbios.aem4f : BIOS.obj (.text:ti_sysbios_hal_Hwi_Instance_finalize__E)
                  0000e43a    0000000a     empty_pem4f.oem4f (.text:xdc_runtime_IHeap_alloc)
                  0000e444    0000000a     empty_pem4f.oem4f (.text:xdc_runtime_IHeap_free)
                  0000e44e    00000008     EK_TM4C1294XL.obj (.text:EK_TM4C1294XL_initGPIO)
                  0000e456    00000008     grlib.lib : charmap.obj (.text:GrMapISO8859_1_Unicode)
                  0000e45e    00000008     driverlib.lib : i2c.obj (.text:I2CMasterIntClear)
                  0000e466    00000008                   : i2c.obj (.text:I2CMasterSlaveAddrSet)
                  0000e46e    00000008     drivers_tivaware.aem4f : I2CTiva.oem4f (.text:I2CTiva_blockingCallback)
                  0000e476    00000008                            : PWMTimerTiva.oem4f (.text:PWMTimerTiva_init)
                  0000e47e    00000008     driverlib.lib : ssi.obj (.text:SSIBusy)
                  0000e486    00000008                   : uart.obj (.text:UARTIntEnable)
                  0000e48e    00000008                   : uart.obj (.text:UARTRxErrorGet)
                  0000e496    00000002     --HOLE-- [fill = 0]
                  0000e498    00000008     rtsv7M4_T_le_v4SPD16_eabi.lib : errno.c.obj (.text:__aeabi_errno_addr)
                  0000e4a0    00000008     drivers_tivaware.aem4f : UARTTiva.oem4f (.text:readSemCallback)
                  0000e4a8    00000008     sysbios.aem4f : BIOS.obj (.text:ti_sysbios_family_arm_lm4_Timer_masterDisable__I)
                  0000e4b0    00000008                   : BIOS.obj (.text:ti_sysbios_family_arm_m3_Hwi_doSwiRestore__I)
                  0000e4b8    00000008                   : BIOS.obj (.text:ti_sysbios_family_arm_m3_Hwi_startup__E)
                  0000e4c0    00000008     drivers_tivaware.aem4f : UARTTiva.oem4f (.text:writeSemCallback)
                  0000e4c8    00000006     driverlib.lib : gpio.obj (.text:GPIOPinWrite)
                  0000e4ce    00000006     grlib.lib : string.obj (.text:GrContextFontSet)
                  0000e4d4    00000006     driverlib.lib : i2c.obj (.text:I2CMasterIntDisable)
                  0000e4da    00000006                   : i2c.obj (.text:I2CMasterIntEnable)
                  0000e4e0    00000006     drivers_tivaware.aem4f : I2CTiva.oem4f (.text:I2CTiva_control)
                  0000e4e6    00000006                            : PWMTimerTiva.oem4f (.text:PWMTimerTiva_getPeriodMicroSecs)
                  0000e4ec    00000006     driverlib.lib : sysctl.obj (.text:SysCtlDelay)
                  0000e4f2    00000006                   : uart.obj (.text:UARTFIFOLevelSet)
                  0000e4f8    00000006                   : uart.obj (.text:UARTRxErrorClear)
                  0000e4fe    00000006     grlib.lib : widget.obj (.text:WidgetMutexPut)
                  0000e504    00000004     --HOLE-- [fill = 0]
                  0000e508    00000006     sysbios.aem4f : BIOS.obj (.text:ti_sysbios_family_arm_m3_Hwi_doTaskRestore__I)
                  0000e50e    00000002     --HOLE-- [fill = 0]
                  0000e510    00000006                   : BIOS.obj (.text:ti_sysbios_family_arm_m3_Hwi_restoreFxn__E)
                  0000e516    00000002     --HOLE-- [fill = 0]
                  0000e518    00000006                   : BIOS.obj (.text:ti_sysbios_gates_GateHwi_leave__E)
                  0000e51e    00000002     --HOLE-- [fill = 0]
                  0000e520    00000006                   : BIOS.obj (.text:ti_sysbios_heaps_HeapMem_isBlocking__E)
                  0000e526    00000002     --HOLE-- [fill = 0]
                  0000e528    00000006                   : BIOS.obj (.text:ti_sysbios_knl_Clock_stop__E)
                  0000e52e    00000002     --HOLE-- [fill = 0]
                  0000e530    00000006                   : BIOS.obj (.text:ti_sysbios_knl_Queue_Instance_init__E)
                  0000e536    00000002     --HOLE-- [fill = 0]
                  0000e538    00000006                   : BIOS.obj (.text:ti_sysbios_knl_Swi_startup__E)
                  0000e53e    00000006     ti.targets.arm.rtsarm.aem4f : System.oem4f (.text:xdc_runtime_System_Module_startup__E)
                  0000e544    00000004     --HOLE-- [fill = 0]
                  0000e548    00000004     sysbios.aem4f : BIOS.obj (.text:ti_sysbios_gates_GateHwi_query__E)
                  0000e54c    00000004     --HOLE-- [fill = 0]
                  0000e550    00000004                   : BIOS.obj (.text:ti_sysbios_gates_GateMutex_query__E)
                  0000e554    00000004     --HOLE-- [fill = 0]
                  0000e558    00000004                   : BIOS.obj (.text:ti_sysbios_knl_Task_startup__E)
                  0000e55c    00000004     --HOLE-- [fill = 0]
                  0000e560    00000002                   : BIOS.obj (.text:ti_sysbios_gates_GateHwi_Instance_init__E)
                  0000e562    00000006     --HOLE-- [fill = 0]
                  0000e568    00000002                   : BIOS.obj (.text:ti_sysbios_knl_Clock_logTick__E)

.const     0    0000e570    00004a88     
                  0000e570    00001922     empty_pem4f.oem4f (.const:xdc_runtime_Text_charTab__A)
                  0000fe92    00000002     empty_pem4f.oem4f (.const:ti_catalog_arm_cortexm4_tiva_ce_Boot_Module__id__C)
                  0000fe94    00000004     empty_pem4f.oem4f (.const:ti_catalog_arm_cortexm4_tiva_ce_Boot_A_mustNotUseEnhancedClockMode__C)
                  0000fe98    00001000     rtsv7M4_T_le_v4SPD16_eabi.lib : s_exp2.c.obj (.const:tbl)
                  00010e98    000007e5     grlib.lib : fontcmss18.obj (.const:.string:g_pui8Cmss18Data)
                  0001167d    00000782               : fontcmss18b.obj (.const:.string:g_pui8Cmss18bData)
                  00011dff    00000001     empty_pem4f.oem4f (.const:xdc_runtime_Error_policy__C)
                  00011e00    000001b0     driverlib.lib : sysctl.obj (.const:g_pppui32XTALtoVCO)
                  00011fb0    00000120     Boot.aem4f : Boot_sysctl.oem4f (.const:g_pppui32XTALtoVCO)
                  000120d0    00000101     rtsv7M4_T_le_v4SPD16_eabi.lib : ctype.c.obj (.const:.string:_ctypes_)
                  000121d1    00000001     --HOLE-- [fill = 0]
                  000121d2    00000002     empty_pem4f.oem4f (.const:ti_sysbios_family_arm_m3_Hwi_Module__id__C)
                  000121d4    000000c8     grlib.lib : fontcmss18.obj (.const:g_sFontCmss18)
                  0001229c    000000c8               : fontcmss18b.obj (.const:g_sFontCmss18b)
                  00012364    000000c0     empty_pem4f.oem4f (.const:xdc_runtime_Text_nodeTab__A)
                  00012424    0000009e     grlib_demo.obj (.const:.string)
                  000124c2    00000002     empty_pem4f.oem4f (.const:ti_sysbios_gates_GateMutex_Module__id__C)
                  000124c4    00000090     driverlib.lib : gpio.obj (.const:g_pui32GPIOBaseAddrs)
                  00012554    00000070                   : interrupt.obj (.const)
                  000125c4    0000006c     Boot.aem4f : Boot_sysctl.oem4f (.const:g_pui32Xtals)
                  00012630    0000006c     driverlib.lib : sysctl.obj (.const:g_pui32Xtals)
                  0001269c    00000060     MotorLib.lib : motorlib.obj (.const:PWM_config)
                  000126fc    00000058     empty_pem4f.oem4f (.const:.string)
                  00012754    00000054     drivers_tivaware.aem4f : GPIOTiva.oem4f (.const:.string)
                  000127a8    00000054     MotorLib.lib : motorlib.obj (.const:motorLibPWMTivaHWAttrs)
                  000127fc    0000004c     drivers_tivaware.aem4f : UARTTiva.oem4f (.const)
                  00012848    00000048                            : GPIOTiva.oem4f (.const:gpioBaseAddresses)
                  00012890    0000003c     empty_pem4f.oem4f (.const:ti_sysbios_knl_Task_Object__PARAMS__C)
                  000128cc    00000030     Boot.aem4f : Boot_sysctl.oem4f (.const:g_sXTALtoMEMTIM)
                  000128fc    00000030     driverlib.lib : sysctl.obj (.const:g_sXTALtoMEMTIM)
                  0001292c    00000030     empty_pem4f.oem4f (.const:ti_sysbios_family_arm_m3_Hwi_Object__PARAMS__C)
                  0001295c    0000002c     empty_pem4f.oem4f (.const:ti_sysbios_hal_Hwi_Object__PARAMS__C)
                  00012988    00000028     drivers_tivaware.aem4f : UARTTiva.oem4f (.const:UARTTiva_fxnTable)
                  000129b0    00000028     Kentec320x240x16_ssd2119_spi.obj (.const:g_sKentec320x240x16_SSD2119)
                  000129d8    00000028     empty_pem4f.oem4f (.const:ti_sysbios_heaps_HeapMem_Module__FXNS__C)
                  00012a00    00000024     drivers_tivaware.aem4f : UART.oem4f (.const:UART_defaultParams)
                  00012a24    00000024     empty_pem4f.oem4f (.const:ti_sysbios_gates_GateHwi_Module__FXNS__C)
                  00012a48    00000024     empty_pem4f.oem4f (.const:ti_sysbios_gates_GateMutex_Module__FXNS__C)
                  00012a6c    00000024     empty_pem4f.oem4f (.const:ti_sysbios_heaps_HeapMem_Object__PARAMS__C)
                  00012a90    00000024     empty_pem4f.oem4f (.const:ti_sysbios_knl_Clock_Object__PARAMS__C)
                  00012ab4    00000024     empty_pem4f.oem4f (.const:ti_sysbios_knl_Semaphore_Object__PARAMS__C)
                  00012ad8    00000020     drivers_tivaware.aem4f : PWMTimerTiva.oem4f (.const)
                  00012af8    00000020                            : PWMTiva.oem4f (.const)
                  00012b18    00000020     empty_pem4f.oem4f (.const:ti_sysbios_family_arm_m3_Hwi_Object__DESC__C)
                  00012b38    00000020     empty_pem4f.oem4f (.const:ti_sysbios_gates_GateHwi_Object__DESC__C)
                  00012b58    00000020     empty_pem4f.oem4f (.const:ti_sysbios_gates_GateMutex_Object__DESC__C)
                  00012b78    00000020     empty_pem4f.oem4f (.const:ti_sysbios_hal_Hwi_Object__DESC__C)
                  00012b98    00000020     empty_pem4f.oem4f (.const:ti_sysbios_heaps_HeapMem_Object__DESC__C)
                  00012bb8    00000020     empty_pem4f.oem4f (.const:ti_sysbios_knl_Clock_Object__DESC__C)
                  00012bd8    00000020     empty_pem4f.oem4f (.const:ti_sysbios_knl_Event_Object__DESC__C)
                  00012bf8    00000020     empty_pem4f.oem4f (.const:ti_sysbios_knl_Queue_Object__DESC__C)
                  00012c18    00000020     empty_pem4f.oem4f (.const:ti_sysbios_knl_Semaphore_Object__DESC__C)
                  00012c38    00000020     empty_pem4f.oem4f (.const:ti_sysbios_knl_Task_Object__DESC__C)
                  00012c58    00000020     empty_pem4f.oem4f (.const:xdc_runtime_Startup_sfxnTab__A)
                  00012c78    0000001c     drivers_tivaware.aem4f : I2CTiva.oem4f (.const)
                  00012c94    0000001c     touch.obj (.const:g_pi32TouchParameters)
                  00012cb0    00000018     EK_TM4C1294XL.obj (.const:I2C_config)
                  00012cc8    00000018     EK_TM4C1294XL.obj (.const:UART_config)
                  00012ce0    00000018     empty_pem4f.oem4f (.const:ti_sysbios_gates_GateHwi_Object__PARAMS__C)
                  00012cf8    00000018     empty_pem4f.oem4f (.const:ti_sysbios_gates_GateMutex_Object__PARAMS__C)
                  00012d10    00000018     empty_pem4f.oem4f (.const:ti_sysbios_knl_Event_Object__PARAMS__C)
                  00012d28    00000018     empty_pem4f.oem4f (.const:ti_sysbios_knl_Queue_Object__PARAMS__C)
                  00012d40    00000018     EK_TM4C1294XL.obj (.const:uartTivaHWAttrs)
                  00012d58    00000014     EK_TM4C1294XL.obj (.const:GPIOTiva_config)
                  00012d6c    00000014     empty_pem4f.oem4f (.const:xdc_runtime_Startup_firstFxns__A)
                  00012d80    00000010     drivers_tivaware.aem4f : I2C.oem4f (.const)
                  00012d90    00000010     grlib.lib : context.obj (.const)
                  00012da0    00000010     MotorLib.lib : motorlib.obj (.const:motorLibPWMTimerTivaHWAttrs)
                  00012db0    00000010     empty_pem4f.oem4f (.const:xdc_runtime_Startup_sfxnRts__A)
                  00012dc0    0000000c     drivers_tivaware.aem4f : PWM.oem4f (.const)
                  00012dcc    0000000c     EK_TM4C1294XL.obj (.const:i2cTivaHWAttrs)
                  00012dd8    00000008     Boot.aem4f : Boot_sysctl.oem4f (.const)
                  00012de0    00000008     driverlib.lib : sysctl.obj (.const)
                  00012de8    00000008     empty_pem4f.oem4f (.const:ti_sysbios_family_arm_m3_Hwi_excHookFuncs__A)
                  00012df0    00000008     empty_pem4f.oem4f (.const:ti_sysbios_knl_Idle_funcList__C)
                  00012df8    00000008     empty_pem4f.oem4f (.const:xdc_runtime_Startup_firstFxns__C)
                  00012e00    00000008     empty_pem4f.oem4f (.const:xdc_runtime_Startup_lastFxns__C)
                  00012e08    00000004     empty_pem4f.oem4f (.const:ti_catalog_arm_cortexm4_tiva_ce_Boot_Module__diagsEnabled__C)
                  00012e0c    00000004     empty_pem4f.oem4f (.const:ti_catalog_arm_cortexm4_tiva_ce_Boot_Module__diagsIncluded__C)
                  00012e10    00000004     empty_pem4f.oem4f (.const:ti_catalog_arm_cortexm4_tiva_ce_Boot_Module__diagsMask__C)
                  00012e14    00000004     empty_pem4f.oem4f (.const:ti_sysbios_family_arm_lm4_Timer_enableFunc__C)
                  00012e18    00000004     empty_pem4f.oem4f (.const:ti_sysbios_family_arm_lm4_Timer_numTimerDevices__C)
                  00012e1c    00000004     empty_pem4f.oem4f (.const:ti_sysbios_family_arm_lm4_Timer_startupNeeded__C)
                  00012e20    00000004     empty_pem4f.oem4f (.const:ti_sysbios_family_arm_m3_Hwi_E_NMI__C)
                  00012e24    00000004     empty_pem4f.oem4f (.const:ti_sysbios_family_arm_m3_Hwi_E_alreadyDefined__C)
                  00012e28    00000004     empty_pem4f.oem4f (.const:ti_sysbios_family_arm_m3_Hwi_E_busFault__C)
                  00012e2c    00000004     empty_pem4f.oem4f (.const:ti_sysbios_family_arm_m3_Hwi_E_debugMon__C)
                  00012e30    00000004     empty_pem4f.oem4f (.const:ti_sysbios_family_arm_m3_Hwi_E_hardFault__C)
                  00012e34    00000004     empty_pem4f.oem4f (.const:ti_sysbios_family_arm_m3_Hwi_E_memFault__C)
                  00012e38    00000004     empty_pem4f.oem4f (.const:ti_sysbios_family_arm_m3_Hwi_E_noIsr__C)
                  00012e3c    00000004     empty_pem4f.oem4f (.const:ti_sysbios_family_arm_m3_Hwi_E_reserved__C)
                  00012e40    00000004     empty_pem4f.oem4f (.const:ti_sysbios_family_arm_m3_Hwi_E_svCall__C)
                  00012e44    00000004     empty_pem4f.oem4f (.const:ti_sysbios_family_arm_m3_Hwi_E_usageFault__C)
                  00012e48    00000004     empty_pem4f.oem4f (.const:ti_sysbios_family_arm_m3_Hwi_NUM_INTERRUPTS__C)
                  00012e4c    00000004     empty_pem4f.oem4f (.const:ti_sysbios_family_arm_m3_Hwi_Object__count__C)
                  00012e50    00000004     empty_pem4f.oem4f (.const:ti_sysbios_family_arm_m3_Hwi_ccr__C)
                  00012e54    00000004     empty_pem4f.oem4f (.const:ti_sysbios_family_arm_m3_Hwi_excHandlerFunc__C)
                  00012e58    00000004     empty_pem4f.oem4f (.const:ti_sysbios_family_arm_m3_Hwi_excHookFuncs__C)
                  00012e5c    00000004     empty_pem4f.oem4f (.const:ti_sysbios_family_arm_m3_Hwi_nullIsrFunc__C)
                  00012e60    00000004     empty_pem4f.oem4f (.const:ti_sysbios_family_arm_m3_Hwi_priGroup__C)
                  00012e64    00000004     empty_pem4f.oem4f (.const:ti_sysbios_family_arm_m3_TaskSupport_stackAlignment__C)
                  00012e68    00000004     empty_pem4f.oem4f (.const:ti_sysbios_gates_GateMutex_A_badContext__C)
                  00012e6c    00000004     empty_pem4f.oem4f (.const:ti_sysbios_gates_GateMutex_Instance_State_sem__O)
                  00012e70    00000004     empty_pem4f.oem4f (.const:ti_sysbios_gates_GateMutex_Module__diagsEnabled__C)
                  00012e74    00000004     empty_pem4f.oem4f (.const:ti_sysbios_gates_GateMutex_Module__diagsIncluded__C)
                  00012e78    00000004     empty_pem4f.oem4f (.const:ti_sysbios_gates_GateMutex_Module__diagsMask__C)
                  00012e7c    00000004     empty_pem4f.oem4f (.const:ti_sysbios_hal_Hwi_E_stackOverflow__C)
                  00012e80    00000004     empty_pem4f.oem4f (.const:ti_sysbios_heaps_HeapMem_A_align__C)
                  00012e84    00000004     empty_pem4f.oem4f (.const:ti_sysbios_heaps_HeapMem_A_heapSize__C)
                  00012e88    00000004     empty_pem4f.oem4f (.const:ti_sysbios_heaps_HeapMem_A_invalidFree__C)
                  00012e8c    00000004     empty_pem4f.oem4f (.const:ti_sysbios_heaps_HeapMem_A_zeroBlock__C)
                  00012e90    00000004     empty_pem4f.oem4f (.const:ti_sysbios_heaps_HeapMem_E_memory__C)
                  00012e94    00000004     empty_pem4f.oem4f (.const:ti_sysbios_heaps_HeapMem_Module__diagsEnabled__C)
                  00012e98    00000004     empty_pem4f.oem4f (.const:ti_sysbios_heaps_HeapMem_Module__diagsIncluded__C)
                  00012e9c    00000004     empty_pem4f.oem4f (.const:ti_sysbios_heaps_HeapMem_Module__diagsMask__C)
                  00012ea0    00000004     empty_pem4f.oem4f (.const:ti_sysbios_heaps_HeapMem_Module__gateObj__C)
                  00012ea4    00000004     empty_pem4f.oem4f (.const:ti_sysbios_heaps_HeapMem_Object__count__C)
                  00012ea8    00000004     empty_pem4f.oem4f (.const:ti_sysbios_heaps_HeapMem_reqAlign__C)
                  00012eac    00000004     empty_pem4f.oem4f (.const:ti_sysbios_knl_Clock_A_badThreadType__C)
                  00012eb0    00000004     empty_pem4f.oem4f (.const:ti_sysbios_knl_Clock_Module_State_clockQ__O)
                  00012eb4    00000004     empty_pem4f.oem4f (.const:ti_sysbios_knl_Clock_Module__diagsEnabled__C)
                  00012eb8    00000004     empty_pem4f.oem4f (.const:ti_sysbios_knl_Clock_Module__diagsIncluded__C)
                  00012ebc    00000004     empty_pem4f.oem4f (.const:ti_sysbios_knl_Clock_Module__diagsMask__C)
                  00012ec0    00000004     empty_pem4f.oem4f (.const:ti_sysbios_knl_Event_A_badContext__C)
[...]
00012f50  xdc_runtime_Core_Module__diagsEnabled__C                             
00012f54  xdc_runtime_Core_Module__diagsIncluded__C                            
00012f58  xdc_runtime_Core_Module__diagsMask__C                                
00012f5c  xdc_runtime_Error_E_generic__C                                       
00012f60  xdc_runtime_Error_E_memory__C                                        
00012f64  xdc_runtime_Error_Module__diagsEnabled__C                            
00012f68  xdc_runtime_Error_Module__diagsIncluded__C                           
00012f6c  xdc_runtime_Error_Module__diagsMask__C                               
00012f70  xdc_runtime_Error_Module__loggerFxn8__C                              
00012f74  xdc_runtime_Error_Module__loggerObj__C                               
00012f78  xdc_runtime_Error_policyFxn__C                                       
00012f7c  xdc_runtime_Error_raiseHook__C                                       
00012f80  xdc_runtime_IGateProvider_Interface__BASE__C                         
00012f84  xdc_runtime_IHeap_Interface__BASE__C                                 
00012f88  xdc_runtime_IModule_Interface__BASE__C                               
00012f8c  xdc_runtime_Log_L_error__C                                           
00012f90  xdc_runtime_Memory_defaultHeapInstance__C                            
00012f94  xdc_runtime_Startup_execImpl__C                                      
00012f98  xdc_runtime_Startup_maxPasses__C                                     
00012f9c  xdc_runtime_Startup_sfxnRts__C                                       
00012fa0  xdc_runtime_Startup_sfxnTab__C                                       
00012fa4  xdc_runtime_SysMin_bufSize__C                                        
00012fa8  xdc_runtime_SysMin_outputFunc__C                                     
00012fac  xdc_runtime_System_Module__gateObj__C                                
00012fb0  xdc_runtime_System_abortFxn__C                                       
00012fb4  xdc_runtime_System_exitFxn__C                                        
00012fb8  xdc_runtime_System_extendFxn__C                                      
00012fbc  xdc_runtime_System_maxAtexitHandlers__C                              
00012fc0  xdc_runtime_Text_charTab__C                                          
00012fc4  xdc_runtime_Text_nameEmpty__C                                        
00012fc8  xdc_runtime_Text_nameStatic__C                                       
00012fcc  xdc_runtime_Text_nameUnknown__C                                      
00012fd0  xdc_runtime_Text_nodeTab__C                                          
00012fd4  xdc_runtime_Text_visitRopeFxn__C                                     
00012fd8  ti_sysbios_hal_Hwi_Module__id__C                                     
00012fda  ti_sysbios_heaps_HeapMem_Module__id__C                               
00012fdc  ti_sysbios_knl_Clock_Module__id__C                                   
00012fde  ti_sysbios_knl_Event_Module__id__C                                   
00012fe0  ti_sysbios_knl_Semaphore_Module__id__C                               
00012fe2  ti_sysbios_knl_Task_Module__id__C                                    
00012fe4  xdc_runtime_Core_Module__id__C                                       
00012fe6  xdc_runtime_Error_Module__loggerDefined__C                           
00012fe8  xdc_runtime_Error_maxDepth__C                                        
00012fea  xdc_runtime_Main_Module__id__C                                       
00012fec  xdc_runtime_Memory_Module__id__C                                     
00012fee  xdc_runtime_SysMin_flushAtExit__C                                    
00012ff0  xdc_runtime_Text_charCnt__C                                          
00012ff2  xdc_runtime_Text_isLoaded__C                                         
00012ff4  xdc_runtime_Text_registryModsLastId__C                               
00012ff6  xdc_runtime_Text_unnamedModsLastId__C                                
00012ff8  __TI_static_base__                                                   
000133dc  __TI_Handler_Table_Base                                              
000133e8  __TI_Handler_Table_Limit                                             
000133f8  __TI_CINIT_Base                                                      
00013410  __TI_CINIT_Limit                                                     
20000000  __start___llvm_prf_cnts                                              
20000000  __stop___llvm_prf_cnts                                               
20000000  ti_sysbios_family_arm_m3_Hwi_ramVectors                              
20000360  ti_sysbios_knl_Task_Instance_State_0_stack__A                        
20000b60  ti_sysbios_knl_Task_Instance_State_1_stack__A                        
20001360  ti_sysbios_knl_Task_Instance_State_2_stack__A                        
20001560  taskLightStack                                                       
20002560  ti_sysbios_heaps_HeapMem_Instance_State_0_buf__A                     
20002960  xdc_runtime_SysMin_Module_State_0_outbuf__A                          
20002d60  ti_sysbios_family_arm_m3_Hwi_dispatchTable                           
20003200  __CIOBUF_                                                            
20003320  uartTivaObjects                                                      
2000347c  i2cTivaObjects                                                       
200034fc  motorLibPWMObjects                                                   
20003534  eb                                                                   
20003564  sContext                                                             
20003590  clkSensorParams                                                      
200035b4  clockLightStruct                                                     
200035d8  clockUpdateGraph                                                     
2000365c  maxTime                                                              
2000367c  minTime                                                              
2000369c  uartTivaRingBuffer                                                   
200036bc  semLightStruct                                                       
200036d8  semStruct                                                            
200036f4  gHwiprms                                                             
2000370c  lightBuffer                                                          
20003724  motorLibPWMTimerObjects                                              
2000373c  evtStruct                                                            
20003750  valueText                                                            
20003774  pui32ADC0Value                                                       
20003788  graphMax                                                             
20003790  graphMin                                                             
20003798  parmbuf                                                              
200037a0  SysTicks                                                             
200037a4  acceleration                                                         
200037a8  acceleration_avg                                                     
200037ac  adc0                                                                 
200037b0  current                                                              
200037b4  data_Graph                                                           
200037b8  delta_rpm                                                            
200037bc  delta_time                                                           
200037c0  error                                                                
200037c4  evtHandle                                                            
200037c8  g_accelerationLimit                                                  
200037cc  g_currentLimit                                                       
200037d0  g_drawingGraph                                                       
200037d4  g_motorSpeed                                                         
200037d8  g_numPlotOverflow                                                    
200037dc  g_numPlotPoints                                                      
200037e0  g_pi32ParmSet                                                        
200037e8  g_sCurrentPanel                                                      
200037ec  g_ui32SysClock                                                       
200037f0  gateHwi                                                              
200037f8  graphIntMax                                                          
200037fc  graphIntMin                                                          
20003800  hA                                                                   
20003804  hB                                                                   
20003808  hC                                                                   
2000380c  hallA                                                                
20003810  hallB                                                                
20003814  hallC                                                                
20003818  light_i2c                                                            
2000381c  output                                                               
20003820  previousPoint                                                        
20003824  rpm_avg                                                              
20003828  rpm_from_UI                                                          
2000382c  semHandle                                                            
20003830  semLightHandle                                                       
20003834  uart                                                                 
20003838  voltage                                                              
2000383c  y_graph_step                                                         
20003840  g_i16TouchX                                                          
20003842  g_i16TouchY                                                          
20003844  e_event                                                              
20003845  e_stop                                                               
20003846  motorStartedUI                                                       
20003847  motorState                                                           
20003848  print_from_clock                                                     
20003849  running                                                              
2000384a  success                                                              
2000384b  updateGraph                                                          
2000384c  ti_sysbios_knl_Task_Object__table__V                                 
20003930  ti_sysbios_knl_Swi_Module_State_0_readyQ__A                          
200039b0  motor                                                                
200039b4  prevMotor                                                            
200039b8  prevSysTick                                                          
200039bc  deltaPos                                                             
200039c0  clock_time_mins                                                      
200039c4  clock_time_secs                                                      
200039c8  rpm_actual                                                           
200039cc  acceleration_sum                                                     
200039d0  rpm_prev                                                             
200039d4  integral_error                                                       
200039d8  rpm_desired                                                          
200039dc  rpm_int                                                              
200039e0  jump                                                                 
200039e4  Kp                                                                   
200039e8  Ki                                                                   
200039ec  clock_count                                                          
200039f0  rpm_sum                                                              
200039f4  min_per_sysTick                                                      
200039f8  rotation                                                             
200039fc  rpm_sum_c                                                            
20003a00  dummy                                                                
20003a04  adc_test                                                             
20003a08  vref                                                                 
20003a0c  stepVoltage                                                          
20003a10  shunt                                                                
20003a14  gain                                                                 
20003a18  g_sGraphAcceleration                                                 
20003a68  g_sGraphBack                                                         
20003ab8  g_sGraphExit                                                         
20003b08  g_sGraphLight                                                        
20003b58  g_sGraphOption                                                       
20003ba8  g_sGraphPower                                                        
20003bf8  g_sGraphSpeed                                                        
20003c48  g_sGraphTitle                                                        
20003c98  g_sMotorOption                                                       
20003ce8  g_sSetOption                                                         
20003d38  g_sSettingAcceleration                                               
20003d88  g_sSettingBack                                                       
20003dd8  g_sSettingCurrent                                                    
20003e28  g_sSettingDecrease                                                   
20003e78  g_sSettingExit                                                       
20003ec8  g_sSettingIncrease                                                   
20003f18  g_sSettingSpeed                                                      
20003f68  g_sSettingTitle                                                      
20003fb8  g_sSettingValue                                                      
20004008  ti_sysbios_knl_Task_Module__state__V                                 
2000404c  g_sGraph                                                             
2000408c  g_sGraphPage                                                         
200040cc  g_sGraphsMainPage                                                    
2000410c  g_sMainPage                                                          
2000414c  g_sSettingPage                                                       
2000418c  g_sSettingsMainPage                                                  
200041cc  ti_sysbios_family_arm_lm4_Timer_Module_State_0_device__A             
2000420c  ti_sysbios_family_arm_lm4_Timer_Object__table__V                     
2000424c  ti_sysbios_gates_GateMutex_Object__table__V                          
20004284  ti_sysbios_family_arm_m3_Hwi_Module__state__V                        
200042b8  ti_sysbios_family_arm_m3_Hwi_Object__table__V                        
200042e8  ti_sysbios_knl_Swi_Object__table__V                                  
20004318  g_sRoot                                                              
20004346  ti_sysbios_family_arm_m3_Hwi_Module_State_0_excActive__A             
20004348  ti_sysbios_knl_Clock_Module__state__V                                
20004374  ti_sysbios_BIOS_Module__state__V                                     
20004398  ti_sysbios_family_arm_lm4_Timer_Module_State_0_handles__A            
200043b8  ti_sysbios_knl_Task_Module_State_0_readyQ__A                         
200043d8  gpioPinConfigs                                                       
200043f4  ti_sysbios_knl_Swi_Module__state__V                                  
20004428  ti_sysbios_heaps_HeapMem_Object__table__V                            
20004440  x_graph_step                                                         
20004444  x_graph_start                                                        
20004448  y_graph_start                                                        
2000444c  y_graph_max                                                          
20004450  y_graph_end                                                          
20004454  ti_sysbios_family_arm_lm4_Timer_Module__state__V                     
20004460  xdc_runtime_SysMin_Module__state__V                                  
2000446c  _lock                                                                
20004470  _unlock                                                              
20004474  gpioCallbackFunctions                                                
2000447c  ti_sysbios_family_arm_m3_Hwi_Module__root__V                         
20004484  ti_sysbios_gates_GateHwi_Module__root__V                             
2000448c  ti_sysbios_gates_GateMutex_Module__root__V                           
20004494  ti_sysbios_hal_Hwi_Module__root__V                                   
2000449c  ti_sysbios_heaps_HeapMem_Module__root__V                             
200044a4  ti_sysbios_knl_Clock_Module__root__V                                 
200044ac  ti_sysbios_knl_Event_Module__root__V                                 
200044b4  ti_sysbios_knl_Queue_Module__root__V                                 
200044bc  ti_sysbios_knl_Semaphore_Module__root__V                             
200044c4  ti_sysbios_knl_Task_Module__root__V                                  
200044cc  xdc_runtime_Registry_Module__state__V                                
200044d4  xdc_runtime_Startup_Module__state__V                                 
200044dc  xdc_runtime_System_Module_State_0_atexitHandlers__A                  
200044e4  xdc_runtime_System_Module__state__V                                  
200044f2  xdc_runtime_Error_Module__state__V                                   
20004500  errno                                                                
20004504  main_func_sp                                                         
20004508  ti_sysbios_family_arm_m3_Hwi_Module_State_0_excContext__A            
2000450c  ti_sysbios_family_arm_m3_Hwi_Module_State_0_excStack__A              
20004510  ti_sysbios_gates_GateHwi_Object__table__V                            
20004514  ti_sysbios_knl_Task_Module_State_0_idleTask__A                       
20004518  g_i16TouchMin                                                        
2000451c  xdc_runtime_Memory_Module__state__V                                  
20004520  __stack                                                              
20004820  __STACK_END                                                          
e000e000  ti_sysbios_family_arm_m3_Hwi_nvic                                    
ffffffff  __TI_pprof_out_hndl                                                  
ffffffff  __TI_prof_data_size                                                  
ffffffff  __TI_prof_data_start                                                 
ffffffff  __binit__                                                            
ffffffff  __c_args__                                                           
ffffffff  binit                                                                
UNDEFED   SHT$$INIT_ARRAY$$Base                                                
UNDEFED   SHT$$INIT_ARRAY$$Limit                                               

[1005 symbols]
