******************************************************************************
                  TI ARM Linker PC v20.2.2                     
******************************************************************************
>> Linked Mon May 31 18:32:18 2021

OUTPUT FILE NAME:   <empty_EK_TM4C1294XL_TI.out>
ENTRY POINT SYMBOL: "_c_int00"  address: 0000bb75


MEMORY CONFIGURATION

         name            origin    length      used     unused   attr    fill
----------------------  --------  ---------  --------  --------  ----  --------
  FLASH                 00000000   00100000  00012e12  000ed1ee  R  X
  SRAM                  20000000   00040000  000052d1  0003ad2f  RW X


SEGMENT ALLOCATION MAP

run origin  load origin   length   init length attrs members
----------  ----------- ---------- ----------- ----- -------
00000000    00000000    00012e20   00012e20    r-x
  00000000    00000000    0000003c   0000003c    r-- .resetVecs
  00000040    00000040    0000ee9a   0000ee9a    r-x .text
  0000eee0    0000eee0    00003af4   00003af4    r-- .const
  000129d8    000129d8    00000448   00000448    r-- .cinit
20000000    20000000    000052d8   00000000    rw-
  20000000    20000000    00000360   00000000    rw- .vecs
  20000360    20000360    000039f5   00000000    rw- .bss
  20003d58    20003d58    00000d7c   00000000    rw- .data
  20004ad8    20004ad8    00000800   00000000    rw- .stack


SECTION ALLOCATION MAP

 output                                  attributes/
section   page    origin      length       input sections
--------  ----  ----------  ----------   ----------------
.text      0    00000040    0000ee9a     
                  00000040    00000a4e     rtsv7M4_T_le_v4SPD16_eabi.lib : _printfi.c.obj (.text:__TI_printfi)
                  00000a8e    00000002     motorCode.obj (.text:ADCFxn)
                  00000a90    000009c0     rtsv7M4_T_le_v4SPD16_eabi.lib : e_pow.c.obj (.text:pow)
                  00001450    000006ac     MotorLib.lib : motorlib.obj (.text)
                  00001afc    00000004     driverlib.lib : i2c.obj (.text:I2CMasterControl)
                  00001b00    00000430     sysbios.aem4f : BIOS.obj (.text:ti_sysbios_family_arm_m3_Hwi_excDumpRegs__I)
                  00001f30    00000390     grlib_demo.obj (.text:drawGraphPoint)
                  000022c0    00000374     grlib.lib : image.obj (.text:InternalImageDraw)
                  00002634    00000004     driverlib.lib : i2c.obj (.text:I2CMasterDataGet)
                  00002638    0000034c     sysbios.aem4f : BIOS.obj (.text:ti_sysbios_knl_Event_pend__E)
                  00002984    0000034c     ti.targets.arm.rtsarm.aem4f : System.oem4f (.text:xdc_runtime_System_doPrint__I)
                  00002cd0    000002f8     grlib.lib : image.obj (.text:PixelTransparentDraw)
                  00002fc8    000002d0     sysbios.aem4f : BIOS.obj (.text:ti_sysbios_knl_Semaphore_pend__E)
                  00003298    00000270     rtsv7M4_T_le_v4SPD16_eabi.lib : _printfi.c.obj (.text:_pconv_a)
                  00003508    0000026c     sysbios.aem4f : BIOS.obj (.text:ti_sysbios_heaps_HeapMem_free__E)
                  00003774    00000268     touch.obj (.text:TouchScreenDebouncer)
                  000039dc    00000254     grlib.lib : string.obj (.text:GrFontGlyphRender)
                  00003c30    00000250     sysbios.aem4f : BIOS.obj (.text:ti_sysbios_heaps_HeapMem_alloc__E)
                  00003e80    00000234                   : BIOS.obj (.text:ti_sysbios_knl_Task_Instance_finalize__E)
                  000040b4    0000020c     drivers_tivaware.aem4f : UARTTiva.oem4f (.text:UARTTiva_open)
                  000042c0    00000204     Boot.aem4f : Boot_sysctl.oem4f (.text:ti_catalog_arm_cortexm4_tiva_ce_Boot_sysCtlClockFreqSetI__I)
                  000044c4    00000200     driverlib.lib : sysctl.obj (.text:SysCtlClockFreqSet)
                  000046c4    00000004                   : i2c.obj (.text:I2CMasterDataPut)
                  000046c8    000001f4     sysbios.aem4f : BIOS.obj (.text:ti_sysbios_family_arm_m3_Hwi_excHandlerMax__I)
                  000048bc    00000004     driverlib.lib : uart.obj (.text:UARTIntClear)
                  000048c0    000001f0     sysbios.aem4f : BIOS.obj (.text:ti_sysbios_knl_Task_sleep__E)
                  00004ab0    000001e4     Kentec320x240x16_ssd2119_spi.obj (.text:Kentec320x240x16_SSD2119Init)
                  00004c94    000001dc     Kentec320x240x16_ssd2119_spi.obj (.text:Kentec320x240x16_SSD2119PixelDrawMultiple)
                  00004e70    000001d4     grlib_demo.obj (.text:OnGraphsPage)
                  00005044    000001d0     rtsv7M4_T_le_v4SPD16_eabi.lib : _printfi.c.obj (.text:_pconv_g)
                  00005214    00000004     grlib.lib : widget.obj (.text:WidgetDefaultMsgProc)
                  00005218    000001c0     sysbios.aem4f : BIOS.obj (.text:ti_sysbios_knl_Task_Instance_init__E)
                  000053d8    000001b6     rtsv7M4_T_le_v4SPD16_eabi.lib : fd_add_t2.asm.obj (.text)
                  0000558e    00000002                                   : _lock.c.obj (.text:_nop)
                  00005590    000001a4     pinout.obj (.text:PinoutSet)
                  00005734    00000190     grlib.lib : canvas.obj (.text:CanvasPaint)
                  000058c4    00000180     motorCode.obj (.text:motorFxn)
                  00005a44    0000017e     grlib.lib : pushbutton.obj (.text:RectangularButtonPaint)
                  00005bc2    00000002     rtsv7M4_T_le_v4SPD16_eabi.lib : div0.asm.obj (.text)
                  00005bc4    00000178     touch.obj (.text:TouchScreenIntHandler)
                  00005d3c    00000174     motorCode.obj (.text:initMotor)
                  00005eb0    00000174     sysbios.aem4f : BIOS.obj (.text:ti_sysbios_family_arm_m3_Hwi_excBusFault__I)
                  00006024    00000170     drivers_tivaware.aem4f : PWMTiva.oem4f (.text:PWMTiva_open)
                  00006194    00000004     rtsv7M4_T_le_v4SPD16_eabi.lib : exit.c.obj (.text:abort:abort)
                  00006198    00000164     sysbios.aem4f : BIOS.obj (.text:ti_sysbios_family_arm_m3_Hwi_excUsageFault__I)
                  000062fc    0000015c     motorCode.obj (.text:initHallABC)
                  00006458    00000158     grlib_demo.obj (.text:initWidgets)
                  000065b0    00000158     rtsv7M4_T_le_v4SPD16_eabi.lib : e_sqrt.c.obj (.text:sqrt)
                  00006708    00000150     drivers_tivaware.aem4f : GPIOTiva.oem4f (.text:GPIO_setConfig)
                  00006858    00000148     sysbios.aem4f : BIOS.obj (.text:ti_sysbios_family_arm_m3_Hwi_excMemFault__I)
                  000069a0    0000013c     rtsv7M4_T_le_v4SPD16_eabi.lib : _printfi.c.obj (.text:_pconv_e)
                  00006adc    00000004     empty_pem4f.oem4f (.text:ti_sysbios_BIOS_RtsGateProxy_enter__E)
                  00006ae0    0000013c     sysbios.aem4f : BIOS.obj (.text:ti_sysbios_heaps_HeapMem_Instance_init__E)
                  00006c1c    00000136     rtsv7M4_T_le_v4SPD16_eabi.lib : fd_div_t2.asm.obj (.text)
                  00006d52    00000132     driverlib.lib : gpio.obj (.text:GPIOPadConfigSet)
                  00006e84    00000124     rtsv7M4_T_le_v4SPD16_eabi.lib : _printfi.c.obj (.text:fcvt)
                  00006fa8    00000120     sysbios.aem4f : BIOS.obj (.text:ti_sysbios_family_arm_lm4_Timer_start__E)
                  000070c8    0000011c     grlib_demo.obj (.text:OnSettingsPage)
                  000071e4    00000004     empty_pem4f.oem4f (.text:ti_sysbios_BIOS_RtsGateProxy_leave__E)
                  000071e8    0000011c     sysbios.aem4f : BIOS.obj (.text:ti_sysbios_knl_Clock_Instance_init__E)
                  00007304    00000118     ti.targets.arm.rtsarm.aem4f : Error.oem4f (.text:xdc_runtime_Error_policyDefault__E)
                  0000741c    00000114     drivers_tivaware.aem4f : PWMTimerTiva.oem4f (.text:PWMTimerTiva_open)
                  00007530    00000114     sensors_api.obj (.text:initAcceleration)
                  00007644    00000110     rtsv7M4_T_le_v4SPD16_eabi.lib : s_scalbn.c.obj (.text:scalbn)
                  00007754    0000010c     Kentec320x240x16_ssd2119_spi.obj (.text:Kentec320x240x16_SSD2119RectFill)
                  00007860    0000010c     touch.obj (.text:TouchScreenInit)
                  0000796c    00000106     grlib.lib : line.obj (.text:GrLineDraw)
                  00007a72    00000002     empty_pem4f.oem4f (.text:ti_sysbios_BIOS_nullFunc__I)
                  00007a74    00000104     motorCode.obj (.text:filterFxn)
                  00007b78    00000104     sysbios.aem4f : BIOS.obj (.text:ti_sysbios_knl_Event_post__E)
                  00007c7c    00000100     ti.targets.arm.rtsarm.aem4f : Core-mem.oem4f (.text:xdc_runtime_Core_createObject__I)
                  00007d7c    000000fc     rtsv7M4_T_le_v4SPD16_eabi.lib : fd_mul_t2.asm.obj (.text)
                  00007e78    000000f8     bmi160.obj (.text:getAccelVector)
                  00007f70    000000f8     ti.targets.arm.rtsarm.aem4f : Startup.oem4f (.text:xdc_runtime_Startup_startMods__I)
                  00008068    000000f8     empty_pem4f.oem4f (.text:xdc_runtime_System_printfExtend__I)
                  00008160    000000f4     sysbios.aem4f : m3_Hwi_asm.obj (.text:ti_sysbios_family_arm_m3_Hwi_dispatch__I)
                  00008254    000000f2     grlib.lib : pushbutton.obj (.text:RectangularButtonClick)
                  00008346    000000f0     drivers_tivaware.aem4f : PWMTiva.oem4f (.text:PWMTiva_setDuty)
                  00008436    00000002     empty_pem4f.oem4f (.text:xdc_runtime_Startup_reset__I)
                  00008438    000000f0     empty.obj (.text:main)
                  00008528    000000ec     sensors_api.obj (.text:taskAcceleration)
                  00008614    00000004     sysbios.aem4f : BIOS.obj (.text:ti_sysbios_family_arm_lm4_Timer_masterEnable__I)
                  00008618    000000ec                   : BIOS.obj (.text:ti_sysbios_knl_Semaphore_post__E)
                  00008704    000000e8     grlib.lib : widget.obj (.text:WidgetMessageQueueAdd)
                  000087ec    000000e0     drivers_tivaware.aem4f : I2CTiva.oem4f (.text:I2CTiva_open)
                  000088cc    000000d6                            : I2CTiva.oem4f (.text:I2CTiva_hwiFxn)
                  000089a2    00000002     --HOLE-- [fill = 0]
                  000089a4    000000d0     motorCode.obj (.text:HallFxn)
                  00008a74    000000cc     ti.targets.arm.rtsarm.aem4f : Core-smem.oem4f (.text:xdc_runtime_Core_constructObject__I)
                  00008b40    000000c2     bmi160.obj (.text:BMI160Init)
                  00008c02    000000c0     grlib.lib : string.obj (.text:GrDefaultStringRenderer)
                  00008cc2    00000006     driverlib.lib : gpio.obj (.text:GPIOIntClear)
                  00008cc8    000000bc     sysbios.aem4f : BIOS.obj (.text:ti_sysbios_family_arm_m3_Hwi_excDebugMon__I)
                  00008d84    00000004     empty_pem4f.oem4f (.text:ti_sysbios_family_arm_m3_Hwi_destruct)
                  00008d88    000000bc     sysbios.aem4f : BIOS.obj (.text:ti_sysbios_family_arm_m3_Hwi_excHardFault__I)
                  00008e44    000000b8     EK_TM4C1294XL.obj (.text:EK_TM4C1294XL_initGeneral)
                  00008efc    000000b8     grlib.lib : line.obj (.text:GrLineClip)
                  00008fb4    000000b8     Kentec320x240x16_ssd2119_spi.obj (.text:InitSPILCDInterface)
                  0000906c    000000b8     drivers_tivaware.aem4f : PWMTimerTiva.oem4f (.text:PWMTimerTiva_setDuty)
                  00009124    000000b4     grlib_demo.obj (.text:OnDecrease)
                  000091d8    000000b4     grlib.lib : widget.obj (.text:WidgetMessageSendPostOrder)
                  0000928c    00000004     empty_pem4f.oem4f (.text:ti_sysbios_family_arm_m3_TaskSupport_Module__startupDone__S)
                  00009290    000000b4     sysbios.aem4f : BIOS.obj (.text:ti_sysbios_gates_GateMutex_enter__E)
                  00009344    00000004     empty_pem4f.oem4f (.text:ti_sysbios_hal_Hwi_HwiProxy_delete)
                  00009348    000000b4     sysbios.aem4f : BIOS.obj (.text:ti_sysbios_knl_Task_checkStacks__E)
                  000093fc    000000b1     rtsv7M4_T_le_v4SPD16_eabi.lib : _printfi.c.obj (.text:_ltostr)
                  000094ad    00000003     --HOLE-- [fill = 0]
                  000094b0    000000b0     grlib_demo.obj (.text:OnIncrease)
                  00009560    000000b0     sensors_api.obj (.text:initSensors)
                  00009610    000000ac     drivers_tivaware.aem4f : UARTTiva.oem4f (.text:readTaskBlocking)
                  000096bc    00000004     empty_pem4f.oem4f (.text:ti_sysbios_heaps_HeapMem_Module_GateProxy_enter__E)
                  000096c0    000000ac     sysbios.aem4f : BIOS.obj (.text:ti_sysbios_family_arm_lm4_Timer_enableTiva__I)
                  0000976c    00000004     empty_pem4f.oem4f (.text:ti_sysbios_heaps_HeapMem_Module_GateProxy_leave__E)
                  00009770    000000a8     sysbios.aem4f : BIOS.obj (.text:ti_sysbios_family_arm_lm4_Timer_enableTimers__I)
                  00009818    000000a4                   : BIOS.obj (.text:ti_sysbios_knl_Clock_Instance_finalize__E)
                  000098bc    000000a0     auto_init.aem4f : auto_init.oem4f (.text)
                  0000995c    000000a0     ti.targets.arm.rtsarm.aem4f : Text.oem4f (.text:xdc_runtime_Text_putMod__E)
                  000099fc    0000009c     grlib_demo.obj (.text:OnStartMotor)
                  00009a98    0000009c     motorCode.obj (.text:PIControlFxn)
                  00009b34    0000009c     rtsv7M4_T_le_v4SPD16_eabi.lib : memcpy_t2.asm.obj (.text)
                  00009bd0    0000009c     sysbios.aem4f : BIOS.obj (.text:ti_sysbios_knl_Semaphore_Instance_init__E)
                  00009c6c    0000009a     ti.targets.arm.rtsarm.aem4f : Text.oem4f (.text:xdc_runtime_Text_putSite__E)
                  00009d06    00000098     drivers_tivaware.aem4f : UARTTiva.oem4f (.text:UARTTiva_readPolling)
                  00009d9e    00000002     --HOLE-- [fill = 0]
                  00009da0    00000098     Boot.aem4f : Boot.oem4f (.text:ti_catalog_arm_cortexm4_tiva_ce_Boot_sysCtlClockFreqSet__E)
                  00009e38    00000096     rtsv7M4_T_le_v4SPD16_eabi.lib : ull_div_t2.asm.obj (.text)
                  00009ece    00000094     drivers_tivaware.aem4f : UARTTiva.oem4f (.text:UARTTiva_write)
                  00009f62    00000006     driverlib.lib : gpio.obj (.text:GPIOPinRead)
                  00009f68    00000094     sysbios.aem4f : BIOS.obj (.text:ti_sysbios_family_arm_m3_Hwi_Instance_init__E)
                  00009ffc    00000004     empty_pem4f.oem4f (.text:ti_sysbios_knl_Clock_TimerProxy_getMaxTicks__E)
                  0000a000    00000094     sysbios.aem4f : BIOS.obj (.text:ti_sysbios_family_arm_m3_Hwi_initNVIC__E)
                  0000a094    00000004     empty_pem4f.oem4f (.text:ti_sysbios_knl_Clock_destruct)
                  0000a098    00000094     sysbios.aem4f : BIOS.obj (.text:ti_sysbios_knl_Task_postInit__I)
                  0000a12c    0000008c     drivers_tivaware.aem4f : GPIOTiva.oem4f (.text:GPIO_init)
                  0000a1b8    0000008c                            : UARTTiva.oem4f (.text:UARTTiva_control)
                  0000a244    0000008c     motorCode.obj (.text:accelLimitFxn)
                  0000a2d0    0000008c     sysbios.aem4f : m3_TaskSupport_asm.obj (.text:ti_sysbios_family_arm_m3_TaskSupport_buildTaskStack)
                  0000a35c    0000008a     drivers_tivaware.aem4f : UARTTiva.oem4f (.text:readIsrTextBlocking)
                  0000a3e6    00000002     --HOLE-- [fill = 0]
                  0000a3e8    00000088                            : PWMTiva.oem4f (.text:PWMTiva_control)
                  0000a470    00000088     grlib_demo.obj (.text:initUI)
                  0000a4f8    00000086     grlib.lib : rectangle.obj (.text:GrRectFill)
                  0000a57e    00000086     rtsv7M4_T_le_v4SPD16_eabi.lib : fd_cmp_t2.asm.obj (.text:__aeabi_cdcmple)
                  0000a604    00000086                                   : fd_cmp_t2.asm.obj (.text:__aeabi_cdrcmple)
                  0000a68a    00000006     driverlib.lib : gpio.obj (.text:GPIOPinWrite)
                  0000a690    00000084     sysbios.aem4f : BIOS.obj (.text:ti_sysbios_family_arm_m3_Hwi_postInit__I)
                  0000a714    00000082     drivers_tivaware.aem4f : UARTTiva.oem4f (.text:readIsrTextCallback)
                  0000a796    0000007e                            : I2CTiva.oem4f (.text:I2CTiva_transfer)
                  0000a814    0000007a     driverlib.lib : adc.obj (.text:ADCSequenceStepConfigure)
                  0000a88e    0000007a     drivers_tivaware.aem4f : UARTTiva.oem4f (.text:readTaskCallback)
                  0000a908    0000007a     rtsv7M4_T_le_v4SPD16_eabi.lib : memset_t2.asm.obj (.text)
                  0000a982    00000006     grlib.lib : string.obj (.text:GrContextFontSet)
                  0000a988    00000074     sysbios.aem4f : BIOS.obj (.text:ti_sysbios_knl_Clock_start__E)
                  0000a9fc    00000004     empty_pem4f.oem4f (.text:ti_sysbios_knl_Queue_destruct)
                  0000aa00    00000070     sysbios.aem4f : BIOS.obj (.text:ti_sysbios_knl_Clock_workFunc__E)
                  0000aa70    00000070                   : BIOS.obj (.text:ti_sysbios_knl_Task_exit__E)
                  0000aae0    0000006e     rtsv7M4_T_le_v4SPD16_eabi.lib : _printfi.c.obj (.text:_mcpy)
                  0000ab4e    0000006e                                   : fd_tos_t2.asm.obj (.text)
                  0000abbc    0000006d     ti.targets.arm.rtsarm.aem4f : System.oem4f (.text:xdc_runtime_System_formatNum__I)
                  0000ac29    00000003     --HOLE-- [fill = 0]
                  0000ac2c    0000006c     drivers_tivaware.aem4f : PWMTimerTiva.oem4f (.text:PWMTimerTiva_control)
                  0000ac98    0000006c     empty_pem4f.oem4f (.text:ti_sysbios_family_arm_m3_Hwi_Object__create__S)
                  0000ad04    00000004     empty_pem4f.oem4f (.text:ti_sysbios_knl_Semaphore_destruct)
                  0000ad08    0000006c     sysbios.aem4f : BIOS.obj (.text:ti_sysbios_knl_Swi_restoreHwi__E)
                  0000ad74    0000006c     drivers_tivaware.aem4f : UARTTiva.oem4f (.text:writeData)
                  0000ade0    0000006c     ti.targets.arm.rtsarm.aem4f : Error.oem4f (.text:xdc_runtime_Error_print__E)
                  0000ae4c    0000006c                                 : Memory.oem4f (.text:xdc_runtime_Memory_alloc__E)
                  0000aeb8    0000006a     drivers_tivaware.aem4f : PWMTiva.oem4f (.text:PWMTiva_close)
                  0000af22    00000002     --HOLE-- [fill = 0]
                  0000af24    00000068     grlib.lib : context.obj (.text:GrContextInit)
                  0000af8c    00000068               : string.obj (.text:GrStringWidthGet)
                  0000aff4    00000068     driverlib.lib : interrupt.obj (.text:IntEnable)
                  0000b05c    00000068     Kentec320x240x16_ssd2119_spi.obj (.text:Kentec320x240x16_SSD2119LineDrawH)
                  0000b0c4    00000068     Kentec320x240x16_ssd2119_spi.obj (.text:Kentec320x240x16_SSD2119LineDrawV)
                  0000b12c    00000068     rtsv7M4_T_le_v4SPD16_eabi.lib : copy_decompress_lzss.c.obj (.text:decompress:lzss:__TI_decompress_lzss)
                  0000b194    00000066     grlib.lib : context.obj (.text:GrContextClipRegionSet)
                  0000b1fa    00000066               : rectangle.obj (.text:GrRectDraw)
                  0000b260    00000066     ti.targets.arm.rtsarm.aem4f : Core-mem.oem4f (.text:xdc_runtime_Core_deleteObject__I)
                  0000b2c6    00000002     --HOLE-- [fill = 0]
                  0000b2c8    00000064     drivers_tivaware.aem4f : GPIOTiva.oem4f (.text:GPIO_hwiIntFxn)
                  0000b32c    00000064     grlib_demo.obj (.text:OnGraphsMain)
                  0000b390    00000064     grlib.lib : widget.obj (.text:WidgetMessageQueueProcess)
                  0000b3f4    00000064     rtsv7M4_T_le_v4SPD16_eabi.lib : s_frexp.c.obj (.text:frexp)
                  0000b458    00000064     sysbios.aem4f : BIOS.obj (.text:ti_sysbios_family_arm_lm4_Timer_Module_startup__E)
                  0000b4bc    00000064     empty_pem4f.oem4f (.text:ti_sysbios_family_arm_m3_Hwi_create)
                  0000b520    00000064     sysbios.aem4f : BIOS.obj (.text:ti_sysbios_family_arm_m3_Hwi_dispatchC__I)
                  0000b584    00000064     empty_pem4f.oem4f (.text:ti_sysbios_hal_Hwi_create)
                  0000b5e8    00000062     drivers_tivaware.aem4f : I2CTiva.oem4f (.text:I2CTiva_primeTransfer)
                  0000b64a    00000002     --HOLE-- [fill = 0]
                  0000b64c    00000060     driverlib.lib : timer.obj (.text:TimerConfigure)
                  0000b6ac    00000060     Kentec320x240x16_ssd2119_spi.obj (.text:WriteDataSPI)
                  0000b70c    00000060     motorCode.obj (.text:statesFxn)
                  0000b76c    00000004     ti.targets.arm.rtsarm.aem4f : Error.oem4f (.text:xdc_runtime_Error_getSite__E)
                  0000b770    00000060     sysbios.aem4f : BIOS.obj (.text:ti_sysbios_knl_Task_schedule__I)
                  0000b7d0    0000005e     grlib.lib : widget.obj (.text:WidgetMessageSendPreOrder)
                  0000b82e    0000005e     drivers_tivaware.aem4f : UARTTiva.oem4f (.text:readIsrBinaryBlocking)
                  0000b88c    0000005c     Kentec320x240x16_ssd2119_spi.obj (.text:WriteCommandSPI)
                  0000b8e8    0000005c     sysbios.aem4f : BIOS.obj (.text:ti_sysbios_knl_Swi_run__I)
                  0000b944    00000004     empty_pem4f.oem4f (.text:xdc_runtime_System_Module_GateProxy_enter__E)
                  0000b948    0000005c     sysbios.aem4f : BIOS.obj (.text:ti_sysbios_knl_Swi_schedule__I)
                  0000b9a4    00000004     empty_pem4f.oem4f (.text:xdc_runtime_System_Module_GateProxy_leave__E)
                  0000b9a8    0000005c     sysbios.aem4f : BIOS.obj (.text:ti_sysbios_knl_Task_Module_startup__E)
                  0000ba04    0000005c     empty_pem4f.oem4f (.text:ti_sysbios_knl_Task_create)
                  0000ba60    0000005c     sysbios.aem4f : BIOS.obj (.text:ti_sysbios_knl_Task_startCore__E)
                  0000babc    0000005b     ti.targets.arm.rtsarm.aem4f : Text.oem4f (.text:xdc_runtime_Text_putLab__E)
                  0000bb17    00000001     --HOLE-- [fill = 0]
                  0000bb18    0000005a     grlib.lib : string.obj (.text:FontWideGlyphDataGet)
                  0000bb72    00000002     --HOLE-- [fill = 0]
                  0000bb74    00000058     boot.aem4f : boot.oem4f (.text)
                  0000bbcc    00000058     rtsv7M4_T_le_v4SPD16_eabi.lib : hostwrite.c.obj (.text:HOSTwrite)
                  0000bc24    00000058     driverlib.lib : timer.obj (.text:TimerControlTrigger)
                  0000bc7c    00000058     empty_pem4f.oem4f (.text:ti_sysbios_family_arm_m3_Hwi_construct)
                  0000bcd4    00000058     sysbios.aem4f : m3_Hwi_asm_switch.obj (.text:ti_sysbios_family_arm_m3_Hwi_initStacks__E)
                  0000bd2c    00000056     driverlib.lib : gpio.obj (.text:GPIOIntTypeSet)
                  0000bd82    00000056     rtsv7M4_T_le_v4SPD16_eabi.lib : _printfi.c.obj (.text:_pconv_f)
                  0000bdd8    00000054     EK_TM4C1294XL.obj (.text:EK_TM4C1294XL_initUART)
                  0000be2c    00000054     rtsv7M4_T_le_v4SPD16_eabi.lib : _ltoa.c.obj (.text:__TI_ltoa)
                  0000be80    00000054     drivers_tivaware.aem4f : UARTTiva.oem4f (.text:readIsrBinaryCallback)
                  0000bed4    00000054     ti.targets.arm.rtsarm.aem4f : Assert.oem4f (.text:xdc_runtime_Assert_raise__I)
                  0000bf28    00000052     rtsv7M4_T_le_v4SPD16_eabi.lib : _printfi.c.obj (.text:_ecpy)
                  0000bf7a    00000002     --HOLE-- [fill = 0]
                  0000bf7c    00000050     motorCode.obj (.text:ADC0_Init)
                  0000bfcc    00000050     driverlib.lib : adc.obj (.text:ADCSequenceConfigure)
                  0000c01c    00000050     drivers_tivaware.aem4f : GPIOTiva.oem4f (.text:GPIO_setCallback)
                  0000c06c    00000050                            : GPIOTiva.oem4f (.text:GPIO_write)
                  0000c0bc    00000050                            : UARTTiva.oem4f (.text:UARTTiva_writeCancel)
                  0000c10c    00000050     Boot.aem4f : Boot_sysctl.oem4f (.text:_SysCtlFrequencyGet)
                  0000c15c    00000004     ti.targets.arm.rtsarm.aem4f : System.oem4f (.text:xdc_runtime_System_aprintf_va__F)
                  0000c160    00000050     sysbios.aem4f : BIOS.obj (.text:ti_sysbios_family_arm_m3_Hwi_Module_startup__E)
                  0000c1b0    00000050     ti.targets.arm.rtsarm.aem4f : Startup.oem4f (.text:xdc_runtime_Startup_exec__E)
                  0000c200    00000050                                 : Text.oem4f (.text:xdc_runtime_Text_visitRope2__I)
                  0000c250    0000004c     driverlib.lib : i2c.obj (.text:I2CMasterInitExpClk)
                  0000c29c    0000004c     drivers_tivaware.aem4f : UARTTiva.oem4f (.text:UARTTiva_close)
                  0000c2e8    0000004c     grlib.lib : widget.obj (.text:WidgetRemove)
                  0000c334    0000004c     rtsv7M4_T_le_v4SPD16_eabi.lib : atoi.c.obj (.text:atoi)
                  0000c380    0000004c                                   : cpy_tbl.c.obj (.text:copy_in)
                  0000c3cc    0000004c     grlib_demo.obj (.text:drawSettingValue)
                  0000c418    0000004c     motorCode.obj (.text:initUART)
                  0000c464    00000004     ti.targets.arm.rtsarm.aem4f : System.oem4f (.text:xdc_runtime_System_printf_va__F)
                  0000c468    0000004c     sysbios.aem4f : BIOS.obj (.text:ti_sysbios_family_arm_lm4_Timer_setAvailMask__E)
                  0000c4b4    00000004     --HOLE-- [fill = 0]
                  0000c4b8    0000004c                   : BIOS.obj (.text:ti_sysbios_heaps_HeapMem_getStats__E)
                  0000c504    00000004     --HOLE-- [fill = 0]
                  0000c508    0000004c                   : BIOS.obj (.text:ti_sysbios_knl_Swi_runLoop__I)
                  0000c554    00000004     --HOLE-- [fill = 0]
                  0000c558    0000004c                   : BIOS.obj (.text:ti_sysbios_knl_Task_allBlockedFunction__I)
                  0000c5a4    0000004a     drivers_tivaware.aem4f : PWMTimerTiva.oem4f (.text:PWMTimerTiva_close)
                  0000c5ee    0000004a     grlib.lib : string.obj (.text:UpdateContextCharMapping)
                  0000c638    00000048     driverlib.lib : gpio.obj (.text:GPIOPinConfigure)
                  0000c680    00000048                   : sysctl.obj (.text:_SysCtlFrequencyGet)
                  0000c6c8    00000048     bmi160.obj (.text:accelThreshold)
                  0000c710    00000048     rtsv7M4_T_le_v4SPD16_eabi.lib : fd_toi_t2.asm.obj (.text)
                  0000c758    00000048     sysbios.aem4f : BIOS.obj (.text:ti_sysbios_family_arm_m3_Hwi_disableInterrupt__E)
                  0000c7a0    00000048                   : BIOS.obj (.text:ti_sysbios_family_arm_m3_Hwi_enableInterrupt__E)
                  0000c7e8    00000048                   : BIOS.obj (.text:ti_sysbios_family_arm_m3_Hwi_excReserved__I)
                  0000c830    00000048     bmi160.obj (.text:writeI2C)
                  0000c878    00000046     grlib.lib : line.obj (.text:GrLineDrawH)
                  0000c8be    00000046               : line.obj (.text:GrLineDrawV)
                  0000c904    00000046     Kentec320x240x16_ssd2119_spi.obj (.text:Kentec320x240x16_SSD2119PixelDraw)
                  0000c94a    00000046     drivers_tivaware.aem4f : RingBuf.oem4f (.text:RingBuf_put)
                  0000c990    00000046     driverlib.lib : uart.obj (.text:UARTConfigSetExpClk)
                  0000c9d6    00000046     ti.targets.arm.rtsarm.aem4f : Core-params.oem4f (.text:xdc_runtime_Core_assignParams__I)
                  0000ca1c    00000004     --HOLE-- [fill = 0]
                  0000ca20    00000044     sysbios.aem4f : BIOS.obj (.text:ti_sysbios_family_arm_lm4_Timer_isrStub__E)
                  0000ca64    00000004     --HOLE-- [fill = 0]
                  0000ca68    00000044                   : BIOS.obj (.text:ti_sysbios_family_arm_m3_Hwi_getStackInfo__E)
                  0000caac    00000004     --HOLE-- [fill = 0]
                  0000cab0    00000044                   : BIOS.obj (.text:ti_sysbios_knl_Swi_post__E)
                  0000caf4    00000044     ti.targets.arm.rtsarm.aem4f : Error.oem4f (.text:xdc_runtime_Error_setX__E)
                  0000cb38    00000044                                 : SysMin.oem4f (.text:xdc_runtime_SysMin_flush__E)
                  0000cb7c    00000044                                 : Text.oem4f (.text:xdc_runtime_Text_xprintf__I)
                  0000cbc0    00000042     drivers_tivaware.aem4f : UARTTiva.oem4f (.text:UARTTiva_hwiIntFxn)
                  0000cc02    00000042                            : UARTTiva.oem4f (.text:UARTTiva_writePolling)
                  0000cc44    00000040     grlib_demo.obj (.text:OnMainMenu)
                  0000cc84    00000040     grlib_demo.obj (.text:OnSettingsMain)
                  0000ccc4    00000040     drivers_tivaware.aem4f : RingBuf.oem4f (.text:RingBuf_get)
                  0000cd04    00000040                            : UARTTiva.oem4f (.text:UARTTiva_read)
                  0000cd44    00000040     bmi160.obj (.text:readI2C)
                  0000cd84    00000040     rtsv7M4_T_le_v4SPD16_eabi.lib : u_divt2.asm.obj (.text)
                  0000cdc4    00000040                                   : sprintf.c.obj (.text:sprintf)
                  0000ce04    00000004     --HOLE-- [fill = 0]
                  0000ce08    00000040     sysbios.aem4f : BIOS.obj (.text:ti_sysbios_family_arm_lm4_Timer_startup__E)
                  0000ce48    0000003e     rtsv7M4_T_le_v4SPD16_eabi.lib : _printfi.c.obj (.text:_fcpy)
                  0000ce86    00000002     --HOLE-- [fill = 0]
                  0000ce88    0000003c     EK_TM4C1294XL.obj (.text:EK_TM4C1294XL_initI2C)
                  0000cec4    0000003c     driverlib.lib : ssi.obj (.text:SSIConfigSetExpClk)
                  0000cf00    0000003c     sysbios.aem4f : BIOS.obj (.text:ti_sysbios_family_arm_m3_Hwi_excSvCall__I)
                  0000cf3c    00000004     --HOLE-- [fill = 0]
                  0000cf40    0000003c                   : BIOS.obj (.text:ti_sysbios_heaps_HeapMem_init__I)
                  0000cf7c    00000004     --HOLE-- [fill = 0]
                  0000cf80    0000003c                   : BIOS.obj (.text:ti_sysbios_knl_Swi_restore__E)
                  0000cfbc    0000003a     grlib.lib : string.obj (.text:FontGlyphDataGet)
                  0000cff6    0000003a     drivers_tivaware.aem4f : I2CTiva.oem4f (.text:I2CTiva_completeTransfer)
                  0000d030    00000038                            : I2C.oem4f (.text:I2C_init)
                  0000d068    00000038                            : PWM.oem4f (.text:PWM_init)
                  0000d0a0    00000038     driverlib.lib : sysctl.obj (.text:SysCtlPeripheralReady)
                  0000d0d8    00000038     drivers_tivaware.aem4f : UART.oem4f (.text:UART_init)
                  0000d110    00000038     rtsv7M4_T_le_v4SPD16_eabi.lib : trgmsg.c.obj (.text:__TI_writemsg)
                  0000d148    00000038                                   : fs_tod_t2.asm.obj (.text)
                  0000d180    00000038     motorCode.obj (.text:startMotor)
                  0000d1b8    00000038     sysbios.aem4f : BIOS.obj (.text:ti_sysbios_family_arm_m3_Hwi_excNoIsr__I)
                  0000d1f0    00000038     empty_pem4f.oem4f (.text:ti_sysbios_knl_Clock_create)
                  0000d228    00000038     sysbios.aem4f : BIOS.obj (.text:ti_sysbios_knl_Task_processVitalTaskFlag__I)
                  0000d260    00000038     ti.targets.arm.rtsarm.aem4f : SysMin.oem4f (.text:xdc_runtime_SysMin_putch__E)
                  0000d298    00000038                                 : System.oem4f (.text:xdc_runtime_System_atexit__E)
                  0000d2d0    00000036     grlib.lib : line.obj (.text:GrClipCodeGet)
                  0000d306    00000036     drivers_tivaware.aem4f : I2CTiva.oem4f (.text:I2CTiva_close)
                  0000d33c    00000036                            : UARTTiva.oem4f (.text:UARTTiva_readCancel)
                  0000d372    00000002     --HOLE-- [fill = 0]
                  0000d374    00000034     driverlib.lib : sysctl.obj (.text:SysCtlPeripheralEnable)
                  0000d3a8    00000034     rtsv7M4_T_le_v4SPD16_eabi.lib : trgmsg.c.obj (.text:__TI_readmsg)
                  0000d3dc    00000004     --HOLE-- [fill = 0]
                  0000d3e0    00000034     sysbios.aem4f : BIOS.obj (.text:ti_sysbios_family_arm_m3_Hwi_Instance_finalize__E)
                  0000d414    00000004     --HOLE-- [fill = 0]
                  0000d418    00000034                   : BIOS.obj (.text:ti_sysbios_family_arm_m3_Hwi_excNmi__I)
                  0000d44c    00000004     --HOLE-- [fill = 0]
                  0000d450    00000034                   : BIOS.obj (.text:ti_sysbios_hal_Hwi_checkStack)
                  0000d484    00000034     empty_pem4f.oem4f (.text:ti_sysbios_knl_Clock_construct)
                  0000d4b8    00000034     ti.targets.arm.rtsarm.aem4f : Core-label.oem4f (.text:xdc_runtime_Core_assignLabel__I)
                  0000d4ec    00000033                                 : Text.oem4f (.text:xdc_runtime_Text_printVisFxn__I)
                  0000d51f    00000001     --HOLE-- [fill = 0]
                  0000d520    00000032     sysbios.aem4f : BIOS.obj (.text:ti_sysbios_hal_Hwi_initStack)
                  0000d552    00000002     --HOLE-- [fill = 0]
                  0000d554    00000030     drivers_tivaware.aem4f : GPIOTiva.oem4f (.text:GPIO_enableInt)
                  0000d584    00000030                            : GPIOTiva.oem4f (.text:GPIO_read)
                  0000d5b4    00000030                            : I2C.oem4f (.text:I2C_open)
                  0000d5e4    00000030     grlib_demo.obj (.text:OnGraphAcceleration)
                  0000d614    00000030     drivers_tivaware.aem4f : PWMTiva.oem4f (.text:PWMTiva_init)
                  0000d644    00000030                            : PWM.oem4f (.text:PWM_open)
                  0000d674    00000030                            : UART.oem4f (.text:UART_open)
                  0000d6a4    00000030     motorCode.obj (.text:readABC)
                  0000d6d4    00000030     empty_pem4f.oem4f (.text:ti_sysbios_BIOS_atExitFunc__I)
                  0000d704    00000004     --HOLE-- [fill = 0]
                  0000d708    00000030     sysbios.aem4f : BIOS.obj (.text:ti_sysbios_family_arm_lm4_Timer_stop__E)
                  0000d738    00000030                   : BIOS.obj (.text:ti_sysbios_family_arm_m3_TaskSupport_start__E)
                  0000d768    00000030     empty_pem4f.oem4f (.text:ti_sysbios_gates_GateHwi_Object__create__S)
                  0000d798    00000030     empty_pem4f.oem4f (.text:ti_sysbios_gates_GateHwi_create)
                  0000d7c8    00000030     empty_pem4f.oem4f (.text:ti_sysbios_gates_GateMutex_Object__create__S)
                  0000d7f8    00000030     empty_pem4f.oem4f (.text:ti_sysbios_heaps_HeapMem_Object__create__S)
                  0000d828    00000030     sysbios.aem4f : BIOS.obj (.text:ti_sysbios_knl_Event_pendTimeout__I)
                  0000d858    00000030     empty_pem4f.oem4f (.text:ti_sysbios_knl_Semaphore_construct)
                  0000d888    00000030     sysbios.aem4f : BIOS.obj (.text:ti_sysbios_knl_Semaphore_pendTimeout__I)
                  0000d8b8    00000030                   : BIOS.obj (.text:ti_sysbios_knl_Task_unblockI__E)
                  0000d8e8    00000030     ti.targets.arm.rtsarm.aem4f : SysMin.oem4f (.text:xdc_runtime_SysMin_abort__E)
                  0000d918    00000030                                 : System.oem4f (.text:xdc_runtime_System_processAtExit__E)
                  0000d948    0000002e     grlib.lib : string.obj (.text:GrStringNextCharGet)
                  0000d976    0000002e     rtsv7M4_T_le_v4SPD16_eabi.lib : i_tofd_t2.asm.obj (.text)
                  0000d9a4    0000002c     grlib.lib : string.obj (.text:GrFontBaselineGet)
                  0000d9d0    0000002c               : string.obj (.text:GrFontHeightGet)
                  0000d9fc    0000002c               : pushbutton.obj (.text:RectangularButtonMsgProc)
                  0000da28    0000002c               : widget.obj (.text:WidgetIsInTree)
                  0000da54    0000002c     empty_pem4f.oem4f (.text:ti_sysbios_knl_Clock_doTick__I)
                  0000da80    0000002c     empty_pem4f.oem4f (.text:ti_sysbios_knl_Event_construct)
                  0000daac    0000002c     empty_pem4f.oem4f (.text:ti_sysbios_knl_Queue_construct)
                  0000dad8    0000002c     sysbios.aem4f : BIOS.obj (.text:ti_sysbios_knl_Task_restore__E)
                  0000db04    0000002c     ti.targets.arm.rtsarm.aem4f : Text.oem4f (.text:xdc_runtime_Text_cordText__E)
                  0000db30    0000002a     driverlib.lib : gpio.obj (.text:GPIODirModeSet)
                  0000db5a    0000002a     ti.targets.arm.rtsarm.aem4f : System.oem4f (.text:xdc_runtime_System_putchar__I)
                  0000db84    00000028     Kentec320x240x16_ssd2119_spi.obj (.text:Kentec320x240x16_SSD2119ColorTranslate)
                  0000dbac    00000028     grlib_demo.obj (.text:OnGraphSpeed)
                  0000dbd4    00000004     --HOLE-- [fill = 0]
                  0000dbd8    00000028     sysbios.aem4f : BIOS.obj (.text:ti_sysbios_hal_Hwi_Instance_init__E)
                  0000dc00    00000028                   : BIOS.obj (.text:ti_sysbios_knl_Swi_Module_startup__E)
                  0000dc28    00000026     grlib.lib : string.obj (.text:GrFontInfoGet)
                  0000dc4e    00000026     sysbios.aem4f : m3_Hwi_asm.obj (.text:ti_sysbios_family_arm_m3_Hwi_pendSV__I)
                  0000dc74    00000026     ti.targets.arm.rtsarm.aem4f : System.oem4f (.text:xdc_runtime_System_avprintf__E)
                  0000dc9a    00000002     --HOLE-- [fill = 0]
                  0000dc9c    00000024     grlib_demo.obj (.text:OnGraphLight)
                  0000dcc0    00000024     grlib_demo.obj (.text:OnGraphPower)
                  0000dce4    00000024     sensors_api.obj (.text:setAccelThreshold)
                  0000dd08    00000024     empty_pem4f.oem4f (.text:ti_sysbios_BIOS_errorRaiseHook__I)
                  0000dd2c    00000024     empty_pem4f.oem4f (.text:ti_sysbios_BIOS_registerRTSLock__I)
                  0000dd50    00000024     empty_pem4f.oem4f (.text:ti_sysbios_BIOS_removeRTSLock__I)
                  0000dd74    00000024     empty_pem4f.oem4f (.text:ti_sysbios_BIOS_startFunc__I)
                  0000dd98    00000024     empty_pem4f.oem4f (.text:ti_sysbios_gates_GateMutex_Object__delete__S)
                  0000ddbc    00000004     --HOLE-- [fill = 0]
                  0000ddc0    00000024     sysbios.aem4f : BIOS.obj (.text:ti_sysbios_knl_Clock_Module_startup__E)
                  0000dde4    00000004     --HOLE-- [fill = 0]
                  0000dde8    00000024                   : BIOS.obj (.text:ti_sysbios_knl_Task_restoreHwi__E)
                  0000de0c    00000024     ti.targets.arm.rtsarm.aem4f : System.oem4f (.text:xdc_runtime_System_vprintf__E)
                  0000de30    00000022     grlib.lib : string.obj (.text:GrFontGlyphDataGet)
                  0000de52    00000022     driverlib.lib : pwm.obj (.text:PWMGenConfigure)
                  0000de74    00000022     drivers_tivaware.aem4f : PWMTiva.oem4f (.text:PWMTiva_getPeriodCounts)
                  0000de96    00000002     --HOLE-- [fill = 0]
                  0000de98    00000022     sysbios.aem4f : BIOS.obj (.text:ti_sysbios_family_arm_lm4_Timer_write__I)
                  0000deba    00000022     empty_pem4f.oem4f (.text:xdc_runtime_SysMin_output__I)
                  0000dedc    00000020     drivers_tivaware.aem4f : GPIOTiva.oem4f (.text:GPIO_clearInt)
                  0000defc    00000020     driverlib.lib : uart.obj (.text:UARTDisable)
                  0000df1c    00000020     Boot.aem4f : Boot_sysctl.oem4f (.text:_SysCtlMemTimingGet)
                  0000df3c    00000020     driverlib.lib : sysctl.obj (.text:_SysCtlMemTimingGet)
                  0000df5c    00000020     motorCode.obj (.text:setSpeed)
                  0000df7c    00000020     empty_pem4f.oem4f (.text:ti_sysbios_BIOS_rtsLock__I)
                  0000df9c    00000020     empty_pem4f.oem4f (.text:ti_sysbios_family_arm_m3_Hwi_Object__delete__S)
                  0000dfbc    00000020     sysbios.aem4f : m3_Hwi_asm.obj (.text:ti_sysbios_family_arm_m3_Hwi_excHandlerAsm__I)
                  0000dfdc    00000004     --HOLE-- [fill = 0]
                  0000dfe0    00000020                   : BIOS.obj (.text:ti_sysbios_family_arm_m3_Hwi_excHandler__I)
                  0000e000    00000020     empty_pem4f.oem4f (.text:ti_sysbios_gates_GateHwi_Object__delete__S)
                  0000e020    00000020     empty_pem4f.oem4f (.text:ti_sysbios_heaps_HeapMem_Object__delete__S)
                  0000e040    00000020     empty_pem4f.oem4f (.text:ti_sysbios_knl_Clock_Object__destruct__S)
                  0000e060    00000020     sysbios.aem4f : BIOS.obj (.text:ti_sysbios_knl_Idle_run__E)
                  0000e080    00000020     empty_pem4f.oem4f (.text:ti_sysbios_knl_Semaphore_Object__destruct__S)
                  0000e0a0    00000020     ti.targets.arm.rtsarm.aem4f : Registry.oem4f (.text:xdc_runtime_Registry_findById__E)
                  0000e0c0    00000020                                 : SysMin.oem4f (.text:xdc_runtime_SysMin_Module_startup__E)
                  0000e0e0    0000001e     grlib.lib : string.obj (.text:GrFontCodepageGet)
                  0000e0fe    0000001e     driverlib.lib : pwm.obj (.text:PWMPulseWidthSet)
                  0000e11c    0000001e     drivers_tivaware.aem4f : PWMTiva.oem4f (.text:PWMTiva_getPeriodMicroSecs)
                  0000e13a    0000001e     grlib.lib : widget.obj (.text:WidgetAdd)
                  0000e158    0000001e     sysbios.aem4f : m3_Hwi_asm_switch.obj (.text:ti_sysbios_family_xxx_Hwi_switchAndRunFunc)
                  0000e176    00000002     --HOLE-- [fill = 0]
                  0000e178    0000001c     grlib.lib : widget.obj (.text:WidgetPointerMessage)
                  0000e194    0000001c     drivers_tivaware.aem4f : GPIOTiva.oem4f (.text:getGpioIntIndex)
                  0000e1b0    0000001c     rtsv7M4_T_le_v4SPD16_eabi.lib : memccpy.c.obj (.text:memccpy)
                  0000e1cc    0000001c     empty_pem4f.oem4f (.text:ti_sysbios_family_arm_m3_Hwi_Object__destruct__S)
                  0000e1e8    0000001c     sysbios.aem4f : BIOS.obj (.text:ti_sysbios_gates_GateMutex_Instance_init__E)
                  0000e204    0000001c     empty_pem4f.oem4f (.text:ti_sysbios_hal_Hwi_HwiProxy_create)
                  0000e220    0000001c     empty_pem4f.oem4f (.text:ti_sysbios_knl_Queue_Object__destruct__S)
                  0000e23c    00000004     --HOLE-- [fill = 0]
                  0000e240    0000001c     sysbios.aem4f : BIOS.obj (.text:ti_sysbios_knl_Queue_put__E)
                  0000e25c    00000004     --HOLE-- [fill = 0]
                  0000e260    0000001c                   : BIOS.obj (.text:ti_sysbios_knl_Task_enter__I)
                  0000e27c    0000001c     ti.targets.arm.rtsarm.aem4f : Error.oem4f (.text:xdc_runtime_Error_raiseX__E)
                  0000e298    0000001c                                 : Memory.oem4f (.text:xdc_runtime_Memory_valloc__E)
                  0000e2b4    0000001c                                 : SysMin.oem4f (.text:xdc_runtime_SysMin_exit__E)
                  0000e2d0    0000001c                                 : System.oem4f (.text:xdc_runtime_System_abort__E)
                  0000e2ec    0000001a     rtsv7M4_T_le_v4SPD16_eabi.lib : s_copysign.c.obj (.text:copysign)
                  0000e306    0000001a     empty_pem4f.oem4f (.text:ti_sysbios_family_arm_m3_Hwi_Handle__label__S)
                  0000e320    0000001a     empty_pem4f.oem4f (.text:ti_sysbios_gates_GateHwi_Handle__label__S)
                  0000e33a    0000001a     empty_pem4f.oem4f (.text:ti_sysbios_gates_GateMutex_Handle__label__S)
                  0000e354    0000001a     empty_pem4f.oem4f (.text:ti_sysbios_heaps_HeapMem_Handle__label__S)
                  0000e36e    0000001a     empty_pem4f.oem4f (.text:ti_sysbios_knl_Swi_Handle__label__S)
                  0000e388    0000001a     empty_pem4f.oem4f (.text:ti_sysbios_knl_Task_Handle__label__S)
                  0000e3a2    0000001a     empty_pem4f.oem4f (.text:xdc_runtime_System_aprintf__E)
                  0000e3bc    0000001a     empty_pem4f.oem4f (.text:xdc_runtime_System_printf__E)
                  0000e3d6    00000018     driverlib.lib : gpio.obj (.text:GPIOPinTypeGPIOOutput)
                  0000e3ee    00000018                   : timer.obj (.text:TimerControlLevel)
                  0000e406    00000002     --HOLE-- [fill = 0]
                  0000e408    00000018                   : timer.obj (.text:TimerDisable)
                  0000e420    00000018     drivers_tivaware.aem4f : UART.oem4f (.text:UART_Params_init)
                  0000e438    00000018     rtsv7M4_T_le_v4SPD16_eabi.lib : args_main.c.obj (.text:_args_main)
                  0000e450    00000018                                   : sprintf.c.obj (.text:_outs)
                  0000e468    00000018     sensors_api.obj (.text:accelEStopIntterupt)
                  0000e480    00000018     empty.obj (.text:heartBeatFxn)
                  0000e498    00000018     empty_pem4f.oem4f (.text:ti_sysbios_BIOS_rtsUnlock__I)
                  0000e4b0    00000018     empty_pem4f.oem4f (.text:ti_sysbios_family_arm_lm4_Timer_Module__startupDone__F)
                  0000e4c8    00000018     empty_pem4f.oem4f (.text:ti_sysbios_family_arm_m3_Hwi_Module__startupDone__F)
                  0000e4e0    00000018     sysbios.aem4f : m3_TaskSupport_asm.obj (.text:ti_sysbios_family_arm_m3_TaskSupport_swap__E)
                  0000e4f8    00000018                   : BIOS.obj (.text:ti_sysbios_gates_GateMutex_leave__E)
                  0000e510    00000018                   : BIOS.obj (.text:ti_sysbios_knl_Task_sleepTimeout__I)
                  0000e528    00000018     ti.targets.arm.rtsarm.aem4f : Error.oem4f (.text:xdc_runtime_Error_check__E)
                  0000e540    00000018                                 : System.oem4f (.text:xdc_runtime_System_exit__E)
                  0000e558    00000018                                 : Text.oem4f (.text:xdc_runtime_Text_ropeText__E)
                  0000e570    00000016     grlib.lib : string.obj (.text:GrStringDraw)
                  0000e586    00000016     driverlib.lib : i2c.obj (.text:I2CMasterErr)
                  0000e59c    00000016     rtsv7M4_T_le_v4SPD16_eabi.lib : strchr.c.obj (.text:strchr)
                  0000e5b2    00000016     empty_pem4f.oem4f (.text:ti_sysbios_BIOS_exitFunc__I)
                  0000e5c8    00000016     motorCode.obj (.text:ti_sysbios_gates_GateHwi_Params_init)
                  0000e5de    00000016     motorCode.obj (.text:ti_sysbios_hal_Hwi_Params_init)
                  0000e5f4    00000016     empty.obj (.text:ti_sysbios_knl_Clock_Params_init)
                  0000e60a    00000016     motorCode.obj (.text:ti_sysbios_knl_Clock_Params_init)
                  0000e620    00000016     sensors_api.obj (.text:ti_sysbios_knl_Clock_Params_init)
                  0000e636    00000016     motorCode.obj (.text:ti_sysbios_knl_Semaphore_Params_init)
                  0000e64c    00000016     sensors_api.obj (.text:ti_sysbios_knl_Semaphore_Params_init)
                  0000e662    00000016     sensors_api.obj (.text:ti_sysbios_knl_Task_Params_init)
                  0000e678    00000014     grlib.lib : canvas.obj (.text:CanvasMsgProc)
                  0000e68c    00000014     Kentec320x240x16_ssd2119_spi.obj (.text:LED_OFF)
                  0000e6a0    00000014     Kentec320x240x16_ssd2119_spi.obj (.text:LED_ON)
                  0000e6b4    00000014     grlib_demo.obj (.text:OnSettingAcceleration)
                  0000e6c8    00000014     grlib_demo.obj (.text:OnSettingCurrent)
                  0000e6dc    00000014     grlib_demo.obj (.text:OnSettingSpeed)
                  0000e6f0    00000014     driverlib.lib : pwm.obj (.text:PWMClockSet)
                  0000e704    00000014                   : sysctl.obj (.text:SysCtlPWMClockSet)
                  0000e718    00000014     touch.obj (.text:TouchScreenCallbackSet)
                  0000e72c    00000014     driverlib.lib : uart.obj (.text:UARTEnable)
                  0000e740    00000014     grlib.lib : widget.obj (.text:WidgetMutexGet)
                  0000e754    00000014     motorCode.obj (.text:getSpeed)
                  0000e768    00000014     rtsv7M4_T_le_v4SPD16_eabi.lib : strlen.c.obj (.text:strlen)
                  0000e77c    00000014     empty_pem4f.oem4f (.text:ti_sysbios_family_arm_m3_Hwi_Object__get__S)
                  0000e790    00000014     sysbios.aem4f : BIOS.obj (.text:ti_sysbios_family_arm_m3_Hwi_switchFromBootStack__E)
                  0000e7a4    00000014     empty_pem4f.oem4f (.text:ti_sysbios_heaps_HeapMem_Object__get__S)
                  0000e7b8    00000014     sysbios.aem4f : BIOS.obj (.text:ti_sysbios_knl_Event_Instance_init__E)
                  0000e7cc    00000014     empty_pem4f.oem4f (.text:ti_sysbios_knl_Swi_Object__get__S)
                  0000e7e0    00000014     motorCode.obj (.text:waitFxn)
                  0000e7f4    00000012     driverlib.lib : gpio.obj (.text:GPIOPinTypeADC)
                  0000e806    00000012                   : gpio.obj (.text:GPIOPinTypeEthernetLED)
                  0000e818    00000012                   : gpio.obj (.text:GPIOPinTypeGPIOInput)
                  0000e82a    00000012                   : gpio.obj (.text:GPIOPinTypeI2C)
                  0000e83c    00000012                   : gpio.obj (.text:GPIOPinTypeI2CSCL)
                  0000e84e    00000012                   : gpio.obj (.text:GPIOPinTypePWM)
                  0000e860    00000012                   : gpio.obj (.text:GPIOPinTypeSSI)
                  0000e872    00000012                   : gpio.obj (.text:GPIOPinTypeTimer)
                  0000e884    00000012                   : gpio.obj (.text:GPIOPinTypeUART)
                  0000e896    00000012                   : gpio.obj (.text:GPIOPinTypeUSBAnalog)
                  0000e8a8    00000012                   : gpio.obj (.text:GPIOPinTypeUSBDigital)
                  0000e8ba    00000012                   : pwm.obj (.text:PWMGenPeriodGet)
                  0000e8cc    00000012                   : pwm.obj (.text:PWMOutputInvert)
                  0000e8de    00000012                   : pwm.obj (.text:PWMOutputState)
                  0000e8f0    00000012     drivers_tivaware.aem4f : RingBuf.oem4f (.text:RingBuf_construct)
                  0000e902    00000012     driverlib.lib : ssi.obj (.text:SSIDataGetNonBlocking)
                  0000e914    00000012                   : timer.obj (.text:TimerLoadSet)
                  0000e926    00000012                   : timer.obj (.text:TimerMatchSet)
                  0000e938    00000012                   : timer.obj (.text:TimerPrescaleMatchSet)
                  0000e94a    00000012                   : timer.obj (.text:TimerPrescaleSet)
                  0000e95c    00000004     --HOLE-- [fill = 0]
                  0000e960    00000012     sysbios.aem4f : BIOS.obj (.text:ti_sysbios_hal_Hwi_Module_startup__E)
                  0000e972    00000012     rtsv7M4_T_le_v4SPD16_eabi.lib : wcslen.c.obj (.text:wcslen)
                  0000e984    00000012     empty_pem4f.oem4f (.text:xdc_runtime_Startup_exec__I)
                  0000e996    00000002     --HOLE-- [fill = 0]
                  0000e998    00000010     empty_pem4f.oem4f (.text:.bootCodeSection:ti_catalog_arm_cortexm4_tiva_ce_Boot_init__I)
                  0000e9a8    00000010     driverlib.lib : adc.obj (.text:ADCIntEnable)
                  0000e9b8    00000010     drivers_tivaware.aem4f : I2C.oem4f (.text:I2C_Params_init)
                  0000e9c8    00000010     driverlib.lib : pwm.obj (.text:PWMGenPeriodSet)
                  0000e9d8    00000010     drivers_tivaware.aem4f : PWM.oem4f (.text:PWM_Params_init)
                  0000e9e8    00000010     empty.obj (.text:bmiHeartBeatFxn)
                  0000e9f8    00000010     drivers_tivaware.aem4f : UARTTiva.oem4f (.text:readBlockingTimeout)
                  0000ea08    00000010     sensors_api.obj (.text:swiAcceleration)
                  0000ea18    00000010     sysbios.aem4f : BIOS.obj (.text:ti_sysbios_BIOS_getCpuFreq__E)
                  0000ea28    00000010                   : BIOS.obj (.text:ti_sysbios_BIOS_setThreadType__E)
                  0000ea38    00000010                   : BIOS.obj (.text:ti_sysbios_BIOS_start__E)
                  0000ea48    00000010                   : m3_TaskSupport_asm.obj (.text:ti_sysbios_family_arm_m3_TaskSupport_glue)
                  0000ea58    00000010                   : BIOS.obj (.text:ti_sysbios_gates_GateMutex_Instance_finalize__E)
                  0000ea68    00000010     empty_pem4f.oem4f (.text:ti_sysbios_hal_Hwi_HwiProxy_Object__create__S)
                  0000ea78    00000010     sysbios.aem4f : BIOS.obj (.text:ti_sysbios_knl_Semaphore_Instance_finalize__E)
                  0000ea88    00000010                   : BIOS.obj (.text:ti_sysbios_knl_Swi_disable__E)
                  0000ea98    00000010     empty_pem4f.oem4f (.text:ti_sysbios_knl_Task_Object__get__S)
                  0000eaa8    00000010     sysbios.aem4f : BIOS.obj (.text:ti_sysbios_knl_Task_disable__E)
                  0000eab8    00000010     ti.targets.arm.rtsarm.aem4f : Gate.oem4f (.text:xdc_runtime_Gate_leaveSystem__E)
                  0000eac8    00000010                                 : Memory.oem4f (.text:xdc_runtime_Memory_free__E)
                  0000ead8    00000010                                 : SysMin.oem4f (.text:xdc_runtime_SysMin_ready__E)
                  0000eae8    00000010                                 : System.oem4f (.text:xdc_runtime_System_vsnprintf__E)
                  0000eaf8    00000010     empty_pem4f.oem4f (.text:xdc_runtime_Text_visitRope__I)
                  0000eb08    0000000e     driverlib.lib : adc.obj (.text:ADCSequenceEnable)
                  0000eb16    0000000e                   : gpio.obj (.text:GPIOIntStatus)
                  0000eb24    0000000e     grlib.lib : image.obj (.text:GrImageDraw)
                  0000eb32    0000000e     driverlib.lib : timer.obj (.text:TimerEnable)
                  0000eb40    0000000e                   : uart.obj (.text:UARTCharGetNonBlocking)
                  0000eb4e    0000000e                   : uart.obj (.text:UARTCharPutNonBlocking)
                  0000eb5c    0000000e     rtsv7M4_T_le_v4SPD16_eabi.lib : copy_decompress_none.c.obj (.text:decompress:none:__TI_decompress_none)
                  0000eb6a    00000006     driverlib.lib : i2c.obj (.text:I2CMasterIntDisable)
                  0000eb70    0000000e     sysbios.aem4f : BIOS.obj (.text:ti_sysbios_knl_Idle_loop__E)
                  0000eb7e    00000002     --HOLE-- [fill = 0]
                  0000eb80    0000000e                   : BIOS.obj (.text:ti_sysbios_knl_Queue_empty__E)
                  0000eb8e    0000000c     driverlib.lib : gpio.obj (.text:GPIOIntEnable)
                  0000eb9a    0000000c                   : pwm.obj (.text:PWMGenDisable)
                  0000eba6    0000000c                   : pwm.obj (.text:PWMGenEnable)
                  0000ebb2    0000000c     drivers_tivaware.aem4f : RingBuf.oem4f (.text:RingBuf_peek)
                  0000ebbe    0000000c     driverlib.lib : uart.obj (.text:UARTFlowControlSet)
                  0000ebca    0000000c     drivers_tivaware.aem4f : UARTTiva.oem4f (.text:UARTTiva_init)
                  0000ebd6    00000002     --HOLE-- [fill = 0]
                  0000ebd8    0000000c     rtsv7M4_T_le_v4SPD16_eabi.lib : _lock.c.obj (.text:_register_lock)
                  0000ebe4    0000000c                                   : _lock.c.obj (.text:_register_unlock)
                  0000ebf0    0000000c                                   : copy_zero_init.c.obj (.text:decompress:ZI:__TI_zero_init)
                  0000ebfc    0000000c     motorCode.obj (.text:getState)
                  0000ec08    0000000c     sysbios.aem4f : BIOS.obj (.text:ti_sysbios_family_arm_lm4_Timer_getAvailMask__E)
                  0000ec14    00000004     --HOLE-- [fill = 0]
                  0000ec18    0000000c                   : BIOS.obj (.text:ti_sysbios_family_arm_lm4_Timer_getMaxTicks__E)
                  0000ec24    0000000c     empty_pem4f.oem4f (.text:ti_sysbios_family_arm_m3_Hwi_Params__init__S)
                  0000ec30    0000000c     sysbios.aem4f : BIOS.obj (.text:ti_sysbios_family_arm_m3_Hwi_disableFxn__E)
                  0000ec3c    00000004     --HOLE-- [fill = 0]
                  0000ec40    0000000c                   : BIOS.obj (.text:ti_sysbios_family_arm_m3_TaskSupport_checkStack__E)
                  0000ec4c    00000004     --HOLE-- [fill = 0]
                  0000ec50    0000000c                   : BIOS.obj (.text:ti_sysbios_family_arm_m3_TaskSupport_getStackAlignment__E)
                  0000ec5c    0000000c     empty_pem4f.oem4f (.text:ti_sysbios_gates_GateHwi_Params__init__S)
                  0000ec68    0000000c     sysbios.aem4f : BIOS.obj (.text:ti_sysbios_gates_GateHwi_enter__E)
                  0000ec74    0000000c     empty_pem4f.oem4f (.text:ti_sysbios_hal_Hwi_Params__init__S)
                  0000ec80    0000000c     empty_pem4f.oem4f (.text:ti_sysbios_knl_Clock_Params__init__S)
                  0000ec8c    00000004     --HOLE-- [fill = 0]
                  0000ec90    0000000c     sysbios.aem4f : BIOS.obj (.text:ti_sysbios_knl_Clock_getTicks__E)
                  0000ec9c    0000000c     motorCode.obj (.text:ti_sysbios_knl_Event_handle)
                  0000eca8    0000000c     empty_pem4f.oem4f (.text:ti_sysbios_knl_Queue_Object__get__S)
                  0000ecb4    0000000c     empty_pem4f.oem4f (.text:ti_sysbios_knl_Semaphore_Params__init__S)
                  0000ecc0    0000000c     motorCode.obj (.text:ti_sysbios_knl_Semaphore_handle)
                  0000eccc    0000000c     sensors_api.obj (.text:ti_sysbios_knl_Semaphore_handle)
                  0000ecd8    0000000c     empty_pem4f.oem4f (.text:ti_sysbios_knl_Task_Params__init__S)
                  0000ece4    0000000c     empty.obj (.text:updateGraphUI)
                  0000ecf0    0000000c     ti.targets.arm.rtsarm.aem4f : Error.oem4f (.text:xdc_runtime_Error_init__E)
                  0000ecfc    0000000c                                 : Gate.oem4f (.text:xdc_runtime_Gate_enterSystem__E)
                  0000ed08    0000000c                                 : Memory.oem4f (.text:xdc_runtime_Memory_calloc__E)
                  0000ed14    0000000c                                 : Memory.oem4f (.text:xdc_runtime_Memory_getMaxDefaultTypeAlign__E)
                  0000ed20    0000000a     driverlib.lib : adc.obj (.text:ADCIntClear)
                  0000ed2a    0000000a                   : i2c.obj (.text:I2CMasterDisable)
                  0000ed34    0000000a                   : i2c.obj (.text:I2CMasterEnable)
                  0000ed3e    0000000a     drivers_tivaware.aem4f : I2CTiva.oem4f (.text:I2CTiva_init)
                  0000ed48    0000000a                            : I2C.oem4f (.text:I2C_transfer)
                  0000ed52    0000000a     Kentec320x240x16_ssd2119_spi.obj (.text:Kentec320x240x16_SSD2119Flush)
                  0000ed5c    0000000a     drivers_tivaware.aem4f : PWMTimerTiva.oem4f (.text:PWMTimerTiva_getPeriodCounts)
                  0000ed66    0000000a                            : PWM.oem4f (.text:PWM_setDuty)
                  0000ed70    0000000a     driverlib.lib : ssi.obj (.text:SSIDataPut)
                  0000ed7a    0000000a                   : ssi.obj (.text:SSIEnable)
                  0000ed84    0000000a                   : uart.obj (.text:UARTCharGet)
                  0000ed8e    0000000a                   : uart.obj (.text:UARTCharPut)
                  0000ed98    0000000a                   : uart.obj (.text:UARTIntDisable)
                  0000eda2    0000000a                   : uart.obj (.text:UARTIntStatus)
                  0000edac    0000000a     rtsv7M4_T_le_v4SPD16_eabi.lib : sprintf.c.obj (.text:_outc)
                  0000edb6    00000002     --HOLE-- [fill = 0]
                  0000edb8    0000000a     sysbios.aem4f : BIOS.obj (.text:ti_sysbios_hal_Hwi_Instance_finalize__E)
                  0000edc2    0000000a     empty_pem4f.oem4f (.text:xdc_runtime_IHeap_alloc)
                  0000edcc    0000000a     empty_pem4f.oem4f (.text:xdc_runtime_IHeap_free)
                  0000edd6    00000008     EK_TM4C1294XL.obj (.text:EK_TM4C1294XL_initGPIO)
                  0000edde    00000008     grlib.lib : charmap.obj (.text:GrMapISO8859_1_Unicode)
                  0000ede6    00000008     driverlib.lib : i2c.obj (.text:I2CMasterIntClear)
                  0000edee    00000008                   : i2c.obj (.text:I2CMasterSlaveAddrSet)
                  0000edf6    00000008     drivers_tivaware.aem4f : I2CTiva.oem4f (.text:I2CTiva_blockingCallback)
                  0000edfe    00000008                            : PWMTimerTiva.oem4f (.text:PWMTimerTiva_init)
                  0000ee06    00000008     driverlib.lib : ssi.obj (.text:SSIBusy)
                  0000ee0e    00000008                   : uart.obj (.text:UARTIntEnable)
                  0000ee16    00000008                   : uart.obj (.text:UARTRxErrorGet)
                  0000ee1e    00000002     --HOLE-- [fill = 0]
                  0000ee20    00000008     rtsv7M4_T_le_v4SPD16_eabi.lib : errno.c.obj (.text:__aeabi_errno_addr)
                  0000ee28    00000008     drivers_tivaware.aem4f : UARTTiva.oem4f (.text:readSemCallback)
                  0000ee30    00000008     sysbios.aem4f : BIOS.obj (.text:ti_sysbios_family_arm_lm4_Timer_masterDisable__I)
                  0000ee38    00000008                   : BIOS.obj (.text:ti_sysbios_family_arm_m3_Hwi_doSwiRestore__I)
                  0000ee40    00000008                   : BIOS.obj (.text:ti_sysbios_family_arm_m3_Hwi_startup__E)
                  0000ee48    00000008     drivers_tivaware.aem4f : UARTTiva.oem4f (.text:writeSemCallback)
                  0000ee50    00000006     driverlib.lib : i2c.obj (.text:I2CMasterIntEnable)
                  0000ee56    00000006     drivers_tivaware.aem4f : I2CTiva.oem4f (.text:I2CTiva_control)
                  0000ee5c    00000006                            : PWMTimerTiva.oem4f (.text:PWMTimerTiva_getPeriodMicroSecs)
                  0000ee62    00000006     driverlib.lib : sysctl.obj (.text:SysCtlDelay)
                  0000ee68    00000006                   : uart.obj (.text:UARTFIFOLevelSet)
                  0000ee6e    00000006                   : uart.obj (.text:UARTRxErrorClear)
                  0000ee74    00000006     grlib.lib : widget.obj (.text:WidgetMutexPut)
                  0000ee7a    00000006     ti.targets.arm.rtsarm.aem4f : System.oem4f (.text:xdc_runtime_System_Module_startup__E)
                  0000ee80    00000006     sysbios.aem4f : BIOS.obj (.text:ti_sysbios_family_arm_m3_Hwi_doTaskRestore__I)
                  0000ee86    00000002     --HOLE-- [fill = 0]
                  0000ee88    00000006                   : BIOS.obj (.text:ti_sysbios_family_arm_m3_Hwi_restoreFxn__E)
                  0000ee8e    00000002     --HOLE-- [fill = 0]
                  0000ee90    00000006                   : BIOS.obj (.text:ti_sysbios_gates_GateHwi_leave__E)
                  0000ee96    00000002     --HOLE-- [fill = 0]
                  0000ee98    00000006                   : BIOS.obj (.text:ti_sysbios_heaps_HeapMem_isBlocking__E)
                  0000ee9e    00000002     --HOLE-- [fill = 0]
                  0000eea0    00000006                   : BIOS.obj (.text:ti_sysbios_knl_Clock_stop__E)
                  0000eea6    00000002     --HOLE-- [fill = 0]
                  0000eea8    00000006                   : BIOS.obj (.text:ti_sysbios_knl_Queue_Instance_init__E)
                  0000eeae    00000002     --HOLE-- [fill = 0]
                  0000eeb0    00000006                   : BIOS.obj (.text:ti_sysbios_knl_Swi_startup__E)
                  0000eeb6    00000002     --HOLE-- [fill = 0]
                  0000eeb8    00000004                   : BIOS.obj (.text:ti_sysbios_gates_GateHwi_query__E)
                  0000eebc    00000004     --HOLE-- [fill = 0]
                  0000eec0    00000004                   : BIOS.obj (.text:ti_sysbios_gates_GateMutex_query__E)
                  0000eec4    00000004     --HOLE-- [fill = 0]
                  0000eec8    00000004                   : BIOS.obj (.text:ti_sysbios_knl_Task_startup__E)
                  0000eecc    00000004     --HOLE-- [fill = 0]
                  0000eed0    00000002                   : BIOS.obj (.text:ti_sysbios_gates_GateHwi_Instance_init__E)
                  0000eed2    00000006     --HOLE-- [fill = 0]
                  0000eed8    00000002                   : BIOS.obj (.text:ti_sysbios_knl_Clock_logTick__E)

.const     0    0000eee0    00003af4     
                  0000eee0    0000192e     empty_pem4f.oem4f (.const:xdc_runtime_Text_charTab__A)
                  0001080e    000007e5     grlib.lib : fontcmss18.obj (.const:.string:g_pui8Cmss18Data)
                  00010ff3    00000782               : fontcmss18b.obj (.const:.string:g_pui8Cmss18bData)
                  00011775    00000001     empty_pem4f.oem4f (.const:xdc_runtime_Error_policy__C)
                  00011776    00000002     empty_pem4f.oem4f (.const:ti_catalog_arm_cortexm4_tiva_ce_Boot_Module__id__C)
                  00011778    000001b0     driverlib.lib : sysctl.obj (.const:g_pppui32XTALtoVCO)
                  00011928    00000120     Boot.aem4f : Boot_sysctl.oem4f (.const:g_pppui32XTALtoVCO)
                  00011a48    00000101     rtsv7M4_T_le_v4SPD16_eabi.lib : ctype.c.obj (.const:.string:_ctypes_)
                  00011b49    00000001     --HOLE-- [fill = 0]
                  00011b4a    00000002     empty_pem4f.oem4f (.const:ti_sysbios_family_arm_m3_Hwi_Module__id__C)
                  00011b4c    000000c8     grlib.lib : fontcmss18.obj (.const:g_sFontCmss18)
                  00011c14    000000c8               : fontcmss18b.obj (.const:g_sFontCmss18b)
                  00011cdc    000000c0     empty_pem4f.oem4f (.const:xdc_runtime_Text_nodeTab__A)
                  00011d9c    0000009e     grlib_demo.obj (.const:.string)
                  00011e3a    00000002     empty_pem4f.oem4f (.const:ti_sysbios_gates_GateMutex_Module__id__C)
                  00011e3c    00000090     driverlib.lib : gpio.obj (.const:g_pui32GPIOBaseAddrs)
                  00011ecc    00000070                   : interrupt.obj (.const)
                  00011f3c    0000006c     Boot.aem4f : Boot_sysctl.oem4f (.const:g_pui32Xtals)
                  00011fa8    0000006c     driverlib.lib : sysctl.obj (.const:g_pui32Xtals)
                  00012014    00000060     MotorLib.lib : motorlib.obj (.const:PWM_config)
                  00012074    00000058     empty_pem4f.oem4f (.const:.string)
                  000120cc    00000054     drivers_tivaware.aem4f : GPIOTiva.oem4f (.const:.string)
                  00012120    00000054     MotorLib.lib : motorlib.obj (.const:motorLibPWMTivaHWAttrs)
                  00012174    0000004c     drivers_tivaware.aem4f : UARTTiva.oem4f (.const)
                  000121c0    00000048                            : GPIOTiva.oem4f (.const:gpioBaseAddresses)
                  00012208    0000003c     empty_pem4f.oem4f (.const:ti_sysbios_knl_Task_Object__PARAMS__C)
                  00012244    00000004     bmi160.obj (.const)
                  00012248    00000030     rtsv7M4_T_le_v4SPD16_eabi.lib : e_pow.c.obj (.const:$O1$$)
                  00012278    00000030     Boot.aem4f : Boot_sysctl.oem4f (.const:g_sXTALtoMEMTIM)
                  000122a8    00000030     driverlib.lib : sysctl.obj (.const:g_sXTALtoMEMTIM)
                  000122d8    00000030     empty_pem4f.oem4f (.const:ti_sysbios_family_arm_m3_Hwi_Object__PARAMS__C)
                  00012308    00000030     EK_TM4C1294XL.obj (.const:uartTivaHWAttrs)
                  00012338    0000002c     empty_pem4f.oem4f (.const:ti_sysbios_hal_Hwi_Object__PARAMS__C)
                  00012364    00000028     drivers_tivaware.aem4f : UARTTiva.oem4f (.const:UARTTiva_fxnTable)
                  0001238c    00000028     Kentec320x240x16_ssd2119_spi.obj (.const:g_sKentec320x240x16_SSD2119)
                  000123b4    00000028     empty_pem4f.oem4f (.const:ti_sysbios_heaps_HeapMem_Module__FXNS__C)
                  000123dc    00000024     EK_TM4C1294XL.obj (.const:UART_config)
                  00012400    00000024     drivers_tivaware.aem4f : UART.oem4f (.const:UART_defaultParams)
                  00012424    00000024     empty_pem4f.oem4f (.const:ti_sysbios_gates_GateHwi_Module__FXNS__C)
                  00012448    00000024     empty_pem4f.oem4f (.const:ti_sysbios_gates_GateMutex_Module__FXNS__C)
                  0001246c    00000024     empty_pem4f.oem4f (.const:ti_sysbios_heaps_HeapMem_Object__PARAMS__C)
                  00012490    00000024     empty_pem4f.oem4f (.const:ti_sysbios_knl_Clock_Object__PARAMS__C)
                  000124b4    00000024     empty_pem4f.oem4f (.const:ti_sysbios_knl_Semaphore_Object__PARAMS__C)
                  000124d8    00000020     drivers_tivaware.aem4f : PWMTimerTiva.oem4f (.const)
                  000124f8    00000020                            : PWMTiva.oem4f (.const)
                  00012518    00000020     empty_pem4f.oem4f (.const:ti_sysbios_family_arm_m3_Hwi_Object__DESC__C)
                  00012538    00000020     empty_pem4f.oem4f (.const:ti_sysbios_gates_GateHwi_Object__DESC__C)
                  00012558    00000020     empty_pem4f.oem4f (.const:ti_sysbios_gates_GateMutex_Object__DESC__C)
                  00012578    00000020     empty_pem4f.oem4f (.const:ti_sysbios_hal_Hwi_Object__DESC__C)
                  00012598    00000020     empty_pem4f.oem4f (.const:ti_sysbios_heaps_HeapMem_Object__DESC__C)
                  000125b8    00000020     empty_pem4f.oem4f (.const:ti_sysbios_knl_Clock_Object__DESC__C)
                  000125d8    00000020     empty_pem4f.oem4f (.const:ti_sysbios_knl_Event_Object__DESC__C)
                  000125f8    00000020     empty_pem4f.oem4f (.const:ti_sysbios_knl_Queue_Object__DESC__C)
                  00012618    00000020     empty_pem4f.oem4f (.const:ti_sysbios_knl_Semaphore_Object__DESC__C)
                  00012638    00000020     empty_pem4f.oem4f (.const:ti_sysbios_knl_Task_Object__DESC__C)
                  00012658    00000020     empty_pem4f.oem4f (.const:xdc_runtime_Startup_sfxnTab__A)
                  00012678    0000001c     drivers_tivaware.aem4f : I2CTiva.oem4f (.const)
                  00012694    0000001c     touch.obj (.const:g_pi32TouchParameters)
                  000126b0    00000018     EK_TM4C1294XL.obj (.const:I2C_config)
                  000126c8    00000018     empty_pem4f.oem4f (.const:ti_sysbios_gates_GateHwi_Object__PARAMS__C)
                  000126e0    00000018     empty_pem4f.oem4f (.const:ti_sysbios_gates_GateMutex_Object__PARAMS__C)
                  000126f8    00000018     empty_pem4f.oem4f (.const:ti_sysbios_knl_Event_Object__PARAMS__C)
                  00012710    00000018     empty_pem4f.oem4f (.const:ti_sysbios_knl_Queue_Object__PARAMS__C)
                  00012728    00000014     EK_TM4C1294XL.obj (.const:GPIOTiva_config)
                  0001273c    00000014     empty_pem4f.oem4f (.const:xdc_runtime_Startup_firstFxns__A)
                  00012750    00000010     drivers_tivaware.aem4f : I2C.oem4f (.const)
                  00012760    00000010     grlib.lib : context.obj (.const)
                  00012770    00000010     MotorLib.lib : motorlib.obj (.const:motorLibPWMTimerTivaHWAttrs)
                  00012780    00000010     empty_pem4f.oem4f (.const:xdc_runtime_Startup_sfxnRts__A)
                  00012790    0000000c     drivers_tivaware.aem4f : PWM.oem4f (.const)
                  0001279c    0000000c     EK_TM4C1294XL.obj (.const:i2cTivaHWAttrs)
                  000127a8    00000008     Boot.aem4f : Boot_sysctl.oem4f (.const)
                  000127b0    00000008     driverlib.lib : sysctl.obj (.const)
                  000127b8    00000008     empty_pem4f.oem4f (.const:ti_sysbios_family_arm_m3_Hwi_excHookFuncs__A)
                  000127c0    00000008     empty_pem4f.oem4f (.const:ti_sysbios_knl_Idle_funcList__C)
                  000127c8    00000008     empty_pem4f.oem4f (.const:xdc_runtime_Startup_firstFxns__C)
                  000127d0    00000008     empty_pem4f.oem4f (.const:xdc_runtime_Startup_lastFxns__C)
                  000127d8    00000004     empty_pem4f.oem4f (.const:ti_catalog_arm_cortexm4_tiva_ce_Boot_A_mustNotUseEnhancedClockMode__C)
                  000127dc    00000004     empty_pem4f.oem4f (.const:ti_catalog_arm_cortexm4_tiva_ce_Boot_Module__diagsEnabled__C)
                  000127e0    00000004     empty_pem4f.oem4f (.const:ti_catalog_arm_cortexm4_tiva_ce_Boot_Module__diagsIncluded__C)
                  000127e4    00000004     empty_pem4f.oem4f (.const:ti_catalog_arm_cortexm4_tiva_ce_Boot_Module__diagsMask__C)
                  000127e8    00000004     empty_pem4f.oem4f (.const:ti_sysbios_family_arm_lm4_Timer_enableFunc__C)
                  000127ec    00000004     empty_pem4f.oem4f (.const:ti_sysbios_family_arm_lm4_Timer_numTimerDevices__C)
                  000127f0    00000004     empty_pem4f.oem4f (.const:ti_sysbios_family_arm_lm4_Timer_startupNeeded__C)
                  000127f4    00000004     empty_pem4f.oem4f (.const:ti_sysbios_family_arm_m3_Hwi_E_NMI__C)
                  000127f8    00000004     empty_pem4f.oem4f (.const:ti_sysbios_family_arm_m3_Hwi_E_alreadyDefined__C)
                  000127fc    00000004     empty_pem4f.oem4f (.const:ti_sysbios_family_arm_m3_Hwi_E_busFault__C)
                  00012800    00000004     empty_pem4f.oem4f (.const:ti_sysbios_family_arm_m3_Hwi_E_debugMon__C)
                  00012804    00000004     empty_pem4f.oem4f (.const:ti_sysbios_family_arm_m3_Hwi_E_hardFault__C)
                  00012808    00000004     empty_pem4f.oem4f (.const:ti_sysbios_family_arm_m3_Hwi_E_memFault__C)
                  0001280c    00000004     empty_pem4f.oem4f (.const:ti_sysbios_family_arm_m3_Hwi_E_noIsr__C)
                  00012810    00000004     empty_pem4f.oem4f (.const:ti_sysbios_family_arm_m3_Hwi_E_reserved__C)
                  00012814    00000004     empty_pem4f.oem4f (.const:ti_sysbios_family_arm_m3_Hwi_E_svCall__C)
                  00012818    00000004     empty_pem4f.oem4f (.const:ti_sysbios_family_arm_m3_Hwi_E_usageFault__C)
                  0001281c    00000004     empty_pem4f.oem4f (.const:ti_sysbios_family_arm_m3_Hwi_NUM_INTERRUPTS__C)
                  00012820    00000004     empty_pem4f.oem4f (.const:ti_sysbios_family_arm_m3_Hwi_Object__count__C)
                  00012824    00000004     empty_pem4f.oem4f (.const:ti_sysbios_family_arm_m3_Hwi_ccr__C)
                  00012828    00000004     empty_pem4f.oem4f (.const:ti_sysbios_family_arm_m3_Hwi_excHandlerFunc__C)
                  0001282c    00000004     empty_pem4f.oem4f (.const:ti_sysbios_family_arm_m3_Hwi_excHookFuncs__C)
                  00012830    00000004     empty_pem4f.oem4f (.const:ti_sysbios_family_arm_m3_Hwi_nullIsrFunc__C)
                  00012834    00000004     empty_pem4f.oem4f (.const:ti_sysbios_family_arm_m3_Hwi_priGroup__C)
                  00012838    00000004     empty_pem4f.oem4f (.const:ti_sysbios_family_arm_m3_TaskSupport_stackAlignment__C)
                  0001283c    00000004     empty_pem4f.oem4f (.const:ti_sysbios_gates_GateMutex_A_badContext__C)
                  00012840    00000004     empty_pem4f.oem4f (.const:ti_sysbios_gates_GateMutex_Instance_State_sem__O)
                  00012844    00000004     empty_pem4f.oem4f (.const:ti_sysbios_gates_GateMutex_Module__diagsEnabled__C)
                  00012848    00000004     empty_pem4f.oem4f (.const:ti_sysbios_gates_GateMutex_Module__diagsIncluded__C)
                  0001284c    00000004     empty_pem4f.oem4f (.const:ti_sysbios_gates_GateMutex_Module__diagsMask__C)
                  00012850    00000004     empty_pem4f.oem4f (.const:ti_sysbios_hal_Hwi_E_stackOverflow__C)
                  00012854    00000004     empty_pem4f.oem4f (.const:ti_sysbios_heaps_HeapMem_A_align__C)
                  00012858    00000004     empty_pem4f.oem4f (.const:ti_sysbios_heaps_HeapMem_A_heapSize__C)
                  0001285c    00000004     empty_pem4f.oem4f (.const:ti_sysbios_heaps_HeapMem_A_invalidFree__C)
                  00012860    00000004     empty_pem4f.oem4f (.const:ti_sysbios_heaps_HeapMem_A_zeroBlock__C)
                  00012864    00000004     empty_pem4f.oem4f (.const:ti_sysbios_heaps_HeapMem_E_memory__C)
                  00012868    00000004     empty_pem4f.oem4f (.const:ti_sysbios_heaps_HeapMem_Module__diagsEnabled__C)
                  0001286c    00000004     empty_pem4f.oem4f (.const:ti_sysbios_heaps_HeapMem_Module__diagsIncluded__C)
                  00012870    00000004     empty_pem4f.oem4f (.const:ti_sysbios_heaps_HeapMem_Module__diagsMask__C)
                  00012874    00000004     empty_pem4f.oem4f (.const:ti_sysbios_heaps_HeapMem_Module__gateObj__C)
                  00012878    00000004     empty_pem4f.oem4f (.const:ti_sysbios_heaps_HeapMem_Object__count__C)
                  0001287c    00000004     empty_pem4f.oem4f (.const:ti_sysbios_heaps_HeapMem_reqAlign__C)
                  00012880    00000004     empty_pem4f.oem4f (.const:ti_sysbios_knl_Clock_A_badThreadType__C)
                  00012884    00000004     empty_pem4f.oem4f (.const:ti_sysbios_knl_Clock_Module_State_clockQ__O)
                  00012888    00000004     empty_pem4f.oem4f (.const:ti_sysbios_knl_Clock_Module__diagsEnabled__C)
                  0001288c    00000004     empty_pem4f.oem4f (.const:ti_sysbios_knl_Clock_Module__diagsIncluded__C)
                  00012890    00000004     empty_pem4f.oem4f (.const:ti_sysbios_knl_Clock_Module__diagsMask__C)
                  00012894    00000004     empty_pem4f.oem4f (.const:ti_sysbios_knl_Event_A_badContext__C)
                  00012898    00000004     empty_pem4f.oem4f (.const:ti_sysbios_knl_Event_A_eventInUse__C)
                  0001289c    00000004     empty_pem4f.oem4f (.const:ti_sysbios_knl_Event_A_nullEventId__C)
                  000128a0    00000004     empty_pem4f.oem4f (.const:ti_sysbios_knl_Event_A_nullEventMasks__C)
                  000128a4    00000004     empty_pem4f.oem4f (.const:ti_sysbios_knl_Event_A_pendTaskDisabled__C)
[...]
00012924  xdc_runtime_Assert_E_assertFailed__C                                 
00012928  xdc_runtime_Core_A_initializedParams__C                              
0001292c  xdc_runtime_Core_Module__diagsEnabled__C                             
00012930  xdc_runtime_Core_Module__diagsIncluded__C                            
00012934  xdc_runtime_Core_Module__diagsMask__C                                
00012938  xdc_runtime_Error_E_generic__C                                       
0001293c  xdc_runtime_Error_E_memory__C                                        
00012940  xdc_runtime_Error_Module__diagsEnabled__C                            
00012944  xdc_runtime_Error_Module__diagsIncluded__C                           
00012948  xdc_runtime_Error_Module__diagsMask__C                               
0001294c  xdc_runtime_Error_Module__loggerFxn8__C                              
00012950  xdc_runtime_Error_Module__loggerObj__C                               
00012954  xdc_runtime_Error_policyFxn__C                                       
00012958  xdc_runtime_Error_raiseHook__C                                       
0001295c  xdc_runtime_IGateProvider_Interface__BASE__C                         
00012960  xdc_runtime_IHeap_Interface__BASE__C                                 
00012964  xdc_runtime_IModule_Interface__BASE__C                               
00012968  xdc_runtime_Log_L_error__C                                           
0001296c  xdc_runtime_Memory_defaultHeapInstance__C                            
00012970  xdc_runtime_Startup_execImpl__C                                      
00012974  xdc_runtime_Startup_maxPasses__C                                     
00012978  xdc_runtime_Startup_sfxnRts__C                                       
0001297c  xdc_runtime_Startup_sfxnTab__C                                       
00012980  xdc_runtime_SysMin_bufSize__C                                        
00012984  xdc_runtime_SysMin_outputFunc__C                                     
00012988  xdc_runtime_System_Module__gateObj__C                                
0001298c  xdc_runtime_System_abortFxn__C                                       
00012990  xdc_runtime_System_exitFxn__C                                        
00012994  xdc_runtime_System_extendFxn__C                                      
00012998  xdc_runtime_System_maxAtexitHandlers__C                              
0001299c  xdc_runtime_Text_charTab__C                                          
000129a0  xdc_runtime_Text_nameEmpty__C                                        
000129a4  xdc_runtime_Text_nameStatic__C                                       
000129a8  xdc_runtime_Text_nameUnknown__C                                      
000129ac  xdc_runtime_Text_nodeTab__C                                          
000129b0  xdc_runtime_Text_visitRopeFxn__C                                     
000129b4  ti_sysbios_hal_Hwi_Module__id__C                                     
000129b6  ti_sysbios_heaps_HeapMem_Module__id__C                               
000129b8  ti_sysbios_knl_Clock_Module__id__C                                   
000129ba  ti_sysbios_knl_Event_Module__id__C                                   
000129bc  ti_sysbios_knl_Semaphore_Module__id__C                               
000129be  ti_sysbios_knl_Task_Module__id__C                                    
000129c0  xdc_runtime_Core_Module__id__C                                       
000129c2  xdc_runtime_Error_Module__loggerDefined__C                           
000129c4  xdc_runtime_Error_maxDepth__C                                        
000129c6  xdc_runtime_Main_Module__id__C                                       
000129c8  xdc_runtime_Memory_Module__id__C                                     
000129ca  xdc_runtime_SysMin_flushAtExit__C                                    
000129cc  xdc_runtime_Text_charCnt__C                                          
000129ce  xdc_runtime_Text_isLoaded__C                                         
000129d0  xdc_runtime_Text_registryModsLastId__C                               
000129d2  xdc_runtime_Text_unnamedModsLastId__C                                
000129d8  __TI_static_base__                                                   
00012de8  __TI_Handler_Table_Base                                              
00012df4  __TI_Handler_Table_Limit                                             
00012e08  __TI_CINIT_Base                                                      
00012e20  __TI_CINIT_Limit                                                     
20000000  __start___llvm_prf_cnts                                              
20000000  __stop___llvm_prf_cnts                                               
20000000  ti_sysbios_family_arm_m3_Hwi_ramVectors                              
20000360  ti_sysbios_knl_Task_Instance_State_0_stack__A                        
20000b60  ti_sysbios_knl_Task_Instance_State_1_stack__A                        
20001360  ti_sysbios_knl_Task_Instance_State_2_stack__A                        
20001b60  ti_sysbios_knl_Task_Instance_State_3_stack__A                        
20001d60  taskAccelStack                                                       
20002560  ti_sysbios_heaps_HeapMem_Instance_State_0_buf__A                     
20002d60  xdc_runtime_SysMin_Module_State_0_outbuf__A                          
20003160  ti_sysbios_family_arm_m3_Hwi_dispatchTable                           
200034c0  uartTivaObjects                                                      
20003798  __CIOBUF_                                                            
20003948  i2cTivaObjects                                                       
200039c8  uartTivaRingBuffer                                                   
20003a08  motorLibPWMObjects                                                   
20003a40  eb                                                                   
20003a70  sContext                                                             
20003a9c  clkSensorParams                                                      
20003ac0  clockAccelerationStruct                                              
20003ae4  clockUpdateGraph                                                     
20003b08  uartParams                                                           
20003b8c  maxTime                                                              
20003bac  minTime                                                              
20003bcc  semAccelStruct                                                       
20003be8  semStruct                                                            
20003c04  gHwiprms                                                             
20003c1c  motorLibPWMTimerObjects                                              
20003c34  accelerationBuffer                                                   
20003c48  evtStruct                                                            
20003c5c  valueText                                                            
20003c80  av                                                                   
20003c94  graphMax                                                             
20003c9c  graphMin                                                             
20003ca4  parmbuf                                                              
20003cac  SysTicks                                                             
20003cb0  accel_mag                                                            
20003cb4  acceleration                                                         
20003cb8  acceleration_avg                                                     
20003cbc  adc0                                                                 
20003cc0  data_Graph                                                           
20003cc4  delta_rpm                                                            
20003cc8  delta_time                                                           
20003ccc  error                                                                
20003cd0  evtHandle                                                            
20003cd4  g_accelerationLimit                                                  
20003cd8  g_currentLimit                                                       
20003cdc  g_drawingGraph                                                       
20003ce0  g_motorSpeed                                                         
20003ce4  g_numPlotOverflow                                                    
20003ce8  g_numPlotPoints                                                      
20003cec  g_pi32ParmSet                                                        
20003cf4  g_sCurrentPanel                                                      
20003cf8  g_ui32SysClock                                                       
20003cfc  gateHwi                                                              
20003d04  graphIntMax                                                          
20003d08  graphIntMin                                                          
20003d0c  hA                                                                   
20003d10  hB                                                                   
20003d14  hC                                                                   
20003d18  hallA                                                                
20003d1c  hallB                                                                
20003d20  hallC                                                                
20003d24  output                                                               
20003d28  previousPoint                                                        
20003d2c  rpm_avg                                                              
20003d30  rpm_from_UI                                                          
20003d34  semAccelHandle                                                       
20003d38  semHandle                                                            
20003d3c  sensori2c                                                            
20003d40  uart                                                                 
20003d44  y_graph_step                                                         
20003d48  g_i16TouchX                                                          
20003d4a  g_i16TouchY                                                          
20003d4c  ThresholdAccel                                                       
20003d4d  e_event                                                              
20003d4e  e_stop                                                               
20003d4f  motorStartedUI                                                       
20003d50  motorState                                                           
20003d51  print_from_clock                                                     
20003d52  running                                                              
20003d53  success                                                              
20003d54  updateGraph                                                          
20003d58  ti_sysbios_knl_Task_Object__table__V                                 
20003e88  ti_sysbios_knl_Swi_Module_State_0_readyQ__A                          
20003f08  ti_sysbios_knl_Task_Module_State_0_readyQ__A                         
20003f88  motor                                                                
20003f8c  prevMotor                                                            
20003f90  prevSysTick                                                          
20003f94  deltaPos                                                             
20003f98  clock_time_mins                                                      
20003f9c  clock_time_secs                                                      
20003fa0  rpm_actual                                                           
20003fa4  acceleration_sum                                                     
20003fa8  rpm_prev                                                             
20003fac  integral_error                                                       
20003fb0  rpm_desired                                                          
20003fb4  rpm_int                                                              
20003fb8  jump                                                                 
20003fbc  Kp                                                                   
20003fc0  Ki                                                                   
20003fc4  clock_count                                                          
20003fc8  rpm_sum                                                              
20003fcc  min_per_sysTick                                                      
20003fd0  rotation                                                             
20003fd4  rpm_sum_c                                                            
20003fd8  dummy                                                                
20003fdc  g_sGraphAcceleration                                                 
2000402c  g_sGraphBack                                                         
2000407c  g_sGraphExit                                                         
200040cc  g_sGraphLight                                                        
2000411c  g_sGraphOption                                                       
2000416c  g_sGraphPower                                                        
200041bc  g_sGraphSpeed                                                        
2000420c  g_sGraphTitle                                                        
2000425c  g_sMotorOption                                                       
200042ac  g_sSetOption                                                         
200042fc  g_sSettingAcceleration                                               
2000434c  g_sSettingBack                                                       
2000439c  g_sSettingCurrent                                                    
200043ec  g_sSettingDecrease                                                   
2000443c  g_sSettingExit                                                       
2000448c  g_sSettingIncrease                                                   
200044dc  g_sSettingSpeed                                                      
2000452c  g_sSettingTitle                                                      
2000457c  g_sSettingValue                                                      
200045cc  ti_sysbios_knl_Task_Module__state__V                                 
20004610  g_sGraph                                                             
20004650  g_sGraphPage                                                         
20004690  g_sGraphsMainPage                                                    
200046d0  g_sMainPage                                                          
20004710  g_sSettingPage                                                       
20004750  g_sSettingsMainPage                                                  
20004790  ti_sysbios_family_arm_lm4_Timer_Module_State_0_device__A             
200047d0  ti_sysbios_family_arm_lm4_Timer_Object__table__V                     
20004810  ti_sysbios_gates_GateMutex_Object__table__V                          
20004848  ti_sysbios_family_arm_m3_Hwi_Module__state__V                        
2000487c  ti_sysbios_family_arm_m3_Hwi_Object__table__V                        
200048ac  ti_sysbios_knl_Swi_Object__table__V                                  
200048dc  g_sRoot                                                              
2000490a  ti_sysbios_family_arm_m3_Hwi_Module_State_0_excActive__A             
2000490c  ti_sysbios_knl_Clock_Module__state__V                                
20004938  gpioPinConfigs                                                       
2000495c  ti_sysbios_BIOS_Module__state__V                                     
20004980  ti_sysbios_family_arm_lm4_Timer_Module_State_0_handles__A            
200049a0  ti_sysbios_knl_Swi_Module__state__V                                  
200049d4  ti_sysbios_heaps_HeapMem_Object__table__V                            
200049ec  x_graph_step                                                         
200049f0  x_graph_start                                                        
200049f4  y_graph_start                                                        
200049f8  y_graph_max                                                          
200049fc  y_graph_end                                                          
20004a00  gpioCallbackFunctions                                                
20004a0c  ti_sysbios_family_arm_lm4_Timer_Module__state__V                     
20004a18  xdc_runtime_SysMin_Module__state__V                                  
20004a24  _lock                                                                
20004a28  _unlock                                                              
20004a2c  ti_sysbios_family_arm_m3_Hwi_Module__root__V                         
20004a34  ti_sysbios_gates_GateHwi_Module__root__V                             
20004a3c  ti_sysbios_gates_GateMutex_Module__root__V                           
20004a44  ti_sysbios_hal_Hwi_Module__root__V                                   
20004a4c  ti_sysbios_heaps_HeapMem_Module__root__V                             
20004a54  ti_sysbios_knl_Clock_Module__root__V                                 
20004a5c  ti_sysbios_knl_Event_Module__root__V                                 
20004a64  ti_sysbios_knl_Queue_Module__root__V                                 
20004a6c  ti_sysbios_knl_Semaphore_Module__root__V                             
20004a74  ti_sysbios_knl_Task_Module__root__V                                  
20004a7c  xdc_runtime_Registry_Module__state__V                                
20004a84  xdc_runtime_Startup_Module__state__V                                 
20004a8c  xdc_runtime_System_Module_State_0_atexitHandlers__A                  
20004a94  xdc_runtime_System_Module__state__V                                  
20004aa2  xdc_runtime_Error_Module__state__V                                   
20004ab0  errno                                                                
20004ab4  main_func_sp                                                         
20004ab8  triggerThreshold                                                     
20004abc  ti_sysbios_family_arm_m3_Hwi_Module_State_0_excContext__A            
20004ac0  ti_sysbios_family_arm_m3_Hwi_Module_State_0_excStack__A              
20004ac4  ti_sysbios_gates_GateHwi_Object__table__V                            
20004ac8  ti_sysbios_knl_Task_Module_State_0_idleTask__A                       
20004acc  g_i16TouchMin                                                        
20004ad0  xdc_runtime_Memory_Module__state__V                                  
20004ad8  __stack                                                              
200052d8  __STACK_END                                                          
e000e000  ti_sysbios_family_arm_m3_Hwi_nvic                                    
ffffffff  __TI_pprof_out_hndl                                                  
ffffffff  __TI_prof_data_size                                                  
ffffffff  __TI_prof_data_start                                                 
ffffffff  __binit__                                                            
ffffffff  __c_args__                                                           
ffffffff  binit                                                                
UNDEFED   SHT$$INIT_ARRAY$$Base                                                
UNDEFED   SHT$$INIT_ARRAY$$Limit                                               

[1004 symbols]
