******************************************************************************
                  TI ARM Linker PC v20.2.4                     
******************************************************************************
>> Linked Sat May 29 21:01:34 2021

OUTPUT FILE NAME:   <empty_EK_TM4C1294XL_TI.out>
ENTRY POINT SYMBOL: "_c_int00"  address: 00009b85


MEMORY CONFIGURATION

         name            origin    length      used     unused   attr    fill
----------------------  --------  ---------  --------  --------  ----  --------
  FLASH                 00000000   00100000  00010a00  000ef600  R  X
  SRAM                  20000000   00040000  00002f1c  0003d0e4  RW X


SEGMENT ALLOCATION MAP

run origin  load origin   length   init length attrs members
----------  ----------- ---------- ----------- ----- -------
00000000    00000000    00010a08   00010a08    r-x
  00000000    00000000    0000003c   0000003c    r-- .resetVecs
  00000040    00000040    0000cbe2   0000cbe2    r-x .text
  0000cc24    0000cc24    000039ea   000039ea    r-- .const
  00010610    00010610    000003f8   000003f8    r-- .cinit
20000000    20000000    00002f20   00000000    rw-
  20000000    20000000    00000360   00000000    rw- .vecs
  20000360    20000360    00001c14   00000000    rw- .bss
  20001f74    20001f74    00000ca8   00000000    rw- .data
  20002c20    20002c20    00000300   00000000    rw- .stack


SECTION ALLOCATION MAP

 output                                  attributes/
section   page    origin      length       input sections
--------  ----  ----------  ----------   ----------------
.text      0    00000040    0000cbe2     
                  00000040    00000a4e     rtsv7M4_T_le_v4SPD16_eabi.lib : _printfi.c.obj (.text:__TI_printfi)
                  00000a8e    00000002     motorCode.obj (.text:ADCFxn)
                  00000a90    000006ac     MotorLib.lib : motorlib.obj (.text)
                  0000113c    00000004     driverlib.lib : i2c.obj (.text:I2CMasterControl)
                  00001140    00000430     sysbios.aem4f : BIOS.obj (.text:ti_sysbios_family_arm_m3_Hwi_excDumpRegs__I)
                  00001570    00000374     grlib.lib : image.obj (.text:InternalImageDraw)
                  000018e4    0000034c     ti.targets.arm.rtsarm.aem4f : System.oem4f (.text:xdc_runtime_System_doPrint__I)
                  00001c30    000002f8     grlib.lib : image.obj (.text:PixelTransparentDraw)
                  00001f28    000002d0     sysbios.aem4f : BIOS.obj (.text:ti_sysbios_knl_Semaphore_pend__E)
                  000021f8    00000270     rtsv7M4_T_le_v4SPD16_eabi.lib : _printfi.c.obj (.text:_pconv_a)
                  00002468    0000026c     sysbios.aem4f : BIOS.obj (.text:ti_sysbios_heaps_HeapMem_free__E)
                  000026d4    00000268     touch.obj (.text:TouchScreenDebouncer)
                  0000293c    00000254     grlib.lib : string.obj (.text:GrFontGlyphRender)
                  00002b90    00000250     sysbios.aem4f : BIOS.obj (.text:ti_sysbios_heaps_HeapMem_alloc__E)
                  00002de0    0000020c     drivers_tivaware.aem4f : UARTTiva.oem4f (.text:UARTTiva_open)
                  00002fec    00000204     Boot.aem4f : Boot_sysctl.oem4f (.text:ti_catalog_arm_cortexm4_tiva_ce_Boot_sysCtlClockFreqSetI__I)
                  000031f0    00000200     driverlib.lib : sysctl.obj (.text:SysCtlClockFreqSet)
                  000033f0    000001f4     sysbios.aem4f : BIOS.obj (.text:ti_sysbios_family_arm_m3_Hwi_excHandlerMax__I)
                  000035e4    000001e4     Kentec320x240x16_ssd2119_spi.obj (.text:Kentec320x240x16_SSD2119Init)
                  000037c8    000001dc     Kentec320x240x16_ssd2119_spi.obj (.text:Kentec320x240x16_SSD2119PixelDrawMultiple)
                  000039a4    000001d0     rtsv7M4_T_le_v4SPD16_eabi.lib : _printfi.c.obj (.text:_pconv_g)
                  00003b74    000001b6                                   : fd_add_t2.asm.obj (.text)
                  00003d2a    00000002                                   : _lock.c.obj (.text:_nop)
                  00003d2c    000001a4     pinout.obj (.text:PinoutSet)
                  00003ed0    00000190     grlib.lib : canvas.obj (.text:CanvasPaint)
                  00004060    0000017e               : pushbutton.obj (.text:RectangularButtonPaint)
                  000041de    00000002     rtsv7M4_T_le_v4SPD16_eabi.lib : div0.asm.obj (.text)
                  000041e0    00000178     touch.obj (.text:TouchScreenIntHandler)
                  00004358    00000174     sysbios.aem4f : BIOS.obj (.text:ti_sysbios_family_arm_m3_Hwi_excBusFault__I)
                  000044cc    00000170     drivers_tivaware.aem4f : PWMTiva.oem4f (.text:PWMTiva_open)
                  0000463c    00000004     driverlib.lib : i2c.obj (.text:I2CMasterDataGet)
                  00004640    00000164     sysbios.aem4f : BIOS.obj (.text:ti_sysbios_family_arm_m3_Hwi_excUsageFault__I)
                  000047a4    0000015c     motorCode.obj (.text:initHallABC)
                  00004900    00000158     grlib_demo.obj (.text:initWidgets)
                  00004a58    00000150     drivers_tivaware.aem4f : GPIOTiva.oem4f (.text:GPIO_setConfig)
                  00004ba8    00000150     grlib_demo.obj (.text:OnGraphsPage)
                  00004cf8    00000150     motorCode.obj (.text:initMotor)
                  00004e48    00000148     sysbios.aem4f : BIOS.obj (.text:ti_sysbios_family_arm_m3_Hwi_excMemFault__I)
                  00004f90    0000013c     rtsv7M4_T_le_v4SPD16_eabi.lib : _printfi.c.obj (.text:_pconv_e)
                  000050cc    00000004     driverlib.lib : i2c.obj (.text:I2CMasterDataPut)
                  000050d0    0000013c     sysbios.aem4f : BIOS.obj (.text:ti_sysbios_heaps_HeapMem_Instance_init__E)
                  0000520c    00000136     rtsv7M4_T_le_v4SPD16_eabi.lib : fd_div_t2.asm.obj (.text)
                  00005342    00000132     driverlib.lib : gpio.obj (.text:GPIOPadConfigSet)
                  00005474    00000124     rtsv7M4_T_le_v4SPD16_eabi.lib : _printfi.c.obj (.text:fcvt)
                  00005598    00000120     sysbios.aem4f : BIOS.obj (.text:ti_sysbios_family_arm_lm4_Timer_start__E)
                  000056b8    0000011c     grlib_demo.obj (.text:OnSettingsPage)
                  000057d4    00000004     driverlib.lib : uart.obj (.text:UARTIntClear)
                  000057d8    0000011c     sysbios.aem4f : BIOS.obj (.text:ti_sysbios_knl_Clock_Instance_init__E)
                  000058f4    00000118     ti.targets.arm.rtsarm.aem4f : Error.oem4f (.text:xdc_runtime_Error_policyDefault__E)
                  00005a0c    00000114     drivers_tivaware.aem4f : PWMTimerTiva.oem4f (.text:PWMTimerTiva_open)
                  00005b20    00000110     rtsv7M4_T_le_v4SPD16_eabi.lib : s_scalbn.c.obj (.text:scalbn)
                  00005c30    0000010c     Kentec320x240x16_ssd2119_spi.obj (.text:Kentec320x240x16_SSD2119RectFill)
                  00005d3c    0000010c     touch.obj (.text:TouchScreenInit)
                  00005e48    0000010c     motorCode.obj (.text:motorFxn)
                  00005f54    00000106     grlib.lib : line.obj (.text:GrLineDraw)
                  0000605a    00000002     empty_pem4f.oem4f (.text:ti_sysbios_BIOS_nullFunc__I)
                  0000605c    00000104     motorCode.obj (.text:filterFxn)
                  00006160    00000100     ti.targets.arm.rtsarm.aem4f : Core-mem.oem4f (.text:xdc_runtime_Core_createObject__I)
                  00006260    000000fc     rtsv7M4_T_le_v4SPD16_eabi.lib : fd_mul_t2.asm.obj (.text)
                  0000635c    000000f8     ti.targets.arm.rtsarm.aem4f : Startup.oem4f (.text:xdc_runtime_Startup_startMods__I)
                  00006454    000000f8     empty_pem4f.oem4f (.text:xdc_runtime_System_printfExtend__I)
                  0000654c    000000f4     sysbios.aem4f : m3_Hwi_asm.obj (.text:ti_sysbios_family_arm_m3_Hwi_dispatch__I)
                  00006640    000000f2     grlib.lib : pushbutton.obj (.text:RectangularButtonClick)
                  00006732    000000f0     drivers_tivaware.aem4f : PWMTiva.oem4f (.text:PWMTiva_setDuty)
                  00006822    00000006     driverlib.lib : gpio.obj (.text:GPIOIntClear)
                  00006828    000000ec     sysbios.aem4f : BIOS.obj (.text:ti_sysbios_knl_Semaphore_post__E)
                  00006914    000000e8     grlib.lib : widget.obj (.text:WidgetMessageQueueAdd)
                  000069fc    000000e0     drivers_tivaware.aem4f : I2CTiva.oem4f (.text:I2CTiva_open)
                  00006adc    000000d6                            : I2CTiva.oem4f (.text:I2CTiva_hwiFxn)
                  00006bb2    00000002     empty_pem4f.oem4f (.text:xdc_runtime_Startup_reset__I)
                  00006bb4    000000d0     motorCode.obj (.text:HallFxn)
                  00006c84    000000cc     ti.targets.arm.rtsarm.aem4f : Core-smem.oem4f (.text:xdc_runtime_Core_constructObject__I)
                  00006d50    000000c8     empty.obj (.text:main)
                  00006e18    000000c0     grlib.lib : string.obj (.text:GrDefaultStringRenderer)
                  00006ed8    000000bc     sysbios.aem4f : BIOS.obj (.text:ti_sysbios_family_arm_m3_Hwi_excDebugMon__I)
                  00006f94    00000004     grlib.lib : widget.obj (.text:WidgetDefaultMsgProc)
                  00006f98    000000bc     sysbios.aem4f : BIOS.obj (.text:ti_sysbios_family_arm_m3_Hwi_excHardFault__I)
                  00007054    000000b8     EK_TM4C1294XL.obj (.text:EK_TM4C1294XL_initGeneral)
                  0000710c    000000b8     grlib.lib : line.obj (.text:GrLineClip)
                  000071c4    000000b8     Kentec320x240x16_ssd2119_spi.obj (.text:InitSPILCDInterface)
                  0000727c    000000b8     drivers_tivaware.aem4f : PWMTimerTiva.oem4f (.text:PWMTimerTiva_setDuty)
                  00007334    000000b4     grlib.lib : widget.obj (.text:WidgetMessageSendPostOrder)
                  000073e8    000000b4     sysbios.aem4f : BIOS.obj (.text:ti_sysbios_gates_GateMutex_enter__E)
                  0000749c    00000004     rtsv7M4_T_le_v4SPD16_eabi.lib : exit.c.obj (.text:abort:abort)
                  000074a0    000000b4     sysbios.aem4f : BIOS.obj (.text:ti_sysbios_knl_Task_checkStacks__E)
                  00007554    000000b1     rtsv7M4_T_le_v4SPD16_eabi.lib : _printfi.c.obj (.text:_ltostr)
                  00007605    00000001     --HOLE-- [fill = 0]
                  00007606    000000ac     drivers_tivaware.aem4f : UARTTiva.oem4f (.text:readTaskBlocking)
                  000076b2    00000006     driverlib.lib : gpio.obj (.text:GPIOPinRead)
                  000076b8    000000ac     sysbios.aem4f : BIOS.obj (.text:ti_sysbios_family_arm_lm4_Timer_enableTiva__I)
                  00007764    00000004     empty_pem4f.oem4f (.text:ti_sysbios_BIOS_RtsGateProxy_enter__E)
                  00007768    000000a8     sysbios.aem4f : BIOS.obj (.text:ti_sysbios_family_arm_lm4_Timer_enableTimers__I)
                  00007810    000000a4                   : BIOS.obj (.text:ti_sysbios_knl_Clock_Instance_finalize__E)
                  000078b4    000000a0     auto_init.aem4f : auto_init.oem4f (.text)
                  00007954    000000a0     ti.targets.arm.rtsarm.aem4f : Text.oem4f (.text:xdc_runtime_Text_putMod__E)
                  000079f4    0000009c     motorCode.obj (.text:PIControlFxn)
                  00007a90    0000009c     rtsv7M4_T_le_v4SPD16_eabi.lib : memcpy_t2.asm.obj (.text)
                  00007b2c    00000004     empty_pem4f.oem4f (.text:ti_sysbios_BIOS_RtsGateProxy_leave__E)
                  00007b30    0000009c     sysbios.aem4f : BIOS.obj (.text:ti_sysbios_knl_Semaphore_Instance_init__E)
                  00007bcc    0000009a     ti.targets.arm.rtsarm.aem4f : Text.oem4f (.text:xdc_runtime_Text_putSite__E)
                  00007c66    00000098     drivers_tivaware.aem4f : UARTTiva.oem4f (.text:UARTTiva_readPolling)
                  00007cfe    00000002     --HOLE-- [fill = 0]
                  00007d00    00000098     grlib_demo.obj (.text:drawGraph)
                  00007d98    00000098     Boot.aem4f : Boot.oem4f (.text:ti_catalog_arm_cortexm4_tiva_ce_Boot_sysCtlClockFreqSet__E)
                  00007e30    00000096     rtsv7M4_T_le_v4SPD16_eabi.lib : ull_div_t2.asm.obj (.text)
                  00007ec6    00000094     drivers_tivaware.aem4f : UARTTiva.oem4f (.text:UARTTiva_write)
                  00007f5a    00000006     driverlib.lib : gpio.obj (.text:GPIOPinWrite)
                  00007f60    00000094     sysbios.aem4f : BIOS.obj (.text:ti_sysbios_family_arm_m3_Hwi_Instance_init__E)
                  00007ff4    00000004                   : BIOS.obj (.text:ti_sysbios_family_arm_lm4_Timer_masterEnable__I)
                  00007ff8    00000094                   : BIOS.obj (.text:ti_sysbios_family_arm_m3_Hwi_initNVIC__E)
                  0000808c    00000004     empty_pem4f.oem4f (.text:ti_sysbios_family_arm_m3_Hwi_destruct)
                  00008090    00000094     sysbios.aem4f : BIOS.obj (.text:ti_sysbios_knl_Task_postInit__I)
                  00008124    0000008c     drivers_tivaware.aem4f : GPIOTiva.oem4f (.text:GPIO_init)
                  000081b0    0000008c     grlib_demo.obj (.text:OnIncrease)
                  0000823c    0000008c     drivers_tivaware.aem4f : UARTTiva.oem4f (.text:UARTTiva_control)
                  000082c8    0000008c     sysbios.aem4f : m3_TaskSupport_asm.obj (.text:ti_sysbios_family_arm_m3_TaskSupport_buildTaskStack)
                  00008354    0000008a     drivers_tivaware.aem4f : UARTTiva.oem4f (.text:readIsrTextBlocking)
                  000083de    00000002     --HOLE-- [fill = 0]
                  000083e0    00000088     grlib_demo.obj (.text:OnDecrease)
                  00008468    00000088     drivers_tivaware.aem4f : PWMTiva.oem4f (.text:PWMTiva_control)
                  000084f0    00000086     grlib.lib : rectangle.obj (.text:GrRectFill)
                  00008576    00000086     rtsv7M4_T_le_v4SPD16_eabi.lib : fd_cmp_t2.asm.obj (.text:__aeabi_cdcmple)
                  000085fc    00000086                                   : fd_cmp_t2.asm.obj (.text:__aeabi_cdrcmple)
                  00008682    00000006     grlib.lib : string.obj (.text:GrContextFontSet)
                  00008688    00000084     sysbios.aem4f : BIOS.obj (.text:ti_sysbios_family_arm_m3_Hwi_postInit__I)
                  0000870c    00000082     drivers_tivaware.aem4f : UARTTiva.oem4f (.text:readIsrTextCallback)
                  0000878e    0000007e                            : I2CTiva.oem4f (.text:I2CTiva_transfer)
                  0000880c    0000007a     driverlib.lib : adc.obj (.text:ADCSequenceStepConfigure)
                  00008886    0000007a     drivers_tivaware.aem4f : UARTTiva.oem4f (.text:readTaskCallback)
                  00008900    0000007a     rtsv7M4_T_le_v4SPD16_eabi.lib : memset_t2.asm.obj (.text)
                  0000897a    00000006     driverlib.lib : i2c.obj (.text:I2CMasterIntDisable)
                  00008980    00000074     sysbios.aem4f : BIOS.obj (.text:ti_sysbios_knl_Clock_start__E)
                  000089f4    00000070     grlib_demo.obj (.text:initUI)
                  00008a64    00000004     empty_pem4f.oem4f (.text:ti_sysbios_family_arm_m3_TaskSupport_Module__startupDone__S)
                  00008a68    00000070     sysbios.aem4f : BIOS.obj (.text:ti_sysbios_knl_Clock_workFunc__E)
                  00008ad8    00000070                   : BIOS.obj (.text:ti_sysbios_knl_Task_exit__E)
                  00008b48    0000006e     rtsv7M4_T_le_v4SPD16_eabi.lib : _printfi.c.obj (.text:_mcpy)
                  00008bb6    00000002     --HOLE-- [fill = 0]
                  00008bb8    0000006d     ti.targets.arm.rtsarm.aem4f : System.oem4f (.text:xdc_runtime_System_formatNum__I)
                  00008c25    00000003     --HOLE-- [fill = 0]
                  00008c28    0000006c     drivers_tivaware.aem4f : PWMTimerTiva.oem4f (.text:PWMTimerTiva_control)
                  00008c94    0000006c     empty_pem4f.oem4f (.text:ti_sysbios_family_arm_m3_Hwi_Object__create__S)
                  00008d00    0000006c     sysbios.aem4f : BIOS.obj (.text:ti_sysbios_knl_Swi_restoreHwi__E)
                  00008d6c    0000006c     drivers_tivaware.aem4f : UARTTiva.oem4f (.text:writeData)
                  00008dd8    0000006c     ti.targets.arm.rtsarm.aem4f : Error.oem4f (.text:xdc_runtime_Error_print__E)
                  00008e44    0000006c                                 : Memory.oem4f (.text:xdc_runtime_Memory_alloc__E)
                  00008eb0    0000006a     drivers_tivaware.aem4f : PWMTiva.oem4f (.text:PWMTiva_close)
                  00008f1a    00000002     --HOLE-- [fill = 0]
                  00008f1c    00000068     EK_TM4C1294XL.obj (.text:EK_TM4C1294XL_initI2C)
                  00008f84    00000068     grlib.lib : context.obj (.text:GrContextInit)
                  00008fec    00000068               : string.obj (.text:GrStringWidthGet)
                  00009054    00000068     driverlib.lib : interrupt.obj (.text:IntEnable)
                  000090bc    00000068     Kentec320x240x16_ssd2119_spi.obj (.text:Kentec320x240x16_SSD2119LineDrawH)
                  00009124    00000068     Kentec320x240x16_ssd2119_spi.obj (.text:Kentec320x240x16_SSD2119LineDrawV)
                  0000918c    00000068     motorCode.obj (.text:accelLimitFxn)
                  000091f4    00000068     rtsv7M4_T_le_v4SPD16_eabi.lib : copy_decompress_lzss.c.obj (.text:decompress:lzss:__TI_decompress_lzss)
                  0000925c    00000066     grlib.lib : context.obj (.text:GrContextClipRegionSet)
                  000092c2    00000066               : rectangle.obj (.text:GrRectDraw)
                  00009328    00000066     ti.targets.arm.rtsarm.aem4f : Core-mem.oem4f (.text:xdc_runtime_Core_deleteObject__I)
                  0000938e    00000002     --HOLE-- [fill = 0]
                  00009390    00000064     drivers_tivaware.aem4f : GPIOTiva.oem4f (.text:GPIO_hwiIntFxn)
                  000093f4    00000064     grlib.lib : widget.obj (.text:WidgetMessageQueueProcess)
                  00009458    00000064     rtsv7M4_T_le_v4SPD16_eabi.lib : s_frexp.c.obj (.text:frexp)
                  000094bc    00000004     empty_pem4f.oem4f (.text:ti_sysbios_hal_Hwi_HwiProxy_delete)
                  000094c0    00000064     sysbios.aem4f : BIOS.obj (.text:ti_sysbios_family_arm_lm4_Timer_Module_startup__E)
                  00009524    00000064     empty_pem4f.oem4f (.text:ti_sysbios_family_arm_m3_Hwi_create)
                  00009588    00000064     sysbios.aem4f : BIOS.obj (.text:ti_sysbios_family_arm_m3_Hwi_dispatchC__I)
                  000095ec    00000064     empty_pem4f.oem4f (.text:ti_sysbios_hal_Hwi_create)
                  00009650    00000062     drivers_tivaware.aem4f : I2CTiva.oem4f (.text:I2CTiva_primeTransfer)
                  000096b2    00000002     --HOLE-- [fill = 0]
                  000096b4    00000060     driverlib.lib : timer.obj (.text:TimerConfigure)
                  00009714    00000060     Kentec320x240x16_ssd2119_spi.obj (.text:WriteDataSPI)
                  00009774    00000004     empty_pem4f.oem4f (.text:ti_sysbios_heaps_HeapMem_Module_GateProxy_enter__E)
                  00009778    00000060     sysbios.aem4f : BIOS.obj (.text:ti_sysbios_knl_Task_schedule__I)
                  000097d8    0000005e     grlib.lib : widget.obj (.text:WidgetMessageSendPreOrder)
                  00009836    0000005e     drivers_tivaware.aem4f : UARTTiva.oem4f (.text:readIsrBinaryBlocking)
                  00009894    0000005c     Kentec320x240x16_ssd2119_spi.obj (.text:WriteCommandSPI)
                  000098f0    0000005c     motorCode.obj (.text:speedFxn)
                  0000994c    00000004     empty_pem4f.oem4f (.text:ti_sysbios_heaps_HeapMem_Module_GateProxy_leave__E)
                  00009950    0000005c     sysbios.aem4f : BIOS.obj (.text:ti_sysbios_knl_Swi_run__I)
                  000099ac    00000004     empty_pem4f.oem4f (.text:ti_sysbios_knl_Clock_TimerProxy_getMaxTicks__E)
                  000099b0    0000005c     sysbios.aem4f : BIOS.obj (.text:ti_sysbios_knl_Swi_schedule__I)
                  00009a0c    00000004     empty_pem4f.oem4f (.text:ti_sysbios_knl_Clock_destruct)
                  00009a10    0000005c     sysbios.aem4f : BIOS.obj (.text:ti_sysbios_knl_Task_Module_startup__E)
                  00009a6c    00000004     empty_pem4f.oem4f (.text:ti_sysbios_knl_Queue_destruct)
                  00009a70    0000005c     sysbios.aem4f : BIOS.obj (.text:ti_sysbios_knl_Task_startCore__E)
                  00009acc    0000005b     ti.targets.arm.rtsarm.aem4f : Text.oem4f (.text:xdc_runtime_Text_putLab__E)
                  00009b27    00000001     --HOLE-- [fill = 0]
                  00009b28    0000005a     grlib.lib : string.obj (.text:FontWideGlyphDataGet)
                  00009b82    00000002     --HOLE-- [fill = 0]
                  00009b84    00000058     boot.aem4f : boot.oem4f (.text)
                  00009bdc    00000058     rtsv7M4_T_le_v4SPD16_eabi.lib : hostwrite.c.obj (.text:HOSTwrite)
                  00009c34    00000058     grlib_demo.obj (.text:OnGraphsMain)
                  00009c8c    00000058     driverlib.lib : timer.obj (.text:TimerControlTrigger)
                  00009ce4    00000058     empty_pem4f.oem4f (.text:ti_sysbios_family_arm_m3_Hwi_construct)
                  00009d3c    00000058     sysbios.aem4f : m3_Hwi_asm_switch.obj (.text:ti_sysbios_family_arm_m3_Hwi_initStacks__E)
                  00009d94    00000056     driverlib.lib : gpio.obj (.text:GPIOIntTypeSet)
                  00009dea    00000056     rtsv7M4_T_le_v4SPD16_eabi.lib : _printfi.c.obj (.text:_pconv_f)
                  00009e40    00000054                                   : _ltoa.c.obj (.text:__TI_ltoa)
                  00009e94    00000054     drivers_tivaware.aem4f : UARTTiva.oem4f (.text:readIsrBinaryCallback)
                  00009ee8    00000054     ti.targets.arm.rtsarm.aem4f : Assert.oem4f (.text:xdc_runtime_Assert_raise__I)
                  00009f3c    00000052     rtsv7M4_T_le_v4SPD16_eabi.lib : _printfi.c.obj (.text:_ecpy)
                  00009f8e    00000002     --HOLE-- [fill = 0]
                  00009f90    00000050     motorCode.obj (.text:ADC0_Init)
                  00009fe0    00000050     driverlib.lib : adc.obj (.text:ADCSequenceConfigure)
                  0000a030    00000050     drivers_tivaware.aem4f : GPIOTiva.oem4f (.text:GPIO_setCallback)
                  0000a080    00000050                            : GPIOTiva.oem4f (.text:GPIO_toggle)
                  0000a0d0    00000050                            : GPIOTiva.oem4f (.text:GPIO_write)
                  0000a120    00000050                            : UARTTiva.oem4f (.text:UARTTiva_writeCancel)
                  0000a170    00000050     Boot.aem4f : Boot_sysctl.oem4f (.text:_SysCtlFrequencyGet)
                  0000a1c0    00000050     sysbios.aem4f : BIOS.obj (.text:ti_sysbios_family_arm_m3_Hwi_Module_startup__E)
                  0000a210    00000050     ti.targets.arm.rtsarm.aem4f : Startup.oem4f (.text:xdc_runtime_Startup_exec__E)
                  0000a260    00000050                                 : Text.oem4f (.text:xdc_runtime_Text_visitRope2__I)
                  0000a2b0    0000004c     driverlib.lib : i2c.obj (.text:I2CMasterInitExpClk)
                  0000a2fc    0000004c     drivers_tivaware.aem4f : UARTTiva.oem4f (.text:UARTTiva_close)
                  0000a348    0000004c     grlib.lib : widget.obj (.text:WidgetRemove)
                  0000a394    0000004c     rtsv7M4_T_le_v4SPD16_eabi.lib : atoi.c.obj (.text:atoi)
                  0000a3e0    0000004c                                   : cpy_tbl.c.obj (.text:copy_in)
                  0000a42c    0000004c     grlib_demo.obj (.text:drawSettingValue)
                  0000a478    0000004c     motorCode.obj (.text:initUART)
                  0000a4c4    00000004     empty_pem4f.oem4f (.text:ti_sysbios_knl_Semaphore_destruct)
                  0000a4c8    0000004c     sysbios.aem4f : BIOS.obj (.text:ti_sysbios_family_arm_lm4_Timer_setAvailMask__E)
                  0000a514    00000004     ti.targets.arm.rtsarm.aem4f : Error.oem4f (.text:xdc_runtime_Error_getSite__E)
                  0000a518    0000004c     sysbios.aem4f : BIOS.obj (.text:ti_sysbios_heaps_HeapMem_getStats__E)
                  0000a564    00000004     empty_pem4f.oem4f (.text:xdc_runtime_System_Module_GateProxy_enter__E)
                  0000a568    0000004c     sysbios.aem4f : BIOS.obj (.text:ti_sysbios_knl_Swi_runLoop__I)
                  0000a5b4    00000004     empty_pem4f.oem4f (.text:xdc_runtime_System_Module_GateProxy_leave__E)
                  0000a5b8    0000004c     sysbios.aem4f : BIOS.obj (.text:ti_sysbios_knl_Task_allBlockedFunction__I)
                  0000a604    0000004a     drivers_tivaware.aem4f : PWMTimerTiva.oem4f (.text:PWMTimerTiva_close)
                  0000a64e    0000004a     grlib.lib : string.obj (.text:UpdateContextCharMapping)
                  0000a698    00000048     driverlib.lib : gpio.obj (.text:GPIOPinConfigure)
                  0000a6e0    00000048                   : sysctl.obj (.text:_SysCtlFrequencyGet)
                  0000a728    00000048     rtsv7M4_T_le_v4SPD16_eabi.lib : fd_toi_t2.asm.obj (.text)
                  0000a770    00000048     sysbios.aem4f : BIOS.obj (.text:ti_sysbios_family_arm_m3_Hwi_disableInterrupt__E)
                  0000a7b8    00000048                   : BIOS.obj (.text:ti_sysbios_family_arm_m3_Hwi_enableInterrupt__E)
                  0000a800    00000048                   : BIOS.obj (.text:ti_sysbios_family_arm_m3_Hwi_excReserved__I)
                  0000a848    00000046     grlib.lib : line.obj (.text:GrLineDrawH)
                  0000a88e    00000046               : line.obj (.text:GrLineDrawV)
                  0000a8d4    00000046     Kentec320x240x16_ssd2119_spi.obj (.text:Kentec320x240x16_SSD2119PixelDraw)
                  0000a91a    00000046     drivers_tivaware.aem4f : RingBuf.oem4f (.text:RingBuf_put)
                  0000a960    00000046     driverlib.lib : uart.obj (.text:UARTConfigSetExpClk)
                  0000a9a6    00000046     ti.targets.arm.rtsarm.aem4f : Core-params.oem4f (.text:xdc_runtime_Core_assignParams__I)
                  0000a9ec    00000004                                 : System.oem4f (.text:xdc_runtime_System_aprintf_va__F)
                  0000a9f0    00000044     sysbios.aem4f : BIOS.obj (.text:ti_sysbios_family_arm_lm4_Timer_isrStub__E)
                  0000aa34    00000004     ti.targets.arm.rtsarm.aem4f : System.oem4f (.text:xdc_runtime_System_printf_va__F)
                  0000aa38    00000044     sysbios.aem4f : BIOS.obj (.text:ti_sysbios_family_arm_m3_Hwi_getStackInfo__E)
                  0000aa7c    00000004     --HOLE-- [fill = 0]
                  0000aa80    00000044                   : BIOS.obj (.text:ti_sysbios_knl_Swi_post__E)
                  0000aac4    00000044     ti.targets.arm.rtsarm.aem4f : Error.oem4f (.text:xdc_runtime_Error_setX__E)
                  0000ab08    00000044                                 : SysMin.oem4f (.text:xdc_runtime_SysMin_flush__E)
                  0000ab4c    00000044                                 : Text.oem4f (.text:xdc_runtime_Text_xprintf__I)
                  0000ab90    00000042     drivers_tivaware.aem4f : UARTTiva.oem4f (.text:UARTTiva_hwiIntFxn)
                  0000abd2    00000042                            : UARTTiva.oem4f (.text:UARTTiva_writePolling)
                  0000ac14    00000040     grlib_demo.obj (.text:OnMainMenu)
                  0000ac54    00000040     grlib_demo.obj (.text:OnSettingsMain)
                  0000ac94    00000040     drivers_tivaware.aem4f : RingBuf.oem4f (.text:RingBuf_get)
                  0000acd4    00000040                            : UARTTiva.oem4f (.text:UARTTiva_read)
                  0000ad14    00000040     rtsv7M4_T_le_v4SPD16_eabi.lib : u_divt2.asm.obj (.text)
                  0000ad54    00000040                                   : sprintf.c.obj (.text:sprintf)
                  0000ad94    00000004     --HOLE-- [fill = 0]
                  0000ad98    00000040     sysbios.aem4f : BIOS.obj (.text:ti_sysbios_family_arm_lm4_Timer_startup__E)
                  0000add8    0000003e     rtsv7M4_T_le_v4SPD16_eabi.lib : _printfi.c.obj (.text:_fcpy)
                  0000ae16    0000003c     driverlib.lib : ssi.obj (.text:SSIConfigSetExpClk)
                  0000ae52    00000006                   : i2c.obj (.text:I2CMasterIntEnable)
                  0000ae58    0000003c     sysbios.aem4f : BIOS.obj (.text:ti_sysbios_family_arm_m3_Hwi_excSvCall__I)
                  0000ae94    00000004     --HOLE-- [fill = 0]
                  0000ae98    0000003c                   : BIOS.obj (.text:ti_sysbios_heaps_HeapMem_init__I)
                  0000aed4    00000004     --HOLE-- [fill = 0]
                  0000aed8    0000003c                   : BIOS.obj (.text:ti_sysbios_knl_Swi_restore__E)
                  0000af14    0000003a     grlib.lib : string.obj (.text:FontGlyphDataGet)
                  0000af4e    0000003a     drivers_tivaware.aem4f : I2CTiva.oem4f (.text:I2CTiva_completeTransfer)
                  0000af88    00000038                            : I2C.oem4f (.text:I2C_init)
                  0000afc0    00000038                            : PWM.oem4f (.text:PWM_init)
                  0000aff8    00000038     driverlib.lib : sysctl.obj (.text:SysCtlPeripheralReady)
                  0000b030    00000038     drivers_tivaware.aem4f : UART.oem4f (.text:UART_init)
                  0000b068    00000038     rtsv7M4_T_le_v4SPD16_eabi.lib : trgmsg.c.obj (.text:__TI_writemsg)
                  0000b0a0    00000038     sysbios.aem4f : BIOS.obj (.text:ti_sysbios_family_arm_m3_Hwi_excNoIsr__I)
                  0000b0d8    00000038     empty_pem4f.oem4f (.text:ti_sysbios_knl_Clock_create)
                  0000b110    00000038     sysbios.aem4f : BIOS.obj (.text:ti_sysbios_knl_Task_processVitalTaskFlag__I)
                  0000b148    00000038     ti.targets.arm.rtsarm.aem4f : SysMin.oem4f (.text:xdc_runtime_SysMin_putch__E)
                  0000b180    00000038                                 : System.oem4f (.text:xdc_runtime_System_atexit__E)
                  0000b1b8    00000036     grlib.lib : line.obj (.text:GrClipCodeGet)
                  0000b1ee    00000036     drivers_tivaware.aem4f : I2CTiva.oem4f (.text:I2CTiva_close)
                  0000b224    00000036                            : UARTTiva.oem4f (.text:UARTTiva_readCancel)
                  0000b25a    00000002     --HOLE-- [fill = 0]
                  0000b25c    00000034     driverlib.lib : sysctl.obj (.text:SysCtlPeripheralEnable)
                  0000b290    00000034     rtsv7M4_T_le_v4SPD16_eabi.lib : trgmsg.c.obj (.text:__TI_readmsg)
                  0000b2c4    00000004     --HOLE-- [fill = 0]
                  0000b2c8    00000034     sysbios.aem4f : BIOS.obj (.text:ti_sysbios_family_arm_m3_Hwi_Instance_finalize__E)
                  0000b2fc    00000004     --HOLE-- [fill = 0]
                  0000b300    00000034                   : BIOS.obj (.text:ti_sysbios_family_arm_m3_Hwi_excNmi__I)
                  0000b334    00000004     --HOLE-- [fill = 0]
                  0000b338    00000034                   : BIOS.obj (.text:ti_sysbios_hal_Hwi_checkStack)
                  0000b36c    00000034     empty_pem4f.oem4f (.text:ti_sysbios_knl_Clock_construct)
                  0000b3a0    00000034     ti.targets.arm.rtsarm.aem4f : Core-label.oem4f (.text:xdc_runtime_Core_assignLabel__I)
                  0000b3d4    00000033                                 : Text.oem4f (.text:xdc_runtime_Text_printVisFxn__I)
                  0000b407    00000001     --HOLE-- [fill = 0]
                  0000b408    00000032     sysbios.aem4f : BIOS.obj (.text:ti_sysbios_hal_Hwi_initStack)
                  0000b43a    00000002     --HOLE-- [fill = 0]
                  0000b43c    00000030     drivers_tivaware.aem4f : GPIOTiva.oem4f (.text:GPIO_enableInt)
                  0000b46c    00000030                            : GPIOTiva.oem4f (.text:GPIO_read)
                  0000b49c    00000030     grlib_demo.obj (.text:OnGraphAcceleration)
                  0000b4cc    00000030     drivers_tivaware.aem4f : PWMTiva.oem4f (.text:PWMTiva_init)
                  0000b4fc    00000030                            : PWM.oem4f (.text:PWM_open)
                  0000b52c    00000030                            : UART.oem4f (.text:UART_open)
                  0000b55c    00000030     motorCode.obj (.text:readABC)
                  0000b58c    00000030     empty_pem4f.oem4f (.text:ti_sysbios_BIOS_atExitFunc__I)
                  0000b5bc    00000004     --HOLE-- [fill = 0]
                  0000b5c0    00000030     sysbios.aem4f : BIOS.obj (.text:ti_sysbios_family_arm_lm4_Timer_stop__E)
                  0000b5f0    00000030                   : BIOS.obj (.text:ti_sysbios_family_arm_m3_TaskSupport_start__E)
                  0000b620    00000030     empty_pem4f.oem4f (.text:ti_sysbios_gates_GateHwi_Object__create__S)
                  0000b650    00000030     empty_pem4f.oem4f (.text:ti_sysbios_gates_GateHwi_create)
                  0000b680    00000030     empty_pem4f.oem4f (.text:ti_sysbios_gates_GateMutex_Object__create__S)
                  0000b6b0    00000030     empty_pem4f.oem4f (.text:ti_sysbios_heaps_HeapMem_Object__create__S)
                  0000b6e0    00000030     empty_pem4f.oem4f (.text:ti_sysbios_knl_Semaphore_construct)
                  0000b710    00000030     sysbios.aem4f : BIOS.obj (.text:ti_sysbios_knl_Semaphore_pendTimeout__I)
                  0000b740    00000030                   : BIOS.obj (.text:ti_sysbios_knl_Task_unblockI__E)
                  0000b770    00000030     ti.targets.arm.rtsarm.aem4f : SysMin.oem4f (.text:xdc_runtime_SysMin_abort__E)
                  0000b7a0    00000030                                 : System.oem4f (.text:xdc_runtime_System_processAtExit__E)
                  0000b7d0    0000002e     grlib.lib : string.obj (.text:GrStringNextCharGet)
                  0000b7fe    0000002e     rtsv7M4_T_le_v4SPD16_eabi.lib : i_tofd_t2.asm.obj (.text)
                  0000b82c    0000002c     EK_TM4C1294XL.obj (.text:EK_TM4C1294XL_initUART)
                  0000b858    0000002c     grlib.lib : string.obj (.text:GrFontBaselineGet)
                  0000b884    0000002c               : string.obj (.text:GrFontHeightGet)
                  0000b8b0    0000002c               : pushbutton.obj (.text:RectangularButtonMsgProc)
                  0000b8dc    0000002c               : widget.obj (.text:WidgetIsInTree)
                  0000b908    0000002c     empty_pem4f.oem4f (.text:ti_sysbios_knl_Clock_doTick__I)
                  0000b934    0000002c     empty_pem4f.oem4f (.text:ti_sysbios_knl_Event_construct)
                  0000b960    0000002c     empty_pem4f.oem4f (.text:ti_sysbios_knl_Queue_construct)
                  0000b98c    00000004     --HOLE-- [fill = 0]
                  0000b990    0000002c     sysbios.aem4f : BIOS.obj (.text:ti_sysbios_knl_Task_restore__E)
                  0000b9bc    0000002c     ti.targets.arm.rtsarm.aem4f : Text.oem4f (.text:xdc_runtime_Text_cordText__E)
                  0000b9e8    0000002a     driverlib.lib : gpio.obj (.text:GPIODirModeSet)
                  0000ba12    0000002a     ti.targets.arm.rtsarm.aem4f : System.oem4f (.text:xdc_runtime_System_putchar__I)
                  0000ba3c    00000028     Kentec320x240x16_ssd2119_spi.obj (.text:Kentec320x240x16_SSD2119ColorTranslate)
                  0000ba64    00000028     grlib_demo.obj (.text:OnGraphSpeed)
                  0000ba8c    00000004     --HOLE-- [fill = 0]
                  0000ba90    00000028     sysbios.aem4f : BIOS.obj (.text:ti_sysbios_hal_Hwi_Instance_init__E)
                  0000bab8    00000028                   : BIOS.obj (.text:ti_sysbios_knl_Swi_Module_startup__E)
                  0000bae0    00000026     grlib.lib : string.obj (.text:GrFontInfoGet)
                  0000bb06    00000026     sysbios.aem4f : m3_Hwi_asm.obj (.text:ti_sysbios_family_arm_m3_Hwi_pendSV__I)
                  0000bb2c    00000026     ti.targets.arm.rtsarm.aem4f : System.oem4f (.text:xdc_runtime_System_avprintf__E)
                  0000bb52    00000002     --HOLE-- [fill = 0]
                  0000bb54    00000024     grlib_demo.obj (.text:OnGraphLight)
                  0000bb78    00000024     grlib_demo.obj (.text:OnGraphPower)
                  0000bb9c    00000024     empty.obj (.text:heartBeatFxn)
                  0000bbc0    00000024     empty_pem4f.oem4f (.text:ti_sysbios_BIOS_errorRaiseHook__I)
                  0000bbe4    00000024     empty_pem4f.oem4f (.text:ti_sysbios_BIOS_registerRTSLock__I)
                  0000bc08    00000024     empty_pem4f.oem4f (.text:ti_sysbios_BIOS_removeRTSLock__I)
                  0000bc2c    00000024     empty_pem4f.oem4f (.text:ti_sysbios_BIOS_startFunc__I)
                  0000bc50    00000024     empty_pem4f.oem4f (.text:ti_sysbios_gates_GateMutex_Object__delete__S)
                  0000bc74    00000004     --HOLE-- [fill = 0]
                  0000bc78    00000024     sysbios.aem4f : BIOS.obj (.text:ti_sysbios_knl_Clock_Module_startup__E)
                  0000bc9c    00000004     --HOLE-- [fill = 0]
                  0000bca0    00000024                   : BIOS.obj (.text:ti_sysbios_knl_Task_restoreHwi__E)
                  0000bcc4    00000024     ti.targets.arm.rtsarm.aem4f : System.oem4f (.text:xdc_runtime_System_vprintf__E)
                  0000bce8    00000022     grlib.lib : string.obj (.text:GrFontGlyphDataGet)
                  0000bd0a    00000022     driverlib.lib : pwm.obj (.text:PWMGenConfigure)
                  0000bd2c    00000022     drivers_tivaware.aem4f : PWMTiva.oem4f (.text:PWMTiva_getPeriodCounts)
                  0000bd4e    00000002     --HOLE-- [fill = 0]
                  0000bd50    00000022     sysbios.aem4f : BIOS.obj (.text:ti_sysbios_family_arm_lm4_Timer_write__I)
                  0000bd72    00000022     empty_pem4f.oem4f (.text:xdc_runtime_SysMin_output__I)
                  0000bd94    00000020     drivers_tivaware.aem4f : GPIOTiva.oem4f (.text:GPIO_clearInt)
                  0000bdb4    00000020     driverlib.lib : uart.obj (.text:UARTDisable)
                  0000bdd4    00000020     Boot.aem4f : Boot_sysctl.oem4f (.text:_SysCtlMemTimingGet)
                  0000bdf4    00000020     driverlib.lib : sysctl.obj (.text:_SysCtlMemTimingGet)
                  0000be14    00000020     empty_pem4f.oem4f (.text:ti_sysbios_BIOS_rtsLock__I)
                  0000be34    00000020     empty_pem4f.oem4f (.text:ti_sysbios_family_arm_m3_Hwi_Object__delete__S)
                  0000be54    00000020     sysbios.aem4f : m3_Hwi_asm.obj (.text:ti_sysbios_family_arm_m3_Hwi_excHandlerAsm__I)
                  0000be74    00000004     --HOLE-- [fill = 0]
                  0000be78    00000020                   : BIOS.obj (.text:ti_sysbios_family_arm_m3_Hwi_excHandler__I)
                  0000be98    00000020     empty_pem4f.oem4f (.text:ti_sysbios_gates_GateHwi_Object__delete__S)
                  0000beb8    00000020     empty_pem4f.oem4f (.text:ti_sysbios_heaps_HeapMem_Object__delete__S)
                  0000bed8    00000020     empty_pem4f.oem4f (.text:ti_sysbios_knl_Clock_Object__destruct__S)
                  0000bef8    00000020     sysbios.aem4f : BIOS.obj (.text:ti_sysbios_knl_Idle_run__E)
                  0000bf18    00000020     empty_pem4f.oem4f (.text:ti_sysbios_knl_Semaphore_Object__destruct__S)
                  0000bf38    00000020     ti.targets.arm.rtsarm.aem4f : Registry.oem4f (.text:xdc_runtime_Registry_findById__E)
                  0000bf58    00000020                                 : SysMin.oem4f (.text:xdc_runtime_SysMin_Module_startup__E)
                  0000bf78    0000001e     grlib.lib : string.obj (.text:GrFontCodepageGet)
                  0000bf96    0000001e     driverlib.lib : pwm.obj (.text:PWMPulseWidthSet)
                  0000bfb4    0000001e     drivers_tivaware.aem4f : PWMTiva.oem4f (.text:PWMTiva_getPeriodMicroSecs)
                  0000bfd2    0000001e     grlib.lib : widget.obj (.text:WidgetAdd)
                  0000bff0    0000001e     sysbios.aem4f : m3_Hwi_asm_switch.obj (.text:ti_sysbios_family_xxx_Hwi_switchAndRunFunc)
                  0000c00e    00000002     --HOLE-- [fill = 0]
                  0000c010    0000001c     grlib.lib : widget.obj (.text:WidgetPointerMessage)
                  0000c02c    0000001c     drivers_tivaware.aem4f : GPIOTiva.oem4f (.text:getGpioIntIndex)
                  0000c048    0000001c     rtsv7M4_T_le_v4SPD16_eabi.lib : memccpy.c.obj (.text:memccpy)
                  0000c064    0000001c     empty_pem4f.oem4f (.text:ti_sysbios_family_arm_m3_Hwi_Object__destruct__S)
                  0000c080    0000001c     sysbios.aem4f : BIOS.obj (.text:ti_sysbios_gates_GateMutex_Instance_init__E)
                  0000c09c    0000001c     empty_pem4f.oem4f (.text:ti_sysbios_hal_Hwi_HwiProxy_create)
                  0000c0b8    0000001c     empty_pem4f.oem4f (.text:ti_sysbios_knl_Queue_Object__destruct__S)
                  0000c0d4    00000004     --HOLE-- [fill = 0]
                  0000c0d8    0000001c     sysbios.aem4f : BIOS.obj (.text:ti_sysbios_knl_Queue_put__E)
                  0000c0f4    00000004     --HOLE-- [fill = 0]
                  0000c0f8    0000001c                   : BIOS.obj (.text:ti_sysbios_knl_Task_enter__I)
                  0000c114    0000001c     ti.targets.arm.rtsarm.aem4f : Error.oem4f (.text:xdc_runtime_Error_raiseX__E)
                  0000c130    0000001c                                 : Memory.oem4f (.text:xdc_runtime_Memory_valloc__E)
                  0000c14c    0000001c                                 : SysMin.oem4f (.text:xdc_runtime_SysMin_exit__E)
                  0000c168    0000001c                                 : System.oem4f (.text:xdc_runtime_System_abort__E)
                  0000c184    0000001a     rtsv7M4_T_le_v4SPD16_eabi.lib : s_copysign.c.obj (.text:copysign)
                  0000c19e    0000001a     empty_pem4f.oem4f (.text:ti_sysbios_family_arm_m3_Hwi_Handle__label__S)
                  0000c1b8    0000001a     empty_pem4f.oem4f (.text:ti_sysbios_gates_GateHwi_Handle__label__S)
                  0000c1d2    0000001a     empty_pem4f.oem4f (.text:ti_sysbios_gates_GateMutex_Handle__label__S)
                  0000c1ec    0000001a     empty_pem4f.oem4f (.text:ti_sysbios_heaps_HeapMem_Handle__label__S)
                  0000c206    0000001a     empty_pem4f.oem4f (.text:ti_sysbios_knl_Swi_Handle__label__S)
                  0000c220    0000001a     empty_pem4f.oem4f (.text:ti_sysbios_knl_Task_Handle__label__S)
                  0000c23a    0000001a     empty_pem4f.oem4f (.text:xdc_runtime_System_aprintf__E)
                  0000c254    0000001a     empty_pem4f.oem4f (.text:xdc_runtime_System_printf__E)
                  0000c26e    00000018     driverlib.lib : gpio.obj (.text:GPIOPinTypeGPIOOutput)
                  0000c286    00000018                   : timer.obj (.text:TimerControlLevel)
                  0000c29e    00000002     --HOLE-- [fill = 0]
                  0000c2a0    00000018                   : timer.obj (.text:TimerDisable)
                  0000c2b8    00000018     drivers_tivaware.aem4f : UART.oem4f (.text:UART_Params_init)
                  0000c2d0    00000018     rtsv7M4_T_le_v4SPD16_eabi.lib : args_main.c.obj (.text:_args_main)
                  0000c2e8    00000018                                   : sprintf.c.obj (.text:_outs)
                  0000c300    00000018     empty_pem4f.oem4f (.text:ti_sysbios_BIOS_rtsUnlock__I)
                  0000c318    00000018     empty_pem4f.oem4f (.text:ti_sysbios_family_arm_lm4_Timer_Module__startupDone__F)
                  0000c330    00000018     empty_pem4f.oem4f (.text:ti_sysbios_family_arm_m3_Hwi_Module__startupDone__F)
                  0000c348    00000018     sysbios.aem4f : m3_TaskSupport_asm.obj (.text:ti_sysbios_family_arm_m3_TaskSupport_swap__E)
                  0000c360    00000018                   : BIOS.obj (.text:ti_sysbios_gates_GateMutex_leave__E)
                  0000c378    00000018     ti.targets.arm.rtsarm.aem4f : Error.oem4f (.text:xdc_runtime_Error_check__E)
                  0000c390    00000018                                 : System.oem4f (.text:xdc_runtime_System_exit__E)
                  0000c3a8    00000018                                 : Text.oem4f (.text:xdc_runtime_Text_ropeText__E)
                  0000c3c0    00000016     grlib.lib : string.obj (.text:GrStringDraw)
                  0000c3d6    00000016     driverlib.lib : i2c.obj (.text:I2CMasterErr)
                  0000c3ec    00000016     rtsv7M4_T_le_v4SPD16_eabi.lib : strchr.c.obj (.text:strchr)
                  0000c402    00000016     empty_pem4f.oem4f (.text:ti_sysbios_BIOS_exitFunc__I)
                  0000c418    00000016     motorCode.obj (.text:ti_sysbios_gates_GateHwi_Params_init)
                  0000c42e    00000016     motorCode.obj (.text:ti_sysbios_hal_Hwi_Params_init)
                  0000c444    00000016     motorCode.obj (.text:ti_sysbios_knl_Clock_Params_init)
                  0000c45a    00000014     grlib.lib : canvas.obj (.text:CanvasMsgProc)
                  0000c46e    00000002     --HOLE-- [fill = 0]
                  0000c470    00000014     Kentec320x240x16_ssd2119_spi.obj (.text:LED_OFF)
                  0000c484    00000014     Kentec320x240x16_ssd2119_spi.obj (.text:LED_ON)
                  0000c498    00000014     grlib_demo.obj (.text:OnSettingAcceleration)
                  0000c4ac    00000014     grlib_demo.obj (.text:OnSettingCurrent)
                  0000c4c0    00000014     grlib_demo.obj (.text:OnSettingSpeed)
                  0000c4d4    00000014     driverlib.lib : pwm.obj (.text:PWMClockSet)
                  0000c4e8    00000014                   : sysctl.obj (.text:SysCtlPWMClockSet)
                  0000c4fc    00000014     touch.obj (.text:TouchScreenCallbackSet)
                  0000c510    00000014     driverlib.lib : uart.obj (.text:UARTEnable)
                  0000c524    00000014     grlib.lib : widget.obj (.text:WidgetMutexGet)
                  0000c538    00000014     rtsv7M4_T_le_v4SPD16_eabi.lib : strlen.c.obj (.text:strlen)
                  0000c54c    00000014     empty_pem4f.oem4f (.text:ti_sysbios_family_arm_m3_Hwi_Object__get__S)
                  0000c560    00000014     sysbios.aem4f : BIOS.obj (.text:ti_sysbios_family_arm_m3_Hwi_switchFromBootStack__E)
                  0000c574    00000014     empty_pem4f.oem4f (.text:ti_sysbios_heaps_HeapMem_Object__get__S)
                  0000c588    00000014     sysbios.aem4f : BIOS.obj (.text:ti_sysbios_knl_Event_Instance_init__E)
                  0000c59c    00000014     empty_pem4f.oem4f (.text:ti_sysbios_knl_Swi_Object__get__S)
                  0000c5b0    00000012     driverlib.lib : gpio.obj (.text:GPIOPinTypeADC)
                  0000c5c2    00000012                   : gpio.obj (.text:GPIOPinTypeEthernetLED)
                  0000c5d4    00000012                   : gpio.obj (.text:GPIOPinTypeGPIOInput)
                  0000c5e6    00000012                   : gpio.obj (.text:GPIOPinTypeI2C)
                  0000c5f8    00000012                   : gpio.obj (.text:GPIOPinTypeI2CSCL)
                  0000c60a    00000012                   : gpio.obj (.text:GPIOPinTypePWM)
                  0000c61c    00000012                   : gpio.obj (.text:GPIOPinTypeSSI)
                  0000c62e    00000012                   : gpio.obj (.text:GPIOPinTypeTimer)
                  0000c640    00000012                   : gpio.obj (.text:GPIOPinTypeUART)
                  0000c652    00000012                   : gpio.obj (.text:GPIOPinTypeUSBAnalog)
                  0000c664    00000012                   : gpio.obj (.text:GPIOPinTypeUSBDigital)
                  0000c676    00000012                   : pwm.obj (.text:PWMGenPeriodGet)
                  0000c688    00000012                   : pwm.obj (.text:PWMOutputInvert)
                  0000c69a    00000012                   : pwm.obj (.text:PWMOutputState)
                  0000c6ac    00000012     drivers_tivaware.aem4f : RingBuf.oem4f (.text:RingBuf_construct)
                  0000c6be    00000012     driverlib.lib : ssi.obj (.text:SSIDataGetNonBlocking)
                  0000c6d0    00000012                   : timer.obj (.text:TimerLoadSet)
                  0000c6e2    00000012                   : timer.obj (.text:TimerMatchSet)
                  0000c6f4    00000012                   : timer.obj (.text:TimerPrescaleMatchSet)
                  0000c706    00000012                   : timer.obj (.text:TimerPrescaleSet)
                  0000c718    00000012     sysbios.aem4f : BIOS.obj (.text:ti_sysbios_hal_Hwi_Module_startup__E)
                  0000c72a    00000012     rtsv7M4_T_le_v4SPD16_eabi.lib : wcslen.c.obj (.text:wcslen)
                  0000c73c    00000012     empty_pem4f.oem4f (.text:xdc_runtime_Startup_exec__I)
                  0000c74e    00000002     --HOLE-- [fill = 0]
                  0000c750    00000010     empty_pem4f.oem4f (.text:.bootCodeSection:ti_catalog_arm_cortexm4_tiva_ce_Boot_init__I)
                  0000c760    00000010     driverlib.lib : adc.obj (.text:ADCIntEnable)
                  0000c770    00000010                   : pwm.obj (.text:PWMGenPeriodSet)
                  0000c780    00000010     drivers_tivaware.aem4f : PWM.oem4f (.text:PWM_Params_init)
                  0000c790    00000010                            : UARTTiva.oem4f (.text:readBlockingTimeout)
                  0000c7a0    00000010     sysbios.aem4f : BIOS.obj (.text:ti_sysbios_BIOS_getCpuFreq__E)
                  0000c7b0    00000010                   : BIOS.obj (.text:ti_sysbios_BIOS_setThreadType__E)
                  0000c7c0    00000010                   : BIOS.obj (.text:ti_sysbios_BIOS_start__E)
                  0000c7d0    00000010                   : m3_TaskSupport_asm.obj (.text:ti_sysbios_family_arm_m3_TaskSupport_glue)
                  0000c7e0    00000010                   : BIOS.obj (.text:ti_sysbios_gates_GateMutex_Instance_finalize__E)
                  0000c7f0    00000010     empty_pem4f.oem4f (.text:ti_sysbios_hal_Hwi_HwiProxy_Object__create__S)
                  0000c800    00000010     sysbios.aem4f : BIOS.obj (.text:ti_sysbios_knl_Semaphore_Instance_finalize__E)
                  0000c810    00000010                   : BIOS.obj (.text:ti_sysbios_knl_Swi_disable__E)
                  0000c820    00000010     empty_pem4f.oem4f (.text:ti_sysbios_knl_Task_Object__get__S)
                  0000c830    00000010     sysbios.aem4f : BIOS.obj (.text:ti_sysbios_knl_Task_disable__E)
                  0000c840    00000010     ti.targets.arm.rtsarm.aem4f : Gate.oem4f (.text:xdc_runtime_Gate_leaveSystem__E)
                  0000c850    00000010                                 : Memory.oem4f (.text:xdc_runtime_Memory_free__E)
                  0000c860    00000010                                 : SysMin.oem4f (.text:xdc_runtime_SysMin_ready__E)
                  0000c870    00000010                                 : System.oem4f (.text:xdc_runtime_System_vsnprintf__E)
                  0000c880    00000010     empty_pem4f.oem4f (.text:xdc_runtime_Text_visitRope__I)
                  0000c890    0000000e     driverlib.lib : adc.obj (.text:ADCSequenceEnable)
                  0000c89e    0000000e                   : gpio.obj (.text:GPIOIntStatus)
                  0000c8ac    0000000e     grlib.lib : image.obj (.text:GrImageDraw)
                  0000c8ba    0000000e     driverlib.lib : timer.obj (.text:TimerEnable)
                  0000c8c8    0000000e                   : uart.obj (.text:UARTCharGetNonBlocking)
                  0000c8d6    0000000e                   : uart.obj (.text:UARTCharPutNonBlocking)
                  0000c8e4    0000000e     rtsv7M4_T_le_v4SPD16_eabi.lib : copy_decompress_none.c.obj (.text:decompress:none:__TI_decompress_none)
                  0000c8f2    00000006     drivers_tivaware.aem4f : I2CTiva.oem4f (.text:I2CTiva_control)
                  0000c8f8    0000000e     sysbios.aem4f : BIOS.obj (.text:ti_sysbios_knl_Idle_loop__E)
                  0000c906    00000002     --HOLE-- [fill = 0]
                  0000c908    0000000e                   : BIOS.obj (.text:ti_sysbios_knl_Queue_empty__E)
                  0000c916    0000000c     driverlib.lib : gpio.obj (.text:GPIOIntEnable)
                  0000c922    0000000c                   : pwm.obj (.text:PWMGenDisable)
                  0000c92e    0000000c                   : pwm.obj (.text:PWMGenEnable)
                  0000c93a    0000000c     drivers_tivaware.aem4f : RingBuf.oem4f (.text:RingBuf_peek)
                  0000c946    0000000c     driverlib.lib : uart.obj (.text:UARTFlowControlSet)
                  0000c952    0000000c     drivers_tivaware.aem4f : UARTTiva.oem4f (.text:UARTTiva_init)
                  0000c95e    00000002     --HOLE-- [fill = 0]
                  0000c960    0000000c     rtsv7M4_T_le_v4SPD16_eabi.lib : _lock.c.obj (.text:_register_lock)
                  0000c96c    0000000c                                   : _lock.c.obj (.text:_register_unlock)
                  0000c978    0000000c                                   : copy_zero_init.c.obj (.text:decompress:ZI:__TI_zero_init)
                  0000c984    00000004     --HOLE-- [fill = 0]
                  0000c988    0000000c     sysbios.aem4f : BIOS.obj (.text:ti_sysbios_family_arm_lm4_Timer_getAvailMask__E)
                  0000c994    00000004     --HOLE-- [fill = 0]
                  0000c998    0000000c                   : BIOS.obj (.text:ti_sysbios_family_arm_lm4_Timer_getMaxTicks__E)
                  0000c9a4    0000000c     empty_pem4f.oem4f (.text:ti_sysbios_family_arm_m3_Hwi_Params__init__S)
                  0000c9b0    0000000c     sysbios.aem4f : BIOS.obj (.text:ti_sysbios_family_arm_m3_Hwi_disableFxn__E)
                  0000c9bc    00000004     --HOLE-- [fill = 0]
                  0000c9c0    0000000c                   : BIOS.obj (.text:ti_sysbios_family_arm_m3_TaskSupport_checkStack__E)
                  0000c9cc    0000000c     empty_pem4f.oem4f (.text:ti_sysbios_gates_GateHwi_Params__init__S)
                  0000c9d8    0000000c     sysbios.aem4f : BIOS.obj (.text:ti_sysbios_gates_GateHwi_enter__E)
                  0000c9e4    0000000c     empty_pem4f.oem4f (.text:ti_sysbios_hal_Hwi_Params__init__S)
                  0000c9f0    0000000c     empty_pem4f.oem4f (.text:ti_sysbios_knl_Clock_Params__init__S)
                  0000c9fc    00000004     --HOLE-- [fill = 0]
                  0000ca00    0000000c     sysbios.aem4f : BIOS.obj (.text:ti_sysbios_knl_Clock_getTicks__E)
                  0000ca0c    0000000c     motorCode.obj (.text:ti_sysbios_knl_Event_handle)
                  0000ca18    0000000c     empty_pem4f.oem4f (.text:ti_sysbios_knl_Queue_Object__get__S)
                  0000ca24    0000000c     empty_pem4f.oem4f (.text:ti_sysbios_knl_Semaphore_Params__init__S)
                  0000ca30    0000000c     ti.targets.arm.rtsarm.aem4f : Error.oem4f (.text:xdc_runtime_Error_init__E)
                  0000ca3c    0000000c                                 : Gate.oem4f (.text:xdc_runtime_Gate_enterSystem__E)
                  0000ca48    0000000c                                 : Memory.oem4f (.text:xdc_runtime_Memory_calloc__E)
                  0000ca54    0000000c                                 : Memory.oem4f (.text:xdc_runtime_Memory_getMaxDefaultTypeAlign__E)
                  0000ca60    0000000a     driverlib.lib : adc.obj (.text:ADCIntClear)
                  0000ca6a    0000000a                   : i2c.obj (.text:I2CMasterDisable)
                  0000ca74    0000000a                   : i2c.obj (.text:I2CMasterEnable)
                  0000ca7e    0000000a     drivers_tivaware.aem4f : I2CTiva.oem4f (.text:I2CTiva_init)
                  0000ca88    0000000a     Kentec320x240x16_ssd2119_spi.obj (.text:Kentec320x240x16_SSD2119Flush)
                  0000ca92    0000000a     grlib_demo.obj (.text:OnStartMotor)
                  0000ca9c    0000000a     drivers_tivaware.aem4f : PWMTimerTiva.oem4f (.text:PWMTimerTiva_getPeriodCounts)
                  0000caa6    0000000a                            : PWM.oem4f (.text:PWM_setDuty)
                  0000cab0    0000000a     driverlib.lib : ssi.obj (.text:SSIDataPut)
                  0000caba    0000000a                   : ssi.obj (.text:SSIEnable)
                  0000cac4    0000000a                   : uart.obj (.text:UARTCharGet)
                  0000cace    0000000a                   : uart.obj (.text:UARTCharPut)
                  0000cad8    0000000a                   : uart.obj (.text:UARTIntDisable)
                  0000cae2    0000000a                   : uart.obj (.text:UARTIntStatus)
                  0000caec    0000000a     drivers_tivaware.aem4f : UART.oem4f (.text:UART_write)
                  0000caf6    0000000a     rtsv7M4_T_le_v4SPD16_eabi.lib : sprintf.c.obj (.text:_outc)
                  0000cb00    0000000a     sysbios.aem4f : BIOS.obj (.text:ti_sysbios_hal_Hwi_Instance_finalize__E)
                  0000cb0a    0000000a     motorCode.obj (.text:waitFxn)
                  0000cb14    0000000a     empty_pem4f.oem4f (.text:xdc_runtime_IHeap_alloc)
                  0000cb1e    0000000a     empty_pem4f.oem4f (.text:xdc_runtime_IHeap_free)
                  0000cb28    00000008     EK_TM4C1294XL.obj (.text:EK_TM4C1294XL_initGPIO)
                  0000cb30    00000008     grlib.lib : charmap.obj (.text:GrMapISO8859_1_Unicode)
                  0000cb38    00000008     driverlib.lib : i2c.obj (.text:I2CMasterIntClear)
                  0000cb40    00000008                   : i2c.obj (.text:I2CMasterSlaveAddrSet)
                  0000cb48    00000008     drivers_tivaware.aem4f : I2CTiva.oem4f (.text:I2CTiva_blockingCallback)
                  0000cb50    00000008                            : PWMTimerTiva.oem4f (.text:PWMTimerTiva_init)
                  0000cb58    00000008     driverlib.lib : ssi.obj (.text:SSIBusy)
                  0000cb60    00000008                   : uart.obj (.text:UARTIntEnable)
                  0000cb68    00000008                   : uart.obj (.text:UARTRxErrorGet)
                  0000cb70    00000008     rtsv7M4_T_le_v4SPD16_eabi.lib : errno.c.obj (.text:__aeabi_errno_addr)
                  0000cb78    00000008     drivers_tivaware.aem4f : UARTTiva.oem4f (.text:readSemCallback)
                  0000cb80    00000008     sysbios.aem4f : BIOS.obj (.text:ti_sysbios_family_arm_lm4_Timer_masterDisable__I)
                  0000cb88    00000008                   : BIOS.obj (.text:ti_sysbios_family_arm_m3_Hwi_doSwiRestore__I)
                  0000cb90    00000008                   : BIOS.obj (.text:ti_sysbios_family_arm_m3_Hwi_startup__E)
                  0000cb98    00000008     drivers_tivaware.aem4f : UARTTiva.oem4f (.text:writeSemCallback)
                  0000cba0    00000006                            : PWMTimerTiva.oem4f (.text:PWMTimerTiva_getPeriodMicroSecs)
                  0000cba6    00000006     driverlib.lib : sysctl.obj (.text:SysCtlDelay)
                  0000cbac    00000006                   : uart.obj (.text:UARTFIFOLevelSet)
                  0000cbb2    00000006                   : uart.obj (.text:UARTRxErrorClear)
                  0000cbb8    00000006     grlib.lib : widget.obj (.text:WidgetMutexPut)
                  0000cbbe    00000002     --HOLE-- [fill = 0]
                  0000cbc0    00000006     sysbios.aem4f : BIOS.obj (.text:ti_sysbios_family_arm_m3_Hwi_doTaskRestore__I)
                  0000cbc6    00000002     --HOLE-- [fill = 0]
                  0000cbc8    00000006                   : BIOS.obj (.text:ti_sysbios_family_arm_m3_Hwi_restoreFxn__E)
                  0000cbce    00000002     --HOLE-- [fill = 0]
                  0000cbd0    00000006                   : BIOS.obj (.text:ti_sysbios_gates_GateHwi_leave__E)
                  0000cbd6    00000002     --HOLE-- [fill = 0]
                  0000cbd8    00000006                   : BIOS.obj (.text:ti_sysbios_heaps_HeapMem_isBlocking__E)
                  0000cbde    00000002     --HOLE-- [fill = 0]
                  0000cbe0    00000006                   : BIOS.obj (.text:ti_sysbios_knl_Clock_stop__E)
                  0000cbe6    00000002     --HOLE-- [fill = 0]
                  0000cbe8    00000006                   : BIOS.obj (.text:ti_sysbios_knl_Queue_Instance_init__E)
                  0000cbee    00000002     --HOLE-- [fill = 0]
                  0000cbf0    00000006                   : BIOS.obj (.text:ti_sysbios_knl_Swi_startup__E)
                  0000cbf6    00000006     ti.targets.arm.rtsarm.aem4f : System.oem4f (.text:xdc_runtime_System_Module_startup__E)
                  0000cbfc    00000004     --HOLE-- [fill = 0]
                  0000cc00    00000004     sysbios.aem4f : BIOS.obj (.text:ti_sysbios_gates_GateHwi_query__E)
                  0000cc04    00000004     --HOLE-- [fill = 0]
                  0000cc08    00000004                   : BIOS.obj (.text:ti_sysbios_gates_GateMutex_query__E)
                  0000cc0c    00000004     --HOLE-- [fill = 0]
                  0000cc10    00000004                   : BIOS.obj (.text:ti_sysbios_knl_Task_startup__E)
                  0000cc14    00000004     --HOLE-- [fill = 0]
                  0000cc18    00000002                   : BIOS.obj (.text:ti_sysbios_gates_GateHwi_Instance_init__E)
                  0000cc1a    00000006     --HOLE-- [fill = 0]
                  0000cc20    00000002                   : BIOS.obj (.text:ti_sysbios_knl_Clock_logTick__E)

.const     0    0000cc24    000039ea     
                  0000cc24    00001922     empty_pem4f.oem4f (.const:xdc_runtime_Text_charTab__A)
                  0000e546    000007e5     grlib.lib : fontcmss18.obj (.const:.string:g_pui8Cmss18Data)
                  0000ed2b    00000782               : fontcmss18b.obj (.const:.string:g_pui8Cmss18bData)
                  0000f4ad    00000001     empty_pem4f.oem4f (.const:xdc_runtime_Error_policy__C)
                  0000f4ae    00000002     empty_pem4f.oem4f (.const:ti_catalog_arm_cortexm4_tiva_ce_Boot_Module__id__C)
                  0000f4b0    000001b0     driverlib.lib : sysctl.obj (.const:g_pppui32XTALtoVCO)
                  0000f660    00000120     Boot.aem4f : Boot_sysctl.oem4f (.const:g_pppui32XTALtoVCO)
                  0000f780    00000101     rtsv7M4_T_le_v4SPD16_eabi.lib : ctype.c.obj (.const:.string:_ctypes_)
                  0000f881    00000001     --HOLE-- [fill = 0]
                  0000f882    00000002     empty_pem4f.oem4f (.const:ti_sysbios_family_arm_m3_Hwi_Module__id__C)
                  0000f884    000000c8     grlib.lib : fontcmss18.obj (.const:g_sFontCmss18)
                  0000f94c    000000c8               : fontcmss18b.obj (.const:g_sFontCmss18b)
                  0000fa14    000000c0     empty_pem4f.oem4f (.const:xdc_runtime_Text_nodeTab__A)
                  0000fad4    0000009e     grlib_demo.obj (.const:.string)
                  0000fb72    00000002     empty_pem4f.oem4f (.const:ti_sysbios_gates_GateMutex_Module__id__C)
                  0000fb74    00000090     driverlib.lib : gpio.obj (.const:g_pui32GPIOBaseAddrs)
                  0000fc04    00000070                   : interrupt.obj (.const)
                  0000fc74    0000006c     Boot.aem4f : Boot_sysctl.oem4f (.const:g_pui32Xtals)
                  0000fce0    0000006c     driverlib.lib : sysctl.obj (.const:g_pui32Xtals)
                  0000fd4c    00000060     MotorLib.lib : motorlib.obj (.const:PWM_config)
                  0000fdac    00000058     empty_pem4f.oem4f (.const:.string)
                  0000fe04    00000054     drivers_tivaware.aem4f : GPIOTiva.oem4f (.const:.string)
                  0000fe58    00000054     MotorLib.lib : motorlib.obj (.const:motorLibPWMTivaHWAttrs)
                  0000feac    0000004c     drivers_tivaware.aem4f : UARTTiva.oem4f (.const)
                  0000fef8    00000048                            : GPIOTiva.oem4f (.const:gpioBaseAddresses)
                  0000ff40    00000030     Boot.aem4f : Boot_sysctl.oem4f (.const:g_sXTALtoMEMTIM)
                  0000ff70    00000030     driverlib.lib : sysctl.obj (.const:g_sXTALtoMEMTIM)
                  0000ffa0    00000030     empty_pem4f.oem4f (.const:ti_sysbios_family_arm_m3_Hwi_Object__PARAMS__C)
                  0000ffd0    0000002c     empty_pem4f.oem4f (.const:ti_sysbios_hal_Hwi_Object__PARAMS__C)
                  0000fffc    00000028     drivers_tivaware.aem4f : UARTTiva.oem4f (.const:UARTTiva_fxnTable)
                  00010024    00000028     Kentec320x240x16_ssd2119_spi.obj (.const:g_sKentec320x240x16_SSD2119)
                  0001004c    00000028     empty_pem4f.oem4f (.const:ti_sysbios_heaps_HeapMem_Module__FXNS__C)
                  00010074    00000024     EK_TM4C1294XL.obj (.const:I2C_config)
                  00010098    00000024     drivers_tivaware.aem4f : UART.oem4f (.const:UART_defaultParams)
                  000100bc    00000024     empty_pem4f.oem4f (.const:ti_sysbios_gates_GateHwi_Module__FXNS__C)
                  000100e0    00000024     empty_pem4f.oem4f (.const:ti_sysbios_gates_GateMutex_Module__FXNS__C)
                  00010104    00000024     empty_pem4f.oem4f (.const:ti_sysbios_heaps_HeapMem_Object__PARAMS__C)
                  00010128    00000024     empty_pem4f.oem4f (.const:ti_sysbios_knl_Clock_Object__PARAMS__C)
                  0001014c    00000024     empty_pem4f.oem4f (.const:ti_sysbios_knl_Semaphore_Object__PARAMS__C)
                  00010170    00000020     drivers_tivaware.aem4f : PWMTimerTiva.oem4f (.const)
                  00010190    00000020                            : PWMTiva.oem4f (.const)
                  000101b0    00000020     empty_pem4f.oem4f (.const:ti_sysbios_family_arm_m3_Hwi_Object__DESC__C)
                  000101d0    00000020     empty_pem4f.oem4f (.const:ti_sysbios_gates_GateHwi_Object__DESC__C)
                  000101f0    00000020     empty_pem4f.oem4f (.const:ti_sysbios_gates_GateMutex_Object__DESC__C)
                  00010210    00000020     empty_pem4f.oem4f (.const:ti_sysbios_hal_Hwi_Object__DESC__C)
                  00010230    00000020     empty_pem4f.oem4f (.const:ti_sysbios_heaps_HeapMem_Object__DESC__C)
                  00010250    00000020     empty_pem4f.oem4f (.const:ti_sysbios_knl_Clock_Object__DESC__C)
                  00010270    00000020     empty_pem4f.oem4f (.const:ti_sysbios_knl_Event_Object__DESC__C)
                  00010290    00000020     empty_pem4f.oem4f (.const:ti_sysbios_knl_Queue_Object__DESC__C)
                  000102b0    00000020     empty_pem4f.oem4f (.const:ti_sysbios_knl_Semaphore_Object__DESC__C)
                  000102d0    00000020     empty_pem4f.oem4f (.const:xdc_runtime_Startup_sfxnTab__A)
                  000102f0    0000001c     drivers_tivaware.aem4f : I2CTiva.oem4f (.const)
                  0001030c    0000001c     touch.obj (.const:g_pi32TouchParameters)
                  00010328    00000018     EK_TM4C1294XL.obj (.const:UART_config)
                  00010340    00000018     EK_TM4C1294XL.obj (.const:i2cTivaHWAttrs)
                  00010358    00000018     empty_pem4f.oem4f (.const:ti_sysbios_gates_GateHwi_Object__PARAMS__C)
                  00010370    00000018     empty_pem4f.oem4f (.const:ti_sysbios_gates_GateMutex_Object__PARAMS__C)
                  00010388    00000018     empty_pem4f.oem4f (.const:ti_sysbios_knl_Event_Object__PARAMS__C)
                  000103a0    00000018     empty_pem4f.oem4f (.const:ti_sysbios_knl_Queue_Object__PARAMS__C)
                  000103b8    00000018     EK_TM4C1294XL.obj (.const:uartTivaHWAttrs)
                  000103d0    00000014     EK_TM4C1294XL.obj (.const:GPIOTiva_config)
                  000103e4    00000014     empty_pem4f.oem4f (.const:xdc_runtime_Startup_firstFxns__A)
                  000103f8    00000010     grlib.lib : context.obj (.const)
                  00010408    00000010     MotorLib.lib : motorlib.obj (.const:motorLibPWMTimerTivaHWAttrs)
                  00010418    00000010     empty_pem4f.oem4f (.const:xdc_runtime_Startup_sfxnRts__A)
                  00010428    0000000c     drivers_tivaware.aem4f : PWM.oem4f (.const)
                  00010434    00000008     Boot.aem4f : Boot_sysctl.oem4f (.const)
                  0001043c    00000008     driverlib.lib : sysctl.obj (.const)
                  00010444    00000008     empty_pem4f.oem4f (.const:ti_sysbios_family_arm_m3_Hwi_excHookFuncs__A)
                  0001044c    00000008     empty_pem4f.oem4f (.const:ti_sysbios_knl_Idle_funcList__C)
                  00010454    00000008     empty_pem4f.oem4f (.const:xdc_runtime_Startup_firstFxns__C)
                  0001045c    00000008     empty_pem4f.oem4f (.const:xdc_runtime_Startup_lastFxns__C)
                  00010464    00000004     empty_pem4f.oem4f (.const:ti_catalog_arm_cortexm4_tiva_ce_Boot_A_mustNotUseEnhancedClockMode__C)
                  00010468    00000004     empty_pem4f.oem4f (.const:ti_catalog_arm_cortexm4_tiva_ce_Boot_Module__diagsEnabled__C)
                  0001046c    00000004     empty_pem4f.oem4f (.const:ti_catalog_arm_cortexm4_tiva_ce_Boot_Module__diagsIncluded__C)
                  00010470    00000004     empty_pem4f.oem4f (.const:ti_catalog_arm_cortexm4_tiva_ce_Boot_Module__diagsMask__C)
                  00010474    00000004     empty_pem4f.oem4f (.const:ti_sysbios_family_arm_lm4_Timer_enableFunc__C)
                  00010478    00000004     empty_pem4f.oem4f (.const:ti_sysbios_family_arm_lm4_Timer_numTimerDevices__C)
                  0001047c    00000004     empty_pem4f.oem4f (.const:ti_sysbios_family_arm_lm4_Timer_startupNeeded__C)
                  00010480    00000004     empty_pem4f.oem4f (.const:ti_sysbios_family_arm_m3_Hwi_E_NMI__C)
                  00010484    00000004     empty_pem4f.oem4f (.const:ti_sysbios_family_arm_m3_Hwi_E_alreadyDefined__C)
                  00010488    00000004     empty_pem4f.oem4f (.const:ti_sysbios_family_arm_m3_Hwi_E_busFault__C)
                  0001048c    00000004     empty_pem4f.oem4f (.const:ti_sysbios_family_arm_m3_Hwi_E_debugMon__C)
                  00010490    00000004     empty_pem4f.oem4f (.const:ti_sysbios_family_arm_m3_Hwi_E_hardFault__C)
                  00010494    00000004     empty_pem4f.oem4f (.const:ti_sysbios_family_arm_m3_Hwi_E_memFault__C)
                  00010498    00000004     empty_pem4f.oem4f (.const:ti_sysbios_family_arm_m3_Hwi_E_noIsr__C)
                  0001049c    00000004     empty_pem4f.oem4f (.const:ti_sysbios_family_arm_m3_Hwi_E_reserved__C)
                  000104a0    00000004     empty_pem4f.oem4f (.const:ti_sysbios_family_arm_m3_Hwi_E_svCall__C)
                  000104a4    00000004     empty_pem4f.oem4f (.const:ti_sysbios_family_arm_m3_Hwi_E_usageFault__C)
                  000104a8    00000004     empty_pem4f.oem4f (.const:ti_sysbios_family_arm_m3_Hwi_NUM_INTERRUPTS__C)
                  000104ac    00000004     empty_pem4f.oem4f (.const:ti_sysbios_family_arm_m3_Hwi_Object__count__C)
                  000104b0    00000004     empty_pem4f.oem4f (.const:ti_sysbios_family_arm_m3_Hwi_ccr__C)
                  000104b4    00000004     empty_pem4f.oem4f (.const:ti_sysbios_family_arm_m3_Hwi_excHandlerFunc__C)
                  000104b8    00000004     empty_pem4f.oem4f (.const:ti_sysbios_family_arm_m3_Hwi_excHookFuncs__C)
                  000104bc    00000004     empty_pem4f.oem4f (.const:ti_sysbios_family_arm_m3_Hwi_nullIsrFunc__C)
                  000104c0    00000004     empty_pem4f.oem4f (.const:ti_sysbios_family_arm_m3_Hwi_priGroup__C)
                  000104c4    00000004     empty_pem4f.oem4f (.const:ti_sysbios_gates_GateMutex_A_badContext__C)
                  000104c8    00000004     empty_pem4f.oem4f (.const:ti_sysbios_gates_GateMutex_Instance_State_sem__O)
                  000104cc    00000004     empty_pem4f.oem4f (.const:ti_sysbios_gates_GateMutex_Module__diagsEnabled__C)
                  000104d0    00000004     empty_pem4f.oem4f (.const:ti_sysbios_gates_GateMutex_Module__diagsIncluded__C)
                  000104d4    00000004     empty_pem4f.oem4f (.const:ti_sysbios_gates_GateMutex_Module__diagsMask__C)
                  000104d8    00000004     empty_pem4f.oem4f (.const:ti_sysbios_hal_Hwi_E_stackOverflow__C)
                  000104dc    00000004     empty_pem4f.oem4f (.const:ti_sysbios_heaps_HeapMem_A_align__C)
                  000104e0    00000004     empty_pem4f.oem4f (.const:ti_sysbios_heaps_HeapMem_A_heapSize__C)
                  000104e4    00000004     empty_pem4f.oem4f (.const:ti_sysbios_heaps_HeapMem_A_invalidFree__C)
                  000104e8    00000004     empty_pem4f.oem4f (.const:ti_sysbios_heaps_HeapMem_A_zeroBlock__C)
                  000104ec    00000004     empty_pem4f.oem4f (.const:ti_sysbios_heaps_HeapMem_E_memory__C)
                  000104f0    00000004     empty_pem4f.oem4f (.const:ti_sysbios_heaps_HeapMem_Module__diagsEnabled__C)
                  000104f4    00000004     empty_pem4f.oem4f (.const:ti_sysbios_heaps_HeapMem_Module__diagsIncluded__C)
                  000104f8    00000004     empty_pem4f.oem4f (.const:ti_sysbios_heaps_HeapMem_Module__diagsMask__C)
                  000104fc    00000004     empty_pem4f.oem4f (.const:ti_sysbios_heaps_HeapMem_Module__gateObj__C)
                  00010500    00000004     empty_pem4f.oem4f (.const:ti_sysbios_heaps_HeapMem_Object__count__C)
                  00010504    00000004     empty_pem4f.oem4f (.const:ti_sysbios_heaps_HeapMem_reqAlign__C)
                  00010508    00000004     empty_pem4f.oem4f (.const:ti_sysbios_knl_Clock_A_badThreadType__C)
                  0001050c    00000004     empty_pem4f.oem4f (.const:ti_sysbios_knl_Clock_Module_State_clockQ__O)
                  00010510    00000004     empty_pem4f.oem4f (.const:ti_sysbios_knl_Clock_Module__diagsEnabled__C)
                  00010514    00000004     empty_pem4f.oem4f (.const:ti_sysbios_knl_Clock_Module__diagsIncluded__C)
                  00010518    00000004     empty_pem4f.oem4f (.const:ti_sysbios_knl_Clock_Module__diagsMask__C)
                  0001051c    00000004     empty_pem4f.oem4f (.const:ti_sysbios_knl_Event_Instance_State_pendQ__O)
                  00010520    00000004     empty_pem4f.oem4f (.const:ti_sysbios_knl_Idle_funcList__A)
                  00010524    00000004     empty_pem4f.oem4f (.const:ti_sysbios_knl_Semaphore_A_badContext__C)
                  00010528    00000004     empty_pem4f.oem4f (.const:ti_sysbios_knl_Semaphore_A_noEvents__C)
                  0001052c    00000004     empty_pem4f.oem4f (.const:ti_sysbios_knl_Semaphore_A_overflow__C)
                  00010530    00000004     empty_pem4f.oem4f (.const:ti_sysbios_knl_Semaphore_A_pendTaskDisabled__C)
                  00010534    00000004     empty_pem4f.oem4f (.const:ti_sysbios_knl_Semaphore_Instance_State_pendQ__O)
                  00010538    00000004     empty_pem4f.oem4f (.const:ti_sysbios_knl_Semaphore_Module__diagsEnabled__C)
                  0001053c    00000004     empty_pem4f.oem4f (.const:ti_sysbios_knl_Semaphore_Module__diagsIncluded__C)
                  00010540    00000004     empty_pem4f.oem4f (.const:ti_sysbios_knl_Semaphore_Module__diagsMask__C)
                  00010544    00000004     empty_pem4f.oem4f (.const:ti_sysbios_knl_Swi_Object__count__C)
                  00010548    00000004     empty_pem4f.oem4f (.const:ti_sysbios_knl_Task_E_spOutOfBounds__C)
                  0001054c    00000004     empty_pem4f.oem4f (.const:ti_sysbios_knl_Task_E_stackOverflow__C)
                  00010550    00000004     empty_pem4f.oem4f (.const:ti_sysbios_knl_Task_Module_State_inactiveQ__O)
                  00010554    00000004     empty_pem4f.oem4f (.const:ti_sysbios_knl_Task_Object__count__C)
                  00010558    00000004     empty_pem4f.oem4f (.const:ti_sysbios_knl_Task_allBlockedFunc__C)
                  0001055c    00000004     empty_pem4f.oem4f (.const:ti_sysbios_knl_Task_numConstructedTasks__C)
                  00010560    00000004     empty_pem4f.oem4f (.const:xdc_runtime_Assert_E_assertFailed__C)
                  00010564    00000004     empty_pem4f.oem4f (.const:xdc_runtime_Core_A_initializedParams__C)
                  00010568    00000004     empty_pem4f.oem4f (.const:xdc_runtime_Core_Module__diagsEnabled__C)
                  0001056c    00000004     empty_pem4f.oem4f (.const:xdc_runtime_Core_Module__diagsIncluded__C)
                  00010570    00000004     empty_pem4f.oem4f (.const:xdc_runtime_Core_Module__diagsMask__C)
                  00010574    00000004     empty_pem4f.oem4f (.const:xdc_runtime_Error_E_generic__C)
                  00010578    00000004     empty_pem4f.oem4f (.const:xdc_runtime_Error_E_memory__C)
                  0001057c    00000004     empty_pem4f.oem4f (.const:xdc_runtime_Error_Module__diagsEnabled__C)
                  00010580    00000004     empty_pem4f.oem4f (.const:xdc_runtime_Error_Module__diagsIncluded__C)
                  00010584    00000004     empty_pem4f.oem4f (.const:xdc_runtime_Error_Module__diagsMask__C)
                  00010588    00000004     empty_pem4f.oem4f (.const:xdc_runtime_Error_Module__loggerFxn8__C)
                  0001058c    00000004     empty_pem4f.oem4f (.const:xdc_runtime_Error_Module__loggerObj__C)
                  00010590    00000004     empty_pem4f.oem4f (.const:xdc_runtime_Error_policyFxn__C)
                  00010594    00000004     empty_pem4f.oem4f (.const:xdc_runtime_Error_raiseHook__C)
                  00010598    00000004     empty_pem4f.oem4f (.const:xdc_runtime_IGateProvider_Interface__BASE__C)
                  0001059c    00000004     empty_pem4f.oem4f (.const:xdc_runtime_IHeap_Interface__BASE__C)
                  000105a0    00000004     empty_pem4f.oem4f (.const:xdc_runtime_IModule_Interface__BASE__C)
                  000105a4    00000004     empty_pem4f.oem4f (.const:xdc_runtime_Log_L_error__C)
                  000105a8    00000004     empty_pem4f.oem4f (.const:xdc_runtime_Memory_defaultHeapInstance__C)
                  000105ac    00000004     empty_pem4f.oem4f (.const:xdc_runtime_Startup_execImpl__C)
                  000105b0    00000004     empty_pem4f.oem4f (.const:xdc_runtime_Startup_maxPasses__C)
                  000105b4    00000004     empty_pem4f.oem4f (.const:xdc_runtime_Startup_sfxnRts__C)
                  000105b8    00000004     empty_pem4f.oem4f (.const:xdc_runtime_Startup_sfxnTab__C)
                  000105bc    00000004     empty_pem4f.oem4f (.const:xdc_runtime_SysMin_bufSize__C)
                  000105c0    00000004     empty_pem4f.oem4f (.const:xdc_runtime_SysMin_outputFunc__C)
                  000105c4    00000004     empty_pem4f.oem4f (.const:xdc_runtime_System_Module__gateObj__C)
                  000105c8    00000004     empty_pem4f.oem4f (.const:xdc_runtime_System_abortFxn__C)
                  000105cc    00000004     empty_pem4f.oem4f (.const:xdc_runtime_System_exitFxn__C)
                  000105d0    00000004     empty_pem4f.oem4f (.const:xdc_runtime_System_extendFxn__C)
                  000105d4    00000004     empty_pem4f.oem4f (.const:xdc_runtime_System_maxAtexitHandlers__C)
                  000105d8    00000004     empty_pem4f.oem4f (.const:xdc_runtime_Text_charTab__C)
[...]
000104d4  ti_sysbios_gates_GateMutex_Module__diagsMask__C                      
000104d8  ti_sysbios_hal_Hwi_E_stackOverflow__C                                
000104dc  ti_sysbios_heaps_HeapMem_A_align__C                                  
000104e0  ti_sysbios_heaps_HeapMem_A_heapSize__C                               
000104e4  ti_sysbios_heaps_HeapMem_A_invalidFree__C                            
000104e8  ti_sysbios_heaps_HeapMem_A_zeroBlock__C                              
000104ec  ti_sysbios_heaps_HeapMem_E_memory__C                                 
000104f0  ti_sysbios_heaps_HeapMem_Module__diagsEnabled__C                     
000104f4  ti_sysbios_heaps_HeapMem_Module__diagsIncluded__C                    
000104f8  ti_sysbios_heaps_HeapMem_Module__diagsMask__C                        
000104fc  ti_sysbios_heaps_HeapMem_Module__gateObj__C                          
00010500  ti_sysbios_heaps_HeapMem_Object__count__C                            
00010504  ti_sysbios_heaps_HeapMem_reqAlign__C                                 
00010508  ti_sysbios_knl_Clock_A_badThreadType__C                              
0001050c  ti_sysbios_knl_Clock_Module_State_clockQ__O                          
00010510  ti_sysbios_knl_Clock_Module__diagsEnabled__C                         
00010514  ti_sysbios_knl_Clock_Module__diagsIncluded__C                        
00010518  ti_sysbios_knl_Clock_Module__diagsMask__C                            
0001051c  ti_sysbios_knl_Event_Instance_State_pendQ__O                         
00010520  ti_sysbios_knl_Idle_funcList__A                                      
00010524  ti_sysbios_knl_Semaphore_A_badContext__C                             
00010528  ti_sysbios_knl_Semaphore_A_noEvents__C                               
0001052c  ti_sysbios_knl_Semaphore_A_overflow__C                               
00010530  ti_sysbios_knl_Semaphore_A_pendTaskDisabled__C                       
00010534  ti_sysbios_knl_Semaphore_Instance_State_pendQ__O                     
00010538  ti_sysbios_knl_Semaphore_Module__diagsEnabled__C                     
0001053c  ti_sysbios_knl_Semaphore_Module__diagsIncluded__C                    
00010540  ti_sysbios_knl_Semaphore_Module__diagsMask__C                        
00010544  ti_sysbios_knl_Swi_Object__count__C                                  
00010548  ti_sysbios_knl_Task_E_spOutOfBounds__C                               
0001054c  ti_sysbios_knl_Task_E_stackOverflow__C                               
00010550  ti_sysbios_knl_Task_Module_State_inactiveQ__O                        
00010554  ti_sysbios_knl_Task_Object__count__C                                 
00010558  ti_sysbios_knl_Task_allBlockedFunc__C                                
0001055c  ti_sysbios_knl_Task_numConstructedTasks__C                           
00010560  xdc_runtime_Assert_E_assertFailed__C                                 
00010564  xdc_runtime_Core_A_initializedParams__C                              
00010568  xdc_runtime_Core_Module__diagsEnabled__C                             
0001056c  xdc_runtime_Core_Module__diagsIncluded__C                            
00010570  xdc_runtime_Core_Module__diagsMask__C                                
00010574  xdc_runtime_Error_E_generic__C                                       
00010578  xdc_runtime_Error_E_memory__C                                        
0001057c  xdc_runtime_Error_Module__diagsEnabled__C                            
00010580  xdc_runtime_Error_Module__diagsIncluded__C                           
00010584  xdc_runtime_Error_Module__diagsMask__C                               
00010588  xdc_runtime_Error_Module__loggerFxn8__C                              
0001058c  xdc_runtime_Error_Module__loggerObj__C                               
00010590  xdc_runtime_Error_policyFxn__C                                       
00010594  xdc_runtime_Error_raiseHook__C                                       
00010598  xdc_runtime_IGateProvider_Interface__BASE__C                         
0001059c  xdc_runtime_IHeap_Interface__BASE__C                                 
000105a0  xdc_runtime_IModule_Interface__BASE__C                               
000105a4  xdc_runtime_Log_L_error__C                                           
000105a8  xdc_runtime_Memory_defaultHeapInstance__C                            
000105ac  xdc_runtime_Startup_execImpl__C                                      
000105b0  xdc_runtime_Startup_maxPasses__C                                     
000105b4  xdc_runtime_Startup_sfxnRts__C                                       
000105b8  xdc_runtime_Startup_sfxnTab__C                                       
000105bc  xdc_runtime_SysMin_bufSize__C                                        
000105c0  xdc_runtime_SysMin_outputFunc__C                                     
000105c4  xdc_runtime_System_Module__gateObj__C                                
000105c8  xdc_runtime_System_abortFxn__C                                       
000105cc  xdc_runtime_System_exitFxn__C                                        
000105d0  xdc_runtime_System_extendFxn__C                                      
000105d4  xdc_runtime_System_maxAtexitHandlers__C                              
000105d8  xdc_runtime_Text_charTab__C                                          
000105dc  xdc_runtime_Text_nameEmpty__C                                        
000105e0  xdc_runtime_Text_nameStatic__C                                       
000105e4  xdc_runtime_Text_nameUnknown__C                                      
000105e8  xdc_runtime_Text_nodeTab__C                                          
000105ec  xdc_runtime_Text_visitRopeFxn__C                                     
000105f0  ti_sysbios_hal_Hwi_Module__id__C                                     
000105f2  ti_sysbios_heaps_HeapMem_Module__id__C                               
000105f4  ti_sysbios_knl_Clock_Module__id__C                                   
000105f6  ti_sysbios_knl_Semaphore_Module__id__C                               
000105f8  ti_sysbios_knl_Task_Module__id__C                                    
000105fa  xdc_runtime_Core_Module__id__C                                       
000105fc  xdc_runtime_Error_Module__loggerDefined__C                           
000105fe  xdc_runtime_Error_maxDepth__C                                        
00010600  xdc_runtime_Main_Module__id__C                                       
00010602  xdc_runtime_Memory_Module__id__C                                     
00010604  xdc_runtime_SysMin_flushAtExit__C                                    
00010606  xdc_runtime_Text_charCnt__C                                          
00010608  xdc_runtime_Text_isLoaded__C                                         
0001060a  xdc_runtime_Text_registryModsLastId__C                               
0001060c  xdc_runtime_Text_unnamedModsLastId__C                                
00010610  __TI_static_base__                                                   
000109d4  __TI_Handler_Table_Base                                              
000109e0  __TI_Handler_Table_Limit                                             
000109f0  __TI_CINIT_Base                                                      
00010a08  __TI_CINIT_Limit                                                     
20000000  __start___llvm_prf_cnts                                              
20000000  __stop___llvm_prf_cnts                                               
20000000  ti_sysbios_family_arm_m3_Hwi_ramVectors                              
20000360  ti_sysbios_knl_Task_Instance_State_0_stack__A                        
20000760  ti_sysbios_knl_Task_Instance_State_1_stack__A                        
20000b60  ti_sysbios_knl_Task_Instance_State_2_stack__A                        
20000d60  ti_sysbios_heaps_HeapMem_Instance_State_0_buf__A                     
20001160  xdc_runtime_SysMin_Module_State_0_outbuf__A                          
20001560  ti_sysbios_family_arm_m3_Hwi_dispatchTable                           
20001a00  __CIOBUF_                                                            
20001b20  i2cTivaObjects                                                       
20001c20  uartTivaObjects                                                      
20001d7c  motorLibPWMObjects                                                   
20001db4  eb                                                                   
20001de4  sContext                                                             
20001e50  uartTivaRingBuffer                                                   
20001e70  gHwiprms                                                             
20001e88  motorLibPWMTimerObjects                                              
20001ea0  evtStruct                                                            
20001eb4  valueText                                                            
20001ee0  graphMax                                                             
20001ee8  graphMin                                                             
20001ef0  parmbuf                                                              
20001ef8  SysTicks                                                             
20001efc  acceleration                                                         
20001f00  acceleration_avg                                                     
20001f04  adc0                                                                 
20001f08  delta_rpm                                                            
20001f0c  delta_time                                                           
20001f10  error                                                                
20001f14  evtHandle                                                            
20001f18  g_accelerationLimit                                                  
20001f1c  g_currentLimit                                                       
20001f20  g_drawingGraph                                                       
20001f24  g_motorSpeed                                                         
20001f28  g_numPlotOverflow                                                    
20001f2c  g_numPlotPoints                                                      
20001f30  g_pi32ParmSet                                                        
20001f38  g_sCurrentPanel                                                      
20001f3c  g_ui32SysClock                                                       
20001f40  gateHwi                                                              
20001f48  hA                                                                   
20001f4c  hB                                                                   
20001f50  hC                                                                   
20001f54  hallA                                                                
20001f58  hallB                                                                
20001f5c  hallC                                                                
20001f60  output                                                               
20001f64  rpm_avg                                                              
20001f68  uart                                                                 
20001f6c  g_i16TouchX                                                          
20001f6e  g_i16TouchY                                                          
20001f70  motorRunning                                                         
20001f71  print_from_clock                                                     
20001f72  success                                                              
20001f73  updateGraph                                                          
20001f74  ti_sysbios_knl_Task_Object__table__V                                 
20002058  ti_sysbios_knl_Swi_Module_State_0_readyQ__A                          
200020d8  motor                                                                
200020dc  prevMotor                                                            
200020e0  prevSysTick                                                          
200020e4  deltaPos                                                             
200020e8  clock_time_mins                                                      
200020ec  clock_time_secs                                                      
200020f0  rpm_actual                                                           
200020f4  acceleration_sum                                                     
200020f8  rpm_prev                                                             
200020fc  integral_error                                                       
20002100  rpm_desired                                                          
20002104  rpm_int                                                              
20002108  jump                                                                 
2000210c  Kp                                                                   
20002110  Ki                                                                   
20002114  clock_count                                                          
20002118  rpm_sum                                                              
2000211c  min_per_sysTick                                                      
20002120  rotation                                                             
20002124  rpm_sum_c                                                            
20002128  dummy                                                                
2000212c  g_sGraphAcceleration                                                 
2000217c  g_sGraphBack                                                         
200021cc  g_sGraphExit                                                         
2000221c  g_sGraphLight                                                        
2000226c  g_sGraphOption                                                       
200022bc  g_sGraphPower                                                        
2000230c  g_sGraphSpeed                                                        
2000235c  g_sGraphTitle                                                        
200023ac  g_sMotorOption                                                       
200023fc  g_sSetOption                                                         
2000244c  g_sSettingAcceleration                                               
2000249c  g_sSettingBack                                                       
200024ec  g_sSettingCurrent                                                    
2000253c  g_sSettingDecrease                                                   
2000258c  g_sSettingExit                                                       
200025dc  g_sSettingIncrease                                                   
2000262c  g_sSettingSpeed                                                      
2000267c  g_sSettingTitle                                                      
200026cc  g_sSettingValue                                                      
2000271c  ti_sysbios_knl_Task_Module__state__V                                 
20002760  g_sGraph                                                             
200027a0  g_sGraphPage                                                         
200027e0  g_sGraphsMainPage                                                    
20002820  g_sMainPage                                                          
20002860  g_sSettingPage                                                       
200028a0  g_sSettingsMainPage                                                  
200028e0  ti_sysbios_family_arm_lm4_Timer_Module_State_0_device__A             
20002920  ti_sysbios_family_arm_lm4_Timer_Object__table__V                     
20002960  ti_sysbios_gates_GateMutex_Object__table__V                          
20002998  ti_sysbios_family_arm_m3_Hwi_Module__state__V                        
200029cc  ti_sysbios_family_arm_m3_Hwi_Object__table__V                        
200029fc  ti_sysbios_knl_Swi_Object__table__V                                  
20002a2c  g_sRoot                                                              
20002a5a  ti_sysbios_family_arm_m3_Hwi_Module_State_0_excActive__A             
20002a5c  ti_sysbios_knl_Clock_Module__state__V                                
20002a88  ti_sysbios_BIOS_Module__state__V                                     
20002aac  gpioPinConfigs                                                       
20002acc  ti_sysbios_family_arm_lm4_Timer_Module_State_0_handles__A            
20002aec  ti_sysbios_knl_Task_Module_State_0_readyQ__A                         
20002b0c  ti_sysbios_knl_Swi_Module__state__V                                  
20002b40  ti_sysbios_heaps_HeapMem_Object__table__V                            
20002b58  ti_sysbios_family_arm_lm4_Timer_Module__state__V                     
20002b64  xdc_runtime_SysMin_Module__state__V                                  
20002b70  _lock                                                                
20002b74  _unlock                                                              
20002b78  gpioCallbackFunctions                                                
20002b80  ti_sysbios_family_arm_m3_Hwi_Module__root__V                         
20002b88  ti_sysbios_gates_GateHwi_Module__root__V                             
20002b90  ti_sysbios_gates_GateMutex_Module__root__V                           
20002b98  ti_sysbios_hal_Hwi_Module__root__V                                   
20002ba0  ti_sysbios_heaps_HeapMem_Module__root__V                             
20002ba8  ti_sysbios_knl_Clock_Module__root__V                                 
20002bb0  ti_sysbios_knl_Event_Module__root__V                                 
20002bb8  ti_sysbios_knl_Queue_Module__root__V                                 
20002bc0  ti_sysbios_knl_Semaphore_Module__root__V                             
20002bc8  xdc_runtime_Registry_Module__state__V                                
20002bd0  xdc_runtime_Startup_Module__state__V                                 
20002bd8  xdc_runtime_System_Module_State_0_atexitHandlers__A                  
20002be0  xdc_runtime_System_Module__state__V                                  
20002bee  xdc_runtime_Error_Module__state__V                                   
20002bfc  errno                                                                
20002c00  main_func_sp                                                         
20002c04  ti_sysbios_family_arm_m3_Hwi_Module_State_0_excContext__A            
20002c08  ti_sysbios_family_arm_m3_Hwi_Module_State_0_excStack__A              
20002c0c  ti_sysbios_gates_GateHwi_Object__table__V                            
20002c10  ti_sysbios_knl_Task_Module_State_0_idleTask__A                       
20002c14  g_i16TouchMin                                                        
20002c18  xdc_runtime_Memory_Module__state__V                                  
20002c20  __stack                                                              
20002f20  __STACK_END                                                          
e000e000  ti_sysbios_family_arm_m3_Hwi_nvic                                    
ffffffff  __TI_pprof_out_hndl                                                  
ffffffff  __TI_prof_data_size                                                  
ffffffff  __TI_prof_data_start                                                 
ffffffff  __binit__                                                            
ffffffff  __c_args__                                                           
ffffffff  binit                                                                
UNDEFED   SHT$$INIT_ARRAY$$Base                                                
UNDEFED   SHT$$INIT_ARRAY$$Limit                                               

[910 symbols]
