******************************************************************************
                  TI ARM Linker PC v20.2.4                     
******************************************************************************
>> Linked Sun May 30 14:27:08 2021

OUTPUT FILE NAME:   <empty_EK_TM4C1294XL_TI.out>
ENTRY POINT SYMBOL: "_c_int00"  address: 0000a59d


MEMORY CONFIGURATION

         name            origin    length      used     unused   attr    fill
----------------------  --------  ---------  --------  --------  ----  --------
  FLASH                 00000000   00100000  000114ba  000eeb46  R  X
  SRAM                  20000000   00040000  000037f0  0003c810  RW X


SEGMENT ALLOCATION MAP

run origin  load origin   length   init length attrs members
----------  ----------- ---------- ----------- ----- -------
00000000    00000000    000114c0   000114c0    r-x
  00000000    00000000    0000003c   0000003c    r-- .resetVecs
  00000040    00000040    0000d66a   0000d66a    r-x .text
  0000d6ac    0000d6ac    00003a0c   00003a0c    r-- .const
  000110b8    000110b8    00000408   00000408    r-- .cinit
20000000    20000000    000037f0   00000000    rw-
  20000000    20000000    00000360   00000000    rw- .vecs
  20000360    20000360    000024d4   00000000    rw- .bss
  20002834    20002834    00000cbc   00000000    rw- .data
  200034f0    200034f0    00000300   00000000    rw- .stack


SECTION ALLOCATION MAP

 output                                  attributes/
section   page    origin      length       input sections
--------  ----  ----------  ----------   ----------------
.text      0    00000040    0000d66a     
                  00000040    00000a4e     rtsv7M4_T_le_v4SPD16_eabi.lib : _printfi.c.obj (.text:__TI_printfi)
                  00000a8e    00000002     motorCode.obj (.text:ADCFxn)
                  00000a90    000006ac     MotorLib.lib : motorlib.obj (.text)
                  0000113c    00000004     driverlib.lib : i2c.obj (.text:I2CMasterControl)
                  00001140    00000430     sysbios.aem4f : BIOS.obj (.text:ti_sysbios_family_arm_m3_Hwi_excDumpRegs__I)
                  00001570    00000390     grlib_demo.obj (.text:drawGraphPoint)
                  00001900    00000374     grlib.lib : image.obj (.text:InternalImageDraw)
                  00001c74    00000004     driverlib.lib : i2c.obj (.text:I2CMasterDataGet)
                  00001c78    0000034c     sysbios.aem4f : BIOS.obj (.text:ti_sysbios_knl_Event_pend__E)
                  00001fc4    0000034c     ti.targets.arm.rtsarm.aem4f : System.oem4f (.text:xdc_runtime_System_doPrint__I)
                  00002310    000002f8     grlib.lib : image.obj (.text:PixelTransparentDraw)
                  00002608    000002d0     sysbios.aem4f : BIOS.obj (.text:ti_sysbios_knl_Semaphore_pend__E)
                  000028d8    00000270     rtsv7M4_T_le_v4SPD16_eabi.lib : _printfi.c.obj (.text:_pconv_a)
                  00002b48    0000026c     sysbios.aem4f : BIOS.obj (.text:ti_sysbios_heaps_HeapMem_free__E)
                  00002db4    00000268     touch.obj (.text:TouchScreenDebouncer)
                  0000301c    00000254     grlib.lib : string.obj (.text:GrFontGlyphRender)
                  00003270    00000250     sysbios.aem4f : BIOS.obj (.text:ti_sysbios_heaps_HeapMem_alloc__E)
                  000034c0    0000020c     drivers_tivaware.aem4f : UARTTiva.oem4f (.text:UARTTiva_open)
                  000036cc    00000204     Boot.aem4f : Boot_sysctl.oem4f (.text:ti_catalog_arm_cortexm4_tiva_ce_Boot_sysCtlClockFreqSetI__I)
                  000038d0    00000200     driverlib.lib : sysctl.obj (.text:SysCtlClockFreqSet)
                  00003ad0    000001f4     sysbios.aem4f : BIOS.obj (.text:ti_sysbios_family_arm_m3_Hwi_excHandlerMax__I)
                  00003cc4    000001e4     Kentec320x240x16_ssd2119_spi.obj (.text:Kentec320x240x16_SSD2119Init)
                  00003ea8    000001dc     Kentec320x240x16_ssd2119_spi.obj (.text:Kentec320x240x16_SSD2119PixelDrawMultiple)
                  00004084    000001d4     grlib_demo.obj (.text:OnGraphsPage)
                  00004258    000001d0     rtsv7M4_T_le_v4SPD16_eabi.lib : _printfi.c.obj (.text:_pconv_g)
                  00004428    000001b6                                   : fd_add_t2.asm.obj (.text)
                  000045de    00000002                                   : _lock.c.obj (.text:_nop)
                  000045e0    000001a4     pinout.obj (.text:PinoutSet)
                  00004784    00000190     grlib.lib : canvas.obj (.text:CanvasPaint)
                  00004914    00000180     motorCode.obj (.text:motorFxn)
                  00004a94    0000017e     grlib.lib : pushbutton.obj (.text:RectangularButtonPaint)
                  00004c12    00000002     rtsv7M4_T_le_v4SPD16_eabi.lib : div0.asm.obj (.text)
                  00004c14    00000178     touch.obj (.text:TouchScreenIntHandler)
                  00004d8c    00000174     motorCode.obj (.text:initMotor)
                  00004f00    00000174     sysbios.aem4f : BIOS.obj (.text:ti_sysbios_family_arm_m3_Hwi_excBusFault__I)
                  00005074    00000170     drivers_tivaware.aem4f : PWMTiva.oem4f (.text:PWMTiva_open)
                  000051e4    00000004     driverlib.lib : i2c.obj (.text:I2CMasterDataPut)
                  000051e8    00000164     sysbios.aem4f : BIOS.obj (.text:ti_sysbios_family_arm_m3_Hwi_excUsageFault__I)
                  0000534c    0000015c     motorCode.obj (.text:initHallABC)
                  000054a8    00000158     grlib_demo.obj (.text:initWidgets)
                  00005600    00000150     drivers_tivaware.aem4f : GPIOTiva.oem4f (.text:GPIO_setConfig)
                  00005750    00000148     sysbios.aem4f : BIOS.obj (.text:ti_sysbios_family_arm_m3_Hwi_excMemFault__I)
                  00005898    0000013c     rtsv7M4_T_le_v4SPD16_eabi.lib : _printfi.c.obj (.text:_pconv_e)
                  000059d4    00000004     driverlib.lib : uart.obj (.text:UARTIntClear)
                  000059d8    0000013c     sysbios.aem4f : BIOS.obj (.text:ti_sysbios_heaps_HeapMem_Instance_init__E)
                  00005b14    00000136     rtsv7M4_T_le_v4SPD16_eabi.lib : fd_div_t2.asm.obj (.text)
                  00005c4a    00000132     driverlib.lib : gpio.obj (.text:GPIOPadConfigSet)
                  00005d7c    00000124     rtsv7M4_T_le_v4SPD16_eabi.lib : _printfi.c.obj (.text:fcvt)
                  00005ea0    00000120     sysbios.aem4f : BIOS.obj (.text:ti_sysbios_family_arm_lm4_Timer_start__E)
                  00005fc0    0000011c     grlib_demo.obj (.text:OnSettingsPage)
                  000060dc    00000004     grlib.lib : widget.obj (.text:WidgetDefaultMsgProc)
                  000060e0    0000011c     sysbios.aem4f : BIOS.obj (.text:ti_sysbios_knl_Clock_Instance_init__E)
                  000061fc    00000118     ti.targets.arm.rtsarm.aem4f : Error.oem4f (.text:xdc_runtime_Error_policyDefault__E)
                  00006314    00000114     drivers_tivaware.aem4f : PWMTimerTiva.oem4f (.text:PWMTimerTiva_open)
                  00006428    00000110     rtsv7M4_T_le_v4SPD16_eabi.lib : s_scalbn.c.obj (.text:scalbn)
                  00006538    0000010c     Kentec320x240x16_ssd2119_spi.obj (.text:Kentec320x240x16_SSD2119RectFill)
                  00006644    0000010c     touch.obj (.text:TouchScreenInit)
                  00006750    00000106     grlib.lib : line.obj (.text:GrLineDraw)
                  00006856    00000002     empty_pem4f.oem4f (.text:ti_sysbios_BIOS_nullFunc__I)
                  00006858    00000104     motorCode.obj (.text:filterFxn)
                  0000695c    00000004     rtsv7M4_T_le_v4SPD16_eabi.lib : exit.c.obj (.text:abort:abort)
                  00006960    00000104     sysbios.aem4f : BIOS.obj (.text:ti_sysbios_knl_Event_post__E)
                  00006a64    00000100     ti.targets.arm.rtsarm.aem4f : Core-mem.oem4f (.text:xdc_runtime_Core_createObject__I)
                  00006b64    000000fc     rtsv7M4_T_le_v4SPD16_eabi.lib : fd_mul_t2.asm.obj (.text)
                  00006c60    000000f8     ti.targets.arm.rtsarm.aem4f : Startup.oem4f (.text:xdc_runtime_Startup_startMods__I)
                  00006d58    000000f8     empty_pem4f.oem4f (.text:xdc_runtime_System_printfExtend__I)
                  00006e50    000000f4     sysbios.aem4f : m3_Hwi_asm.obj (.text:ti_sysbios_family_arm_m3_Hwi_dispatch__I)
                  00006f44    000000f2     grlib.lib : pushbutton.obj (.text:RectangularButtonClick)
                  00007036    000000f0     drivers_tivaware.aem4f : PWMTiva.oem4f (.text:PWMTiva_setDuty)
                  00007126    00000002     empty_pem4f.oem4f (.text:xdc_runtime_Startup_reset__I)
                  00007128    000000f0     empty.obj (.text:main)
                  00007218    000000ec     sysbios.aem4f : BIOS.obj (.text:ti_sysbios_knl_Semaphore_post__E)
                  00007304    000000e8     grlib.lib : widget.obj (.text:WidgetMessageQueueAdd)
                  000073ec    000000e0     drivers_tivaware.aem4f : I2CTiva.oem4f (.text:I2CTiva_open)
                  000074cc    000000d6                            : I2CTiva.oem4f (.text:I2CTiva_hwiFxn)
                  000075a2    00000002     --HOLE-- [fill = 0]
                  000075a4    000000d0     motorCode.obj (.text:HallFxn)
                  00007674    000000cc     ti.targets.arm.rtsarm.aem4f : Core-smem.oem4f (.text:xdc_runtime_Core_constructObject__I)
                  00007740    000000c0     grlib.lib : string.obj (.text:GrDefaultStringRenderer)
                  00007800    000000bc     sysbios.aem4f : BIOS.obj (.text:ti_sysbios_family_arm_m3_Hwi_excDebugMon__I)
                  000078bc    00000004     empty_pem4f.oem4f (.text:ti_sysbios_BIOS_RtsGateProxy_enter__E)
                  000078c0    000000bc     sysbios.aem4f : BIOS.obj (.text:ti_sysbios_family_arm_m3_Hwi_excHardFault__I)
                  0000797c    000000b8     EK_TM4C1294XL.obj (.text:EK_TM4C1294XL_initGeneral)
                  00007a34    000000b8     grlib.lib : line.obj (.text:GrLineClip)
                  00007aec    000000b8     Kentec320x240x16_ssd2119_spi.obj (.text:InitSPILCDInterface)
                  00007ba4    000000b8     drivers_tivaware.aem4f : PWMTimerTiva.oem4f (.text:PWMTimerTiva_setDuty)
                  00007c5c    000000b4     grlib_demo.obj (.text:OnDecrease)
                  00007d10    000000b4     grlib.lib : widget.obj (.text:WidgetMessageSendPostOrder)
                  00007dc4    00000004     empty_pem4f.oem4f (.text:ti_sysbios_BIOS_RtsGateProxy_leave__E)
                  00007dc8    000000b4     sysbios.aem4f : BIOS.obj (.text:ti_sysbios_gates_GateMutex_enter__E)
                  00007e7c    00000004                   : BIOS.obj (.text:ti_sysbios_family_arm_lm4_Timer_masterEnable__I)
                  00007e80    000000b4                   : BIOS.obj (.text:ti_sysbios_knl_Task_checkStacks__E)
                  00007f34    000000b1     rtsv7M4_T_le_v4SPD16_eabi.lib : _printfi.c.obj (.text:_ltostr)
                  00007fe5    00000003     --HOLE-- [fill = 0]
                  00007fe8    000000b0     grlib_demo.obj (.text:OnIncrease)
                  00008098    000000ac     drivers_tivaware.aem4f : UARTTiva.oem4f (.text:readTaskBlocking)
                  00008144    00000004     empty_pem4f.oem4f (.text:ti_sysbios_family_arm_m3_Hwi_destruct)
                  00008148    000000ac     sysbios.aem4f : BIOS.obj (.text:ti_sysbios_family_arm_lm4_Timer_enableTiva__I)
                  000081f4    00000004     empty_pem4f.oem4f (.text:ti_sysbios_family_arm_m3_TaskSupport_Module__startupDone__S)
                  000081f8    000000a8     sysbios.aem4f : BIOS.obj (.text:ti_sysbios_family_arm_lm4_Timer_enableTimers__I)
                  000082a0    000000a4                   : BIOS.obj (.text:ti_sysbios_knl_Clock_Instance_finalize__E)
                  00008344    000000a0     auto_init.aem4f : auto_init.oem4f (.text)
                  000083e4    000000a0     ti.targets.arm.rtsarm.aem4f : Text.oem4f (.text:xdc_runtime_Text_putMod__E)
                  00008484    0000009c     grlib_demo.obj (.text:OnStartMotor)
                  00008520    0000009c     motorCode.obj (.text:PIControlFxn)
                  000085bc    0000009c     rtsv7M4_T_le_v4SPD16_eabi.lib : memcpy_t2.asm.obj (.text)
                  00008658    0000009c     sysbios.aem4f : BIOS.obj (.text:ti_sysbios_knl_Semaphore_Instance_init__E)
                  000086f4    0000009a     ti.targets.arm.rtsarm.aem4f : Text.oem4f (.text:xdc_runtime_Text_putSite__E)
                  0000878e    00000098     drivers_tivaware.aem4f : UARTTiva.oem4f (.text:UARTTiva_readPolling)
                  00008826    00000002     --HOLE-- [fill = 0]
                  00008828    00000098     Boot.aem4f : Boot.oem4f (.text:ti_catalog_arm_cortexm4_tiva_ce_Boot_sysCtlClockFreqSet__E)
                  000088c0    00000096     rtsv7M4_T_le_v4SPD16_eabi.lib : ull_div_t2.asm.obj (.text)
                  00008956    00000094     drivers_tivaware.aem4f : UARTTiva.oem4f (.text:UARTTiva_write)
                  000089ea    00000006     driverlib.lib : gpio.obj (.text:GPIOIntClear)
                  000089f0    00000094     sysbios.aem4f : BIOS.obj (.text:ti_sysbios_family_arm_m3_Hwi_Instance_init__E)
                  00008a84    00000004     empty_pem4f.oem4f (.text:ti_sysbios_hal_Hwi_HwiProxy_delete)
                  00008a88    00000094     sysbios.aem4f : BIOS.obj (.text:ti_sysbios_family_arm_m3_Hwi_initNVIC__E)
                  00008b1c    00000004     empty_pem4f.oem4f (.text:ti_sysbios_heaps_HeapMem_Module_GateProxy_enter__E)
                  00008b20    00000094     sysbios.aem4f : BIOS.obj (.text:ti_sysbios_knl_Task_postInit__I)
                  00008bb4    0000008c     drivers_tivaware.aem4f : GPIOTiva.oem4f (.text:GPIO_init)
                  00008c40    0000008c                            : UARTTiva.oem4f (.text:UARTTiva_control)
                  00008ccc    0000008c     motorCode.obj (.text:accelLimitFxn)
                  00008d58    0000008c     sysbios.aem4f : m3_TaskSupport_asm.obj (.text:ti_sysbios_family_arm_m3_TaskSupport_buildTaskStack)
                  00008de4    0000008a     drivers_tivaware.aem4f : UARTTiva.oem4f (.text:readIsrTextBlocking)
                  00008e6e    00000002     --HOLE-- [fill = 0]
                  00008e70    00000088                            : PWMTiva.oem4f (.text:PWMTiva_control)
                  00008ef8    00000088     grlib_demo.obj (.text:initUI)
                  00008f80    00000086     grlib.lib : rectangle.obj (.text:GrRectFill)
                  00009006    00000086     rtsv7M4_T_le_v4SPD16_eabi.lib : fd_cmp_t2.asm.obj (.text:__aeabi_cdcmple)
                  0000908c    00000086                                   : fd_cmp_t2.asm.obj (.text:__aeabi_cdrcmple)
                  00009112    00000006     driverlib.lib : gpio.obj (.text:GPIOPinRead)
                  00009118    00000084     sysbios.aem4f : BIOS.obj (.text:ti_sysbios_family_arm_m3_Hwi_postInit__I)
                  0000919c    00000082     drivers_tivaware.aem4f : UARTTiva.oem4f (.text:readIsrTextCallback)
                  0000921e    0000007e                            : I2CTiva.oem4f (.text:I2CTiva_transfer)
                  0000929c    0000007a     driverlib.lib : adc.obj (.text:ADCSequenceStepConfigure)
                  00009316    0000007a     drivers_tivaware.aem4f : UARTTiva.oem4f (.text:readTaskCallback)
                  00009390    0000007a     rtsv7M4_T_le_v4SPD16_eabi.lib : memset_t2.asm.obj (.text)
                  0000940a    00000006     driverlib.lib : gpio.obj (.text:GPIOPinWrite)
                  00009410    00000074     sysbios.aem4f : BIOS.obj (.text:ti_sysbios_knl_Clock_start__E)
                  00009484    00000004     empty_pem4f.oem4f (.text:ti_sysbios_heaps_HeapMem_Module_GateProxy_leave__E)
                  00009488    00000070     sysbios.aem4f : BIOS.obj (.text:ti_sysbios_knl_Clock_workFunc__E)
                  000094f8    00000070                   : BIOS.obj (.text:ti_sysbios_knl_Task_exit__E)
                  00009568    0000006e     rtsv7M4_T_le_v4SPD16_eabi.lib : _printfi.c.obj (.text:_mcpy)
                  000095d6    00000002     --HOLE-- [fill = 0]
                  000095d8    0000006d     ti.targets.arm.rtsarm.aem4f : System.oem4f (.text:xdc_runtime_System_formatNum__I)
                  00009645    00000003     --HOLE-- [fill = 0]
                  00009648    0000006c     drivers_tivaware.aem4f : PWMTimerTiva.oem4f (.text:PWMTimerTiva_control)
                  000096b4    0000006c     empty_pem4f.oem4f (.text:ti_sysbios_family_arm_m3_Hwi_Object__create__S)
                  00009720    0000006c     sysbios.aem4f : BIOS.obj (.text:ti_sysbios_knl_Swi_restoreHwi__E)
                  0000978c    0000006c     drivers_tivaware.aem4f : UARTTiva.oem4f (.text:writeData)
                  000097f8    0000006c     ti.targets.arm.rtsarm.aem4f : Error.oem4f (.text:xdc_runtime_Error_print__E)
                  00009864    0000006c                                 : Memory.oem4f (.text:xdc_runtime_Memory_alloc__E)
                  000098d0    0000006a     drivers_tivaware.aem4f : PWMTiva.oem4f (.text:PWMTiva_close)
                  0000993a    00000002     --HOLE-- [fill = 0]
                  0000993c    00000068     EK_TM4C1294XL.obj (.text:EK_TM4C1294XL_initI2C)
                  000099a4    00000068     grlib.lib : context.obj (.text:GrContextInit)
                  00009a0c    00000068               : string.obj (.text:GrStringWidthGet)
                  00009a74    00000068     driverlib.lib : interrupt.obj (.text:IntEnable)
                  00009adc    00000068     Kentec320x240x16_ssd2119_spi.obj (.text:Kentec320x240x16_SSD2119LineDrawH)
                  00009b44    00000068     Kentec320x240x16_ssd2119_spi.obj (.text:Kentec320x240x16_SSD2119LineDrawV)
                  00009bac    00000068     rtsv7M4_T_le_v4SPD16_eabi.lib : copy_decompress_lzss.c.obj (.text:decompress:lzss:__TI_decompress_lzss)
                  00009c14    00000066     grlib.lib : context.obj (.text:GrContextClipRegionSet)
                  00009c7a    00000066               : rectangle.obj (.text:GrRectDraw)
                  00009ce0    00000066     ti.targets.arm.rtsarm.aem4f : Core-mem.oem4f (.text:xdc_runtime_Core_deleteObject__I)
                  00009d46    00000002     --HOLE-- [fill = 0]
                  00009d48    00000064     drivers_tivaware.aem4f : GPIOTiva.oem4f (.text:GPIO_hwiIntFxn)
                  00009dac    00000064     grlib_demo.obj (.text:OnGraphsMain)
                  00009e10    00000064     grlib.lib : widget.obj (.text:WidgetMessageQueueProcess)
                  00009e74    00000064     rtsv7M4_T_le_v4SPD16_eabi.lib : s_frexp.c.obj (.text:frexp)
                  00009ed8    00000064     sysbios.aem4f : BIOS.obj (.text:ti_sysbios_family_arm_lm4_Timer_Module_startup__E)
                  00009f3c    00000064     empty_pem4f.oem4f (.text:ti_sysbios_family_arm_m3_Hwi_create)
                  00009fa0    00000064     sysbios.aem4f : BIOS.obj (.text:ti_sysbios_family_arm_m3_Hwi_dispatchC__I)
                  0000a004    00000064     empty_pem4f.oem4f (.text:ti_sysbios_hal_Hwi_create)
                  0000a068    00000062     drivers_tivaware.aem4f : I2CTiva.oem4f (.text:I2CTiva_primeTransfer)
                  0000a0ca    00000002     --HOLE-- [fill = 0]
                  0000a0cc    00000060     driverlib.lib : timer.obj (.text:TimerConfigure)
                  0000a12c    00000060     Kentec320x240x16_ssd2119_spi.obj (.text:WriteDataSPI)
                  0000a18c    00000060     motorCode.obj (.text:statesFxn)
                  0000a1ec    00000004     empty_pem4f.oem4f (.text:ti_sysbios_knl_Clock_TimerProxy_getMaxTicks__E)
                  0000a1f0    00000060     sysbios.aem4f : BIOS.obj (.text:ti_sysbios_knl_Task_schedule__I)
                  0000a250    0000005e     grlib.lib : widget.obj (.text:WidgetMessageSendPreOrder)
                  0000a2ae    0000005e     drivers_tivaware.aem4f : UARTTiva.oem4f (.text:readIsrBinaryBlocking)
                  0000a30c    0000005c     Kentec320x240x16_ssd2119_spi.obj (.text:WriteCommandSPI)
                  0000a368    0000005c     sysbios.aem4f : BIOS.obj (.text:ti_sysbios_knl_Swi_run__I)
                  0000a3c4    00000004     empty_pem4f.oem4f (.text:ti_sysbios_knl_Clock_destruct)
                  0000a3c8    0000005c     sysbios.aem4f : BIOS.obj (.text:ti_sysbios_knl_Swi_schedule__I)
                  0000a424    00000004     empty_pem4f.oem4f (.text:ti_sysbios_knl_Queue_destruct)
                  0000a428    0000005c     sysbios.aem4f : BIOS.obj (.text:ti_sysbios_knl_Task_Module_startup__E)
                  0000a484    00000004     empty_pem4f.oem4f (.text:ti_sysbios_knl_Semaphore_destruct)
                  0000a488    0000005c     sysbios.aem4f : BIOS.obj (.text:ti_sysbios_knl_Task_startCore__E)
                  0000a4e4    0000005b     ti.targets.arm.rtsarm.aem4f : Text.oem4f (.text:xdc_runtime_Text_putLab__E)
                  0000a53f    00000001     --HOLE-- [fill = 0]
                  0000a540    0000005a     grlib.lib : string.obj (.text:FontWideGlyphDataGet)
                  0000a59a    00000002     --HOLE-- [fill = 0]
                  0000a59c    00000058     boot.aem4f : boot.oem4f (.text)
                  0000a5f4    00000058     rtsv7M4_T_le_v4SPD16_eabi.lib : hostwrite.c.obj (.text:HOSTwrite)
                  0000a64c    00000058     driverlib.lib : timer.obj (.text:TimerControlTrigger)
                  0000a6a4    00000058     empty_pem4f.oem4f (.text:ti_sysbios_family_arm_m3_Hwi_construct)
                  0000a6fc    00000058     sysbios.aem4f : m3_Hwi_asm_switch.obj (.text:ti_sysbios_family_arm_m3_Hwi_initStacks__E)
                  0000a754    00000056     driverlib.lib : gpio.obj (.text:GPIOIntTypeSet)
                  0000a7aa    00000056     rtsv7M4_T_le_v4SPD16_eabi.lib : _printfi.c.obj (.text:_pconv_f)
                  0000a800    00000054                                   : _ltoa.c.obj (.text:__TI_ltoa)
                  0000a854    00000054     drivers_tivaware.aem4f : UARTTiva.oem4f (.text:readIsrBinaryCallback)
                  0000a8a8    00000054     ti.targets.arm.rtsarm.aem4f : Assert.oem4f (.text:xdc_runtime_Assert_raise__I)
                  0000a8fc    00000052     rtsv7M4_T_le_v4SPD16_eabi.lib : _printfi.c.obj (.text:_ecpy)
                  0000a94e    00000002     --HOLE-- [fill = 0]
                  0000a950    00000050     motorCode.obj (.text:ADC0_Init)
                  0000a9a0    00000050     driverlib.lib : adc.obj (.text:ADCSequenceConfigure)
                  0000a9f0    00000050     drivers_tivaware.aem4f : GPIOTiva.oem4f (.text:GPIO_setCallback)
                  0000aa40    00000050                            : GPIOTiva.oem4f (.text:GPIO_write)
                  0000aa90    00000050                            : UARTTiva.oem4f (.text:UARTTiva_writeCancel)
                  0000aae0    00000050     Boot.aem4f : Boot_sysctl.oem4f (.text:_SysCtlFrequencyGet)
                  0000ab30    00000050     sysbios.aem4f : BIOS.obj (.text:ti_sysbios_family_arm_m3_Hwi_Module_startup__E)
                  0000ab80    00000050     ti.targets.arm.rtsarm.aem4f : Startup.oem4f (.text:xdc_runtime_Startup_exec__E)
                  0000abd0    00000050                                 : Text.oem4f (.text:xdc_runtime_Text_visitRope2__I)
                  0000ac20    0000004c     driverlib.lib : i2c.obj (.text:I2CMasterInitExpClk)
                  0000ac6c    0000004c     drivers_tivaware.aem4f : UARTTiva.oem4f (.text:UARTTiva_close)
                  0000acb8    0000004c     grlib.lib : widget.obj (.text:WidgetRemove)
                  0000ad04    0000004c     rtsv7M4_T_le_v4SPD16_eabi.lib : atoi.c.obj (.text:atoi)
                  0000ad50    0000004c                                   : cpy_tbl.c.obj (.text:copy_in)
                  0000ad9c    0000004c     grlib_demo.obj (.text:drawSettingValue)
                  0000ade8    0000004c     motorCode.obj (.text:initUART)
                  0000ae34    00000004     ti.targets.arm.rtsarm.aem4f : Error.oem4f (.text:xdc_runtime_Error_getSite__E)
                  0000ae38    0000004c     sysbios.aem4f : BIOS.obj (.text:ti_sysbios_family_arm_lm4_Timer_setAvailMask__E)
                  0000ae84    00000004     empty_pem4f.oem4f (.text:xdc_runtime_System_Module_GateProxy_enter__E)
                  0000ae88    0000004c     sysbios.aem4f : BIOS.obj (.text:ti_sysbios_heaps_HeapMem_getStats__E)
                  0000aed4    00000004     empty_pem4f.oem4f (.text:xdc_runtime_System_Module_GateProxy_leave__E)
                  0000aed8    0000004c     sysbios.aem4f : BIOS.obj (.text:ti_sysbios_knl_Swi_runLoop__I)
                  0000af24    00000004     ti.targets.arm.rtsarm.aem4f : System.oem4f (.text:xdc_runtime_System_aprintf_va__F)
                  0000af28    0000004c     sysbios.aem4f : BIOS.obj (.text:ti_sysbios_knl_Task_allBlockedFunction__I)
                  0000af74    0000004a     drivers_tivaware.aem4f : PWMTimerTiva.oem4f (.text:PWMTimerTiva_close)
                  0000afbe    0000004a     grlib.lib : string.obj (.text:UpdateContextCharMapping)
                  0000b008    00000048     driverlib.lib : gpio.obj (.text:GPIOPinConfigure)
                  0000b050    00000048                   : sysctl.obj (.text:_SysCtlFrequencyGet)
                  0000b098    00000048     rtsv7M4_T_le_v4SPD16_eabi.lib : fd_toi_t2.asm.obj (.text)
                  0000b0e0    00000048     sysbios.aem4f : BIOS.obj (.text:ti_sysbios_family_arm_m3_Hwi_disableInterrupt__E)
                  0000b128    00000048                   : BIOS.obj (.text:ti_sysbios_family_arm_m3_Hwi_enableInterrupt__E)
                  0000b170    00000048                   : BIOS.obj (.text:ti_sysbios_family_arm_m3_Hwi_excReserved__I)
                  0000b1b8    00000046     grlib.lib : line.obj (.text:GrLineDrawH)
                  0000b1fe    00000046               : line.obj (.text:GrLineDrawV)
                  0000b244    00000046     Kentec320x240x16_ssd2119_spi.obj (.text:Kentec320x240x16_SSD2119PixelDraw)
                  0000b28a    00000046     drivers_tivaware.aem4f : RingBuf.oem4f (.text:RingBuf_put)
                  0000b2d0    00000046     driverlib.lib : uart.obj (.text:UARTConfigSetExpClk)
                  0000b316    00000046     ti.targets.arm.rtsarm.aem4f : Core-params.oem4f (.text:xdc_runtime_Core_assignParams__I)
                  0000b35c    00000004                                 : System.oem4f (.text:xdc_runtime_System_printf_va__F)
                  0000b360    00000044     sysbios.aem4f : BIOS.obj (.text:ti_sysbios_family_arm_lm4_Timer_isrStub__E)
                  0000b3a4    00000004     --HOLE-- [fill = 0]
                  0000b3a8    00000044                   : BIOS.obj (.text:ti_sysbios_family_arm_m3_Hwi_getStackInfo__E)
                  0000b3ec    00000004     --HOLE-- [fill = 0]
                  0000b3f0    00000044                   : BIOS.obj (.text:ti_sysbios_knl_Swi_post__E)
                  0000b434    00000044     ti.targets.arm.rtsarm.aem4f : Error.oem4f (.text:xdc_runtime_Error_setX__E)
                  0000b478    00000044                                 : SysMin.oem4f (.text:xdc_runtime_SysMin_flush__E)
                  0000b4bc    00000044                                 : Text.oem4f (.text:xdc_runtime_Text_xprintf__I)
                  0000b500    00000042     drivers_tivaware.aem4f : UARTTiva.oem4f (.text:UARTTiva_hwiIntFxn)
                  0000b542    00000042                            : UARTTiva.oem4f (.text:UARTTiva_writePolling)
                  0000b584    00000040     grlib_demo.obj (.text:OnMainMenu)
                  0000b5c4    00000040     grlib_demo.obj (.text:OnSettingsMain)
                  0000b604    00000040     drivers_tivaware.aem4f : RingBuf.oem4f (.text:RingBuf_get)
                  0000b644    00000040                            : UARTTiva.oem4f (.text:UARTTiva_read)
                  0000b684    00000040     rtsv7M4_T_le_v4SPD16_eabi.lib : u_divt2.asm.obj (.text)
                  0000b6c4    00000040                                   : sprintf.c.obj (.text:sprintf)
                  0000b704    00000004     --HOLE-- [fill = 0]
                  0000b708    00000040     sysbios.aem4f : BIOS.obj (.text:ti_sysbios_family_arm_lm4_Timer_startup__E)
                  0000b748    0000003e     rtsv7M4_T_le_v4SPD16_eabi.lib : _printfi.c.obj (.text:_fcpy)
                  0000b786    0000003c     driverlib.lib : ssi.obj (.text:SSIConfigSetExpClk)
                  0000b7c2    00000006     grlib.lib : string.obj (.text:GrContextFontSet)
                  0000b7c8    0000003c     sysbios.aem4f : BIOS.obj (.text:ti_sysbios_family_arm_m3_Hwi_excSvCall__I)
                  0000b804    00000004     --HOLE-- [fill = 0]
                  0000b808    0000003c                   : BIOS.obj (.text:ti_sysbios_heaps_HeapMem_init__I)
                  0000b844    00000004     --HOLE-- [fill = 0]
                  0000b848    0000003c                   : BIOS.obj (.text:ti_sysbios_knl_Swi_restore__E)
                  0000b884    0000003a     grlib.lib : string.obj (.text:FontGlyphDataGet)
                  0000b8be    0000003a     drivers_tivaware.aem4f : I2CTiva.oem4f (.text:I2CTiva_completeTransfer)
                  0000b8f8    00000038                            : I2C.oem4f (.text:I2C_init)
                  0000b930    00000038                            : PWM.oem4f (.text:PWM_init)
                  0000b968    00000038     driverlib.lib : sysctl.obj (.text:SysCtlPeripheralReady)
                  0000b9a0    00000038     drivers_tivaware.aem4f : UART.oem4f (.text:UART_init)
                  0000b9d8    00000038     rtsv7M4_T_le_v4SPD16_eabi.lib : trgmsg.c.obj (.text:__TI_writemsg)
                  0000ba10    00000038                                   : fs_tod_t2.asm.obj (.text)
                  0000ba48    00000038     motorCode.obj (.text:startMotor)
                  0000ba80    00000038     sysbios.aem4f : BIOS.obj (.text:ti_sysbios_family_arm_m3_Hwi_excNoIsr__I)
                  0000bab8    00000038     empty_pem4f.oem4f (.text:ti_sysbios_knl_Clock_create)
                  0000baf0    00000038     sysbios.aem4f : BIOS.obj (.text:ti_sysbios_knl_Task_processVitalTaskFlag__I)
                  0000bb28    00000038     ti.targets.arm.rtsarm.aem4f : SysMin.oem4f (.text:xdc_runtime_SysMin_putch__E)
                  0000bb60    00000038                                 : System.oem4f (.text:xdc_runtime_System_atexit__E)
                  0000bb98    00000036     grlib.lib : line.obj (.text:GrClipCodeGet)
                  0000bbce    00000036     drivers_tivaware.aem4f : I2CTiva.oem4f (.text:I2CTiva_close)
                  0000bc04    00000036                            : UARTTiva.oem4f (.text:UARTTiva_readCancel)
                  0000bc3a    00000002     --HOLE-- [fill = 0]
                  0000bc3c    00000034     driverlib.lib : sysctl.obj (.text:SysCtlPeripheralEnable)
                  0000bc70    00000034     rtsv7M4_T_le_v4SPD16_eabi.lib : trgmsg.c.obj (.text:__TI_readmsg)
                  0000bca4    00000004     --HOLE-- [fill = 0]
                  0000bca8    00000034     sysbios.aem4f : BIOS.obj (.text:ti_sysbios_family_arm_m3_Hwi_Instance_finalize__E)
                  0000bcdc    00000004     --HOLE-- [fill = 0]
                  0000bce0    00000034                   : BIOS.obj (.text:ti_sysbios_family_arm_m3_Hwi_excNmi__I)
                  0000bd14    00000004     --HOLE-- [fill = 0]
                  0000bd18    00000034                   : BIOS.obj (.text:ti_sysbios_hal_Hwi_checkStack)
                  0000bd4c    00000034     empty_pem4f.oem4f (.text:ti_sysbios_knl_Clock_construct)
                  0000bd80    00000034     ti.targets.arm.rtsarm.aem4f : Core-label.oem4f (.text:xdc_runtime_Core_assignLabel__I)
                  0000bdb4    00000033                                 : Text.oem4f (.text:xdc_runtime_Text_printVisFxn__I)
                  0000bde7    00000001     --HOLE-- [fill = 0]
                  0000bde8    00000032     sysbios.aem4f : BIOS.obj (.text:ti_sysbios_hal_Hwi_initStack)
                  0000be1a    00000002     --HOLE-- [fill = 0]
                  0000be1c    00000030     drivers_tivaware.aem4f : GPIOTiva.oem4f (.text:GPIO_enableInt)
                  0000be4c    00000030                            : GPIOTiva.oem4f (.text:GPIO_read)
                  0000be7c    00000030     grlib_demo.obj (.text:OnGraphAcceleration)
                  0000beac    00000030     drivers_tivaware.aem4f : PWMTiva.oem4f (.text:PWMTiva_init)
                  0000bedc    00000030                            : PWM.oem4f (.text:PWM_open)
                  0000bf0c    00000030                            : UART.oem4f (.text:UART_open)
                  0000bf3c    00000030     motorCode.obj (.text:readABC)
                  0000bf6c    00000030     empty_pem4f.oem4f (.text:ti_sysbios_BIOS_atExitFunc__I)
                  0000bf9c    00000004     --HOLE-- [fill = 0]
                  0000bfa0    00000030     sysbios.aem4f : BIOS.obj (.text:ti_sysbios_family_arm_lm4_Timer_stop__E)
                  0000bfd0    00000030                   : BIOS.obj (.text:ti_sysbios_family_arm_m3_TaskSupport_start__E)
                  0000c000    00000030     empty_pem4f.oem4f (.text:ti_sysbios_gates_GateHwi_Object__create__S)
                  0000c030    00000030     empty_pem4f.oem4f (.text:ti_sysbios_gates_GateHwi_create)
                  0000c060    00000030     empty_pem4f.oem4f (.text:ti_sysbios_gates_GateMutex_Object__create__S)
                  0000c090    00000030     empty_pem4f.oem4f (.text:ti_sysbios_heaps_HeapMem_Object__create__S)
                  0000c0c0    00000030     sysbios.aem4f : BIOS.obj (.text:ti_sysbios_knl_Event_pendTimeout__I)
                  0000c0f0    00000030     empty_pem4f.oem4f (.text:ti_sysbios_knl_Semaphore_construct)
                  0000c120    00000030     sysbios.aem4f : BIOS.obj (.text:ti_sysbios_knl_Semaphore_pendTimeout__I)
                  0000c150    00000030                   : BIOS.obj (.text:ti_sysbios_knl_Task_unblockI__E)
                  0000c180    00000030     ti.targets.arm.rtsarm.aem4f : SysMin.oem4f (.text:xdc_runtime_SysMin_abort__E)
                  0000c1b0    00000030                                 : System.oem4f (.text:xdc_runtime_System_processAtExit__E)
                  0000c1e0    0000002e     grlib.lib : string.obj (.text:GrStringNextCharGet)
                  0000c20e    0000002e     rtsv7M4_T_le_v4SPD16_eabi.lib : i_tofd_t2.asm.obj (.text)
                  0000c23c    0000002c     EK_TM4C1294XL.obj (.text:EK_TM4C1294XL_initUART)
                  0000c268    0000002c     grlib.lib : string.obj (.text:GrFontBaselineGet)
                  0000c294    0000002c               : string.obj (.text:GrFontHeightGet)
                  0000c2c0    0000002c               : pushbutton.obj (.text:RectangularButtonMsgProc)
                  0000c2ec    0000002c               : widget.obj (.text:WidgetIsInTree)
                  0000c318    0000002c     empty_pem4f.oem4f (.text:ti_sysbios_knl_Clock_doTick__I)
                  0000c344    0000002c     empty_pem4f.oem4f (.text:ti_sysbios_knl_Event_construct)
                  0000c370    0000002c     empty_pem4f.oem4f (.text:ti_sysbios_knl_Queue_construct)
                  0000c39c    00000004     --HOLE-- [fill = 0]
                  0000c3a0    0000002c     sysbios.aem4f : BIOS.obj (.text:ti_sysbios_knl_Task_restore__E)
                  0000c3cc    0000002c     ti.targets.arm.rtsarm.aem4f : Text.oem4f (.text:xdc_runtime_Text_cordText__E)
                  0000c3f8    0000002a     driverlib.lib : gpio.obj (.text:GPIODirModeSet)
                  0000c422    0000002a     ti.targets.arm.rtsarm.aem4f : System.oem4f (.text:xdc_runtime_System_putchar__I)
                  0000c44c    00000028     Kentec320x240x16_ssd2119_spi.obj (.text:Kentec320x240x16_SSD2119ColorTranslate)
                  0000c474    00000028     grlib_demo.obj (.text:OnGraphSpeed)
                  0000c49c    00000004     --HOLE-- [fill = 0]
                  0000c4a0    00000028     sysbios.aem4f : BIOS.obj (.text:ti_sysbios_hal_Hwi_Instance_init__E)
                  0000c4c8    00000028                   : BIOS.obj (.text:ti_sysbios_knl_Swi_Module_startup__E)
                  0000c4f0    00000026     grlib.lib : string.obj (.text:GrFontInfoGet)
                  0000c516    00000026     sysbios.aem4f : m3_Hwi_asm.obj (.text:ti_sysbios_family_arm_m3_Hwi_pendSV__I)
                  0000c53c    00000026     ti.targets.arm.rtsarm.aem4f : System.oem4f (.text:xdc_runtime_System_avprintf__E)
                  0000c562    00000002     --HOLE-- [fill = 0]
                  0000c564    00000024     grlib_demo.obj (.text:OnGraphLight)
                  0000c588    00000024     grlib_demo.obj (.text:OnGraphPower)
                  0000c5ac    00000024     empty_pem4f.oem4f (.text:ti_sysbios_BIOS_errorRaiseHook__I)
                  0000c5d0    00000024     empty_pem4f.oem4f (.text:ti_sysbios_BIOS_registerRTSLock__I)
                  0000c5f4    00000024     empty_pem4f.oem4f (.text:ti_sysbios_BIOS_removeRTSLock__I)
                  0000c618    00000024     empty_pem4f.oem4f (.text:ti_sysbios_BIOS_startFunc__I)
                  0000c63c    00000024     empty_pem4f.oem4f (.text:ti_sysbios_gates_GateMutex_Object__delete__S)
                  0000c660    00000024     sysbios.aem4f : BIOS.obj (.text:ti_sysbios_knl_Clock_Module_startup__E)
                  0000c684    00000004     --HOLE-- [fill = 0]
                  0000c688    00000024                   : BIOS.obj (.text:ti_sysbios_knl_Task_restoreHwi__E)
                  0000c6ac    00000024     ti.targets.arm.rtsarm.aem4f : System.oem4f (.text:xdc_runtime_System_vprintf__E)
                  0000c6d0    00000022     grlib.lib : string.obj (.text:GrFontGlyphDataGet)
                  0000c6f2    00000022     driverlib.lib : pwm.obj (.text:PWMGenConfigure)
                  0000c714    00000022     drivers_tivaware.aem4f : PWMTiva.oem4f (.text:PWMTiva_getPeriodCounts)
                  0000c736    00000002     --HOLE-- [fill = 0]
                  0000c738    00000022     sysbios.aem4f : BIOS.obj (.text:ti_sysbios_family_arm_lm4_Timer_write__I)
                  0000c75a    00000022     empty_pem4f.oem4f (.text:xdc_runtime_SysMin_output__I)
                  0000c77c    00000020     drivers_tivaware.aem4f : GPIOTiva.oem4f (.text:GPIO_clearInt)
                  0000c79c    00000020     driverlib.lib : uart.obj (.text:UARTDisable)
                  0000c7bc    00000020     Boot.aem4f : Boot_sysctl.oem4f (.text:_SysCtlMemTimingGet)
                  0000c7dc    00000020     driverlib.lib : sysctl.obj (.text:_SysCtlMemTimingGet)
                  0000c7fc    00000020     motorCode.obj (.text:setSpeed)
                  0000c81c    00000020     empty_pem4f.oem4f (.text:ti_sysbios_BIOS_rtsLock__I)
                  0000c83c    00000020     empty_pem4f.oem4f (.text:ti_sysbios_family_arm_m3_Hwi_Object__delete__S)
                  0000c85c    00000020     sysbios.aem4f : m3_Hwi_asm.obj (.text:ti_sysbios_family_arm_m3_Hwi_excHandlerAsm__I)
                  0000c87c    00000004     --HOLE-- [fill = 0]
                  0000c880    00000020                   : BIOS.obj (.text:ti_sysbios_family_arm_m3_Hwi_excHandler__I)
                  0000c8a0    00000020     empty_pem4f.oem4f (.text:ti_sysbios_gates_GateHwi_Object__delete__S)
                  0000c8c0    00000020     empty_pem4f.oem4f (.text:ti_sysbios_heaps_HeapMem_Object__delete__S)
                  0000c8e0    00000020     empty_pem4f.oem4f (.text:ti_sysbios_knl_Clock_Object__destruct__S)
                  0000c900    00000020     sysbios.aem4f : BIOS.obj (.text:ti_sysbios_knl_Idle_run__E)
                  0000c920    00000020     empty_pem4f.oem4f (.text:ti_sysbios_knl_Semaphore_Object__destruct__S)
                  0000c940    00000020     ti.targets.arm.rtsarm.aem4f : Registry.oem4f (.text:xdc_runtime_Registry_findById__E)
                  0000c960    00000020                                 : SysMin.oem4f (.text:xdc_runtime_SysMin_Module_startup__E)
                  0000c980    0000001e     grlib.lib : string.obj (.text:GrFontCodepageGet)
                  0000c99e    0000001e     driverlib.lib : pwm.obj (.text:PWMPulseWidthSet)
                  0000c9bc    0000001e     drivers_tivaware.aem4f : PWMTiva.oem4f (.text:PWMTiva_getPeriodMicroSecs)
                  0000c9da    0000001e     grlib.lib : widget.obj (.text:WidgetAdd)
                  0000c9f8    0000001e     sysbios.aem4f : m3_Hwi_asm_switch.obj (.text:ti_sysbios_family_xxx_Hwi_switchAndRunFunc)
                  0000ca16    00000002     --HOLE-- [fill = 0]
                  0000ca18    0000001c     grlib.lib : widget.obj (.text:WidgetPointerMessage)
                  0000ca34    0000001c     drivers_tivaware.aem4f : GPIOTiva.oem4f (.text:getGpioIntIndex)
                  0000ca50    0000001c     rtsv7M4_T_le_v4SPD16_eabi.lib : memccpy.c.obj (.text:memccpy)
                  0000ca6c    0000001c     empty_pem4f.oem4f (.text:ti_sysbios_family_arm_m3_Hwi_Object__destruct__S)
                  0000ca88    0000001c     sysbios.aem4f : BIOS.obj (.text:ti_sysbios_gates_GateMutex_Instance_init__E)
                  0000caa4    0000001c     empty_pem4f.oem4f (.text:ti_sysbios_hal_Hwi_HwiProxy_create)
                  0000cac0    0000001c     empty_pem4f.oem4f (.text:ti_sysbios_knl_Queue_Object__destruct__S)
                  0000cadc    00000004     --HOLE-- [fill = 0]
                  0000cae0    0000001c     sysbios.aem4f : BIOS.obj (.text:ti_sysbios_knl_Queue_put__E)
                  0000cafc    00000004     --HOLE-- [fill = 0]
                  0000cb00    0000001c                   : BIOS.obj (.text:ti_sysbios_knl_Task_enter__I)
                  0000cb1c    0000001c     ti.targets.arm.rtsarm.aem4f : Error.oem4f (.text:xdc_runtime_Error_raiseX__E)
                  0000cb38    0000001c                                 : Memory.oem4f (.text:xdc_runtime_Memory_valloc__E)
                  0000cb54    0000001c                                 : SysMin.oem4f (.text:xdc_runtime_SysMin_exit__E)
                  0000cb70    0000001c                                 : System.oem4f (.text:xdc_runtime_System_abort__E)
                  0000cb8c    0000001a     rtsv7M4_T_le_v4SPD16_eabi.lib : s_copysign.c.obj (.text:copysign)
                  0000cba6    0000001a     empty_pem4f.oem4f (.text:ti_sysbios_family_arm_m3_Hwi_Handle__label__S)
                  0000cbc0    0000001a     empty_pem4f.oem4f (.text:ti_sysbios_gates_GateHwi_Handle__label__S)
                  0000cbda    0000001a     empty_pem4f.oem4f (.text:ti_sysbios_gates_GateMutex_Handle__label__S)
                  0000cbf4    0000001a     empty_pem4f.oem4f (.text:ti_sysbios_heaps_HeapMem_Handle__label__S)
                  0000cc0e    0000001a     empty_pem4f.oem4f (.text:ti_sysbios_knl_Swi_Handle__label__S)
                  0000cc28    0000001a     empty_pem4f.oem4f (.text:ti_sysbios_knl_Task_Handle__label__S)
                  0000cc42    0000001a     empty_pem4f.oem4f (.text:xdc_runtime_System_aprintf__E)
                  0000cc5c    0000001a     empty_pem4f.oem4f (.text:xdc_runtime_System_printf__E)
                  0000cc76    00000018     driverlib.lib : gpio.obj (.text:GPIOPinTypeGPIOOutput)
                  0000cc8e    00000018                   : timer.obj (.text:TimerControlLevel)
                  0000cca6    00000002     --HOLE-- [fill = 0]
                  0000cca8    00000018                   : timer.obj (.text:TimerDisable)
                  0000ccc0    00000018     drivers_tivaware.aem4f : UART.oem4f (.text:UART_Params_init)
                  0000ccd8    00000018     rtsv7M4_T_le_v4SPD16_eabi.lib : args_main.c.obj (.text:_args_main)
                  0000ccf0    00000018                                   : sprintf.c.obj (.text:_outs)
                  0000cd08    00000018     empty.obj (.text:heartBeatFxn)
                  0000cd20    00000018     empty_pem4f.oem4f (.text:ti_sysbios_BIOS_rtsUnlock__I)
                  0000cd38    00000018     empty_pem4f.oem4f (.text:ti_sysbios_family_arm_lm4_Timer_Module__startupDone__F)
                  0000cd50    00000018     empty_pem4f.oem4f (.text:ti_sysbios_family_arm_m3_Hwi_Module__startupDone__F)
                  0000cd68    00000018     sysbios.aem4f : m3_TaskSupport_asm.obj (.text:ti_sysbios_family_arm_m3_TaskSupport_swap__E)
                  0000cd80    00000018                   : BIOS.obj (.text:ti_sysbios_gates_GateMutex_leave__E)
                  0000cd98    00000018     ti.targets.arm.rtsarm.aem4f : Error.oem4f (.text:xdc_runtime_Error_check__E)
                  0000cdb0    00000018                                 : System.oem4f (.text:xdc_runtime_System_exit__E)
                  0000cdc8    00000018                                 : Text.oem4f (.text:xdc_runtime_Text_ropeText__E)
                  0000cde0    00000016     grlib.lib : string.obj (.text:GrStringDraw)
                  0000cdf6    00000016     driverlib.lib : i2c.obj (.text:I2CMasterErr)
                  0000ce0c    00000016     rtsv7M4_T_le_v4SPD16_eabi.lib : strchr.c.obj (.text:strchr)
                  0000ce22    00000016     empty_pem4f.oem4f (.text:ti_sysbios_BIOS_exitFunc__I)
                  0000ce38    00000016     motorCode.obj (.text:ti_sysbios_gates_GateHwi_Params_init)
                  0000ce4e    00000016     motorCode.obj (.text:ti_sysbios_hal_Hwi_Params_init)
                  0000ce64    00000016     empty.obj (.text:ti_sysbios_knl_Clock_Params_init)
                  0000ce7a    00000016     motorCode.obj (.text:ti_sysbios_knl_Clock_Params_init)
                  0000ce90    00000016     motorCode.obj (.text:ti_sysbios_knl_Semaphore_Params_init)
                  0000cea6    00000014     grlib.lib : canvas.obj (.text:CanvasMsgProc)
                  0000ceba    00000002     --HOLE-- [fill = 0]
                  0000cebc    00000014     Kentec320x240x16_ssd2119_spi.obj (.text:LED_OFF)
                  0000ced0    00000014     Kentec320x240x16_ssd2119_spi.obj (.text:LED_ON)
                  0000cee4    00000014     grlib_demo.obj (.text:OnSettingAcceleration)
                  0000cef8    00000014     grlib_demo.obj (.text:OnSettingCurrent)
                  0000cf0c    00000014     grlib_demo.obj (.text:OnSettingSpeed)
                  0000cf20    00000014     driverlib.lib : pwm.obj (.text:PWMClockSet)
                  0000cf34    00000014                   : sysctl.obj (.text:SysCtlPWMClockSet)
                  0000cf48    00000014     touch.obj (.text:TouchScreenCallbackSet)
                  0000cf5c    00000014     driverlib.lib : uart.obj (.text:UARTEnable)
                  0000cf70    00000014     grlib.lib : widget.obj (.text:WidgetMutexGet)
                  0000cf84    00000014     motorCode.obj (.text:getSpeed)
                  0000cf98    00000014     rtsv7M4_T_le_v4SPD16_eabi.lib : strlen.c.obj (.text:strlen)
                  0000cfac    00000014     empty_pem4f.oem4f (.text:ti_sysbios_family_arm_m3_Hwi_Object__get__S)
                  0000cfc0    00000014     sysbios.aem4f : BIOS.obj (.text:ti_sysbios_family_arm_m3_Hwi_switchFromBootStack__E)
                  0000cfd4    00000014     empty_pem4f.oem4f (.text:ti_sysbios_heaps_HeapMem_Object__get__S)
                  0000cfe8    00000014     sysbios.aem4f : BIOS.obj (.text:ti_sysbios_knl_Event_Instance_init__E)
                  0000cffc    00000014     empty_pem4f.oem4f (.text:ti_sysbios_knl_Swi_Object__get__S)
                  0000d010    00000014     motorCode.obj (.text:waitFxn)
                  0000d024    00000012     driverlib.lib : gpio.obj (.text:GPIOPinTypeADC)
                  0000d036    00000012                   : gpio.obj (.text:GPIOPinTypeEthernetLED)
                  0000d048    00000012                   : gpio.obj (.text:GPIOPinTypeGPIOInput)
                  0000d05a    00000012                   : gpio.obj (.text:GPIOPinTypeI2C)
                  0000d06c    00000012                   : gpio.obj (.text:GPIOPinTypeI2CSCL)
                  0000d07e    00000012                   : gpio.obj (.text:GPIOPinTypePWM)
                  0000d090    00000012                   : gpio.obj (.text:GPIOPinTypeSSI)
                  0000d0a2    00000012                   : gpio.obj (.text:GPIOPinTypeTimer)
                  0000d0b4    00000012                   : gpio.obj (.text:GPIOPinTypeUART)
                  0000d0c6    00000012                   : gpio.obj (.text:GPIOPinTypeUSBAnalog)
                  0000d0d8    00000012                   : gpio.obj (.text:GPIOPinTypeUSBDigital)
                  0000d0ea    00000012                   : pwm.obj (.text:PWMGenPeriodGet)
                  0000d0fc    00000012                   : pwm.obj (.text:PWMOutputInvert)
                  0000d10e    00000012                   : pwm.obj (.text:PWMOutputState)
                  0000d120    00000012     drivers_tivaware.aem4f : RingBuf.oem4f (.text:RingBuf_construct)
                  0000d132    00000012     driverlib.lib : ssi.obj (.text:SSIDataGetNonBlocking)
                  0000d144    00000012                   : timer.obj (.text:TimerLoadSet)
                  0000d156    00000012                   : timer.obj (.text:TimerMatchSet)
                  0000d168    00000012                   : timer.obj (.text:TimerPrescaleMatchSet)
                  0000d17a    00000012                   : timer.obj (.text:TimerPrescaleSet)
                  0000d18c    00000004     --HOLE-- [fill = 0]
                  0000d190    00000012     sysbios.aem4f : BIOS.obj (.text:ti_sysbios_hal_Hwi_Module_startup__E)
                  0000d1a2    00000012     rtsv7M4_T_le_v4SPD16_eabi.lib : wcslen.c.obj (.text:wcslen)
                  0000d1b4    00000012     empty_pem4f.oem4f (.text:xdc_runtime_Startup_exec__I)
                  0000d1c6    00000002     --HOLE-- [fill = 0]
                  0000d1c8    00000010     empty_pem4f.oem4f (.text:.bootCodeSection:ti_catalog_arm_cortexm4_tiva_ce_Boot_init__I)
                  0000d1d8    00000010     driverlib.lib : adc.obj (.text:ADCIntEnable)
                  0000d1e8    00000010                   : pwm.obj (.text:PWMGenPeriodSet)
                  0000d1f8    00000010     drivers_tivaware.aem4f : PWM.oem4f (.text:PWM_Params_init)
                  0000d208    00000010                            : UARTTiva.oem4f (.text:readBlockingTimeout)
                  0000d218    00000010     sysbios.aem4f : BIOS.obj (.text:ti_sysbios_BIOS_getCpuFreq__E)
                  0000d228    00000010                   : BIOS.obj (.text:ti_sysbios_BIOS_setThreadType__E)
                  0000d238    00000010                   : BIOS.obj (.text:ti_sysbios_BIOS_start__E)
                  0000d248    00000010                   : m3_TaskSupport_asm.obj (.text:ti_sysbios_family_arm_m3_TaskSupport_glue)
                  0000d258    00000010                   : BIOS.obj (.text:ti_sysbios_gates_GateMutex_Instance_finalize__E)
                  0000d268    00000010     empty_pem4f.oem4f (.text:ti_sysbios_hal_Hwi_HwiProxy_Object__create__S)
                  0000d278    00000010     sysbios.aem4f : BIOS.obj (.text:ti_sysbios_knl_Semaphore_Instance_finalize__E)
                  0000d288    00000010                   : BIOS.obj (.text:ti_sysbios_knl_Swi_disable__E)
                  0000d298    00000010     empty_pem4f.oem4f (.text:ti_sysbios_knl_Task_Object__get__S)
                  0000d2a8    00000010     sysbios.aem4f : BIOS.obj (.text:ti_sysbios_knl_Task_disable__E)
                  0000d2b8    00000010     ti.targets.arm.rtsarm.aem4f : Gate.oem4f (.text:xdc_runtime_Gate_leaveSystem__E)
                  0000d2c8    00000010                                 : Memory.oem4f (.text:xdc_runtime_Memory_free__E)
                  0000d2d8    00000010                                 : SysMin.oem4f (.text:xdc_runtime_SysMin_ready__E)
                  0000d2e8    00000010                                 : System.oem4f (.text:xdc_runtime_System_vsnprintf__E)
                  0000d2f8    00000010     empty_pem4f.oem4f (.text:xdc_runtime_Text_visitRope__I)
                  0000d308    0000000e     driverlib.lib : adc.obj (.text:ADCSequenceEnable)
                  0000d316    0000000e                   : gpio.obj (.text:GPIOIntStatus)
                  0000d324    0000000e     grlib.lib : image.obj (.text:GrImageDraw)
                  0000d332    0000000e     driverlib.lib : timer.obj (.text:TimerEnable)
                  0000d340    0000000e                   : uart.obj (.text:UARTCharGetNonBlocking)
                  0000d34e    0000000e                   : uart.obj (.text:UARTCharPutNonBlocking)
                  0000d35c    0000000e     rtsv7M4_T_le_v4SPD16_eabi.lib : copy_decompress_none.c.obj (.text:decompress:none:__TI_decompress_none)
                  0000d36a    00000006     driverlib.lib : i2c.obj (.text:I2CMasterIntDisable)
                  0000d370    0000000e     sysbios.aem4f : BIOS.obj (.text:ti_sysbios_knl_Idle_loop__E)
                  0000d37e    00000002     --HOLE-- [fill = 0]
                  0000d380    0000000e                   : BIOS.obj (.text:ti_sysbios_knl_Queue_empty__E)
                  0000d38e    0000000c     driverlib.lib : gpio.obj (.text:GPIOIntEnable)
                  0000d39a    0000000c                   : pwm.obj (.text:PWMGenDisable)
                  0000d3a6    0000000c                   : pwm.obj (.text:PWMGenEnable)
                  0000d3b2    0000000c     drivers_tivaware.aem4f : RingBuf.oem4f (.text:RingBuf_peek)
                  0000d3be    0000000c     driverlib.lib : uart.obj (.text:UARTFlowControlSet)
                  0000d3ca    0000000c     drivers_tivaware.aem4f : UARTTiva.oem4f (.text:UARTTiva_init)
                  0000d3d6    00000002     --HOLE-- [fill = 0]
                  0000d3d8    0000000c     rtsv7M4_T_le_v4SPD16_eabi.lib : _lock.c.obj (.text:_register_lock)
                  0000d3e4    0000000c                                   : _lock.c.obj (.text:_register_unlock)
                  0000d3f0    0000000c                                   : copy_zero_init.c.obj (.text:decompress:ZI:__TI_zero_init)
                  0000d3fc    0000000c     motorCode.obj (.text:getState)
                  0000d408    0000000c     sysbios.aem4f : BIOS.obj (.text:ti_sysbios_family_arm_lm4_Timer_getAvailMask__E)
                  0000d414    00000004     --HOLE-- [fill = 0]
                  0000d418    0000000c                   : BIOS.obj (.text:ti_sysbios_family_arm_lm4_Timer_getMaxTicks__E)
                  0000d424    0000000c     empty_pem4f.oem4f (.text:ti_sysbios_family_arm_m3_Hwi_Params__init__S)
                  0000d430    0000000c     sysbios.aem4f : BIOS.obj (.text:ti_sysbios_family_arm_m3_Hwi_disableFxn__E)
                  0000d43c    00000004     --HOLE-- [fill = 0]
                  0000d440    0000000c                   : BIOS.obj (.text:ti_sysbios_family_arm_m3_TaskSupport_checkStack__E)
                  0000d44c    0000000c     empty_pem4f.oem4f (.text:ti_sysbios_gates_GateHwi_Params__init__S)
                  0000d458    0000000c     sysbios.aem4f : BIOS.obj (.text:ti_sysbios_gates_GateHwi_enter__E)
                  0000d464    0000000c     empty_pem4f.oem4f (.text:ti_sysbios_hal_Hwi_Params__init__S)
                  0000d470    0000000c     empty_pem4f.oem4f (.text:ti_sysbios_knl_Clock_Params__init__S)
                  0000d47c    00000004     --HOLE-- [fill = 0]
                  0000d480    0000000c     sysbios.aem4f : BIOS.obj (.text:ti_sysbios_knl_Clock_getTicks__E)
                  0000d48c    0000000c     motorCode.obj (.text:ti_sysbios_knl_Event_handle)
                  0000d498    0000000c     empty_pem4f.oem4f (.text:ti_sysbios_knl_Queue_Object__get__S)
                  0000d4a4    0000000c     empty_pem4f.oem4f (.text:ti_sysbios_knl_Semaphore_Params__init__S)
                  0000d4b0    0000000c     motorCode.obj (.text:ti_sysbios_knl_Semaphore_handle)
                  0000d4bc    0000000c     empty.obj (.text:updateGraphUI)
                  0000d4c8    0000000c     ti.targets.arm.rtsarm.aem4f : Error.oem4f (.text:xdc_runtime_Error_init__E)
                  0000d4d4    0000000c                                 : Gate.oem4f (.text:xdc_runtime_Gate_enterSystem__E)
                  0000d4e0    0000000c                                 : Memory.oem4f (.text:xdc_runtime_Memory_calloc__E)
                  0000d4ec    0000000c                                 : Memory.oem4f (.text:xdc_runtime_Memory_getMaxDefaultTypeAlign__E)
                  0000d4f8    0000000a     driverlib.lib : adc.obj (.text:ADCIntClear)
                  0000d502    0000000a                   : i2c.obj (.text:I2CMasterDisable)
                  0000d50c    0000000a                   : i2c.obj (.text:I2CMasterEnable)
                  0000d516    0000000a     drivers_tivaware.aem4f : I2CTiva.oem4f (.text:I2CTiva_init)
                  0000d520    0000000a     Kentec320x240x16_ssd2119_spi.obj (.text:Kentec320x240x16_SSD2119Flush)
                  0000d52a    0000000a     drivers_tivaware.aem4f : PWMTimerTiva.oem4f (.text:PWMTimerTiva_getPeriodCounts)
                  0000d534    0000000a                            : PWM.oem4f (.text:PWM_setDuty)
                  0000d53e    0000000a     driverlib.lib : ssi.obj (.text:SSIDataPut)
                  0000d548    0000000a                   : ssi.obj (.text:SSIEnable)
                  0000d552    0000000a                   : uart.obj (.text:UARTCharGet)
                  0000d55c    0000000a                   : uart.obj (.text:UARTCharPut)
                  0000d566    0000000a                   : uart.obj (.text:UARTIntDisable)
                  0000d570    0000000a                   : uart.obj (.text:UARTIntStatus)
                  0000d57a    0000000a     rtsv7M4_T_le_v4SPD16_eabi.lib : sprintf.c.obj (.text:_outc)
                  0000d584    00000004     --HOLE-- [fill = 0]
                  0000d588    0000000a     sysbios.aem4f : BIOS.obj (.text:ti_sysbios_hal_Hwi_Instance_finalize__E)
                  0000d592    0000000a     empty_pem4f.oem4f (.text:xdc_runtime_IHeap_alloc)
                  0000d59c    0000000a     empty_pem4f.oem4f (.text:xdc_runtime_IHeap_free)
                  0000d5a6    00000008     EK_TM4C1294XL.obj (.text:EK_TM4C1294XL_initGPIO)
                  0000d5ae    00000008     grlib.lib : charmap.obj (.text:GrMapISO8859_1_Unicode)
                  0000d5b6    00000008     driverlib.lib : i2c.obj (.text:I2CMasterIntClear)
                  0000d5be    00000008                   : i2c.obj (.text:I2CMasterSlaveAddrSet)
                  0000d5c6    00000008     drivers_tivaware.aem4f : I2CTiva.oem4f (.text:I2CTiva_blockingCallback)
                  0000d5ce    00000008                            : PWMTimerTiva.oem4f (.text:PWMTimerTiva_init)
                  0000d5d6    00000008     driverlib.lib : ssi.obj (.text:SSIBusy)
                  0000d5de    00000008                   : uart.obj (.text:UARTIntEnable)
                  0000d5e6    00000008                   : uart.obj (.text:UARTRxErrorGet)
                  0000d5ee    00000002     --HOLE-- [fill = 0]
                  0000d5f0    00000008     rtsv7M4_T_le_v4SPD16_eabi.lib : errno.c.obj (.text:__aeabi_errno_addr)
                  0000d5f8    00000008     drivers_tivaware.aem4f : UARTTiva.oem4f (.text:readSemCallback)
                  0000d600    00000008     sysbios.aem4f : BIOS.obj (.text:ti_sysbios_family_arm_lm4_Timer_masterDisable__I)
                  0000d608    00000008                   : BIOS.obj (.text:ti_sysbios_family_arm_m3_Hwi_doSwiRestore__I)
                  0000d610    00000008                   : BIOS.obj (.text:ti_sysbios_family_arm_m3_Hwi_startup__E)
                  0000d618    00000008     drivers_tivaware.aem4f : UARTTiva.oem4f (.text:writeSemCallback)
                  0000d620    00000006     driverlib.lib : i2c.obj (.text:I2CMasterIntEnable)
                  0000d626    00000006     drivers_tivaware.aem4f : I2CTiva.oem4f (.text:I2CTiva_control)
                  0000d62c    00000006                            : PWMTimerTiva.oem4f (.text:PWMTimerTiva_getPeriodMicroSecs)
                  0000d632    00000006     driverlib.lib : sysctl.obj (.text:SysCtlDelay)
                  0000d638    00000006                   : uart.obj (.text:UARTFIFOLevelSet)
                  0000d63e    00000006                   : uart.obj (.text:UARTRxErrorClear)
                  0000d644    00000006     grlib.lib : widget.obj (.text:WidgetMutexPut)
                  0000d64a    00000006     ti.targets.arm.rtsarm.aem4f : System.oem4f (.text:xdc_runtime_System_Module_startup__E)
                  0000d650    00000006     sysbios.aem4f : BIOS.obj (.text:ti_sysbios_family_arm_m3_Hwi_doTaskRestore__I)
                  0000d656    00000002     --HOLE-- [fill = 0]
                  0000d658    00000006                   : BIOS.obj (.text:ti_sysbios_family_arm_m3_Hwi_restoreFxn__E)
                  0000d65e    00000002     --HOLE-- [fill = 0]
                  0000d660    00000006                   : BIOS.obj (.text:ti_sysbios_gates_GateHwi_leave__E)
                  0000d666    00000002     --HOLE-- [fill = 0]
                  0000d668    00000006                   : BIOS.obj (.text:ti_sysbios_heaps_HeapMem_isBlocking__E)
                  0000d66e    00000002     --HOLE-- [fill = 0]
                  0000d670    00000006                   : BIOS.obj (.text:ti_sysbios_knl_Clock_stop__E)
                  0000d676    00000002     --HOLE-- [fill = 0]
                  0000d678    00000006                   : BIOS.obj (.text:ti_sysbios_knl_Queue_Instance_init__E)
                  0000d67e    00000002     --HOLE-- [fill = 0]
                  0000d680    00000006                   : BIOS.obj (.text:ti_sysbios_knl_Swi_startup__E)
                  0000d686    00000002     --HOLE-- [fill = 0]
                  0000d688    00000004                   : BIOS.obj (.text:ti_sysbios_gates_GateHwi_query__E)
                  0000d68c    00000004     --HOLE-- [fill = 0]
                  0000d690    00000004                   : BIOS.obj (.text:ti_sysbios_gates_GateMutex_query__E)
                  0000d694    00000004     --HOLE-- [fill = 0]
                  0000d698    00000004                   : BIOS.obj (.text:ti_sysbios_knl_Task_startup__E)
                  0000d69c    00000004     --HOLE-- [fill = 0]
                  0000d6a0    00000002                   : BIOS.obj (.text:ti_sysbios_gates_GateHwi_Instance_init__E)
                  0000d6a2    00000006     --HOLE-- [fill = 0]
                  0000d6a8    00000002                   : BIOS.obj (.text:ti_sysbios_knl_Clock_logTick__E)

.const     0    0000d6ac    00003a0c     
                  0000d6ac    00001922     empty_pem4f.oem4f (.const:xdc_runtime_Text_charTab__A)
                  0000efce    000007e5     grlib.lib : fontcmss18.obj (.const:.string:g_pui8Cmss18Data)
                  0000f7b3    00000782               : fontcmss18b.obj (.const:.string:g_pui8Cmss18bData)
                  0000ff35    00000001     empty_pem4f.oem4f (.const:xdc_runtime_Error_policy__C)
                  0000ff36    00000002     empty_pem4f.oem4f (.const:ti_catalog_arm_cortexm4_tiva_ce_Boot_Module__id__C)
                  0000ff38    000001b0     driverlib.lib : sysctl.obj (.const:g_pppui32XTALtoVCO)
                  000100e8    00000120     Boot.aem4f : Boot_sysctl.oem4f (.const:g_pppui32XTALtoVCO)
                  00010208    00000101     rtsv7M4_T_le_v4SPD16_eabi.lib : ctype.c.obj (.const:.string:_ctypes_)
                  00010309    00000001     --HOLE-- [fill = 0]
                  0001030a    00000002     empty_pem4f.oem4f (.const:ti_sysbios_family_arm_m3_Hwi_Module__id__C)
                  0001030c    000000c8     grlib.lib : fontcmss18.obj (.const:g_sFontCmss18)
                  000103d4    000000c8               : fontcmss18b.obj (.const:g_sFontCmss18b)
                  0001049c    000000c0     empty_pem4f.oem4f (.const:xdc_runtime_Text_nodeTab__A)
                  0001055c    0000009e     grlib_demo.obj (.const:.string)
                  000105fa    00000002     empty_pem4f.oem4f (.const:ti_sysbios_gates_GateMutex_Module__id__C)
                  000105fc    00000090     driverlib.lib : gpio.obj (.const:g_pui32GPIOBaseAddrs)
                  0001068c    00000070                   : interrupt.obj (.const)
                  000106fc    0000006c     Boot.aem4f : Boot_sysctl.oem4f (.const:g_pui32Xtals)
                  00010768    0000006c     driverlib.lib : sysctl.obj (.const:g_pui32Xtals)
                  000107d4    00000060     MotorLib.lib : motorlib.obj (.const:PWM_config)
                  00010834    00000058     empty_pem4f.oem4f (.const:.string)
                  0001088c    00000054     drivers_tivaware.aem4f : GPIOTiva.oem4f (.const:.string)
                  000108e0    00000054     MotorLib.lib : motorlib.obj (.const:motorLibPWMTivaHWAttrs)
                  00010934    0000004c     drivers_tivaware.aem4f : UARTTiva.oem4f (.const)
                  00010980    00000048                            : GPIOTiva.oem4f (.const:gpioBaseAddresses)
                  000109c8    00000030     Boot.aem4f : Boot_sysctl.oem4f (.const:g_sXTALtoMEMTIM)
                  000109f8    00000030     driverlib.lib : sysctl.obj (.const:g_sXTALtoMEMTIM)
                  00010a28    00000030     empty_pem4f.oem4f (.const:ti_sysbios_family_arm_m3_Hwi_Object__PARAMS__C)
                  00010a58    0000002c     empty_pem4f.oem4f (.const:ti_sysbios_hal_Hwi_Object__PARAMS__C)
                  00010a84    00000028     drivers_tivaware.aem4f : UARTTiva.oem4f (.const:UARTTiva_fxnTable)
                  00010aac    00000028     Kentec320x240x16_ssd2119_spi.obj (.const:g_sKentec320x240x16_SSD2119)
                  00010ad4    00000028     empty_pem4f.oem4f (.const:ti_sysbios_heaps_HeapMem_Module__FXNS__C)
                  00010afc    00000024     EK_TM4C1294XL.obj (.const:I2C_config)
                  00010b20    00000024     drivers_tivaware.aem4f : UART.oem4f (.const:UART_defaultParams)
                  00010b44    00000024     empty_pem4f.oem4f (.const:ti_sysbios_gates_GateHwi_Module__FXNS__C)
                  00010b68    00000024     empty_pem4f.oem4f (.const:ti_sysbios_gates_GateMutex_Module__FXNS__C)
                  00010b8c    00000024     empty_pem4f.oem4f (.const:ti_sysbios_heaps_HeapMem_Object__PARAMS__C)
                  00010bb0    00000024     empty_pem4f.oem4f (.const:ti_sysbios_knl_Clock_Object__PARAMS__C)
                  00010bd4    00000024     empty_pem4f.oem4f (.const:ti_sysbios_knl_Semaphore_Object__PARAMS__C)
                  00010bf8    00000020     drivers_tivaware.aem4f : PWMTimerTiva.oem4f (.const)
                  00010c18    00000020                            : PWMTiva.oem4f (.const)
                  00010c38    00000020     empty_pem4f.oem4f (.const:ti_sysbios_family_arm_m3_Hwi_Object__DESC__C)
                  00010c58    00000020     empty_pem4f.oem4f (.const:ti_sysbios_gates_GateHwi_Object__DESC__C)
                  00010c78    00000020     empty_pem4f.oem4f (.const:ti_sysbios_gates_GateMutex_Object__DESC__C)
                  00010c98    00000020     empty_pem4f.oem4f (.const:ti_sysbios_hal_Hwi_Object__DESC__C)
                  00010cb8    00000020     empty_pem4f.oem4f (.const:ti_sysbios_heaps_HeapMem_Object__DESC__C)
                  00010cd8    00000020     empty_pem4f.oem4f (.const:ti_sysbios_knl_Clock_Object__DESC__C)
                  00010cf8    00000020     empty_pem4f.oem4f (.const:ti_sysbios_knl_Event_Object__DESC__C)
                  00010d18    00000020     empty_pem4f.oem4f (.const:ti_sysbios_knl_Queue_Object__DESC__C)
                  00010d38    00000020     empty_pem4f.oem4f (.const:ti_sysbios_knl_Semaphore_Object__DESC__C)
                  00010d58    00000020     empty_pem4f.oem4f (.const:xdc_runtime_Startup_sfxnTab__A)
                  00010d78    0000001c     drivers_tivaware.aem4f : I2CTiva.oem4f (.const)
                  00010d94    0000001c     touch.obj (.const:g_pi32TouchParameters)
                  00010db0    00000018     EK_TM4C1294XL.obj (.const:UART_config)
                  00010dc8    00000018     EK_TM4C1294XL.obj (.const:i2cTivaHWAttrs)
                  00010de0    00000018     empty_pem4f.oem4f (.const:ti_sysbios_gates_GateHwi_Object__PARAMS__C)
                  00010df8    00000018     empty_pem4f.oem4f (.const:ti_sysbios_gates_GateMutex_Object__PARAMS__C)
                  00010e10    00000018     empty_pem4f.oem4f (.const:ti_sysbios_knl_Event_Object__PARAMS__C)
                  00010e28    00000018     empty_pem4f.oem4f (.const:ti_sysbios_knl_Queue_Object__PARAMS__C)
                  00010e40    00000018     EK_TM4C1294XL.obj (.const:uartTivaHWAttrs)
                  00010e58    00000014     EK_TM4C1294XL.obj (.const:GPIOTiva_config)
                  00010e6c    00000014     empty_pem4f.oem4f (.const:xdc_runtime_Startup_firstFxns__A)
                  00010e80    00000010     grlib.lib : context.obj (.const)
                  00010e90    00000010     MotorLib.lib : motorlib.obj (.const:motorLibPWMTimerTivaHWAttrs)
                  00010ea0    00000010     empty_pem4f.oem4f (.const:xdc_runtime_Startup_sfxnRts__A)
                  00010eb0    0000000c     drivers_tivaware.aem4f : PWM.oem4f (.const)
                  00010ebc    00000008     Boot.aem4f : Boot_sysctl.oem4f (.const)
                  00010ec4    00000008     driverlib.lib : sysctl.obj (.const)
                  00010ecc    00000008     empty_pem4f.oem4f (.const:ti_sysbios_family_arm_m3_Hwi_excHookFuncs__A)
                  00010ed4    00000008     empty_pem4f.oem4f (.const:ti_sysbios_knl_Idle_funcList__C)
                  00010edc    00000008     empty_pem4f.oem4f (.const:xdc_runtime_Startup_firstFxns__C)
                  00010ee4    00000008     empty_pem4f.oem4f (.const:xdc_runtime_Startup_lastFxns__C)
                  00010eec    00000004     empty_pem4f.oem4f (.const:ti_catalog_arm_cortexm4_tiva_ce_Boot_A_mustNotUseEnhancedClockMode__C)
                  00010ef0    00000004     empty_pem4f.oem4f (.const:ti_catalog_arm_cortexm4_tiva_ce_Boot_Module__diagsEnabled__C)
                  00010ef4    00000004     empty_pem4f.oem4f (.const:ti_catalog_arm_cortexm4_tiva_ce_Boot_Module__diagsIncluded__C)
                  00010ef8    00000004     empty_pem4f.oem4f (.const:ti_catalog_arm_cortexm4_tiva_ce_Boot_Module__diagsMask__C)
                  00010efc    00000004     empty_pem4f.oem4f (.const:ti_sysbios_family_arm_lm4_Timer_enableFunc__C)
                  00010f00    00000004     empty_pem4f.oem4f (.const:ti_sysbios_family_arm_lm4_Timer_numTimerDevices__C)
                  00010f04    00000004     empty_pem4f.oem4f (.const:ti_sysbios_family_arm_lm4_Timer_startupNeeded__C)
                  00010f08    00000004     empty_pem4f.oem4f (.const:ti_sysbios_family_arm_m3_Hwi_E_NMI__C)
                  00010f0c    00000004     empty_pem4f.oem4f (.const:ti_sysbios_family_arm_m3_Hwi_E_alreadyDefined__C)
                  00010f10    00000004     empty_pem4f.oem4f (.const:ti_sysbios_family_arm_m3_Hwi_E_busFault__C)
                  00010f14    00000004     empty_pem4f.oem4f (.const:ti_sysbios_family_arm_m3_Hwi_E_debugMon__C)
                  00010f18    00000004     empty_pem4f.oem4f (.const:ti_sysbios_family_arm_m3_Hwi_E_hardFault__C)
                  00010f1c    00000004     empty_pem4f.oem4f (.const:ti_sysbios_family_arm_m3_Hwi_E_memFault__C)
                  00010f20    00000004     empty_pem4f.oem4f (.const:ti_sysbios_family_arm_m3_Hwi_E_noIsr__C)
                  00010f24    00000004     empty_pem4f.oem4f (.const:ti_sysbios_family_arm_m3_Hwi_E_reserved__C)
                  00010f28    00000004     empty_pem4f.oem4f (.const:ti_sysbios_family_arm_m3_Hwi_E_svCall__C)
                  00010f2c    00000004     empty_pem4f.oem4f (.const:ti_sysbios_family_arm_m3_Hwi_E_usageFault__C)
                  00010f30    00000004     empty_pem4f.oem4f (.const:ti_sysbios_family_arm_m3_Hwi_NUM_INTERRUPTS__C)
                  00010f34    00000004     empty_pem4f.oem4f (.const:ti_sysbios_family_arm_m3_Hwi_Object__count__C)
                  00010f38    00000004     empty_pem4f.oem4f (.const:ti_sysbios_family_arm_m3_Hwi_ccr__C)
                  00010f3c    00000004     empty_pem4f.oem4f (.const:ti_sysbios_family_arm_m3_Hwi_excHandlerFunc__C)
                  00010f40    00000004     empty_pem4f.oem4f (.const:ti_sysbios_family_arm_m3_Hwi_excHookFuncs__C)
                  00010f44    00000004     empty_pem4f.oem4f (.const:ti_sysbios_family_arm_m3_Hwi_nullIsrFunc__C)
                  00010f48    00000004     empty_pem4f.oem4f (.const:ti_sysbios_family_arm_m3_Hwi_priGroup__C)
                  00010f4c    00000004     empty_pem4f.oem4f (.const:ti_sysbios_gates_GateMutex_A_badContext__C)
                  00010f50    00000004     empty_pem4f.oem4f (.const:ti_sysbios_gates_GateMutex_Instance_State_sem__O)
                  00010f54    00000004     empty_pem4f.oem4f (.const:ti_sysbios_gates_GateMutex_Module__diagsEnabled__C)
                  00010f58    00000004     empty_pem4f.oem4f (.const:ti_sysbios_gates_GateMutex_Module__diagsIncluded__C)
                  00010f5c    00000004     empty_pem4f.oem4f (.const:ti_sysbios_gates_GateMutex_Module__diagsMask__C)
                  00010f60    00000004     empty_pem4f.oem4f (.const:ti_sysbios_hal_Hwi_E_stackOverflow__C)
                  00010f64    00000004     empty_pem4f.oem4f (.const:ti_sysbios_heaps_HeapMem_A_align__C)
                  00010f68    00000004     empty_pem4f.oem4f (.const:ti_sysbios_heaps_HeapMem_A_heapSize__C)
                  00010f6c    00000004     empty_pem4f.oem4f (.const:ti_sysbios_heaps_HeapMem_A_invalidFree__C)
                  00010f70    00000004     empty_pem4f.oem4f (.const:ti_sysbios_heaps_HeapMem_A_zeroBlock__C)
                  00010f74    00000004     empty_pem4f.oem4f (.const:ti_sysbios_heaps_HeapMem_E_memory__C)
                  00010f78    00000004     empty_pem4f.oem4f (.const:ti_sysbios_heaps_HeapMem_Module__diagsEnabled__C)
                  00010f7c    00000004     empty_pem4f.oem4f (.const:ti_sysbios_heaps_HeapMem_Module__diagsIncluded__C)
                  00010f80    00000004     empty_pem4f.oem4f (.const:ti_sysbios_heaps_HeapMem_Module__diagsMask__C)
                  00010f84    00000004     empty_pem4f.oem4f (.const:ti_sysbios_heaps_HeapMem_Module__gateObj__C)
                  00010f88    00000004     empty_pem4f.oem4f (.const:ti_sysbios_heaps_HeapMem_Object__count__C)
                  00010f8c    00000004     empty_pem4f.oem4f (.const:ti_sysbios_heaps_HeapMem_reqAlign__C)
                  00010f90    00000004     empty_pem4f.oem4f (.const:ti_sysbios_knl_Clock_A_badThreadType__C)
                  00010f94    00000004     empty_pem4f.oem4f (.const:ti_sysbios_knl_Clock_Module_State_clockQ__O)
                  00010f98    00000004     empty_pem4f.oem4f (.const:ti_sysbios_knl_Clock_Module__diagsEnabled__C)
                  00010f9c    00000004     empty_pem4f.oem4f (.const:ti_sysbios_knl_Clock_Module__diagsIncluded__C)
                  00010fa0    00000004     empty_pem4f.oem4f (.const:ti_sysbios_knl_Clock_Module__diagsMask__C)
                  00010fa4    00000004     empty_pem4f.oem4f (.const:ti_sysbios_knl_Event_A_badContext__C)
                  00010fa8    00000004     empty_pem4f.oem4f (.const:ti_sysbios_knl_Event_A_eventInUse__C)
                  00010fac    00000004     empty_pem4f.oem4f (.const:ti_sysbios_knl_Event_A_nullEventId__C)
                  00010fb0    00000004     empty_pem4f.oem4f (.const:ti_sysbios_knl_Event_A_nullEventMasks__C)
                  00010fb4    00000004     empty_pem4f.oem4f (.const:ti_sysbios_knl_Event_A_pendTaskDisabled__C)
                  00010fb8    00000004     empty_pem4f.oem4f (.const:ti_sysbios_knl_Event_Instance_State_pendQ__O)
                  00010fbc    00000004     empty_pem4f.oem4f (.const:ti_sysbios_knl_Event_Module__diagsEnabled__C)
                  00010fc0    00000004     empty_pem4f.oem4f (.const:ti_sysbios_knl_Event_Module__diagsIncluded__C)
                  00010fc4    00000004     empty_pem4f.oem4f (.const:ti_sysbios_knl_Event_Module__diagsMask__C)
                  00010fc8    00000004     empty_pem4f.oem4f (.const:ti_sysbios_knl_Idle_funcList__A)
                  00010fcc    00000004     empty_pem4f.oem4f (.const:ti_sysbios_knl_Semaphore_A_badContext__C)
                  00010fd0    00000004     empty_pem4f.oem4f (.const:ti_sysbios_knl_Semaphore_A_noEvents__C)
                  00010fd4    00000004     empty_pem4f.oem4f (.const:ti_sysbios_knl_Semaphore_A_overflow__C)
                  00010fd8    00000004     empty_pem4f.oem4f (.const:ti_sysbios_knl_Semaphore_A_pendTaskDisabled__C)
                  00010fdc    00000004     empty_pem4f.oem4f (.const:ti_sysbios_knl_Semaphore_Instance_State_pendQ__O)
                  00010fe0    00000004     empty_pem4f.oem4f (.const:ti_sysbios_knl_Semaphore_Module__diagsEnabled__C)
                  00010fe4    00000004     empty_pem4f.oem4f (.const:ti_sysbios_knl_Semaphore_Module__diagsIncluded__C)
                  00010fe8    00000004     empty_pem4f.oem4f (.const:ti_sysbios_knl_Semaphore_Module__diagsMask__C)
                  00010fec    00000004     empty_pem4f.oem4f (.const:ti_sysbios_knl_Swi_Object__count__C)
                  00010ff0    00000004     empty_pem4f.oem4f (.const:ti_sysbios_knl_Task_E_spOutOfBounds__C)
                  00010ff4    00000004     empty_pem4f.oem4f (.const:ti_sysbios_knl_Task_E_stackOverflow__C)
                  00010ff8    00000004     empty_pem4f.oem4f (.const:ti_sysbios_knl_Task_Module_State_inactiveQ__O)
                  00010ffc    00000004     empty_pem4f.oem4f (.const:ti_sysbios_knl_Task_Object__count__C)
                  00011000    00000004     empty_pem4f.oem4f (.const:ti_sysbios_knl_Task_allBlockedFunc__C)
                  00011004    00000004     empty_pem4f.oem4f (.const:ti_sysbios_knl_Task_numConstructedTasks__C)
                  00011008    00000004     empty_pem4f.oem4f (.const:xdc_runtime_Assert_E_assertFailed__C)
                  0001100c    00000004     empty_pem4f.oem4f (.const:xdc_runtime_Core_A_initializedParams__C)
                  00011010    00000004     empty_pem4f.oem4f (.const:xdc_runtime_Core_Module__diagsEnabled__C)
                  00011014    00000004     empty_pem4f.oem4f (.const:xdc_runtime_Core_Module__diagsIncluded__C)
                  00011018    00000004     empty_pem4f.oem4f (.const:xdc_runtime_Core_Module__diagsMask__C)
                  0001101c    00000004     empty_pem4f.oem4f (.const:xdc_runtime_Error_E_generic__C)
                  00011020    00000004     empty_pem4f.oem4f (.const:xdc_runtime_Error_E_memory__C)
                  00011024    00000004     empty_pem4f.oem4f (.const:xdc_runtime_Error_Module__diagsEnabled__C)
                  00011028    00000004     empty_pem4f.oem4f (.const:xdc_runtime_Error_Module__diagsIncluded__C)
                  0001102c    00000004     empty_pem4f.oem4f (.const:xdc_runtime_Error_Module__diagsMask__C)
                  00011030    00000004     empty_pem4f.oem4f (.const:xdc_runtime_Error_Module__loggerFxn8__C)
                  00011034    00000004     empty_pem4f.oem4f (.const:xdc_runtime_Error_Module__loggerObj__C)
                  00011038    00000004     empty_pem4f.oem4f (.const:xdc_runtime_Error_policyFxn__C)
[...]
00010fd0  ti_sysbios_knl_Semaphore_A_noEvents__C                               
00010fd4  ti_sysbios_knl_Semaphore_A_overflow__C                               
00010fd8  ti_sysbios_knl_Semaphore_A_pendTaskDisabled__C                       
00010fdc  ti_sysbios_knl_Semaphore_Instance_State_pendQ__O                     
00010fe0  ti_sysbios_knl_Semaphore_Module__diagsEnabled__C                     
00010fe4  ti_sysbios_knl_Semaphore_Module__diagsIncluded__C                    
00010fe8  ti_sysbios_knl_Semaphore_Module__diagsMask__C                        
00010fec  ti_sysbios_knl_Swi_Object__count__C                                  
00010ff0  ti_sysbios_knl_Task_E_spOutOfBounds__C                               
00010ff4  ti_sysbios_knl_Task_E_stackOverflow__C                               
00010ff8  ti_sysbios_knl_Task_Module_State_inactiveQ__O                        
00010ffc  ti_sysbios_knl_Task_Object__count__C                                 
00011000  ti_sysbios_knl_Task_allBlockedFunc__C                                
00011004  ti_sysbios_knl_Task_numConstructedTasks__C                           
00011008  xdc_runtime_Assert_E_assertFailed__C                                 
0001100c  xdc_runtime_Core_A_initializedParams__C                              
00011010  xdc_runtime_Core_Module__diagsEnabled__C                             
00011014  xdc_runtime_Core_Module__diagsIncluded__C                            
00011018  xdc_runtime_Core_Module__diagsMask__C                                
0001101c  xdc_runtime_Error_E_generic__C                                       
00011020  xdc_runtime_Error_E_memory__C                                        
00011024  xdc_runtime_Error_Module__diagsEnabled__C                            
00011028  xdc_runtime_Error_Module__diagsIncluded__C                           
0001102c  xdc_runtime_Error_Module__diagsMask__C                               
00011030  xdc_runtime_Error_Module__loggerFxn8__C                              
00011034  xdc_runtime_Error_Module__loggerObj__C                               
00011038  xdc_runtime_Error_policyFxn__C                                       
0001103c  xdc_runtime_Error_raiseHook__C                                       
00011040  xdc_runtime_IGateProvider_Interface__BASE__C                         
00011044  xdc_runtime_IHeap_Interface__BASE__C                                 
00011048  xdc_runtime_IModule_Interface__BASE__C                               
0001104c  xdc_runtime_Log_L_error__C                                           
00011050  xdc_runtime_Memory_defaultHeapInstance__C                            
00011054  xdc_runtime_Startup_execImpl__C                                      
00011058  xdc_runtime_Startup_maxPasses__C                                     
0001105c  xdc_runtime_Startup_sfxnRts__C                                       
00011060  xdc_runtime_Startup_sfxnTab__C                                       
00011064  xdc_runtime_SysMin_bufSize__C                                        
00011068  xdc_runtime_SysMin_outputFunc__C                                     
0001106c  xdc_runtime_System_Module__gateObj__C                                
00011070  xdc_runtime_System_abortFxn__C                                       
00011074  xdc_runtime_System_exitFxn__C                                        
00011078  xdc_runtime_System_extendFxn__C                                      
0001107c  xdc_runtime_System_maxAtexitHandlers__C                              
00011080  xdc_runtime_Text_charTab__C                                          
00011084  xdc_runtime_Text_nameEmpty__C                                        
00011088  xdc_runtime_Text_nameStatic__C                                       
0001108c  xdc_runtime_Text_nameUnknown__C                                      
00011090  xdc_runtime_Text_nodeTab__C                                          
00011094  xdc_runtime_Text_visitRopeFxn__C                                     
00011098  ti_sysbios_hal_Hwi_Module__id__C                                     
0001109a  ti_sysbios_heaps_HeapMem_Module__id__C                               
0001109c  ti_sysbios_knl_Clock_Module__id__C                                   
0001109e  ti_sysbios_knl_Event_Module__id__C                                   
000110a0  ti_sysbios_knl_Semaphore_Module__id__C                               
000110a2  ti_sysbios_knl_Task_Module__id__C                                    
000110a4  xdc_runtime_Core_Module__id__C                                       
000110a6  xdc_runtime_Error_Module__loggerDefined__C                           
000110a8  xdc_runtime_Error_maxDepth__C                                        
000110aa  xdc_runtime_Main_Module__id__C                                       
000110ac  xdc_runtime_Memory_Module__id__C                                     
000110ae  xdc_runtime_SysMin_flushAtExit__C                                    
000110b0  xdc_runtime_Text_charCnt__C                                          
000110b2  xdc_runtime_Text_isLoaded__C                                         
000110b4  xdc_runtime_Text_registryModsLastId__C                               
000110b6  xdc_runtime_Text_unnamedModsLastId__C                                
000110b8  __TI_static_base__                                                   
00011488  __TI_Handler_Table_Base                                              
00011494  __TI_Handler_Table_Limit                                             
000114a8  __TI_CINIT_Base                                                      
000114c0  __TI_CINIT_Limit                                                     
20000000  __start___llvm_prf_cnts                                              
20000000  __stop___llvm_prf_cnts                                               
20000000  ti_sysbios_family_arm_m3_Hwi_ramVectors                              
20000360  ti_sysbios_knl_Task_Instance_State_0_stack__A                        
20000b60  ti_sysbios_knl_Task_Instance_State_1_stack__A                        
20001360  ti_sysbios_knl_Task_Instance_State_2_stack__A                        
20001560  ti_sysbios_heaps_HeapMem_Instance_State_0_buf__A                     
20001960  xdc_runtime_SysMin_Module_State_0_outbuf__A                          
20001d60  ti_sysbios_family_arm_m3_Hwi_dispatchTable                           
20002200  __CIOBUF_                                                            
20002320  i2cTivaObjects                                                       
20002420  uartTivaObjects                                                      
2000257c  motorLibPWMObjects                                                   
200025b4  eb                                                                   
200025e4  sContext                                                             
20002610  clockUpdateGraph                                                     
20002694  maxTime                                                              
200026b4  minTime                                                              
200026d4  uartTivaRingBuffer                                                   
200026f4  semStruct                                                            
20002710  gHwiprms                                                             
20002728  motorLibPWMTimerObjects                                              
20002740  evtStruct                                                            
20002754  valueText                                                            
20002780  graphMax                                                             
20002788  graphMin                                                             
20002790  parmbuf                                                              
20002798  SysTicks                                                             
2000279c  acceleration                                                         
200027a0  acceleration_avg                                                     
200027a4  adc0                                                                 
200027a8  data_Graph                                                           
200027ac  delta_rpm                                                            
200027b0  delta_time                                                           
200027b4  error                                                                
200027b8  evtHandle                                                            
200027bc  g_accelerationLimit                                                  
200027c0  g_currentLimit                                                       
200027c4  g_drawingGraph                                                       
200027c8  g_motorSpeed                                                         
200027cc  g_numPlotOverflow                                                    
200027d0  g_numPlotPoints                                                      
200027d4  g_pi32ParmSet                                                        
200027dc  g_sCurrentPanel                                                      
200027e0  g_ui32SysClock                                                       
200027e4  gateHwi                                                              
200027ec  graphIntMax                                                          
200027f0  graphIntMin                                                          
200027f4  hA                                                                   
200027f8  hB                                                                   
200027fc  hC                                                                   
20002800  hallA                                                                
20002804  hallB                                                                
20002808  hallC                                                                
2000280c  output                                                               
20002810  previousPoint                                                        
20002814  rpm_avg                                                              
20002818  rpm_from_UI                                                          
2000281c  semHandle                                                            
20002820  uart                                                                 
20002824  y_graph_step                                                         
20002828  g_i16TouchX                                                          
2000282a  g_i16TouchY                                                          
2000282c  e_event                                                              
2000282d  e_stop                                                               
2000282e  motorStartedUI                                                       
2000282f  motorState                                                           
20002830  print_from_clock                                                     
20002831  running                                                              
20002832  success                                                              
20002833  updateGraph                                                          
20002834  ti_sysbios_knl_Task_Object__table__V                                 
20002918  ti_sysbios_knl_Swi_Module_State_0_readyQ__A                          
20002998  motor                                                                
2000299c  prevMotor                                                            
200029a0  prevSysTick                                                          
200029a4  deltaPos                                                             
200029a8  clock_time_mins                                                      
200029ac  clock_time_secs                                                      
200029b0  rpm_actual                                                           
200029b4  acceleration_sum                                                     
200029b8  rpm_prev                                                             
200029bc  integral_error                                                       
200029c0  rpm_desired                                                          
200029c4  rpm_int                                                              
200029c8  jump                                                                 
200029cc  Kp                                                                   
200029d0  Ki                                                                   
200029d4  clock_count                                                          
200029d8  rpm_sum                                                              
200029dc  min_per_sysTick                                                      
200029e0  rotation                                                             
200029e4  rpm_sum_c                                                            
200029e8  dummy                                                                
200029ec  g_sGraphAcceleration                                                 
20002a3c  g_sGraphBack                                                         
20002a8c  g_sGraphExit                                                         
20002adc  g_sGraphLight                                                        
20002b2c  g_sGraphOption                                                       
20002b7c  g_sGraphPower                                                        
20002bcc  g_sGraphSpeed                                                        
20002c1c  g_sGraphTitle                                                        
20002c6c  g_sMotorOption                                                       
20002cbc  g_sSetOption                                                         
20002d0c  g_sSettingAcceleration                                               
20002d5c  g_sSettingBack                                                       
20002dac  g_sSettingCurrent                                                    
20002dfc  g_sSettingDecrease                                                   
20002e4c  g_sSettingExit                                                       
20002e9c  g_sSettingIncrease                                                   
20002eec  g_sSettingSpeed                                                      
20002f3c  g_sSettingTitle                                                      
20002f8c  g_sSettingValue                                                      
20002fdc  ti_sysbios_knl_Task_Module__state__V                                 
20003020  g_sGraph                                                             
20003060  g_sGraphPage                                                         
200030a0  g_sGraphsMainPage                                                    
200030e0  g_sMainPage                                                          
20003120  g_sSettingPage                                                       
20003160  g_sSettingsMainPage                                                  
200031a0  ti_sysbios_family_arm_lm4_Timer_Module_State_0_device__A             
200031e0  ti_sysbios_family_arm_lm4_Timer_Object__table__V                     
20003220  ti_sysbios_gates_GateMutex_Object__table__V                          
20003258  ti_sysbios_family_arm_m3_Hwi_Module__state__V                        
2000328c  ti_sysbios_family_arm_m3_Hwi_Object__table__V                        
200032bc  ti_sysbios_knl_Swi_Object__table__V                                  
200032ec  g_sRoot                                                              
2000331a  ti_sysbios_family_arm_m3_Hwi_Module_State_0_excActive__A             
2000331c  ti_sysbios_knl_Clock_Module__state__V                                
20003348  ti_sysbios_BIOS_Module__state__V                                     
2000336c  gpioPinConfigs                                                       
2000338c  ti_sysbios_family_arm_lm4_Timer_Module_State_0_handles__A            
200033ac  ti_sysbios_knl_Task_Module_State_0_readyQ__A                         
200033cc  ti_sysbios_knl_Swi_Module__state__V                                  
20003400  ti_sysbios_heaps_HeapMem_Object__table__V                            
20003418  x_graph_step                                                         
2000341c  x_graph_start                                                        
20003420  y_graph_start                                                        
20003424  y_graph_max                                                          
20003428  y_graph_end                                                          
2000342c  ti_sysbios_family_arm_lm4_Timer_Module__state__V                     
20003438  xdc_runtime_SysMin_Module__state__V                                  
20003444  _lock                                                                
20003448  _unlock                                                              
2000344c  gpioCallbackFunctions                                                
20003454  ti_sysbios_family_arm_m3_Hwi_Module__root__V                         
2000345c  ti_sysbios_gates_GateHwi_Module__root__V                             
20003464  ti_sysbios_gates_GateMutex_Module__root__V                           
2000346c  ti_sysbios_hal_Hwi_Module__root__V                                   
20003474  ti_sysbios_heaps_HeapMem_Module__root__V                             
2000347c  ti_sysbios_knl_Clock_Module__root__V                                 
20003484  ti_sysbios_knl_Event_Module__root__V                                 
2000348c  ti_sysbios_knl_Queue_Module__root__V                                 
20003494  ti_sysbios_knl_Semaphore_Module__root__V                             
2000349c  xdc_runtime_Registry_Module__state__V                                
200034a4  xdc_runtime_Startup_Module__state__V                                 
200034ac  xdc_runtime_System_Module_State_0_atexitHandlers__A                  
200034b4  xdc_runtime_System_Module__state__V                                  
200034c2  xdc_runtime_Error_Module__state__V                                   
200034d0  errno                                                                
200034d4  main_func_sp                                                         
200034d8  ti_sysbios_family_arm_m3_Hwi_Module_State_0_excContext__A            
200034dc  ti_sysbios_family_arm_m3_Hwi_Module_State_0_excStack__A              
200034e0  ti_sysbios_gates_GateHwi_Object__table__V                            
200034e4  ti_sysbios_knl_Task_Module_State_0_idleTask__A                       
200034e8  g_i16TouchMin                                                        
200034ec  xdc_runtime_Memory_Module__state__V                                  
200034f0  __stack                                                              
200037f0  __STACK_END                                                          
e000e000  ti_sysbios_family_arm_m3_Hwi_nvic                                    
ffffffff  __TI_pprof_out_hndl                                                  
ffffffff  __TI_prof_data_size                                                  
ffffffff  __TI_prof_data_start                                                 
ffffffff  __binit__                                                            
ffffffff  __c_args__                                                           
ffffffff  binit                                                                
UNDEFED   SHT$$INIT_ARRAY$$Base                                                
UNDEFED   SHT$$INIT_ARRAY$$Limit                                               

[946 symbols]
