******************************************************************************
                  TI ARM Linker PC v20.2.4                     
******************************************************************************
>> Linked Tue Jun  1 01:28:01 2021

OUTPUT FILE NAME:   <empty_EK_TM4C1294XL_TI.out>
ENTRY POINT SYMBOL: "_c_int00"  address: 0000b78d


MEMORY CONFIGURATION

         name            origin    length      used     unused   attr    fill
----------------------  --------  ---------  --------  --------  ----  --------
  FLASH                 00000000   00100000  00013ca2  000ec35e  R  X
  SRAM                  20000000   00040000  00004990  0003b670  RW X


SEGMENT ALLOCATION MAP

run origin  load origin   length   init length attrs members
----------  ----------- ---------- ----------- ----- -------
00000000    00000000    00013cb0   00013cb0    r-x
  00000000    00000000    0000003c   0000003c    r-- .resetVecs
  00000040    00000040    0000ec82   0000ec82    r-x .text
  0000ecc8    0000ecc8    00004ba4   00004ba4    r-- .const
  00013870    00013870    00000440   00000440    r-- .cinit
20000000    20000000    00004990   00000000    rw-
  20000000    20000000    00000360   00000000    rw- .vecs
  20000360    20000360    0000361c   00000000    rw- .bss
  2000397c    2000397c    00000d14   00000000    rw- .data
  20004690    20004690    00000300   00000000    rw- .stack


SECTION ALLOCATION MAP

 output                                  attributes/
section   page    origin      length       input sections
--------  ----  ----------  ----------   ----------------
.text      0    00000040    0000ec82     
                  00000040    00000a4e     rtsv7M4_T_le_v4SPD16_eabi.lib : _printfi.c.obj (.text:__TI_printfi)
                  00000a8e    00000002                                   : _lock.c.obj (.text:_nop)
                  00000a90    000006ac     MotorLib.lib : motorlib.obj (.text)
                  0000113c    00000004     driverlib.lib : i2c.obj (.text:I2CMasterControl)
                  00001140    00000430     sysbios.aem4f : BIOS.obj (.text:ti_sysbios_family_arm_m3_Hwi_excDumpRegs__I)
                  00001570    000003f0     grlib_demo.obj (.text:drawGraphPoint)
                  00001960    00000374     grlib.lib : image.obj (.text:InternalImageDraw)
                  00001cd4    00000004     driverlib.lib : i2c.obj (.text:I2CMasterDataGet)
                  00001cd8    0000034c     sysbios.aem4f : BIOS.obj (.text:ti_sysbios_knl_Event_pend__E)
                  00002024    0000034c     ti.targets.arm.rtsarm.aem4f : System.oem4f (.text:xdc_runtime_System_doPrint__I)
                  00002370    000002f8     grlib.lib : image.obj (.text:PixelTransparentDraw)
                  00002668    000002d0     sysbios.aem4f : BIOS.obj (.text:ti_sysbios_knl_Semaphore_pend__E)
                  00002938    000002a0     rtsv7M4_T_le_v4SPD16_eabi.lib : mktime.c.obj (.text:__mktime32)
                  00002bd8    00000270                                   : _printfi.c.obj (.text:_pconv_a)
                  00002e48    0000026c     sysbios.aem4f : BIOS.obj (.text:ti_sysbios_heaps_HeapMem_free__E)
                  000030b4    00000268     touch.obj (.text:TouchScreenDebouncer)
                  0000331c    00000254     grlib.lib : string.obj (.text:GrFontGlyphRender)
                  00003570    00000250     sysbios.aem4f : BIOS.obj (.text:ti_sysbios_heaps_HeapMem_alloc__E)
                  000037c0    00000234                   : BIOS.obj (.text:ti_sysbios_knl_Task_Instance_finalize__E)
                  000039f4    0000020c     drivers_tivaware.aem4f : UARTTiva.oem4f (.text:UARTTiva_open)
                  00003c00    00000204     Boot.aem4f : Boot_sysctl.oem4f (.text:ti_catalog_arm_cortexm4_tiva_ce_Boot_sysCtlClockFreqSetI__I)
                  00003e04    00000200     driverlib.lib : sysctl.obj (.text:SysCtlClockFreqSet)
                  00004004    00000200     rtsv7M4_T_le_v4SPD16_eabi.lib : s_exp2.c.obj (.text:exp2)
                  00004204    00000004     driverlib.lib : i2c.obj (.text:I2CMasterDataPut)
                  00004208    000001f4     sysbios.aem4f : BIOS.obj (.text:ti_sysbios_family_arm_m3_Hwi_excHandlerMax__I)
                  000043fc    000001e8     empty_pem4f.oem4f (.text:xdc_runtime_System_printfExtend__I)
                  000045e4    000001e4     Kentec320x240x16_ssd2119_spi.obj (.text:Kentec320x240x16_SSD2119Init)
                  000047c8    000001dc     Kentec320x240x16_ssd2119_spi.obj (.text:Kentec320x240x16_SSD2119PixelDrawMultiple)
                  000049a4    000001d4     grlib_demo.obj (.text:OnGraphsPage)
                  00004b78    000001d0     rtsv7M4_T_le_v4SPD16_eabi.lib : _printfi.c.obj (.text:_pconv_g)
                  00004d48    000001c0     sysbios.aem4f : BIOS.obj (.text:ti_sysbios_knl_Task_Instance_init__E)
                  00004f08    000001b8     motorCode.obj (.text:motorFxn)
                  000050c0    000001b6     rtsv7M4_T_le_v4SPD16_eabi.lib : fd_add_t2.asm.obj (.text)
                  00005276    00000002                                   : div0.asm.obj (.text)
                  00005278    000001a4     pinout.obj (.text:PinoutSet)
                  0000541c    00000190     grlib.lib : canvas.obj (.text:CanvasPaint)
                  000055ac    0000017e               : pushbutton.obj (.text:RectangularButtonPaint)
                  0000572a    00000002     empty_pem4f.oem4f (.text:ti_sysbios_BIOS_nullFunc__I)
                  0000572c    00000178     touch.obj (.text:TouchScreenIntHandler)
                  000058a4    00000174     motorCode.obj (.text:initMotor)
                  00005a18    00000174     sysbios.aem4f : BIOS.obj (.text:ti_sysbios_family_arm_m3_Hwi_excBusFault__I)
                  00005b8c    00000170     drivers_tivaware.aem4f : PWMTiva.oem4f (.text:PWMTiva_open)
                  00005cfc    00000004     driverlib.lib : uart.obj (.text:UARTIntClear)
                  00005d00    00000164     sysbios.aem4f : BIOS.obj (.text:ti_sysbios_family_arm_m3_Hwi_excUsageFault__I)
                  00005e64    00000160     grlib_demo.obj (.text:initWidgets)
                  00005fc4    00000150     drivers_tivaware.aem4f : GPIOTiva.oem4f (.text:GPIO_setConfig)
                  00006114    00000148     motorCode.obj (.text:initHallABC)
                  0000625c    00000004     grlib.lib : widget.obj (.text:WidgetDefaultMsgProc)
                  00006260    00000148     sysbios.aem4f : BIOS.obj (.text:ti_sysbios_family_arm_m3_Hwi_excMemFault__I)
                  000063a8    0000013c     rtsv7M4_T_le_v4SPD16_eabi.lib : _printfi.c.obj (.text:_pconv_e)
                  000064e4    00000004                                   : exit.c.obj (.text:abort:abort)
                  000064e8    0000013c     sysbios.aem4f : BIOS.obj (.text:ti_sysbios_heaps_HeapMem_Instance_init__E)
                  00006624    00000136     rtsv7M4_T_le_v4SPD16_eabi.lib : fd_div_t2.asm.obj (.text)
                  0000675a    00000002     empty_pem4f.oem4f (.text:xdc_runtime_Startup_reset__I)
                  0000675c    00000134     rtsv7M4_T_le_v4SPD16_eabi.lib : localtim.c.obj (.text:__localtime32)
                  00006890    00000132     driverlib.lib : gpio.obj (.text:GPIOPadConfigSet)
                  000069c2    00000002     --HOLE-- [fill = 0]
                  000069c4    00000124     grlib_demo.obj (.text:OnSettingsPage)
                  00006ae8    00000124     rtsv7M4_T_le_v4SPD16_eabi.lib : _printfi.c.obj (.text:fcvt)
                  00006c0c    00000004     empty_pem4f.oem4f (.text:ti_sysbios_BIOS_RtsGateProxy_enter__E)
                  00006c10    00000120     sysbios.aem4f : BIOS.obj (.text:ti_sysbios_family_arm_lm4_Timer_start__E)
                  00006d30    0000011c                   : BIOS.obj (.text:ti_sysbios_knl_Clock_Instance_init__E)
                  00006e4c    00000118     ti.targets.arm.rtsarm.aem4f : Error.oem4f (.text:xdc_runtime_Error_policyDefault__E)
                  00006f64    00000114     drivers_tivaware.aem4f : PWMTimerTiva.oem4f (.text:PWMTimerTiva_open)
                  00007078    00000114     empty.obj (.text:main)
                  0000718c    00000110     rtsv7M4_T_le_v4SPD16_eabi.lib : s_scalbn.c.obj (.text:scalbn)
                  0000729c    0000010c     Kentec320x240x16_ssd2119_spi.obj (.text:Kentec320x240x16_SSD2119RectFill)
                  000073a8    0000010c     touch.obj (.text:TouchScreenInit)
                  000074b4    00000106     grlib.lib : line.obj (.text:GrLineDraw)
                  000075ba    00000006     driverlib.lib : gpio.obj (.text:GPIOIntClear)
                  000075c0    00000104     sysbios.aem4f : BIOS.obj (.text:ti_sysbios_knl_Event_post__E)
                  000076c4    00000100     ti.targets.arm.rtsarm.aem4f : Core-mem.oem4f (.text:xdc_runtime_Core_createObject__I)
                  000077c4    000000fc     rtsv7M4_T_le_v4SPD16_eabi.lib : fd_mul_t2.asm.obj (.text)
                  000078c0    000000f8     ti.targets.arm.rtsarm.aem4f : Startup.oem4f (.text:xdc_runtime_Startup_startMods__I)
                  000079b8    000000f4     sysbios.aem4f : m3_Hwi_asm.obj (.text:ti_sysbios_family_arm_m3_Hwi_dispatch__I)
                  00007aac    000000f2     grlib.lib : pushbutton.obj (.text:RectangularButtonClick)
                  00007b9e    000000f0     drivers_tivaware.aem4f : PWMTiva.oem4f (.text:PWMTiva_setDuty)
                  00007c8e    00000002     --HOLE-- [fill = 0]
                  00007c90    000000f0     motorCode.obj (.text:filterFxn)
                  00007d80    000000ec     sysbios.aem4f : BIOS.obj (.text:ti_sysbios_knl_Semaphore_post__E)
                  00007e6c    000000e8     grlib.lib : widget.obj (.text:WidgetMessageQueueAdd)
                  00007f54    000000e0     drivers_tivaware.aem4f : I2CTiva.oem4f (.text:I2CTiva_open)
                  00008034    000000d6                            : I2CTiva.oem4f (.text:I2CTiva_hwiFxn)
                  0000810a    00000002     --HOLE-- [fill = 0]
                  0000810c    000000d0     motorCode.obj (.text:HallFxn)
                  000081dc    000000cc     ti.targets.arm.rtsarm.aem4f : Core-smem.oem4f (.text:xdc_runtime_Core_constructObject__I)
                  000082a8    000000c4     sensors_api.obj (.text:initLightTask)
                  0000836c    000000c0     grlib.lib : string.obj (.text:GrDefaultStringRenderer)
                  0000842c    00000004     empty_pem4f.oem4f (.text:ti_sysbios_BIOS_RtsGateProxy_leave__E)
                  00008430    000000bc     sysbios.aem4f : BIOS.obj (.text:ti_sysbios_family_arm_m3_Hwi_excDebugMon__I)
                  000084ec    00000004                   : BIOS.obj (.text:ti_sysbios_family_arm_lm4_Timer_masterEnable__I)
                  000084f0    000000bc                   : BIOS.obj (.text:ti_sysbios_family_arm_m3_Hwi_excHardFault__I)
                  000085ac    000000b8     EK_TM4C1294XL.obj (.text:EK_TM4C1294XL_initGeneral)
                  00008664    000000b8     grlib.lib : line.obj (.text:GrLineClip)
                  0000871c    000000b8     Kentec320x240x16_ssd2119_spi.obj (.text:InitSPILCDInterface)
                  000087d4    000000b8     drivers_tivaware.aem4f : PWMTimerTiva.oem4f (.text:PWMTimerTiva_setDuty)
                  0000888c    000000b4     grlib_demo.obj (.text:OnDecrease)
                  00008940    000000b4     grlib_demo.obj (.text:OnStartMotor)
                  000089f4    000000b4     grlib.lib : widget.obj (.text:WidgetMessageSendPostOrder)
                  00008aa8    000000b4     sysbios.aem4f : BIOS.obj (.text:ti_sysbios_gates_GateMutex_enter__E)
                  00008b5c    00000004     empty_pem4f.oem4f (.text:ti_sysbios_family_arm_m3_Hwi_destruct)
                  00008b60    000000b4     sysbios.aem4f : BIOS.obj (.text:ti_sysbios_knl_Task_checkStacks__E)
                  00008c14    000000b1     rtsv7M4_T_le_v4SPD16_eabi.lib : _printfi.c.obj (.text:_ltostr)
                  00008cc5    00000003     --HOLE-- [fill = 0]
                  00008cc8    000000b0     grlib_demo.obj (.text:OnIncrease)
                  00008d78    000000ac     drivers_tivaware.aem4f : UARTTiva.oem4f (.text:readTaskBlocking)
                  00008e24    00000004     empty_pem4f.oem4f (.text:ti_sysbios_family_arm_m3_TaskSupport_Module__startupDone__S)
                  00008e28    000000ac     sysbios.aem4f : BIOS.obj (.text:ti_sysbios_family_arm_lm4_Timer_enableTiva__I)
                  00008ed4    000000a8     grlib_demo.obj (.text:initUI)
                  00008f7c    00000004     empty_pem4f.oem4f (.text:ti_sysbios_hal_Hwi_HwiProxy_delete)
                  00008f80    000000a8     sysbios.aem4f : BIOS.obj (.text:ti_sysbios_family_arm_lm4_Timer_enableTimers__I)
                  00009028    000000a4     motorCode.obj (.text:PIControlFxn)
                  000090cc    00000004     empty_pem4f.oem4f (.text:ti_sysbios_heaps_HeapMem_Module_GateProxy_enter__E)
                  000090d0    000000a4     sysbios.aem4f : BIOS.obj (.text:ti_sysbios_knl_Clock_Instance_finalize__E)
                  00009174    000000a0     auto_init.aem4f : auto_init.oem4f (.text)
                  00009214    000000a0     sensors_api.obj (.text:initSensors)
                  000092b4    000000a0     ti.targets.arm.rtsarm.aem4f : Text.oem4f (.text:xdc_runtime_Text_putMod__E)
                  00009354    0000009c     rtsv7M4_T_le_v4SPD16_eabi.lib : memcpy_t2.asm.obj (.text)
                  000093f0    0000009c     sysbios.aem4f : BIOS.obj (.text:ti_sysbios_knl_Semaphore_Instance_init__E)
                  0000948c    0000009a     ti.targets.arm.rtsarm.aem4f : Text.oem4f (.text:xdc_runtime_Text_putSite__E)
                  00009526    00000098     drivers_tivaware.aem4f : UARTTiva.oem4f (.text:UARTTiva_readPolling)
                  000095be    00000002     --HOLE-- [fill = 0]
                  000095c0    00000098     Boot.aem4f : Boot.oem4f (.text:ti_catalog_arm_cortexm4_tiva_ce_Boot_sysCtlClockFreqSet__E)
                  00009658    00000096     rtsv7M4_T_le_v4SPD16_eabi.lib : ull_div_t2.asm.obj (.text)
                  000096ee    00000094     drivers_tivaware.aem4f : UARTTiva.oem4f (.text:UARTTiva_write)
                  00009782    00000006     driverlib.lib : gpio.obj (.text:GPIOPinRead)
                  00009788    00000094     sysbios.aem4f : BIOS.obj (.text:ti_sysbios_family_arm_m3_Hwi_Instance_init__E)
                  0000981c    00000004     empty_pem4f.oem4f (.text:ti_sysbios_heaps_HeapMem_Module_GateProxy_leave__E)
                  00009820    00000094     sysbios.aem4f : BIOS.obj (.text:ti_sysbios_family_arm_m3_Hwi_initNVIC__E)
                  000098b4    00000004     empty_pem4f.oem4f (.text:ti_sysbios_knl_Clock_TimerProxy_getMaxTicks__E)
                  000098b8    00000094     sysbios.aem4f : BIOS.obj (.text:ti_sysbios_knl_Task_postInit__I)
                  0000994c    0000008c     drivers_tivaware.aem4f : GPIOTiva.oem4f (.text:GPIO_init)
                  000099d8    0000008c                            : UARTTiva.oem4f (.text:UARTTiva_control)
                  00009a64    0000008c     motorCode.obj (.text:accelLimitFxn)
                  00009af0    0000008c     sysbios.aem4f : m3_TaskSupport_asm.obj (.text:ti_sysbios_family_arm_m3_TaskSupport_buildTaskStack)
                  00009b7c    0000008a     drivers_tivaware.aem4f : UARTTiva.oem4f (.text:readIsrTextBlocking)
                  00009c06    00000002     --HOLE-- [fill = 0]
                  00009c08    00000088                            : PWMTiva.oem4f (.text:PWMTiva_control)
                  00009c90    00000086     grlib.lib : rectangle.obj (.text:GrRectFill)
                  00009d16    00000086     rtsv7M4_T_le_v4SPD16_eabi.lib : fd_cmp_t2.asm.obj (.text:__aeabi_cdcmple)
                  00009d9c    00000086                                   : fd_cmp_t2.asm.obj (.text:__aeabi_cdrcmple)
                  00009e22    00000006     driverlib.lib : gpio.obj (.text:GPIOPinWrite)
                  00009e28    00000084     sysbios.aem4f : BIOS.obj (.text:ti_sysbios_family_arm_m3_Hwi_postInit__I)
                  00009eac    00000082     drivers_tivaware.aem4f : UARTTiva.oem4f (.text:readIsrTextCallback)
                  00009f2e    0000007e                            : I2CTiva.oem4f (.text:I2CTiva_transfer)
                  00009fac    0000007a     driverlib.lib : adc.obj (.text:ADCSequenceStepConfigure)
                  0000a026    0000007a     drivers_tivaware.aem4f : UARTTiva.oem4f (.text:readTaskCallback)
                  0000a0a0    0000007a     rtsv7M4_T_le_v4SPD16_eabi.lib : memset_t2.asm.obj (.text)
                  0000a11a    00000002     --HOLE-- [fill = 0]
                  0000a11c    00000074     motorCode.obj (.text:ADCTriggerFxn)
                  0000a190    00000074     sysbios.aem4f : BIOS.obj (.text:ti_sysbios_knl_Clock_start__E)
                  0000a204    00000070     opt3001.obj (.text:OPT3001Convert)
                  0000a274    00000004     empty_pem4f.oem4f (.text:ti_sysbios_knl_Clock_destruct)
                  0000a278    00000070     sysbios.aem4f : BIOS.obj (.text:ti_sysbios_knl_Clock_workFunc__E)
                  0000a2e8    00000070                   : BIOS.obj (.text:ti_sysbios_knl_Task_exit__E)
                  0000a358    0000006e     rtsv7M4_T_le_v4SPD16_eabi.lib : _printfi.c.obj (.text:_mcpy)
                  0000a3c6    0000006e                                   : fd_tos_t2.asm.obj (.text)
                  0000a434    0000006e                                   : ll_div_t2.asm.obj (.text)
                  0000a4a2    00000002     --HOLE-- [fill = 0]
                  0000a4a4    0000006d     ti.targets.arm.rtsarm.aem4f : System.oem4f (.text:xdc_runtime_System_formatNum__I)
                  0000a511    00000003     --HOLE-- [fill = 0]
                  0000a514    0000006c     grlib_demo.obj (.text:OnGraphsMain)
                  0000a580    0000006c     drivers_tivaware.aem4f : PWMTimerTiva.oem4f (.text:PWMTimerTiva_control)
                  0000a5ec    0000006c     rtsv7M4_T_le_v4SPD16_eabi.lib : asctime.c.obj (.text:asctime)
                  0000a658    0000006c     empty_pem4f.oem4f (.text:ti_sysbios_family_arm_m3_Hwi_Object__create__S)
                  0000a6c4    00000004     empty_pem4f.oem4f (.text:ti_sysbios_knl_Queue_destruct)
                  0000a6c8    0000006c     sysbios.aem4f : BIOS.obj (.text:ti_sysbios_knl_Swi_restoreHwi__E)
                  0000a734    0000006c     drivers_tivaware.aem4f : UARTTiva.oem4f (.text:writeData)
                  0000a7a0    0000006c     ti.targets.arm.rtsarm.aem4f : Error.oem4f (.text:xdc_runtime_Error_print__E)
                  0000a80c    0000006c                                 : Memory.oem4f (.text:xdc_runtime_Memory_alloc__E)
                  0000a878    0000006a     drivers_tivaware.aem4f : PWMTiva.oem4f (.text:PWMTiva_close)
                  0000a8e2    00000002     --HOLE-- [fill = 0]
                  0000a8e4    00000068     grlib_demo.obj (.text:DrawDayNight)
                  0000a94c    00000068     grlib_demo.obj (.text:DrawTime)
                  0000a9b4    00000068     grlib.lib : context.obj (.text:GrContextInit)
                  0000aa1c    00000068               : string.obj (.text:GrStringWidthGet)
                  0000aa84    00000068     driverlib.lib : interrupt.obj (.text:IntEnable)
                  0000aaec    00000068     Kentec320x240x16_ssd2119_spi.obj (.text:Kentec320x240x16_SSD2119LineDrawH)
                  0000ab54    00000068     Kentec320x240x16_ssd2119_spi.obj (.text:Kentec320x240x16_SSD2119LineDrawV)
                  0000abbc    00000068     rtsv7M4_T_le_v4SPD16_eabi.lib : copy_decompress_lzss.c.obj (.text:decompress:lzss:__TI_decompress_lzss)
                  0000ac24    00000066     grlib.lib : context.obj (.text:GrContextClipRegionSet)
                  0000ac8a    00000066               : rectangle.obj (.text:GrRectDraw)
                  0000acf0    00000066     opt3001.obj (.text:OPT3001Read)
                  0000ad56    00000066     ti.targets.arm.rtsarm.aem4f : Core-mem.oem4f (.text:xdc_runtime_Core_deleteObject__I)
                  0000adbc    00000064     drivers_tivaware.aem4f : GPIOTiva.oem4f (.text:GPIO_hwiIntFxn)
                  0000ae20    00000064     opt3001.obj (.text:OPT3001Test)
                  0000ae84    00000064     grlib.lib : widget.obj (.text:WidgetMessageQueueProcess)
                  0000aee8    00000064     rtsv7M4_T_le_v4SPD16_eabi.lib : s_frexp.c.obj (.text:frexp)
                  0000af4c    00000064     empty.obj (.text:setupLightSensor)
                  0000afb0    00000064     sysbios.aem4f : BIOS.obj (.text:ti_sysbios_family_arm_lm4_Timer_Module_startup__E)
                  0000b014    00000064     empty_pem4f.oem4f (.text:ti_sysbios_family_arm_m3_Hwi_create)
                  0000b078    00000064     sysbios.aem4f : BIOS.obj (.text:ti_sysbios_family_arm_m3_Hwi_dispatchC__I)
                  0000b0dc    00000064     empty_pem4f.oem4f (.text:ti_sysbios_hal_Hwi_create)
                  0000b140    00000062     drivers_tivaware.aem4f : I2CTiva.oem4f (.text:I2CTiva_primeTransfer)
                  0000b1a2    00000002     --HOLE-- [fill = 0]
                  0000b1a4    00000060     driverlib.lib : timer.obj (.text:TimerConfigure)
                  0000b204    00000060     Kentec320x240x16_ssd2119_spi.obj (.text:WriteDataSPI)
                  0000b264    00000060     motorCode.obj (.text:statesFxn)
                  0000b2c4    00000060     sensors_api.obj (.text:taskLight)
                  0000b324    00000004     empty_pem4f.oem4f (.text:ti_sysbios_knl_Semaphore_destruct)
                  0000b328    00000060     sysbios.aem4f : BIOS.obj (.text:ti_sysbios_knl_Task_schedule__I)
                  0000b388    0000005e     grlib.lib : widget.obj (.text:WidgetMessageSendPreOrder)
                  0000b3e6    0000005e     drivers_tivaware.aem4f : UARTTiva.oem4f (.text:readIsrBinaryBlocking)
                  0000b444    0000005c     Kentec320x240x16_ssd2119_spi.obj (.text:WriteCommandSPI)
                  0000b4a0    0000005c     sensors_api.obj (.text:getLight)
                  0000b4fc    00000004     ti.targets.arm.rtsarm.aem4f : Error.oem4f (.text:xdc_runtime_Error_getSite__E)
                  0000b500    0000005c     sysbios.aem4f : BIOS.obj (.text:ti_sysbios_knl_Swi_run__I)
                  0000b55c    00000004     empty_pem4f.oem4f (.text:xdc_runtime_System_Module_GateProxy_enter__E)
                  0000b560    0000005c     sysbios.aem4f : BIOS.obj (.text:ti_sysbios_knl_Swi_schedule__I)
                  0000b5bc    00000004     empty_pem4f.oem4f (.text:xdc_runtime_System_Module_GateProxy_leave__E)
                  0000b5c0    0000005c     sysbios.aem4f : BIOS.obj (.text:ti_sysbios_knl_Task_Module_startup__E)
                  0000b61c    0000005c     empty_pem4f.oem4f (.text:ti_sysbios_knl_Task_create)
                  0000b678    0000005c     sysbios.aem4f : BIOS.obj (.text:ti_sysbios_knl_Task_startCore__E)
                  0000b6d4    0000005b     ti.targets.arm.rtsarm.aem4f : Text.oem4f (.text:xdc_runtime_Text_putLab__E)
                  0000b72f    00000001     --HOLE-- [fill = 0]
                  0000b730    0000005a     grlib.lib : string.obj (.text:FontWideGlyphDataGet)
                  0000b78a    00000002     --HOLE-- [fill = 0]
                  0000b78c    00000058     boot.aem4f : boot.oem4f (.text)
                  0000b7e4    00000058     rtsv7M4_T_le_v4SPD16_eabi.lib : hostwrite.c.obj (.text:HOSTwrite)
                  0000b83c    00000058     driverlib.lib : timer.obj (.text:TimerControlTrigger)
                  0000b894    00000058     empty_pem4f.oem4f (.text:ti_sysbios_family_arm_m3_Hwi_construct)
                  0000b8ec    00000058     sysbios.aem4f : m3_Hwi_asm_switch.obj (.text:ti_sysbios_family_arm_m3_Hwi_initStacks__E)
                  0000b944    00000056     driverlib.lib : gpio.obj (.text:GPIOIntTypeSet)
                  0000b99a    00000056     rtsv7M4_T_le_v4SPD16_eabi.lib : _printfi.c.obj (.text:_pconv_f)
                  0000b9f0    00000054     EK_TM4C1294XL.obj (.text:EK_TM4C1294XL_initUART)
                  0000ba44    00000054     rtsv7M4_T_le_v4SPD16_eabi.lib : _ltoa.c.obj (.text:__TI_ltoa)
                  0000ba98    00000054     drivers_tivaware.aem4f : UARTTiva.oem4f (.text:readIsrBinaryCallback)
                  0000baec    00000054     ti.targets.arm.rtsarm.aem4f : Assert.oem4f (.text:xdc_runtime_Assert_raise__I)
                  0000bb40    00000052     rtsv7M4_T_le_v4SPD16_eabi.lib : _printfi.c.obj (.text:_ecpy)
                  0000bb92    00000002     --HOLE-- [fill = 0]
                  0000bb94    00000050     motorCode.obj (.text:ADC0_Init)
                  0000bbe4    00000050     driverlib.lib : adc.obj (.text:ADCSequenceConfigure)
                  0000bc34    00000050     drivers_tivaware.aem4f : GPIOTiva.oem4f (.text:GPIO_setCallback)
                  0000bc84    00000050                            : GPIOTiva.oem4f (.text:GPIO_toggle)
                  0000bcd4    00000050                            : GPIOTiva.oem4f (.text:GPIO_write)
                  0000bd24    00000050     opt3001.obj (.text:OPT3001WriteI2C)
                  0000bd74    00000050     drivers_tivaware.aem4f : UARTTiva.oem4f (.text:UARTTiva_writeCancel)
                  0000bdc4    00000050     Boot.aem4f : Boot_sysctl.oem4f (.text:_SysCtlFrequencyGet)
                  0000be14    00000004     ti.targets.arm.rtsarm.aem4f : System.oem4f (.text:xdc_runtime_System_aprintf_va__F)
                  0000be18    00000050     sysbios.aem4f : BIOS.obj (.text:ti_sysbios_family_arm_m3_Hwi_Module_startup__E)
                  0000be68    00000050     ti.targets.arm.rtsarm.aem4f : Startup.oem4f (.text:xdc_runtime_Startup_exec__E)
                  0000beb8    00000050                                 : Text.oem4f (.text:xdc_runtime_Text_visitRope2__I)
                  0000bf08    0000004c     driverlib.lib : i2c.obj (.text:I2CMasterInitExpClk)
                  0000bf54    0000004c     drivers_tivaware.aem4f : UARTTiva.oem4f (.text:UARTTiva_close)
                  0000bfa0    0000004c     grlib.lib : widget.obj (.text:WidgetRemove)
                  0000bfec    0000004c     rtsv7M4_T_le_v4SPD16_eabi.lib : atoi.c.obj (.text:atoi)
                  0000c038    0000004c                                   : cpy_tbl.c.obj (.text:copy_in)
                  0000c084    0000004c     grlib_demo.obj (.text:drawSettingValue)
                  0000c0d0    0000004c     motorCode.obj (.text:initUART)
                  0000c11c    0000004c     rtsv7M4_T_le_v4SPD16_eabi.lib : snprintf.c.obj (.text:snprintf)
                  0000c168    0000004c     sysbios.aem4f : BIOS.obj (.text:ti_sysbios_family_arm_lm4_Timer_setAvailMask__E)
                  0000c1b4    00000004     ti.targets.arm.rtsarm.aem4f : System.oem4f (.text:xdc_runtime_System_printf_va__F)
                  0000c1b8    0000004c     sysbios.aem4f : BIOS.obj (.text:ti_sysbios_heaps_HeapMem_getStats__E)
                  0000c204    00000004     --HOLE-- [fill = 0]
                  0000c208    0000004c                   : BIOS.obj (.text:ti_sysbios_knl_Swi_runLoop__I)
                  0000c254    00000004     --HOLE-- [fill = 0]
                  0000c258    0000004c                   : BIOS.obj (.text:ti_sysbios_knl_Task_allBlockedFunction__I)
                  0000c2a4    0000004a     drivers_tivaware.aem4f : PWMTimerTiva.oem4f (.text:PWMTimerTiva_close)
                  0000c2ee    0000004a     grlib.lib : string.obj (.text:UpdateContextCharMapping)
                  0000c338    00000048     driverlib.lib : gpio.obj (.text:GPIOPinConfigure)
                  0000c380    00000048     rtsv7M4_T_le_v4SPD16_eabi.lib : hosttime.c.obj (.text:HOSTtime)
                  0000c3c8    00000048     grlib_demo.obj (.text:OnMainMenu)
                  0000c410    00000048     grlib_demo.obj (.text:OnSettingsMain)
                  0000c458    00000048     driverlib.lib : sysctl.obj (.text:_SysCtlFrequencyGet)
                  0000c4a0    00000048     rtsv7M4_T_le_v4SPD16_eabi.lib : fd_toi_t2.asm.obj (.text)
                  0000c4e8    00000048     sysbios.aem4f : BIOS.obj (.text:ti_sysbios_family_arm_m3_Hwi_disableInterrupt__E)
                  0000c530    00000048                   : BIOS.obj (.text:ti_sysbios_family_arm_m3_Hwi_enableInterrupt__E)
                  0000c578    00000048                   : BIOS.obj (.text:ti_sysbios_family_arm_m3_Hwi_excReserved__I)
                  0000c5c0    00000046     grlib.lib : line.obj (.text:GrLineDrawH)
                  0000c606    00000046               : line.obj (.text:GrLineDrawV)
                  0000c64c    00000046     Kentec320x240x16_ssd2119_spi.obj (.text:Kentec320x240x16_SSD2119PixelDraw)
                  0000c692    00000046     drivers_tivaware.aem4f : RingBuf.oem4f (.text:RingBuf_put)
                  0000c6d8    00000046     driverlib.lib : uart.obj (.text:UARTConfigSetExpClk)
                  0000c71e    00000046     ti.targets.arm.rtsarm.aem4f : Core-params.oem4f (.text:xdc_runtime_Core_assignParams__I)
                  0000c764    00000044     rtsv7M4_T_le_v4SPD16_eabi.lib : fd_tou_t2.asm.obj (.text)
                  0000c7a8    00000044     sysbios.aem4f : BIOS.obj (.text:ti_sysbios_family_arm_lm4_Timer_isrStub__E)
                  0000c7ec    00000004     --HOLE-- [fill = 0]
                  0000c7f0    00000044                   : BIOS.obj (.text:ti_sysbios_family_arm_m3_Hwi_getStackInfo__E)
                  0000c834    00000004     --HOLE-- [fill = 0]
                  0000c838    00000044                   : BIOS.obj (.text:ti_sysbios_knl_Swi_post__E)
                  0000c87c    00000044     ti.targets.arm.rtsarm.aem4f : Error.oem4f (.text:xdc_runtime_Error_setX__E)
                  0000c8c0    00000044                                 : SysMin.oem4f (.text:xdc_runtime_SysMin_flush__E)
                  0000c904    00000044                                 : Text.oem4f (.text:xdc_runtime_Text_xprintf__I)
                  0000c948    00000042     drivers_tivaware.aem4f : UARTTiva.oem4f (.text:UARTTiva_hwiIntFxn)
                  0000c98a    00000042                            : UARTTiva.oem4f (.text:UARTTiva_writePolling)
                  0000c9cc    00000040     opt3001.obj (.text:OPT3001ReadI2C)
                  0000ca0c    00000040     drivers_tivaware.aem4f : RingBuf.oem4f (.text:RingBuf_get)
                  0000ca4c    00000040                            : UARTTiva.oem4f (.text:UARTTiva_read)
                  0000ca8c    00000040     rtsv7M4_T_le_v4SPD16_eabi.lib : u_divt2.asm.obj (.text)
                  0000cacc    00000040                                   : sprintf.c.obj (.text:sprintf)
                  0000cb0c    00000004     --HOLE-- [fill = 0]
                  0000cb10    00000040     sysbios.aem4f : BIOS.obj (.text:ti_sysbios_family_arm_lm4_Timer_startup__E)
                  0000cb50    0000003e     rtsv7M4_T_le_v4SPD16_eabi.lib : _printfi.c.obj (.text:_fcpy)
                  0000cb8e    00000002     --HOLE-- [fill = 0]
                  0000cb90    0000003c     EK_TM4C1294XL.obj (.text:EK_TM4C1294XL_initI2C)
                  0000cbcc    0000003c     driverlib.lib : ssi.obj (.text:SSIConfigSetExpClk)
                  0000cc08    0000003c     sysbios.aem4f : BIOS.obj (.text:ti_sysbios_family_arm_m3_Hwi_excSvCall__I)
                  0000cc44    00000004     --HOLE-- [fill = 0]
                  0000cc48    0000003c                   : BIOS.obj (.text:ti_sysbios_heaps_HeapMem_init__I)
                  0000cc84    00000004     --HOLE-- [fill = 0]
                  0000cc88    0000003c                   : BIOS.obj (.text:ti_sysbios_knl_Swi_restore__E)
                  0000ccc4    0000003a     grlib.lib : string.obj (.text:FontGlyphDataGet)
                  0000ccfe    0000003a     drivers_tivaware.aem4f : I2CTiva.oem4f (.text:I2CTiva_completeTransfer)
                  0000cd38    00000038                            : I2C.oem4f (.text:I2C_init)
                  0000cd70    00000038                            : PWM.oem4f (.text:PWM_init)
                  0000cda8    00000038     driverlib.lib : sysctl.obj (.text:SysCtlPeripheralReady)
                  0000cde0    00000038     drivers_tivaware.aem4f : UART.oem4f (.text:UART_init)
                  0000ce18    00000038     rtsv7M4_T_le_v4SPD16_eabi.lib : trgmsg.c.obj (.text:__TI_writemsg)
                  0000ce50    00000038                                   : fs_tod_t2.asm.obj (.text)
                  0000ce88    00000038     motorCode.obj (.text:startMotor)
                  0000cec0    00000038     sysbios.aem4f : BIOS.obj (.text:ti_sysbios_family_arm_m3_Hwi_excNoIsr__I)
                  0000cef8    00000038     empty_pem4f.oem4f (.text:ti_sysbios_knl_Clock_create)
                  0000cf30    00000038     sysbios.aem4f : BIOS.obj (.text:ti_sysbios_knl_Task_processVitalTaskFlag__I)
                  0000cf68    00000038     ti.targets.arm.rtsarm.aem4f : SysMin.oem4f (.text:xdc_runtime_SysMin_putch__E)
                  0000cfa0    00000038                                 : System.oem4f (.text:xdc_runtime_System_atexit__E)
                  0000cfd8    00000036     grlib.lib : line.obj (.text:GrClipCodeGet)
                  0000d00e    00000036     drivers_tivaware.aem4f : I2CTiva.oem4f (.text:I2CTiva_close)
                  0000d044    00000036                            : UARTTiva.oem4f (.text:UARTTiva_readCancel)
                  0000d07a    00000002     --HOLE-- [fill = 0]
                  0000d07c    00000034     driverlib.lib : sysctl.obj (.text:SysCtlPeripheralEnable)
                  0000d0b0    00000034     rtsv7M4_T_le_v4SPD16_eabi.lib : trgmsg.c.obj (.text:__TI_readmsg)
                  0000d0e4    00000004     --HOLE-- [fill = 0]
                  0000d0e8    00000034     sysbios.aem4f : BIOS.obj (.text:ti_sysbios_family_arm_m3_Hwi_Instance_finalize__E)
                  0000d11c    00000004     --HOLE-- [fill = 0]
                  0000d120    00000034                   : BIOS.obj (.text:ti_sysbios_family_arm_m3_Hwi_excNmi__I)
                  0000d154    00000004     --HOLE-- [fill = 0]
                  0000d158    00000034                   : BIOS.obj (.text:ti_sysbios_hal_Hwi_checkStack)
                  0000d18c    00000034     empty_pem4f.oem4f (.text:ti_sysbios_knl_Clock_construct)
                  0000d1c0    00000034     ti.targets.arm.rtsarm.aem4f : Core-label.oem4f (.text:xdc_runtime_Core_assignLabel__I)
                  0000d1f4    00000033                                 : Text.oem4f (.text:xdc_runtime_Text_printVisFxn__I)
                  0000d227    00000001     --HOLE-- [fill = 0]
                  0000d228    00000032     sysbios.aem4f : BIOS.obj (.text:ti_sysbios_hal_Hwi_initStack)
                  0000d25a    00000002     --HOLE-- [fill = 0]
                  0000d25c    00000030     drivers_tivaware.aem4f : GPIOTiva.oem4f (.text:GPIO_enableInt)
                  0000d28c    00000030                            : GPIOTiva.oem4f (.text:GPIO_read)
                  0000d2bc    00000030                            : I2C.oem4f (.text:I2C_open)
                  0000d2ec    00000030     grlib_demo.obj (.text:OnGraphAcceleration)
                  0000d31c    00000030     drivers_tivaware.aem4f : PWMTiva.oem4f (.text:PWMTiva_init)
                  0000d34c    00000030                            : PWM.oem4f (.text:PWM_open)
                  0000d37c    00000030                            : UART.oem4f (.text:UART_open)
                  0000d3ac    00000030     rtsv7M4_T_le_v4SPD16_eabi.lib : snprintf.c.obj (.text:_outs)
                  0000d3dc    00000030     motorCode.obj (.text:readABC)
                  0000d40c    00000030     empty_pem4f.oem4f (.text:ti_sysbios_BIOS_atExitFunc__I)
                  0000d43c    00000004     --HOLE-- [fill = 0]
                  0000d440    00000030     sysbios.aem4f : BIOS.obj (.text:ti_sysbios_family_arm_lm4_Timer_stop__E)
                  0000d470    00000030                   : BIOS.obj (.text:ti_sysbios_family_arm_m3_TaskSupport_start__E)
                  0000d4a0    00000030     empty_pem4f.oem4f (.text:ti_sysbios_gates_GateHwi_Object__create__S)
                  0000d4d0    00000030     empty_pem4f.oem4f (.text:ti_sysbios_gates_GateHwi_create)
                  0000d500    00000030     empty_pem4f.oem4f (.text:ti_sysbios_gates_GateMutex_Object__create__S)
                  0000d530    00000030     empty_pem4f.oem4f (.text:ti_sysbios_heaps_HeapMem_Object__create__S)
                  0000d560    00000030     sysbios.aem4f : BIOS.obj (.text:ti_sysbios_knl_Event_pendTimeout__I)
                  0000d590    00000030     empty_pem4f.oem4f (.text:ti_sysbios_knl_Semaphore_construct)
                  0000d5c0    00000030     sysbios.aem4f : BIOS.obj (.text:ti_sysbios_knl_Semaphore_pendTimeout__I)
                  0000d5f0    00000030                   : BIOS.obj (.text:ti_sysbios_knl_Task_unblockI__E)
                  0000d620    00000030     ti.targets.arm.rtsarm.aem4f : SysMin.oem4f (.text:xdc_runtime_SysMin_abort__E)
                  0000d650    00000030                                 : System.oem4f (.text:xdc_runtime_System_processAtExit__E)
                  0000d680    0000002e     grlib.lib : string.obj (.text:GrStringNextCharGet)
                  0000d6ae    0000002e     opt3001.obj (.text:OPT3001Enable)
                  0000d6dc    0000002e     rtsv7M4_T_le_v4SPD16_eabi.lib : i_tofd_t2.asm.obj (.text)
                  0000d70a    0000002c     grlib.lib : string.obj (.text:GrFontBaselineGet)
                  0000d736    0000002c               : string.obj (.text:GrFontHeightGet)
                  0000d762    0000002c               : pushbutton.obj (.text:RectangularButtonMsgProc)
                  0000d78e    0000002c               : widget.obj (.text:WidgetIsInTree)
                  0000d7ba    00000002     --HOLE-- [fill = 0]
                  0000d7bc    0000002c     empty_pem4f.oem4f (.text:ti_sysbios_knl_Clock_doTick__I)
                  0000d7e8    0000002c     empty_pem4f.oem4f (.text:ti_sysbios_knl_Event_construct)
                  0000d814    0000002c     empty_pem4f.oem4f (.text:ti_sysbios_knl_Queue_construct)
                  0000d840    0000002c     sysbios.aem4f : BIOS.obj (.text:ti_sysbios_knl_Task_restore__E)
                  0000d86c    0000002c     ti.targets.arm.rtsarm.aem4f : Text.oem4f (.text:xdc_runtime_Text_cordText__E)
                  0000d898    0000002b     empty.obj (.text:sensorsFxn)
                  0000d8c3    00000001     --HOLE-- [fill = 0]
                  0000d8c4    0000002a     driverlib.lib : gpio.obj (.text:GPIODirModeSet)
                  0000d8ee    0000002a     ti.targets.arm.rtsarm.aem4f : System.oem4f (.text:xdc_runtime_System_putchar__I)
                  0000d918    00000028     Kentec320x240x16_ssd2119_spi.obj (.text:Kentec320x240x16_SSD2119ColorTranslate)
                  0000d940    00000028     grlib_demo.obj (.text:OnGraphLight)
                  0000d968    00000028     grlib_demo.obj (.text:OnGraphSpeed)
                  0000d990    00000028     sysbios.aem4f : BIOS.obj (.text:ti_sysbios_hal_Hwi_Instance_init__E)
                  0000d9b8    00000028                   : BIOS.obj (.text:ti_sysbios_knl_Swi_Module_startup__E)
                  0000d9e0    00000026     grlib.lib : string.obj (.text:GrFontInfoGet)
                  0000da06    00000026     sysbios.aem4f : m3_Hwi_asm.obj (.text:ti_sysbios_family_arm_m3_Hwi_pendSV__I)
                  0000da2c    00000026     ti.targets.arm.rtsarm.aem4f : System.oem4f (.text:xdc_runtime_System_avprintf__E)
                  0000da52    00000002     --HOLE-- [fill = 0]
                  0000da54    00000024     grlib_demo.obj (.text:OnGraphPower)
                  0000da78    00000024     empty_pem4f.oem4f (.text:ti_sysbios_BIOS_errorRaiseHook__I)
                  0000da9c    00000024     empty_pem4f.oem4f (.text:ti_sysbios_BIOS_registerRTSLock__I)
                  0000dac0    00000024     empty_pem4f.oem4f (.text:ti_sysbios_BIOS_removeRTSLock__I)
                  0000dae4    00000024     empty_pem4f.oem4f (.text:ti_sysbios_BIOS_startFunc__I)
                  0000db08    00000024     empty_pem4f.oem4f (.text:ti_sysbios_gates_GateMutex_Object__delete__S)
                  0000db2c    00000004     --HOLE-- [fill = 0]
                  0000db30    00000024     sysbios.aem4f : BIOS.obj (.text:ti_sysbios_knl_Clock_Module_startup__E)
                  0000db54    00000004     --HOLE-- [fill = 0]
                  0000db58    00000024                   : BIOS.obj (.text:ti_sysbios_knl_Task_restoreHwi__E)
                  0000db7c    00000024     ti.targets.arm.rtsarm.aem4f : System.oem4f (.text:xdc_runtime_System_vprintf__E)
                  0000dba0    00000022     grlib.lib : string.obj (.text:GrFontGlyphDataGet)
                  0000dbc2    00000022     driverlib.lib : pwm.obj (.text:PWMGenConfigure)
                  0000dbe4    00000022     drivers_tivaware.aem4f : PWMTiva.oem4f (.text:PWMTiva_getPeriodCounts)
                  0000dc06    00000002     --HOLE-- [fill = 0]
                  0000dc08    00000022     sysbios.aem4f : BIOS.obj (.text:ti_sysbios_family_arm_lm4_Timer_write__I)
                  0000dc2a    00000022     empty_pem4f.oem4f (.text:xdc_runtime_SysMin_output__I)
                  0000dc4c    00000020     motorCode.obj (.text:ADCFxn)
                  0000dc6c    00000020     drivers_tivaware.aem4f : GPIOTiva.oem4f (.text:GPIO_clearInt)
                  0000dc8c    00000020     driverlib.lib : uart.obj (.text:UARTDisable)
                  0000dcac    00000020     Boot.aem4f : Boot_sysctl.oem4f (.text:_SysCtlMemTimingGet)
                  0000dccc    00000020     driverlib.lib : sysctl.obj (.text:_SysCtlMemTimingGet)
                  0000dcec    00000020     rtsv7M4_T_le_v4SPD16_eabi.lib : u_tofd_t2.asm.obj (.text)
                  0000dd0c    00000020     motorCode.obj (.text:setSpeed)
                  0000dd2c    00000020     empty_pem4f.oem4f (.text:ti_sysbios_BIOS_rtsLock__I)
                  0000dd4c    00000020     empty_pem4f.oem4f (.text:ti_sysbios_family_arm_m3_Hwi_Object__delete__S)
                  0000dd6c    00000020     sysbios.aem4f : m3_Hwi_asm.obj (.text:ti_sysbios_family_arm_m3_Hwi_excHandlerAsm__I)
                  0000dd8c    00000004     --HOLE-- [fill = 0]
                  0000dd90    00000020                   : BIOS.obj (.text:ti_sysbios_family_arm_m3_Hwi_excHandler__I)
                  0000ddb0    00000020     empty_pem4f.oem4f (.text:ti_sysbios_gates_GateHwi_Object__delete__S)
                  0000ddd0    00000020     empty_pem4f.oem4f (.text:ti_sysbios_heaps_HeapMem_Object__delete__S)
                  0000ddf0    00000020     empty_pem4f.oem4f (.text:ti_sysbios_knl_Clock_Object__destruct__S)
                  0000de10    00000020     sysbios.aem4f : BIOS.obj (.text:ti_sysbios_knl_Idle_run__E)
                  0000de30    00000020     empty_pem4f.oem4f (.text:ti_sysbios_knl_Semaphore_Object__destruct__S)
                  0000de50    00000020     ti.targets.arm.rtsarm.aem4f : Registry.oem4f (.text:xdc_runtime_Registry_findById__E)
                  0000de70    00000020                                 : SysMin.oem4f (.text:xdc_runtime_SysMin_Module_startup__E)
                  0000de90    0000001e     driverlib.lib : adc.obj (.text:ADCSequenceDataGet)
                  0000deae    0000001e     grlib.lib : string.obj (.text:GrFontCodepageGet)
                  0000decc    0000001e     driverlib.lib : pwm.obj (.text:PWMPulseWidthSet)
                  0000deea    0000001e     drivers_tivaware.aem4f : PWMTiva.oem4f (.text:PWMTiva_getPeriodMicroSecs)
                  0000df08    0000001e     grlib.lib : widget.obj (.text:WidgetAdd)
                  0000df26    0000001e     sysbios.aem4f : m3_Hwi_asm_switch.obj (.text:ti_sysbios_family_xxx_Hwi_switchAndRunFunc)
                  0000df44    0000001c     grlib.lib : widget.obj (.text:WidgetPointerMessage)
                  0000df60    0000001c     drivers_tivaware.aem4f : GPIOTiva.oem4f (.text:getGpioIntIndex)
                  0000df7c    0000001c     empty.obj (.text:heartBeatFxn)
                  0000df98    0000001c     rtsv7M4_T_le_v4SPD16_eabi.lib : memccpy.c.obj (.text:memccpy)
                  0000dfb4    0000001c     empty_pem4f.oem4f (.text:ti_sysbios_family_arm_m3_Hwi_Object__destruct__S)
                  0000dfd0    0000001c     sysbios.aem4f : BIOS.obj (.text:ti_sysbios_gates_GateMutex_Instance_init__E)
                  0000dfec    0000001c     empty_pem4f.oem4f (.text:ti_sysbios_hal_Hwi_HwiProxy_create)
                  0000e008    0000001c     empty_pem4f.oem4f (.text:ti_sysbios_knl_Queue_Object__destruct__S)
                  0000e024    00000004     --HOLE-- [fill = 0]
                  0000e028    0000001c     sysbios.aem4f : BIOS.obj (.text:ti_sysbios_knl_Queue_put__E)
                  0000e044    00000004     --HOLE-- [fill = 0]
                  0000e048    0000001c                   : BIOS.obj (.text:ti_sysbios_knl_Task_enter__I)
                  0000e064    0000001c     ti.targets.arm.rtsarm.aem4f : Error.oem4f (.text:xdc_runtime_Error_raiseX__E)
                  0000e080    0000001c                                 : Memory.oem4f (.text:xdc_runtime_Memory_valloc__E)
                  0000e09c    0000001c                                 : SysMin.oem4f (.text:xdc_runtime_SysMin_exit__E)
                  0000e0b8    0000001c                                 : System.oem4f (.text:xdc_runtime_System_abort__E)
                  0000e0d4    0000001a     rtsv7M4_T_le_v4SPD16_eabi.lib : s_copysign.c.obj (.text:copysign)
                  0000e0ee    0000001a     empty_pem4f.oem4f (.text:ti_sysbios_family_arm_m3_Hwi_Handle__label__S)
                  0000e108    0000001a     empty_pem4f.oem4f (.text:ti_sysbios_gates_GateHwi_Handle__label__S)
                  0000e122    0000001a     empty_pem4f.oem4f (.text:ti_sysbios_gates_GateMutex_Handle__label__S)
                  0000e13c    0000001a     empty_pem4f.oem4f (.text:ti_sysbios_heaps_HeapMem_Handle__label__S)
                  0000e156    0000001a     empty_pem4f.oem4f (.text:ti_sysbios_knl_Swi_Handle__label__S)
                  0000e170    0000001a     empty_pem4f.oem4f (.text:ti_sysbios_knl_Task_Handle__label__S)
                  0000e18a    0000001a     empty_pem4f.oem4f (.text:xdc_runtime_System_aprintf__E)
                  0000e1a4    0000001a     empty_pem4f.oem4f (.text:xdc_runtime_System_printf__E)
                  0000e1be    00000018     driverlib.lib : gpio.obj (.text:GPIOPinTypeGPIOOutput)
                  0000e1d6    00000018                   : timer.obj (.text:TimerControlLevel)
                  0000e1ee    00000002     --HOLE-- [fill = 0]
                  0000e1f0    00000018                   : timer.obj (.text:TimerDisable)
                  0000e208    00000018     drivers_tivaware.aem4f : UART.oem4f (.text:UART_Params_init)
                  0000e220    00000018     rtsv7M4_T_le_v4SPD16_eabi.lib : args_main.c.obj (.text:_args_main)
                  0000e238    00000018                                   : snprintf.c.obj (.text:_outc)
                  0000e250    00000018                                   : sprintf.c.obj (.text:_outs)
                  0000e268    00000018     empty_pem4f.oem4f (.text:ti_sysbios_BIOS_rtsUnlock__I)
                  0000e280    00000018     empty_pem4f.oem4f (.text:ti_sysbios_family_arm_lm4_Timer_Module__startupDone__F)
                  0000e298    00000018     empty_pem4f.oem4f (.text:ti_sysbios_family_arm_m3_Hwi_Module__startupDone__F)
                  0000e2b0    00000018     sysbios.aem4f : m3_TaskSupport_asm.obj (.text:ti_sysbios_family_arm_m3_TaskSupport_swap__E)
                  0000e2c8    00000018                   : BIOS.obj (.text:ti_sysbios_gates_GateMutex_leave__E)
                  0000e2e0    00000018     ti.targets.arm.rtsarm.aem4f : Error.oem4f (.text:xdc_runtime_Error_check__E)
                  0000e2f8    00000018                                 : System.oem4f (.text:xdc_runtime_System_exit__E)
                  0000e310    00000018                                 : Text.oem4f (.text:xdc_runtime_Text_ropeText__E)
                  0000e328    00000016     grlib.lib : string.obj (.text:GrStringDraw)
                  0000e33e    00000016     driverlib.lib : i2c.obj (.text:I2CMasterErr)
                  0000e354    00000016     rtsv7M4_T_le_v4SPD16_eabi.lib : strchr.c.obj (.text:strchr)
                  0000e36a    00000016     empty_pem4f.oem4f (.text:ti_sysbios_BIOS_exitFunc__I)
                  0000e380    00000016     motorCode.obj (.text:ti_sysbios_gates_GateHwi_Params_init)
                  0000e396    00000016     motorCode.obj (.text:ti_sysbios_hal_Hwi_Params_init)
                  0000e3ac    00000016     empty.obj (.text:ti_sysbios_knl_Clock_Params_init)
                  0000e3c2    00000016     motorCode.obj (.text:ti_sysbios_knl_Clock_Params_init)
                  0000e3d8    00000016     sensors_api.obj (.text:ti_sysbios_knl_Clock_Params_init)
                  0000e3ee    00000016     motorCode.obj (.text:ti_sysbios_knl_Semaphore_Params_init)
                  0000e404    00000016     sensors_api.obj (.text:ti_sysbios_knl_Semaphore_Params_init)
                  0000e41a    00000016     empty.obj (.text:ti_sysbios_knl_Task_Params_init)
                  0000e430    00000016     sensors_api.obj (.text:ti_sysbios_knl_Task_Params_init)
                  0000e446    00000014     grlib.lib : canvas.obj (.text:CanvasMsgProc)
                  0000e45a    00000002     --HOLE-- [fill = 0]
                  0000e45c    00000014     Kentec320x240x16_ssd2119_spi.obj (.text:LED_OFF)
                  0000e470    00000014     Kentec320x240x16_ssd2119_spi.obj (.text:LED_ON)
                  0000e484    00000014     grlib_demo.obj (.text:OnSettingAcceleration)
                  0000e498    00000014     grlib_demo.obj (.text:OnSettingCurrent)
                  0000e4ac    00000014     grlib_demo.obj (.text:OnSettingSpeed)
                  0000e4c0    00000014     driverlib.lib : pwm.obj (.text:PWMClockSet)
                  0000e4d4    00000014                   : sysctl.obj (.text:SysCtlPWMClockSet)
                  0000e4e8    00000014     touch.obj (.text:TouchScreenCallbackSet)
                  0000e4fc    00000014     driverlib.lib : uart.obj (.text:UARTEnable)
                  0000e510    00000014     grlib.lib : widget.obj (.text:WidgetMutexGet)
                  0000e524    00000014     motorCode.obj (.text:getSpeed)
                  0000e538    00000014     rtsv7M4_T_le_v4SPD16_eabi.lib : strcpy.c.obj (.text:strcpy)
                  0000e54c    00000014                                   : strlen.c.obj (.text:strlen)
                  0000e560    00000014     empty_pem4f.oem4f (.text:ti_sysbios_family_arm_m3_Hwi_Object__get__S)
                  0000e574    00000004     --HOLE-- [fill = 0]
                  0000e578    00000014     sysbios.aem4f : BIOS.obj (.text:ti_sysbios_family_arm_m3_Hwi_switchFromBootStack__E)
                  0000e58c    00000014     empty_pem4f.oem4f (.text:ti_sysbios_heaps_HeapMem_Object__get__S)
                  0000e5a0    00000014     sysbios.aem4f : BIOS.obj (.text:ti_sysbios_knl_Event_Instance_init__E)
                  0000e5b4    00000014     empty_pem4f.oem4f (.text:ti_sysbios_knl_Swi_Object__get__S)
                  0000e5c8    00000012     driverlib.lib : gpio.obj (.text:GPIOPinTypeADC)
                  0000e5da    00000012                   : gpio.obj (.text:GPIOPinTypeEthernetLED)
                  0000e5ec    00000012                   : gpio.obj (.text:GPIOPinTypeGPIOInput)
                  0000e5fe    00000012                   : gpio.obj (.text:GPIOPinTypeI2C)
                  0000e610    00000012                   : gpio.obj (.text:GPIOPinTypeI2CSCL)
                  0000e622    00000012                   : gpio.obj (.text:GPIOPinTypePWM)
                  0000e634    00000012                   : gpio.obj (.text:GPIOPinTypeSSI)
                  0000e646    00000012                   : gpio.obj (.text:GPIOPinTypeTimer)
                  0000e658    00000012                   : gpio.obj (.text:GPIOPinTypeUART)
                  0000e66a    00000012                   : gpio.obj (.text:GPIOPinTypeUSBAnalog)
                  0000e67c    00000012                   : gpio.obj (.text:GPIOPinTypeUSBDigital)
                  0000e68e    00000012                   : pwm.obj (.text:PWMGenPeriodGet)
                  0000e6a0    00000012                   : pwm.obj (.text:PWMOutputInvert)
                  0000e6b2    00000012                   : pwm.obj (.text:PWMOutputState)
                  0000e6c4    00000012     drivers_tivaware.aem4f : RingBuf.oem4f (.text:RingBuf_construct)
                  0000e6d6    00000012     driverlib.lib : ssi.obj (.text:SSIDataGetNonBlocking)
                  0000e6e8    00000012                   : timer.obj (.text:TimerLoadSet)
                  0000e6fa    00000012                   : timer.obj (.text:TimerMatchSet)
                  0000e70c    00000012                   : timer.obj (.text:TimerPrescaleMatchSet)
                  0000e71e    00000012                   : timer.obj (.text:TimerPrescaleSet)
                  0000e730    00000012     sysbios.aem4f : BIOS.obj (.text:ti_sysbios_hal_Hwi_Module_startup__E)
                  0000e742    00000012     rtsv7M4_T_le_v4SPD16_eabi.lib : wcslen.c.obj (.text:wcslen)
                  0000e754    00000012     empty_pem4f.oem4f (.text:xdc_runtime_Startup_exec__I)
                  0000e766    00000002     --HOLE-- [fill = 0]
                  0000e768    00000010     empty_pem4f.oem4f (.text:.bootCodeSection:ti_catalog_arm_cortexm4_tiva_ce_Boot_init__I)
                  0000e778    00000010     driverlib.lib : adc.obj (.text:ADCIntEnable)
                  0000e788    00000010     drivers_tivaware.aem4f : I2C.oem4f (.text:I2C_Params_init)
                  0000e798    00000010     driverlib.lib : pwm.obj (.text:PWMGenPeriodSet)
                  0000e7a8    00000010     drivers_tivaware.aem4f : PWM.oem4f (.text:PWM_Params_init)
                  0000e7b8    00000010     empty.obj (.text:incrementTime)
                  0000e7c8    00000010     drivers_tivaware.aem4f : UARTTiva.oem4f (.text:readBlockingTimeout)
                  0000e7d8    00000010     sensors_api.obj (.text:swiLight)
                  0000e7e8    00000010     sysbios.aem4f : BIOS.obj (.text:ti_sysbios_BIOS_getCpuFreq__E)
                  0000e7f8    00000010                   : BIOS.obj (.text:ti_sysbios_BIOS_setThreadType__E)
                  0000e808    00000010                   : BIOS.obj (.text:ti_sysbios_BIOS_start__E)
                  0000e818    00000010                   : m3_TaskSupport_asm.obj (.text:ti_sysbios_family_arm_m3_TaskSupport_glue)
                  0000e828    00000010                   : BIOS.obj (.text:ti_sysbios_gates_GateMutex_Instance_finalize__E)
                  0000e838    00000010     empty_pem4f.oem4f (.text:ti_sysbios_hal_Hwi_HwiProxy_Object__create__S)
                  0000e848    00000010     sysbios.aem4f : BIOS.obj (.text:ti_sysbios_knl_Semaphore_Instance_finalize__E)
                  0000e858    00000010                   : BIOS.obj (.text:ti_sysbios_knl_Swi_disable__E)
                  0000e868    00000010     empty_pem4f.oem4f (.text:ti_sysbios_knl_Task_Object__get__S)
                  0000e878    00000010     sysbios.aem4f : BIOS.obj (.text:ti_sysbios_knl_Task_disable__E)
                  0000e888    00000010     ti.targets.arm.rtsarm.aem4f : Gate.oem4f (.text:xdc_runtime_Gate_leaveSystem__E)
                  0000e898    00000010                                 : Memory.oem4f (.text:xdc_runtime_Memory_free__E)
                  0000e8a8    00000010                                 : SysMin.oem4f (.text:xdc_runtime_SysMin_ready__E)
                  0000e8b8    00000010                                 : System.oem4f (.text:xdc_runtime_System_vsnprintf__E)
                  0000e8c8    00000010     empty_pem4f.oem4f (.text:xdc_runtime_Text_visitRope__I)
                  0000e8d8    0000000e     driverlib.lib : adc.obj (.text:ADCSequenceEnable)
                  0000e8e6    0000000e                   : gpio.obj (.text:GPIOIntStatus)
                  0000e8f4    0000000e     grlib.lib : image.obj (.text:GrImageDraw)
                  0000e902    0000000e     driverlib.lib : timer.obj (.text:TimerEnable)
                  0000e910    0000000e                   : uart.obj (.text:UARTCharGetNonBlocking)
                  0000e91e    0000000e                   : uart.obj (.text:UARTCharPutNonBlocking)
                  0000e92c    0000000e     rtsv7M4_T_le_v4SPD16_eabi.lib : time.c.obj (.text:__time32)
                  0000e93a    0000000e                                   : copy_decompress_none.c.obj (.text:decompress:none:__TI_decompress_none)
                  0000e948    0000000e     sysbios.aem4f : BIOS.obj (.text:ti_sysbios_knl_Idle_loop__E)
                  0000e956    00000002     --HOLE-- [fill = 0]
                  0000e958    0000000e                   : BIOS.obj (.text:ti_sysbios_knl_Queue_empty__E)
                  0000e966    0000000c     driverlib.lib : gpio.obj (.text:GPIOIntEnable)
                  0000e972    0000000c                   : pwm.obj (.text:PWMGenDisable)
                  0000e97e    0000000c                   : pwm.obj (.text:PWMGenEnable)
                  0000e98a    0000000c     drivers_tivaware.aem4f : RingBuf.oem4f (.text:RingBuf_peek)
                  0000e996    0000000c     driverlib.lib : uart.obj (.text:UARTFlowControlSet)
                  0000e9a2    0000000c     drivers_tivaware.aem4f : UARTTiva.oem4f (.text:UARTTiva_init)
                  0000e9ae    00000002     --HOLE-- [fill = 0]
                  0000e9b0    0000000c     rtsv7M4_T_le_v4SPD16_eabi.lib : _lock.c.obj (.text:_register_lock)
                  0000e9bc    0000000c                                   : _lock.c.obj (.text:_register_unlock)
                  0000e9c8    0000000c                                   : copy_zero_init.c.obj (.text:decompress:ZI:__TI_zero_init)
                  0000e9d4    0000000c     motorCode.obj (.text:getState)
                  0000e9e0    0000000c     sysbios.aem4f : BIOS.obj (.text:ti_sysbios_family_arm_lm4_Timer_getAvailMask__E)
                  0000e9ec    00000004     --HOLE-- [fill = 0]
                  0000e9f0    0000000c                   : BIOS.obj (.text:ti_sysbios_family_arm_lm4_Timer_getMaxTicks__E)
                  0000e9fc    0000000c     empty_pem4f.oem4f (.text:ti_sysbios_family_arm_m3_Hwi_Params__init__S)
                  0000ea08    0000000c     sysbios.aem4f : BIOS.obj (.text:ti_sysbios_family_arm_m3_Hwi_disableFxn__E)
                  0000ea14    00000004     --HOLE-- [fill = 0]
                  0000ea18    0000000c                   : BIOS.obj (.text:ti_sysbios_family_arm_m3_TaskSupport_checkStack__E)
                  0000ea24    00000004     --HOLE-- [fill = 0]
                  0000ea28    0000000c                   : BIOS.obj (.text:ti_sysbios_family_arm_m3_TaskSupport_getStackAlignment__E)
                  0000ea34    0000000c     empty_pem4f.oem4f (.text:ti_sysbios_gates_GateHwi_Params__init__S)
                  0000ea40    0000000c     sysbios.aem4f : BIOS.obj (.text:ti_sysbios_gates_GateHwi_enter__E)
                  0000ea4c    0000000c     empty_pem4f.oem4f (.text:ti_sysbios_hal_Hwi_Params__init__S)
                  0000ea58    0000000c     empty_pem4f.oem4f (.text:ti_sysbios_knl_Clock_Params__init__S)
                  0000ea64    00000004     --HOLE-- [fill = 0]
                  0000ea68    0000000c     sysbios.aem4f : BIOS.obj (.text:ti_sysbios_knl_Clock_getTicks__E)
                  0000ea74    0000000c     motorCode.obj (.text:ti_sysbios_knl_Event_handle)
                  0000ea80    0000000c     empty_pem4f.oem4f (.text:ti_sysbios_knl_Queue_Object__get__S)
                  0000ea8c    0000000c     empty_pem4f.oem4f (.text:ti_sysbios_knl_Semaphore_Params__init__S)
                  0000ea98    0000000c     motorCode.obj (.text:ti_sysbios_knl_Semaphore_handle)
                  0000eaa4    0000000c     sensors_api.obj (.text:ti_sysbios_knl_Semaphore_handle)
                  0000eab0    0000000c     empty_pem4f.oem4f (.text:ti_sysbios_knl_Task_Params__init__S)
                  0000eabc    0000000c     empty.obj (.text:updateGraphUI)
                  0000eac8    0000000c     ti.targets.arm.rtsarm.aem4f : Error.oem4f (.text:xdc_runtime_Error_init__E)
                  0000ead4    0000000c                                 : Gate.oem4f (.text:xdc_runtime_Gate_enterSystem__E)
                  0000eae0    0000000c                                 : Memory.oem4f (.text:xdc_runtime_Memory_calloc__E)
                  0000eaec    0000000c                                 : Memory.oem4f (.text:xdc_runtime_Memory_getMaxDefaultTypeAlign__E)
                  0000eaf8    0000000a     driverlib.lib : adc.obj (.text:ADCIntClear)
                  0000eb02    0000000a                   : i2c.obj (.text:I2CMasterDisable)
                  0000eb0c    0000000a                   : i2c.obj (.text:I2CMasterEnable)
                  0000eb16    0000000a     drivers_tivaware.aem4f : I2CTiva.oem4f (.text:I2CTiva_init)
                  0000eb20    0000000a                            : I2C.oem4f (.text:I2C_transfer)
                  0000eb2a    0000000a     Kentec320x240x16_ssd2119_spi.obj (.text:Kentec320x240x16_SSD2119Flush)
                  0000eb34    0000000a     drivers_tivaware.aem4f : PWMTimerTiva.oem4f (.text:PWMTimerTiva_getPeriodCounts)
                  0000eb3e    0000000a                            : PWM.oem4f (.text:PWM_setDuty)
                  0000eb48    0000000a     driverlib.lib : ssi.obj (.text:SSIDataPut)
                  0000eb52    0000000a                   : ssi.obj (.text:SSIEnable)
                  0000eb5c    0000000a                   : uart.obj (.text:UARTCharGet)
                  0000eb66    0000000a                   : uart.obj (.text:UARTCharPut)
                  0000eb70    0000000a                   : uart.obj (.text:UARTIntDisable)
                  0000eb7a    0000000a                   : uart.obj (.text:UARTIntStatus)
                  0000eb84    0000000a     rtsv7M4_T_le_v4SPD16_eabi.lib : sprintf.c.obj (.text:_outc)
                  0000eb8e    00000002     --HOLE-- [fill = 0]
                  0000eb90    0000000a     sysbios.aem4f : BIOS.obj (.text:ti_sysbios_hal_Hwi_Instance_finalize__E)
                  0000eb9a    0000000a     empty_pem4f.oem4f (.text:xdc_runtime_IHeap_alloc)
                  0000eba4    0000000a     empty_pem4f.oem4f (.text:xdc_runtime_IHeap_free)
                  0000ebae    00000008     EK_TM4C1294XL.obj (.text:EK_TM4C1294XL_initGPIO)
                  0000ebb6    00000008     grlib.lib : charmap.obj (.text:GrMapISO8859_1_Unicode)
                  0000ebbe    00000008     driverlib.lib : i2c.obj (.text:I2CMasterIntClear)
                  0000ebc6    00000008                   : i2c.obj (.text:I2CMasterSlaveAddrSet)
                  0000ebce    00000008     drivers_tivaware.aem4f : I2CTiva.oem4f (.text:I2CTiva_blockingCallback)
                  0000ebd6    00000008                            : PWMTimerTiva.oem4f (.text:PWMTimerTiva_init)
                  0000ebde    00000008     driverlib.lib : ssi.obj (.text:SSIBusy)
                  0000ebe6    00000008                   : uart.obj (.text:UARTIntEnable)
                  0000ebee    00000008                   : uart.obj (.text:UARTRxErrorGet)
                  0000ebf6    00000002     --HOLE-- [fill = 0]
                  0000ebf8    00000008     rtsv7M4_T_le_v4SPD16_eabi.lib : errno.c.obj (.text:__aeabi_errno_addr)
                  0000ec00    00000008     drivers_tivaware.aem4f : UARTTiva.oem4f (.text:readSemCallback)
                  0000ec08    00000008     sysbios.aem4f : BIOS.obj (.text:ti_sysbios_family_arm_lm4_Timer_masterDisable__I)
                  0000ec10    00000008                   : BIOS.obj (.text:ti_sysbios_family_arm_m3_Hwi_doSwiRestore__I)
                  0000ec18    00000008                   : BIOS.obj (.text:ti_sysbios_family_arm_m3_Hwi_startup__E)
                  0000ec20    00000008     drivers_tivaware.aem4f : UARTTiva.oem4f (.text:writeSemCallback)
                  0000ec28    00000006     grlib.lib : string.obj (.text:GrContextFontSet)
                  0000ec2e    00000006     driverlib.lib : i2c.obj (.text:I2CMasterIntDisable)
                  0000ec34    00000006                   : i2c.obj (.text:I2CMasterIntEnable)
                  0000ec3a    00000006     drivers_tivaware.aem4f : I2CTiva.oem4f (.text:I2CTiva_control)
                  0000ec40    00000006                            : PWMTimerTiva.oem4f (.text:PWMTimerTiva_getPeriodMicroSecs)
                  0000ec46    00000006     driverlib.lib : sysctl.obj (.text:SysCtlDelay)
                  0000ec4c    00000006                   : uart.obj (.text:UARTFIFOLevelSet)
                  0000ec52    00000006                   : uart.obj (.text:UARTRxErrorClear)
                  0000ec58    00000006     grlib.lib : widget.obj (.text:WidgetMutexPut)
                  0000ec5e    00000002     --HOLE-- [fill = 0]
                  0000ec60    00000006     sysbios.aem4f : BIOS.obj (.text:ti_sysbios_family_arm_m3_Hwi_doTaskRestore__I)
                  0000ec66    00000002     --HOLE-- [fill = 0]
                  0000ec68    00000006                   : BIOS.obj (.text:ti_sysbios_family_arm_m3_Hwi_restoreFxn__E)
                  0000ec6e    00000002     --HOLE-- [fill = 0]
                  0000ec70    00000006                   : BIOS.obj (.text:ti_sysbios_gates_GateHwi_leave__E)
                  0000ec76    00000002     --HOLE-- [fill = 0]
                  0000ec78    00000006                   : BIOS.obj (.text:ti_sysbios_heaps_HeapMem_isBlocking__E)
                  0000ec7e    00000002     --HOLE-- [fill = 0]
                  0000ec80    00000006                   : BIOS.obj (.text:ti_sysbios_knl_Clock_stop__E)
                  0000ec86    00000002     --HOLE-- [fill = 0]
                  0000ec88    00000006                   : BIOS.obj (.text:ti_sysbios_knl_Queue_Instance_init__E)
                  0000ec8e    00000002     --HOLE-- [fill = 0]
                  0000ec90    00000006                   : BIOS.obj (.text:ti_sysbios_knl_Swi_startup__E)
                  0000ec96    00000006     ti.targets.arm.rtsarm.aem4f : System.oem4f (.text:xdc_runtime_System_Module_startup__E)
                  0000ec9c    00000004     --HOLE-- [fill = 0]
                  0000eca0    00000004     sysbios.aem4f : BIOS.obj (.text:ti_sysbios_gates_GateHwi_query__E)
                  0000eca4    00000004     --HOLE-- [fill = 0]
                  0000eca8    00000004                   : BIOS.obj (.text:ti_sysbios_gates_GateMutex_query__E)
                  0000ecac    00000004     --HOLE-- [fill = 0]
                  0000ecb0    00000004                   : BIOS.obj (.text:ti_sysbios_knl_Task_startup__E)
                  0000ecb4    00000004     --HOLE-- [fill = 0]
                  0000ecb8    00000002                   : BIOS.obj (.text:ti_sysbios_gates_GateHwi_Instance_init__E)
                  0000ecba    00000006     --HOLE-- [fill = 0]
                  0000ecc0    00000002                   : BIOS.obj (.text:ti_sysbios_knl_Clock_logTick__E)

.const     0    0000ecc8    00004ba4     
                  0000ecc8    00001922     empty_pem4f.oem4f (.const:xdc_runtime_Text_charTab__A)
                  000105ea    00000002     empty_pem4f.oem4f (.const:ti_catalog_arm_cortexm4_tiva_ce_Boot_Module__id__C)
                  000105ec    00000004     empty_pem4f.oem4f (.const:ti_catalog_arm_cortexm4_tiva_ce_Boot_A_mustNotUseEnhancedClockMode__C)
                  000105f0    00001000     rtsv7M4_T_le_v4SPD16_eabi.lib : s_exp2.c.obj (.const:tbl)
                  000115f0    000007e5     grlib.lib : fontcmss18.obj (.const:.string:g_pui8Cmss18Data)
                  00011dd5    00000782               : fontcmss18b.obj (.const:.string:g_pui8Cmss18bData)
                  00012557    00000001     empty_pem4f.oem4f (.const:xdc_runtime_Error_policy__C)
                  00012558    000001b0     driverlib.lib : sysctl.obj (.const:g_pppui32XTALtoVCO)
                  00012708    00000120     Boot.aem4f : Boot_sysctl.oem4f (.const:g_pppui32XTALtoVCO)
                  00012828    00000101     rtsv7M4_T_le_v4SPD16_eabi.lib : ctype.c.obj (.const:.string:_ctypes_)
                  00012929    00000001     --HOLE-- [fill = 0]
                  0001292a    00000002     empty_pem4f.oem4f (.const:ti_sysbios_family_arm_m3_Hwi_Module__id__C)
                  0001292c    000000c8     grlib.lib : fontcmss18.obj (.const:g_sFontCmss18)
                  000129f4    000000c8               : fontcmss18b.obj (.const:g_sFontCmss18b)
                  00012abc    000000c0     empty_pem4f.oem4f (.const:xdc_runtime_Text_nodeTab__A)
                  00012b7c    0000009e     grlib_demo.obj (.const:.string)
                  00012c1a    00000002     empty_pem4f.oem4f (.const:ti_sysbios_gates_GateMutex_Module__id__C)
                  00012c1c    00000090     driverlib.lib : gpio.obj (.const:g_pui32GPIOBaseAddrs)
                  00012cac    00000070                   : interrupt.obj (.const)
                  00012d1c    0000006c     Boot.aem4f : Boot_sysctl.oem4f (.const:g_pui32Xtals)
                  00012d88    0000006c     driverlib.lib : sysctl.obj (.const:g_pui32Xtals)
                  00012df4    00000060     rtsv7M4_T_le_v4SPD16_eabi.lib : mktime.c.obj (.const:$O1$$)
                  00012e54    00000060     MotorLib.lib : motorlib.obj (.const:PWM_config)
                  00012eb4    00000058     empty_pem4f.oem4f (.const:.string)
                  00012f0c    00000054     drivers_tivaware.aem4f : GPIOTiva.oem4f (.const:.string)
                  00012f60    00000054     MotorLib.lib : motorlib.obj (.const:motorLibPWMTivaHWAttrs)
                  00012fb4    0000004c     rtsv7M4_T_le_v4SPD16_eabi.lib : asctime.c.obj (.const:$O1$$)
                  00013000    0000004c                                   : asctime.c.obj (.const:.string)
                  0001304c    0000004c     drivers_tivaware.aem4f : UARTTiva.oem4f (.const)
                  00013098    00000048                            : GPIOTiva.oem4f (.const:gpioBaseAddresses)
                  000130e0    0000003c     empty_pem4f.oem4f (.const:ti_sysbios_knl_Task_Object__PARAMS__C)
                  0001311c    00000030     Boot.aem4f : Boot_sysctl.oem4f (.const:g_sXTALtoMEMTIM)
                  0001314c    00000030     driverlib.lib : sysctl.obj (.const:g_sXTALtoMEMTIM)
                  0001317c    00000030     empty_pem4f.oem4f (.const:ti_sysbios_family_arm_m3_Hwi_Object__PARAMS__C)
                  000131ac    00000030     EK_TM4C1294XL.obj (.const:uartTivaHWAttrs)
                  000131dc    0000002c     empty_pem4f.oem4f (.const:ti_sysbios_hal_Hwi_Object__PARAMS__C)
                  00013208    00000028     drivers_tivaware.aem4f : UARTTiva.oem4f (.const:UARTTiva_fxnTable)
                  00013230    00000028     Kentec320x240x16_ssd2119_spi.obj (.const:g_sKentec320x240x16_SSD2119)
                  00013258    00000028     empty_pem4f.oem4f (.const:ti_sysbios_heaps_HeapMem_Module__FXNS__C)
                  00013280    00000024     EK_TM4C1294XL.obj (.const:UART_config)
                  000132a4    00000024     drivers_tivaware.aem4f : UART.oem4f (.const:UART_defaultParams)
                  000132c8    00000024     empty_pem4f.oem4f (.const:ti_sysbios_gates_GateHwi_Module__FXNS__C)
                  000132ec    00000024     empty_pem4f.oem4f (.const:ti_sysbios_gates_GateMutex_Module__FXNS__C)
                  00013310    00000024     empty_pem4f.oem4f (.const:ti_sysbios_heaps_HeapMem_Object__PARAMS__C)
                  00013334    00000024     empty_pem4f.oem4f (.const:ti_sysbios_knl_Clock_Object__PARAMS__C)
                  00013358    00000024     empty_pem4f.oem4f (.const:ti_sysbios_knl_Semaphore_Object__PARAMS__C)
                  0001337c    00000020     drivers_tivaware.aem4f : PWMTimerTiva.oem4f (.const)
                  0001339c    00000020                            : PWMTiva.oem4f (.const)
                  000133bc    00000020     empty_pem4f.oem4f (.const:ti_sysbios_family_arm_m3_Hwi_Object__DESC__C)
                  000133dc    00000020     empty_pem4f.oem4f (.const:ti_sysbios_gates_GateHwi_Object__DESC__C)
                  000133fc    00000020     empty_pem4f.oem4f (.const:ti_sysbios_gates_GateMutex_Object__DESC__C)
                  0001341c    00000020     empty_pem4f.oem4f (.const:ti_sysbios_hal_Hwi_Object__DESC__C)
                  0001343c    00000020     empty_pem4f.oem4f (.const:ti_sysbios_heaps_HeapMem_Object__DESC__C)
                  0001345c    00000020     empty_pem4f.oem4f (.const:ti_sysbios_knl_Clock_Object__DESC__C)
                  0001347c    00000020     empty_pem4f.oem4f (.const:ti_sysbios_knl_Event_Object__DESC__C)
                  0001349c    00000020     empty_pem4f.oem4f (.const:ti_sysbios_knl_Queue_Object__DESC__C)
                  000134bc    00000020     empty_pem4f.oem4f (.const:ti_sysbios_knl_Semaphore_Object__DESC__C)
                  000134dc    00000020     empty_pem4f.oem4f (.const:ti_sysbios_knl_Task_Object__DESC__C)
                  000134fc    00000020     empty_pem4f.oem4f (.const:xdc_runtime_Startup_sfxnTab__A)
                  0001351c    0000001c     drivers_tivaware.aem4f : I2CTiva.oem4f (.const)
                  00013538    0000001c     touch.obj (.const:g_pi32TouchParameters)
                  00013554    00000018     EK_TM4C1294XL.obj (.const:I2C_config)
                  0001356c    00000018     empty_pem4f.oem4f (.const:ti_sysbios_gates_GateHwi_Object__PARAMS__C)
                  00013584    00000018     empty_pem4f.oem4f (.const:ti_sysbios_gates_GateMutex_Object__PARAMS__C)
                  0001359c    00000018     empty_pem4f.oem4f (.const:ti_sysbios_knl_Event_Object__PARAMS__C)
                  000135b4    00000018     empty_pem4f.oem4f (.const:ti_sysbios_knl_Queue_Object__PARAMS__C)
                  000135cc    00000014     EK_TM4C1294XL.obj (.const:GPIOTiva_config)
                  000135e0    00000014     empty_pem4f.oem4f (.const:xdc_runtime_Startup_firstFxns__A)
                  000135f4    00000010     drivers_tivaware.aem4f : I2C.oem4f (.const)
                  00013604    00000010     grlib.lib : context.obj (.const)
                  00013614    00000010     MotorLib.lib : motorlib.obj (.const:motorLibPWMTimerTivaHWAttrs)
                  00013624    00000010     empty_pem4f.oem4f (.const:xdc_runtime_Startup_sfxnRts__A)
                  00013634    0000000c     drivers_tivaware.aem4f : PWM.oem4f (.const)
                  00013640    0000000c     EK_TM4C1294XL.obj (.const:i2cTivaHWAttrs)
                  0001364c    00000008     Boot.aem4f : Boot_sysctl.oem4f (.const)
                  00013654    00000008     driverlib.lib : sysctl.obj (.const)
                  0001365c    00000008     empty_pem4f.oem4f (.const:ti_sysbios_family_arm_m3_Hwi_excHookFuncs__A)
                  00013664    00000008     empty_pem4f.oem4f (.const:ti_sysbios_knl_Idle_funcList__C)
                  0001366c    00000008     empty_pem4f.oem4f (.const:xdc_runtime_Startup_firstFxns__C)
                  00013674    00000008     empty_pem4f.oem4f (.const:xdc_runtime_Startup_lastFxns__C)
                  0001367c    00000004     empty_pem4f.oem4f (.const:ti_catalog_arm_cortexm4_tiva_ce_Boot_Module__diagsEnabled__C)
                  00013680    00000004     empty_pem4f.oem4f (.const:ti_catalog_arm_cortexm4_tiva_ce_Boot_Module__diagsIncluded__C)
                  00013684    00000004     empty_pem4f.oem4f (.const:ti_catalog_arm_cortexm4_tiva_ce_Boot_Module__diagsMask__C)
                  00013688    00000004     empty_pem4f.oem4f (.const:ti_sysbios_family_arm_lm4_Timer_enableFunc__C)
                  0001368c    00000004     empty_pem4f.oem4f (.const:ti_sysbios_family_arm_lm4_Timer_numTimerDevices__C)
                  00013690    00000004     empty_pem4f.oem4f (.const:ti_sysbios_family_arm_lm4_Timer_startupNeeded__C)
                  00013694    00000004     empty_pem4f.oem4f (.const:ti_sysbios_family_arm_m3_Hwi_E_NMI__C)
                  00013698    00000004     empty_pem4f.oem4f (.const:ti_sysbios_family_arm_m3_Hwi_E_alreadyDefined__C)
                  0001369c    00000004     empty_pem4f.oem4f (.const:ti_sysbios_family_arm_m3_Hwi_E_busFault__C)
                  000136a0    00000004     empty_pem4f.oem4f (.const:ti_sysbios_family_arm_m3_Hwi_E_debugMon__C)
                  000136a4    00000004     empty_pem4f.oem4f (.const:ti_sysbios_family_arm_m3_Hwi_E_hardFault__C)
                  000136a8    00000004     empty_pem4f.oem4f (.const:ti_sysbios_family_arm_m3_Hwi_E_memFault__C)
                  000136ac    00000004     empty_pem4f.oem4f (.const:ti_sysbios_family_arm_m3_Hwi_E_noIsr__C)
                  000136b0    00000004     empty_pem4f.oem4f (.const:ti_sysbios_family_arm_m3_Hwi_E_reserved__C)
                  000136b4    00000004     empty_pem4f.oem4f (.const:ti_sysbios_family_arm_m3_Hwi_E_svCall__C)
                  000136b8    00000004     empty_pem4f.oem4f (.const:ti_sysbios_family_arm_m3_Hwi_E_usageFault__C)
                  000136bc    00000004     empty_pem4f.oem4f (.const:ti_sysbios_family_arm_m3_Hwi_NUM_INTERRUPTS__C)
                  000136c0    00000004     empty_pem4f.oem4f (.const:ti_sysbios_family_arm_m3_Hwi_Object__count__C)
                  000136c4    00000004     empty_pem4f.oem4f (.const:ti_sysbios_family_arm_m3_Hwi_ccr__C)
                  000136c8    00000004     empty_pem4f.oem4f (.const:ti_sysbios_family_arm_m3_Hwi_excHandlerFunc__C)
                  000136cc    00000004     empty_pem4f.oem4f (.const:ti_sysbios_family_arm_m3_Hwi_excHookFuncs__C)
                  000136d0    00000004     empty_pem4f.oem4f (.const:ti_sysbios_family_arm_m3_Hwi_nullIsrFunc__C)
                  000136d4    00000004     empty_pem4f.oem4f (.const:ti_sysbios_family_arm_m3_Hwi_priGroup__C)
                  000136d8    00000004     empty_pem4f.oem4f (.const:ti_sysbios_family_arm_m3_TaskSupport_stackAlignment__C)
                  000136dc    00000004     empty_pem4f.oem4f (.const:ti_sysbios_gates_GateMutex_A_badContext__C)
                  000136e0    00000004     empty_pem4f.oem4f (.const:ti_sysbios_gates_GateMutex_Instance_State_sem__O)
                  000136e4    00000004     empty_pem4f.oem4f (.const:ti_sysbios_gates_GateMutex_Module__diagsEnabled__C)
                  000136e8    00000004     empty_pem4f.oem4f (.const:ti_sysbios_gates_GateMutex_Module__diagsIncluded__C)
                  000136ec    00000004     empty_pem4f.oem4f (.const:ti_sysbios_gates_GateMutex_Module__diagsMask__C)
                  000136f0    00000004     empty_pem4f.oem4f (.const:ti_sysbios_hal_Hwi_E_stackOverflow__C)
                  000136f4    00000004     empty_pem4f.oem4f (.const:ti_sysbios_heaps_HeapMem_A_align__C)
                  000136f8    00000004     empty_pem4f.oem4f (.const:ti_sysbios_heaps_HeapMem_A_heapSize__C)
                  000136fc    00000004     empty_pem4f.oem4f (.const:ti_sysbios_heaps_HeapMem_A_invalidFree__C)
                  00013700    00000004     empty_pem4f.oem4f (.const:ti_sysbios_heaps_HeapMem_A_zeroBlock__C)
[...]
000137d4  xdc_runtime_Error_E_memory__C                                        
000137d8  xdc_runtime_Error_Module__diagsEnabled__C                            
000137dc  xdc_runtime_Error_Module__diagsIncluded__C                           
000137e0  xdc_runtime_Error_Module__diagsMask__C                               
000137e4  xdc_runtime_Error_Module__loggerFxn8__C                              
000137e8  xdc_runtime_Error_Module__loggerObj__C                               
000137ec  xdc_runtime_Error_policyFxn__C                                       
000137f0  xdc_runtime_Error_raiseHook__C                                       
000137f4  xdc_runtime_IGateProvider_Interface__BASE__C                         
000137f8  xdc_runtime_IHeap_Interface__BASE__C                                 
000137fc  xdc_runtime_IModule_Interface__BASE__C                               
00013800  xdc_runtime_Log_L_error__C                                           
00013804  xdc_runtime_Memory_defaultHeapInstance__C                            
00013808  xdc_runtime_Startup_execImpl__C                                      
0001380c  xdc_runtime_Startup_maxPasses__C                                     
00013810  xdc_runtime_Startup_sfxnRts__C                                       
00013814  xdc_runtime_Startup_sfxnTab__C                                       
00013818  xdc_runtime_SysMin_bufSize__C                                        
0001381c  xdc_runtime_SysMin_outputFunc__C                                     
00013820  xdc_runtime_System_Module__gateObj__C                                
00013824  xdc_runtime_System_abortFxn__C                                       
00013828  xdc_runtime_System_exitFxn__C                                        
0001382c  xdc_runtime_System_extendFxn__C                                      
00013830  xdc_runtime_System_maxAtexitHandlers__C                              
00013834  xdc_runtime_Text_charTab__C                                          
00013838  xdc_runtime_Text_nameEmpty__C                                        
0001383c  xdc_runtime_Text_nameStatic__C                                       
00013840  xdc_runtime_Text_nameUnknown__C                                      
00013844  xdc_runtime_Text_nodeTab__C                                          
00013848  xdc_runtime_Text_visitRopeFxn__C                                     
0001384c  ti_sysbios_hal_Hwi_Module__id__C                                     
0001384e  ti_sysbios_heaps_HeapMem_Module__id__C                               
00013850  ti_sysbios_knl_Clock_Module__id__C                                   
00013852  ti_sysbios_knl_Event_Module__id__C                                   
00013854  ti_sysbios_knl_Semaphore_Module__id__C                               
00013856  ti_sysbios_knl_Task_Module__id__C                                    
00013858  xdc_runtime_Core_Module__id__C                                       
0001385a  xdc_runtime_Error_Module__loggerDefined__C                           
0001385c  xdc_runtime_Error_maxDepth__C                                        
0001385e  xdc_runtime_Main_Module__id__C                                       
00013860  xdc_runtime_Memory_Module__id__C                                     
00013862  xdc_runtime_SysMin_flushAtExit__C                                    
00013864  xdc_runtime_Text_charCnt__C                                          
00013866  xdc_runtime_Text_isLoaded__C                                         
00013868  xdc_runtime_Text_registryModsLastId__C                               
0001386a  xdc_runtime_Text_unnamedModsLastId__C                                
00013870  __TI_static_base__                                                   
00013c7c  __TI_Handler_Table_Base                                              
00013c88  __TI_Handler_Table_Limit                                             
00013c98  __TI_CINIT_Base                                                      
00013cb0  __TI_CINIT_Limit                                                     
20000000  __start___llvm_prf_cnts                                              
20000000  __stop___llvm_prf_cnts                                               
20000000  ti_sysbios_family_arm_m3_Hwi_ramVectors                              
20000360  ti_sysbios_knl_Task_Instance_State_0_stack__A                        
20000b60  ti_sysbios_knl_Task_Instance_State_1_stack__A                        
20001360  ti_sysbios_knl_Task_Instance_State_2_stack__A                        
20001560  taskLightStack                                                       
20002560  ti_sysbios_heaps_HeapMem_Instance_State_0_buf__A                     
20002960  xdc_runtime_SysMin_Module_State_0_outbuf__A                          
20002d60  ti_sysbios_family_arm_m3_Hwi_dispatchTable                           
200030c0  uartTivaObjects                                                      
20003398  __CIOBUF_                                                            
20003548  i2cTivaObjects                                                       
200035c8  uartTivaRingBuffer                                                   
20003608  motorLibPWMObjects                                                   
20003640  eb                                                                   
20003670  sContext                                                             
2000369c  clkSensorParams                                                      
200036c0  clockLightStruct                                                     
200036e4  clockUpdateGraph                                                     
20003708  clockUpdateTime                                                      
2000378c  maxTime                                                              
200037ac  minTime                                                              
200037e8  semLightStruct                                                       
20003804  semStruct                                                            
20003820  gHwiprms                                                             
20003838  lightBuffer                                                          
20003850  motorLibPWMTimerObjects                                              
20003868  evtStruct                                                            
2000387c  valueText                                                            
200038a0  pui32ADC0Value                                                       
200038b4  graphMax                                                             
200038bc  graphMin                                                             
200038c4  parmbuf                                                              
200038cc  SysTicks                                                             
200038d0  acceleration                                                         
200038d4  acceleration_avg                                                     
200038d8  adc0                                                                 
200038dc  current                                                              
200038e0  data_Graph                                                           
200038e4  delta_rpm                                                            
200038e8  delta_time                                                           
200038ec  error                                                                
200038f0  evtHandle                                                            
200038f4  g_accelerationLimit                                                  
200038f8  g_currentLimit                                                       
200038fc  g_drawingGraph                                                       
20003900  g_motorSpeed                                                         
20003904  g_numPlotOverflow                                                    
20003908  g_numPlotPoints                                                      
2000390c  g_pi32ParmSet                                                        
20003914  g_sCurrentPanel                                                      
20003918  g_ui32SysClock                                                       
2000391c  gateHwi                                                              
20003924  graphIntMax                                                          
20003928  graphIntMin                                                          
2000392c  hA                                                                   
20003930  hB                                                                   
20003934  hC                                                                   
20003938  hallA                                                                
2000393c  hallB                                                                
20003940  hallC                                                                
20003944  light_i2c                                                            
20003948  output                                                               
2000394c  previousPoint                                                        
20003950  rpm_avg                                                              
20003954  rpm_from_UI                                                          
20003958  semHandle                                                            
2000395c  semLightHandle                                                       
20003960  t                                                                    
20003964  uart                                                                 
20003968  voltage                                                              
2000396c  y_graph_step                                                         
20003970  g_i16TouchX                                                          
20003972  g_i16TouchY                                                          
20003974  e_event                                                              
20003975  e_stop                                                               
20003976  motorStartedUI                                                       
20003977  motorState                                                           
20003978  print_from_clock                                                     
20003979  running                                                              
2000397a  success                                                              
2000397b  updateGraph                                                          
2000397c  ti_sysbios_knl_Task_Object__table__V                                 
20003a60  ti_sysbios_knl_Swi_Module_State_0_readyQ__A                          
20003ae0  motor                                                                
20003ae4  prevMotor                                                            
20003ae8  prevSysTick                                                          
20003aec  deltaPos                                                             
20003af0  clock_time_mins                                                      
20003af4  clock_time_secs                                                      
20003af8  rpm_actual                                                           
20003afc  acceleration_sum                                                     
20003b00  rpm_prev                                                             
20003b04  integral_error                                                       
20003b08  rpm_desired                                                          
20003b0c  rpm_int                                                              
20003b10  jump                                                                 
20003b14  Kp                                                                   
20003b18  Ki                                                                   
20003b1c  clock_count                                                          
20003b20  rpm_sum                                                              
20003b24  min_per_sysTick                                                      
20003b28  rotation                                                             
20003b2c  rpm_sum_c                                                            
20003b30  dummy                                                                
20003b34  adc_test                                                             
20003b38  vref                                                                 
20003b3c  stepVoltage                                                          
20003b40  shunt                                                                
20003b44  gain                                                                 
20003b48  g_sGraphAcceleration                                                 
20003b98  g_sGraphBack                                                         
20003be8  g_sGraphExit                                                         
20003c38  g_sGraphLight                                                        
20003c88  g_sGraphOption                                                       
20003cd8  g_sGraphPower                                                        
20003d28  g_sGraphSpeed                                                        
20003d78  g_sGraphTitle                                                        
20003dc8  g_sMotorOption                                                       
20003e18  g_sSetOption                                                         
20003e68  g_sSettingAcceleration                                               
20003eb8  g_sSettingBack                                                       
20003f08  g_sSettingCurrent                                                    
20003f58  g_sSettingDecrease                                                   
20003fa8  g_sSettingExit                                                       
20003ff8  g_sSettingIncrease                                                   
20004048  g_sSettingSpeed                                                      
20004098  g_sSettingTitle                                                      
200040e8  g_sSettingValue                                                      
20004138  ti_sysbios_knl_Task_Module__state__V                                 
2000417c  g_sGraph                                                             
200041bc  g_sGraphPage                                                         
200041fc  g_sGraphsMainPage                                                    
2000423c  g_sMainPage                                                          
2000427c  g_sSettingPage                                                       
200042bc  g_sSettingsMainPage                                                  
200042fc  ti_sysbios_family_arm_lm4_Timer_Module_State_0_device__A             
2000433c  ti_sysbios_family_arm_lm4_Timer_Object__table__V                     
2000437c  ti_sysbios_gates_GateMutex_Object__table__V                          
200043b4  ti_sysbios_family_arm_m3_Hwi_Module__state__V                        
200043e8  ti_sysbios_family_arm_m3_Hwi_Object__table__V                        
20004418  ti_sysbios_knl_Swi_Object__table__V                                  
20004448  g_sRoot                                                              
20004476  ti_sysbios_family_arm_m3_Hwi_Module_State_0_excActive__A             
20004478  ti_sysbios_knl_Clock_Module__state__V                                
200044c8  ti_sysbios_BIOS_Module__state__V                                     
200044ec  gpioPinConfigs                                                       
2000450c  ti_sysbios_family_arm_lm4_Timer_Module_State_0_handles__A            
2000452c  ti_sysbios_knl_Task_Module_State_0_readyQ__A                         
2000454c  ti_sysbios_knl_Swi_Module__state__V                                  
20004580  ti_sysbios_heaps_HeapMem_Object__table__V                            
20004598  x_graph_step                                                         
2000459c  x_graph_start                                                        
200045a0  y_graph_start                                                        
200045a4  y_graph_max                                                          
200045a8  y_graph_end                                                          
200045ac  _tz                                                                  
200045bc  ti_sysbios_family_arm_lm4_Timer_Module__state__V                     
200045c8  xdc_runtime_SysMin_Module__state__V                                  
200045d4  _lock                                                                
200045d8  _unlock                                                              
200045dc  gpioCallbackFunctions                                                
200045e4  ti_sysbios_family_arm_m3_Hwi_Module__root__V                         
200045ec  ti_sysbios_gates_GateHwi_Module__root__V                             
200045f4  ti_sysbios_gates_GateMutex_Module__root__V                           
200045fc  ti_sysbios_hal_Hwi_Module__root__V                                   
20004604  ti_sysbios_heaps_HeapMem_Module__root__V                             
2000460c  ti_sysbios_knl_Clock_Module__root__V                                 
20004614  ti_sysbios_knl_Event_Module__root__V                                 
2000461c  ti_sysbios_knl_Queue_Module__root__V                                 
20004624  ti_sysbios_knl_Semaphore_Module__root__V                             
2000462c  ti_sysbios_knl_Task_Module__root__V                                  
20004634  xdc_runtime_Registry_Module__state__V                                
2000463c  xdc_runtime_Startup_Module__state__V                                 
20004644  xdc_runtime_System_Module_State_0_atexitHandlers__A                  
2000464c  xdc_runtime_System_Module__state__V                                  
2000465a  xdc_runtime_Error_Module__state__V                                   
2000465c  triggerThreshold                                                     
20004670  errno                                                                
20004674  main_func_sp                                                         
20004678  ti_sysbios_family_arm_m3_Hwi_Module_State_0_excContext__A            
2000467c  ti_sysbios_family_arm_m3_Hwi_Module_State_0_excStack__A              
20004680  ti_sysbios_gates_GateHwi_Object__table__V                            
20004684  ti_sysbios_knl_Task_Module_State_0_idleTask__A                       
20004688  g_i16TouchMin                                                        
2000468c  xdc_runtime_Memory_Module__state__V                                  
20004690  __stack                                                              
20004990  __STACK_END                                                          
e000e000  ti_sysbios_family_arm_m3_Hwi_nvic                                    
ffffffff  __TI_pprof_out_hndl                                                  
ffffffff  __TI_prof_data_size                                                  
ffffffff  __TI_prof_data_start                                                 
ffffffff  __binit__                                                            
ffffffff  __c_args__                                                           
ffffffff  binit                                                                
UNDEFED   SHT$$INIT_ARRAY$$Base                                                
UNDEFED   SHT$$INIT_ARRAY$$Limit                                               

[1022 symbols]
