******************************************************************************
                  TI ARM Linker PC v20.2.2                     
******************************************************************************
>> Linked Mon May 31 15:53:22 2021

OUTPUT FILE NAME:   <empty_EK_TM4C1294XL_TI.out>
ENTRY POINT SYMBOL: "_c_int00"  address: 0000b195


MEMORY CONFIGURATION

         name            origin    length      used     unused   attr    fill
----------------------  --------  ---------  --------  --------  ----  --------
  FLASH                 00000000   00100000  000133e6  000ecc1a  R  X
  SRAM                  20000000   00040000  00004820  0003b7e0  RW X


SEGMENT ALLOCATION MAP

run origin  load origin   length   init length attrs members
----------  ----------- ---------- ----------- ----- -------
00000000    00000000    000133f0   000133f0    r-x
  00000000    00000000    0000003c   0000003c    r-- .resetVecs
  00000040    00000040    0000e50a   0000e50a    r-x .text
  0000e550    0000e550    00004a88   00004a88    r-- .const
  00012fd8    00012fd8    00000418   00000418    r-- .cinit
20000000    20000000    00004820   00000000    rw-
  20000000    20000000    00000360   00000000    rw- .vecs
  20000360    20000360    000034ec   00000000    rw- .bss
  2000384c    2000384c    00000cd4   00000000    rw- .data
  20004520    20004520    00000300   00000000    rw- .stack


SECTION ALLOCATION MAP

 output                                  attributes/
section   page    origin      length       input sections
--------  ----  ----------  ----------   ----------------
.text      0    00000040    0000e50a     
                  00000040    00000a4e     rtsv7M4_T_le_v4SPD16_eabi.lib : _printfi.c.obj (.text:__TI_printfi)
                  00000a8e    00000002                                   : _lock.c.obj (.text:_nop)
                  00000a90    000006ac     MotorLib.lib : motorlib.obj (.text)
                  0000113c    00000004     driverlib.lib : i2c.obj (.text:I2CMasterControl)
                  00001140    00000430     sysbios.aem4f : BIOS.obj (.text:ti_sysbios_family_arm_m3_Hwi_excDumpRegs__I)
                  00001570    00000380     grlib_demo.obj (.text:drawGraphPoint)
                  000018f0    00000374     grlib.lib : image.obj (.text:InternalImageDraw)
                  00001c64    00000004     driverlib.lib : i2c.obj (.text:I2CMasterDataGet)
                  00001c68    0000034c     sysbios.aem4f : BIOS.obj (.text:ti_sysbios_knl_Event_pend__E)
                  00001fb4    0000034c     ti.targets.arm.rtsarm.aem4f : System.oem4f (.text:xdc_runtime_System_doPrint__I)
                  00002300    000002f8     grlib.lib : image.obj (.text:PixelTransparentDraw)
                  000025f8    000002d0     sysbios.aem4f : BIOS.obj (.text:ti_sysbios_knl_Semaphore_pend__E)
                  000028c8    00000270     rtsv7M4_T_le_v4SPD16_eabi.lib : _printfi.c.obj (.text:_pconv_a)
                  00002b38    0000026c     sysbios.aem4f : BIOS.obj (.text:ti_sysbios_heaps_HeapMem_free__E)
                  00002da4    00000268     touch.obj (.text:TouchScreenDebouncer)
                  0000300c    00000254     grlib.lib : string.obj (.text:GrFontGlyphRender)
                  00003260    00000250     sysbios.aem4f : BIOS.obj (.text:ti_sysbios_heaps_HeapMem_alloc__E)
                  000034b0    00000234                   : BIOS.obj (.text:ti_sysbios_knl_Task_Instance_finalize__E)
                  000036e4    00000210     motorCode.obj (.text:motorFxn)
                  000038f4    0000020c     drivers_tivaware.aem4f : UARTTiva.oem4f (.text:UARTTiva_open)
                  00003b00    00000204     Boot.aem4f : Boot_sysctl.oem4f (.text:ti_catalog_arm_cortexm4_tiva_ce_Boot_sysCtlClockFreqSetI__I)
                  00003d04    00000200     driverlib.lib : sysctl.obj (.text:SysCtlClockFreqSet)
                  00003f04    00000200     rtsv7M4_T_le_v4SPD16_eabi.lib : s_exp2.c.obj (.text:exp2)
                  00004104    00000004     driverlib.lib : i2c.obj (.text:I2CMasterDataPut)
                  00004108    000001f4     sysbios.aem4f : BIOS.obj (.text:ti_sysbios_family_arm_m3_Hwi_excHandlerMax__I)
                  000042fc    000001e8     empty_pem4f.oem4f (.text:xdc_runtime_System_printfExtend__I)
                  000044e4    000001e4     Kentec320x240x16_ssd2119_spi.obj (.text:Kentec320x240x16_SSD2119Init)
                  000046c8    000001dc     Kentec320x240x16_ssd2119_spi.obj (.text:Kentec320x240x16_SSD2119PixelDrawMultiple)
                  000048a4    000001d4     grlib_demo.obj (.text:OnGraphsPage)
                  00004a78    000001d0     rtsv7M4_T_le_v4SPD16_eabi.lib : _printfi.c.obj (.text:_pconv_g)
                  00004c48    000001c0     sysbios.aem4f : BIOS.obj (.text:ti_sysbios_knl_Task_Instance_init__E)
                  00004e08    000001b6     rtsv7M4_T_le_v4SPD16_eabi.lib : fd_add_t2.asm.obj (.text)
                  00004fbe    00000002                                   : div0.asm.obj (.text)
                  00004fc0    000001a4     pinout.obj (.text:PinoutSet)
                  00005164    00000190     grlib.lib : canvas.obj (.text:CanvasPaint)
                  000052f4    0000017e               : pushbutton.obj (.text:RectangularButtonPaint)
                  00005472    00000002     empty_pem4f.oem4f (.text:ti_sysbios_BIOS_nullFunc__I)
                  00005474    00000178     touch.obj (.text:TouchScreenIntHandler)
                  000055ec    00000174     motorCode.obj (.text:initMotor)
                  00005760    00000174     sysbios.aem4f : BIOS.obj (.text:ti_sysbios_family_arm_m3_Hwi_excBusFault__I)
                  000058d4    00000170     drivers_tivaware.aem4f : PWMTiva.oem4f (.text:PWMTiva_open)
                  00005a44    00000004     driverlib.lib : uart.obj (.text:UARTIntClear)
                  00005a48    00000164     sysbios.aem4f : BIOS.obj (.text:ti_sysbios_family_arm_m3_Hwi_excUsageFault__I)
                  00005bac    00000158     grlib_demo.obj (.text:initWidgets)
                  00005d04    00000150     drivers_tivaware.aem4f : GPIOTiva.oem4f (.text:GPIO_setConfig)
                  00005e54    00000148     motorCode.obj (.text:initHallABC)
                  00005f9c    00000004     grlib.lib : widget.obj (.text:WidgetDefaultMsgProc)
                  00005fa0    00000148     sysbios.aem4f : BIOS.obj (.text:ti_sysbios_family_arm_m3_Hwi_excMemFault__I)
                  000060e8    0000013c     rtsv7M4_T_le_v4SPD16_eabi.lib : _printfi.c.obj (.text:_pconv_e)
                  00006224    00000004                                   : exit.c.obj (.text:abort:abort)
                  00006228    0000013c     sysbios.aem4f : BIOS.obj (.text:ti_sysbios_heaps_HeapMem_Instance_init__E)
                  00006364    00000136     rtsv7M4_T_le_v4SPD16_eabi.lib : fd_div_t2.asm.obj (.text)
                  0000649a    00000132     driverlib.lib : gpio.obj (.text:GPIOPadConfigSet)
                  000065cc    00000124     rtsv7M4_T_le_v4SPD16_eabi.lib : _printfi.c.obj (.text:fcvt)
                  000066f0    00000120     sysbios.aem4f : BIOS.obj (.text:ti_sysbios_family_arm_lm4_Timer_start__E)
                  00006810    0000011c     grlib_demo.obj (.text:OnSettingsPage)
                  0000692c    00000004     empty_pem4f.oem4f (.text:ti_sysbios_BIOS_RtsGateProxy_enter__E)
                  00006930    0000011c     sysbios.aem4f : BIOS.obj (.text:ti_sysbios_knl_Clock_Instance_init__E)
                  00006a4c    00000118     ti.targets.arm.rtsarm.aem4f : Error.oem4f (.text:xdc_runtime_Error_policyDefault__E)
                  00006b64    00000114     drivers_tivaware.aem4f : PWMTimerTiva.oem4f (.text:PWMTimerTiva_open)
                  00006c78    00000110     rtsv7M4_T_le_v4SPD16_eabi.lib : s_scalbn.c.obj (.text:scalbn)
                  00006d88    0000010c     Kentec320x240x16_ssd2119_spi.obj (.text:Kentec320x240x16_SSD2119RectFill)
                  00006e94    0000010c     touch.obj (.text:TouchScreenInit)
                  00006fa0    00000106     grlib.lib : line.obj (.text:GrLineDraw)
                  000070a6    00000002     empty_pem4f.oem4f (.text:xdc_runtime_Startup_reset__I)
                  000070a8    00000104     sysbios.aem4f : BIOS.obj (.text:ti_sysbios_knl_Event_post__E)
                  000071ac    00000100     ti.targets.arm.rtsarm.aem4f : Core-mem.oem4f (.text:xdc_runtime_Core_createObject__I)
                  000072ac    000000fc     rtsv7M4_T_le_v4SPD16_eabi.lib : fd_mul_t2.asm.obj (.text)
                  000073a8    000000f8     ti.targets.arm.rtsarm.aem4f : Startup.oem4f (.text:xdc_runtime_Startup_startMods__I)
                  000074a0    000000f4     motorCode.obj (.text:filterFxn)
                  00007594    000000f4     empty.obj (.text:main)
                  00007688    000000f4     sysbios.aem4f : m3_Hwi_asm.obj (.text:ti_sysbios_family_arm_m3_Hwi_dispatch__I)
                  0000777c    000000f2     grlib.lib : pushbutton.obj (.text:RectangularButtonClick)
                  0000786e    000000f0     drivers_tivaware.aem4f : PWMTiva.oem4f (.text:PWMTiva_setDuty)
                  0000795e    00000002     --HOLE-- [fill = 0]
                  00007960    000000ec     sysbios.aem4f : BIOS.obj (.text:ti_sysbios_knl_Semaphore_post__E)
                  00007a4c    000000e8     grlib.lib : widget.obj (.text:WidgetMessageQueueAdd)
                  00007b34    000000e0     drivers_tivaware.aem4f : I2CTiva.oem4f (.text:I2CTiva_open)
                  00007c14    000000d6                            : I2CTiva.oem4f (.text:I2CTiva_hwiFxn)
                  00007cea    00000002     --HOLE-- [fill = 0]
                  00007cec    000000d0     motorCode.obj (.text:HallFxn)
                  00007dbc    000000cc     ti.targets.arm.rtsarm.aem4f : Core-smem.oem4f (.text:xdc_runtime_Core_constructObject__I)
                  00007e88    000000c0     grlib.lib : string.obj (.text:GrDefaultStringRenderer)
                  00007f48    000000bc     sysbios.aem4f : BIOS.obj (.text:ti_sysbios_family_arm_m3_Hwi_excDebugMon__I)
                  00008004    00000004     empty_pem4f.oem4f (.text:ti_sysbios_BIOS_RtsGateProxy_leave__E)
                  00008008    000000bc     sysbios.aem4f : BIOS.obj (.text:ti_sysbios_family_arm_m3_Hwi_excHardFault__I)
                  000080c4    000000b8     EK_TM4C1294XL.obj (.text:EK_TM4C1294XL_initGeneral)
                  0000817c    000000b8     grlib.lib : line.obj (.text:GrLineClip)
                  00008234    000000b8     Kentec320x240x16_ssd2119_spi.obj (.text:InitSPILCDInterface)
                  000082ec    000000b8     drivers_tivaware.aem4f : PWMTimerTiva.oem4f (.text:PWMTimerTiva_setDuty)
                  000083a4    000000b4     grlib_demo.obj (.text:OnDecrease)
                  00008458    000000b4     grlib.lib : widget.obj (.text:WidgetMessageSendPostOrder)
                  0000850c    000000b4     sensor_api.obj (.text:initLightTask)
                  000085c0    000000b4     sysbios.aem4f : BIOS.obj (.text:ti_sysbios_gates_GateMutex_enter__E)
                  00008674    00000004                   : BIOS.obj (.text:ti_sysbios_family_arm_lm4_Timer_masterEnable__I)
                  00008678    000000b4                   : BIOS.obj (.text:ti_sysbios_knl_Task_checkStacks__E)
                  0000872c    000000b1     rtsv7M4_T_le_v4SPD16_eabi.lib : _printfi.c.obj (.text:_ltostr)
                  000087dd    00000003     --HOLE-- [fill = 0]
                  000087e0    000000b0     grlib_demo.obj (.text:OnIncrease)
                  00008890    000000ac     drivers_tivaware.aem4f : UARTTiva.oem4f (.text:readTaskBlocking)
                  0000893c    00000004     empty_pem4f.oem4f (.text:ti_sysbios_family_arm_m3_Hwi_destruct)
                  00008940    000000ac     sysbios.aem4f : BIOS.obj (.text:ti_sysbios_family_arm_lm4_Timer_enableTiva__I)
                  000089ec    00000004     empty_pem4f.oem4f (.text:ti_sysbios_family_arm_m3_TaskSupport_Module__startupDone__S)
                  000089f0    000000a8     sysbios.aem4f : BIOS.obj (.text:ti_sysbios_family_arm_lm4_Timer_enableTimers__I)
                  00008a98    000000a4                   : BIOS.obj (.text:ti_sysbios_knl_Clock_Instance_finalize__E)
                  00008b3c    000000a0     auto_init.aem4f : auto_init.oem4f (.text)
                  00008bdc    000000a0     ti.targets.arm.rtsarm.aem4f : Text.oem4f (.text:xdc_runtime_Text_putMod__E)
                  00008c7c    0000009c     grlib_demo.obj (.text:OnStartMotor)
                  00008d18    0000009c     motorCode.obj (.text:PIControlFxn)
                  00008db4    0000009c     sensor_api.obj (.text:initLightSensor)
                  00008e50    0000009c     rtsv7M4_T_le_v4SPD16_eabi.lib : memcpy_t2.asm.obj (.text)
                  00008eec    00000004     empty_pem4f.oem4f (.text:ti_sysbios_hal_Hwi_HwiProxy_delete)
                  00008ef0    0000009c     sysbios.aem4f : BIOS.obj (.text:ti_sysbios_knl_Semaphore_Instance_init__E)
                  00008f8c    0000009a     ti.targets.arm.rtsarm.aem4f : Text.oem4f (.text:xdc_runtime_Text_putSite__E)
                  00009026    00000098     drivers_tivaware.aem4f : UARTTiva.oem4f (.text:UARTTiva_readPolling)
                  000090be    00000002     --HOLE-- [fill = 0]
                  000090c0    00000098     Boot.aem4f : Boot.oem4f (.text:ti_catalog_arm_cortexm4_tiva_ce_Boot_sysCtlClockFreqSet__E)
                  00009158    00000096     rtsv7M4_T_le_v4SPD16_eabi.lib : ull_div_t2.asm.obj (.text)
                  000091ee    00000094     drivers_tivaware.aem4f : UARTTiva.oem4f (.text:UARTTiva_write)
                  00009282    00000006     driverlib.lib : gpio.obj (.text:GPIOIntClear)
                  00009288    00000094     sysbios.aem4f : BIOS.obj (.text:ti_sysbios_family_arm_m3_Hwi_Instance_init__E)
                  0000931c    00000004     empty_pem4f.oem4f (.text:ti_sysbios_heaps_HeapMem_Module_GateProxy_enter__E)
                  00009320    00000094     sysbios.aem4f : BIOS.obj (.text:ti_sysbios_family_arm_m3_Hwi_initNVIC__E)
                  000093b4    00000004     empty_pem4f.oem4f (.text:ti_sysbios_heaps_HeapMem_Module_GateProxy_leave__E)
                  000093b8    00000094     sysbios.aem4f : BIOS.obj (.text:ti_sysbios_knl_Task_postInit__I)
                  0000944c    00000090     motorCode.obj (.text:accelLimitFxn)
                  000094dc    0000008c     drivers_tivaware.aem4f : GPIOTiva.oem4f (.text:GPIO_init)
                  00009568    0000008c                            : UARTTiva.oem4f (.text:UARTTiva_control)
                  000095f4    0000008c     sysbios.aem4f : m3_TaskSupport_asm.obj (.text:ti_sysbios_family_arm_m3_TaskSupport_buildTaskStack)
                  00009680    0000008a     drivers_tivaware.aem4f : UARTTiva.oem4f (.text:readIsrTextBlocking)
                  0000970a    00000002     --HOLE-- [fill = 0]
                  0000970c    00000088                            : PWMTiva.oem4f (.text:PWMTiva_control)
                  00009794    00000088     grlib_demo.obj (.text:initUI)
                  0000981c    00000086     grlib.lib : rectangle.obj (.text:GrRectFill)
                  000098a2    00000086     rtsv7M4_T_le_v4SPD16_eabi.lib : fd_cmp_t2.asm.obj (.text:__aeabi_cdcmple)
                  00009928    00000086                                   : fd_cmp_t2.asm.obj (.text:__aeabi_cdrcmple)
                  000099ae    00000002     --HOLE-- [fill = 0]
                  000099b0    00000084     sensor_api.obj (.text:taskLight)
                  00009a34    00000004     empty_pem4f.oem4f (.text:ti_sysbios_knl_Clock_TimerProxy_getMaxTicks__E)
                  00009a38    00000084     sysbios.aem4f : BIOS.obj (.text:ti_sysbios_family_arm_m3_Hwi_postInit__I)
                  00009abc    00000082     drivers_tivaware.aem4f : UARTTiva.oem4f (.text:readIsrTextCallback)
                  00009b3e    0000007e                            : I2CTiva.oem4f (.text:I2CTiva_transfer)
                  00009bbc    0000007c     motorCode.obj (.text:ADCTriggerFxn)
                  00009c38    0000007a     driverlib.lib : adc.obj (.text:ADCSequenceStepConfigure)
                  00009cb2    0000007a     drivers_tivaware.aem4f : UARTTiva.oem4f (.text:readTaskCallback)
                  00009d2c    0000007a     rtsv7M4_T_le_v4SPD16_eabi.lib : memset_t2.asm.obj (.text)
                  00009da6    00000002     --HOLE-- [fill = 0]
                  00009da8    00000074     sysbios.aem4f : BIOS.obj (.text:ti_sysbios_knl_Clock_start__E)
                  00009e1c    00000070     opt3001.obj (.text:OPT3001Convert)
                  00009e8c    00000004     empty_pem4f.oem4f (.text:ti_sysbios_knl_Clock_destruct)
                  00009e90    00000070     sysbios.aem4f : BIOS.obj (.text:ti_sysbios_knl_Clock_workFunc__E)
                  00009f00    00000070                   : BIOS.obj (.text:ti_sysbios_knl_Task_exit__E)
                  00009f70    0000006e     rtsv7M4_T_le_v4SPD16_eabi.lib : _printfi.c.obj (.text:_mcpy)
                  00009fde    0000006e                                   : fd_tos_t2.asm.obj (.text)
                  0000a04c    0000006d     ti.targets.arm.rtsarm.aem4f : System.oem4f (.text:xdc_runtime_System_formatNum__I)
                  0000a0b9    00000003     --HOLE-- [fill = 0]
                  0000a0bc    0000006c     drivers_tivaware.aem4f : PWMTimerTiva.oem4f (.text:PWMTimerTiva_control)
                  0000a128    0000006c     empty_pem4f.oem4f (.text:ti_sysbios_family_arm_m3_Hwi_Object__create__S)
                  0000a194    00000004     empty_pem4f.oem4f (.text:ti_sysbios_knl_Queue_destruct)
                  0000a198    0000006c     sysbios.aem4f : BIOS.obj (.text:ti_sysbios_knl_Swi_restoreHwi__E)
                  0000a204    0000006c     drivers_tivaware.aem4f : UARTTiva.oem4f (.text:writeData)
                  0000a270    0000006c     ti.targets.arm.rtsarm.aem4f : Error.oem4f (.text:xdc_runtime_Error_print__E)
                  0000a2dc    0000006c                                 : Memory.oem4f (.text:xdc_runtime_Memory_alloc__E)
                  0000a348    0000006a     drivers_tivaware.aem4f : PWMTiva.oem4f (.text:PWMTiva_close)
                  0000a3b2    00000002     --HOLE-- [fill = 0]
                  0000a3b4    00000068     grlib.lib : context.obj (.text:GrContextInit)
                  0000a41c    00000068               : string.obj (.text:GrStringWidthGet)
                  0000a484    00000068     driverlib.lib : interrupt.obj (.text:IntEnable)
                  0000a4ec    00000068     Kentec320x240x16_ssd2119_spi.obj (.text:Kentec320x240x16_SSD2119LineDrawH)
                  0000a554    00000068     Kentec320x240x16_ssd2119_spi.obj (.text:Kentec320x240x16_SSD2119LineDrawV)
                  0000a5bc    00000068     rtsv7M4_T_le_v4SPD16_eabi.lib : copy_decompress_lzss.c.obj (.text:decompress:lzss:__TI_decompress_lzss)
                  0000a624    00000066     grlib.lib : context.obj (.text:GrContextClipRegionSet)
                  0000a68a    00000066               : rectangle.obj (.text:GrRectDraw)
                  0000a6f0    00000066     opt3001.obj (.text:OPT3001ReadLight)
                  0000a756    00000066     ti.targets.arm.rtsarm.aem4f : Core-mem.oem4f (.text:xdc_runtime_Core_deleteObject__I)
                  0000a7bc    00000064     drivers_tivaware.aem4f : GPIOTiva.oem4f (.text:GPIO_hwiIntFxn)
                  0000a820    00000064     opt3001.obj (.text:OPT3001Test)
                  0000a884    00000064     grlib_demo.obj (.text:OnGraphsMain)
                  0000a8e8    00000064     grlib.lib : widget.obj (.text:WidgetMessageQueueProcess)
                  0000a94c    00000064     rtsv7M4_T_le_v4SPD16_eabi.lib : s_frexp.c.obj (.text:frexp)
                  0000a9b0    00000064     empty.obj (.text:setupLightSensor)
                  0000aa14    00000004     empty_pem4f.oem4f (.text:ti_sysbios_knl_Semaphore_destruct)
                  0000aa18    00000064     sysbios.aem4f : BIOS.obj (.text:ti_sysbios_family_arm_lm4_Timer_Module_startup__E)
                  0000aa7c    00000064     empty_pem4f.oem4f (.text:ti_sysbios_family_arm_m3_Hwi_create)
                  0000aae0    00000064     sysbios.aem4f : BIOS.obj (.text:ti_sysbios_family_arm_m3_Hwi_dispatchC__I)
                  0000ab44    00000064     empty_pem4f.oem4f (.text:ti_sysbios_hal_Hwi_create)
                  0000aba8    00000062     drivers_tivaware.aem4f : I2CTiva.oem4f (.text:I2CTiva_primeTransfer)
                  0000ac0a    00000002     --HOLE-- [fill = 0]
                  0000ac0c    00000060     driverlib.lib : timer.obj (.text:TimerConfigure)
                  0000ac6c    00000060     Kentec320x240x16_ssd2119_spi.obj (.text:WriteDataSPI)
                  0000accc    00000060     motorCode.obj (.text:statesFxn)
                  0000ad2c    00000004     ti.targets.arm.rtsarm.aem4f : Error.oem4f (.text:xdc_runtime_Error_getSite__E)
                  0000ad30    00000060     sysbios.aem4f : BIOS.obj (.text:ti_sysbios_knl_Task_schedule__I)
                  0000ad90    0000005e     grlib.lib : widget.obj (.text:WidgetMessageSendPreOrder)
                  0000adee    0000005e     drivers_tivaware.aem4f : UARTTiva.oem4f (.text:readIsrBinaryBlocking)
                  0000ae4c    0000005c     Kentec320x240x16_ssd2119_spi.obj (.text:WriteCommandSPI)
                  0000aea8    0000005c     sensor_api.obj (.text:getLight)
                  0000af04    00000004     empty_pem4f.oem4f (.text:xdc_runtime_System_Module_GateProxy_enter__E)
                  0000af08    0000005c     sysbios.aem4f : BIOS.obj (.text:ti_sysbios_knl_Swi_run__I)
                  0000af64    00000004     empty_pem4f.oem4f (.text:xdc_runtime_System_Module_GateProxy_leave__E)
                  0000af68    0000005c     sysbios.aem4f : BIOS.obj (.text:ti_sysbios_knl_Swi_schedule__I)
                  0000afc4    00000004     ti.targets.arm.rtsarm.aem4f : System.oem4f (.text:xdc_runtime_System_aprintf_va__F)
                  0000afc8    0000005c     sysbios.aem4f : BIOS.obj (.text:ti_sysbios_knl_Task_Module_startup__E)
                  0000b024    0000005c     empty_pem4f.oem4f (.text:ti_sysbios_knl_Task_create)
                  0000b080    0000005c     sysbios.aem4f : BIOS.obj (.text:ti_sysbios_knl_Task_startCore__E)
                  0000b0dc    0000005b     ti.targets.arm.rtsarm.aem4f : Text.oem4f (.text:xdc_runtime_Text_putLab__E)
                  0000b137    00000001     --HOLE-- [fill = 0]
                  0000b138    0000005a     grlib.lib : string.obj (.text:FontWideGlyphDataGet)
                  0000b192    00000002     --HOLE-- [fill = 0]
                  0000b194    00000058     boot.aem4f : boot.oem4f (.text)
                  0000b1ec    00000058     rtsv7M4_T_le_v4SPD16_eabi.lib : hostwrite.c.obj (.text:HOSTwrite)
                  0000b244    00000058     driverlib.lib : timer.obj (.text:TimerControlTrigger)
                  0000b29c    00000058     empty_pem4f.oem4f (.text:ti_sysbios_family_arm_m3_Hwi_construct)
                  0000b2f4    00000058     sysbios.aem4f : m3_Hwi_asm_switch.obj (.text:ti_sysbios_family_arm_m3_Hwi_initStacks__E)
                  0000b34c    00000056     driverlib.lib : gpio.obj (.text:GPIOIntTypeSet)
                  0000b3a2    00000056     rtsv7M4_T_le_v4SPD16_eabi.lib : _printfi.c.obj (.text:_pconv_f)
                  0000b3f8    00000054                                   : _ltoa.c.obj (.text:__TI_ltoa)
                  0000b44c    00000054     drivers_tivaware.aem4f : UARTTiva.oem4f (.text:readIsrBinaryCallback)
                  0000b4a0    00000054     ti.targets.arm.rtsarm.aem4f : Assert.oem4f (.text:xdc_runtime_Assert_raise__I)
                  0000b4f4    00000052     rtsv7M4_T_le_v4SPD16_eabi.lib : _printfi.c.obj (.text:_ecpy)
                  0000b546    00000002     --HOLE-- [fill = 0]
                  0000b548    00000050     motorCode.obj (.text:ADC0_Init)
                  0000b598    00000050     driverlib.lib : adc.obj (.text:ADCSequenceConfigure)
                  0000b5e8    00000050     drivers_tivaware.aem4f : GPIOTiva.oem4f (.text:GPIO_setCallback)
                  0000b638    00000050                            : GPIOTiva.oem4f (.text:GPIO_write)
                  0000b688    00000050     opt3001.obj (.text:OPT3001WriteI2C)
                  0000b6d8    00000050     drivers_tivaware.aem4f : UARTTiva.oem4f (.text:UARTTiva_writeCancel)
                  0000b728    00000050     Boot.aem4f : Boot_sysctl.oem4f (.text:_SysCtlFrequencyGet)
                  0000b778    00000050     sysbios.aem4f : BIOS.obj (.text:ti_sysbios_family_arm_m3_Hwi_Module_startup__E)
                  0000b7c8    00000050     ti.targets.arm.rtsarm.aem4f : Startup.oem4f (.text:xdc_runtime_Startup_exec__E)
                  0000b818    00000050                                 : Text.oem4f (.text:xdc_runtime_Text_visitRope2__I)
                  0000b868    0000004c     driverlib.lib : i2c.obj (.text:I2CMasterInitExpClk)
                  0000b8b4    0000004c     drivers_tivaware.aem4f : UARTTiva.oem4f (.text:UARTTiva_close)
                  0000b900    0000004c     grlib.lib : widget.obj (.text:WidgetRemove)
                  0000b94c    0000004c     rtsv7M4_T_le_v4SPD16_eabi.lib : atoi.c.obj (.text:atoi)
                  0000b998    0000004c                                   : cpy_tbl.c.obj (.text:copy_in)
                  0000b9e4    0000004c     grlib_demo.obj (.text:drawSettingValue)
                  0000ba30    0000004c     motorCode.obj (.text:initUART)
                  0000ba7c    00000004     ti.targets.arm.rtsarm.aem4f : System.oem4f (.text:xdc_runtime_System_printf_va__F)
                  0000ba80    0000004c     sysbios.aem4f : BIOS.obj (.text:ti_sysbios_family_arm_lm4_Timer_setAvailMask__E)
                  0000bacc    00000004     --HOLE-- [fill = 0]
                  0000bad0    0000004c                   : BIOS.obj (.text:ti_sysbios_heaps_HeapMem_getStats__E)
                  0000bb1c    00000004     --HOLE-- [fill = 0]
                  0000bb20    0000004c                   : BIOS.obj (.text:ti_sysbios_knl_Swi_runLoop__I)
                  0000bb6c    00000004     --HOLE-- [fill = 0]
                  0000bb70    0000004c                   : BIOS.obj (.text:ti_sysbios_knl_Task_allBlockedFunction__I)
                  0000bbbc    0000004a     drivers_tivaware.aem4f : PWMTimerTiva.oem4f (.text:PWMTimerTiva_close)
                  0000bc06    0000004a     grlib.lib : string.obj (.text:UpdateContextCharMapping)
                  0000bc50    00000048     driverlib.lib : gpio.obj (.text:GPIOPinConfigure)
                  0000bc98    00000048                   : sysctl.obj (.text:_SysCtlFrequencyGet)
                  0000bce0    00000048     rtsv7M4_T_le_v4SPD16_eabi.lib : fd_toi_t2.asm.obj (.text)
                  0000bd28    00000048     sysbios.aem4f : BIOS.obj (.text:ti_sysbios_family_arm_m3_Hwi_disableInterrupt__E)
                  0000bd70    00000048                   : BIOS.obj (.text:ti_sysbios_family_arm_m3_Hwi_enableInterrupt__E)
                  0000bdb8    00000048                   : BIOS.obj (.text:ti_sysbios_family_arm_m3_Hwi_excReserved__I)
                  0000be00    00000046     grlib.lib : line.obj (.text:GrLineDrawH)
                  0000be46    00000046               : line.obj (.text:GrLineDrawV)
                  0000be8c    00000046     Kentec320x240x16_ssd2119_spi.obj (.text:Kentec320x240x16_SSD2119PixelDraw)
                  0000bed2    00000046     drivers_tivaware.aem4f : RingBuf.oem4f (.text:RingBuf_put)
                  0000bf18    00000046     driverlib.lib : uart.obj (.text:UARTConfigSetExpClk)
                  0000bf5e    00000046     ti.targets.arm.rtsarm.aem4f : Core-params.oem4f (.text:xdc_runtime_Core_assignParams__I)
                  0000bfa4    00000044     rtsv7M4_T_le_v4SPD16_eabi.lib : fd_tou_t2.asm.obj (.text)
                  0000bfe8    00000044     sysbios.aem4f : BIOS.obj (.text:ti_sysbios_family_arm_lm4_Timer_isrStub__E)
                  0000c02c    00000004     --HOLE-- [fill = 0]
                  0000c030    00000044                   : BIOS.obj (.text:ti_sysbios_family_arm_m3_Hwi_getStackInfo__E)
                  0000c074    00000004     --HOLE-- [fill = 0]
                  0000c078    00000044                   : BIOS.obj (.text:ti_sysbios_knl_Swi_post__E)
                  0000c0bc    00000044     ti.targets.arm.rtsarm.aem4f : Error.oem4f (.text:xdc_runtime_Error_setX__E)
                  0000c100    00000044                                 : SysMin.oem4f (.text:xdc_runtime_SysMin_flush__E)
                  0000c144    00000044                                 : Text.oem4f (.text:xdc_runtime_Text_xprintf__I)
                  0000c188    00000042     drivers_tivaware.aem4f : UARTTiva.oem4f (.text:UARTTiva_hwiIntFxn)
                  0000c1ca    00000042                            : UARTTiva.oem4f (.text:UARTTiva_writePolling)
                  0000c20c    00000040     opt3001.obj (.text:OPT3001ReadI2C)
                  0000c24c    00000040     grlib_demo.obj (.text:OnMainMenu)
                  0000c28c    00000040     grlib_demo.obj (.text:OnSettingsMain)
                  0000c2cc    00000040     drivers_tivaware.aem4f : RingBuf.oem4f (.text:RingBuf_get)
                  0000c30c    00000040                            : UARTTiva.oem4f (.text:UARTTiva_read)
                  0000c34c    00000040     rtsv7M4_T_le_v4SPD16_eabi.lib : u_divt2.asm.obj (.text)
                  0000c38c    00000040                                   : sprintf.c.obj (.text:sprintf)
                  0000c3cc    00000004     --HOLE-- [fill = 0]
                  0000c3d0    00000040     sysbios.aem4f : BIOS.obj (.text:ti_sysbios_family_arm_lm4_Timer_startup__E)
                  0000c410    0000003e     rtsv7M4_T_le_v4SPD16_eabi.lib : _printfi.c.obj (.text:_fcpy)
                  0000c44e    00000002     --HOLE-- [fill = 0]
                  0000c450    0000003c     EK_TM4C1294XL.obj (.text:EK_TM4C1294XL_initI2C)
                  0000c48c    0000003c     driverlib.lib : ssi.obj (.text:SSIConfigSetExpClk)
                  0000c4c8    0000003c     sysbios.aem4f : BIOS.obj (.text:ti_sysbios_family_arm_m3_Hwi_excSvCall__I)
                  0000c504    00000004     --HOLE-- [fill = 0]
                  0000c508    0000003c                   : BIOS.obj (.text:ti_sysbios_heaps_HeapMem_init__I)
                  0000c544    00000004     --HOLE-- [fill = 0]
                  0000c548    0000003c                   : BIOS.obj (.text:ti_sysbios_knl_Swi_restore__E)
                  0000c584    0000003a     grlib.lib : string.obj (.text:FontGlyphDataGet)
                  0000c5be    0000003a     drivers_tivaware.aem4f : I2CTiva.oem4f (.text:I2CTiva_completeTransfer)
                  0000c5f8    00000038                            : I2C.oem4f (.text:I2C_init)
                  0000c630    00000038                            : PWM.oem4f (.text:PWM_init)
                  0000c668    00000038     driverlib.lib : sysctl.obj (.text:SysCtlPeripheralReady)
                  0000c6a0    00000038     drivers_tivaware.aem4f : UART.oem4f (.text:UART_init)
                  0000c6d8    00000038     rtsv7M4_T_le_v4SPD16_eabi.lib : trgmsg.c.obj (.text:__TI_writemsg)
                  0000c710    00000038                                   : fs_tod_t2.asm.obj (.text)
                  0000c748    00000038     motorCode.obj (.text:startMotor)
                  0000c780    00000038     sysbios.aem4f : BIOS.obj (.text:ti_sysbios_family_arm_m3_Hwi_excNoIsr__I)
                  0000c7b8    00000038     empty_pem4f.oem4f (.text:ti_sysbios_knl_Clock_create)
                  0000c7f0    00000038     sysbios.aem4f : BIOS.obj (.text:ti_sysbios_knl_Task_processVitalTaskFlag__I)
                  0000c828    00000038     ti.targets.arm.rtsarm.aem4f : SysMin.oem4f (.text:xdc_runtime_SysMin_putch__E)
                  0000c860    00000038                                 : System.oem4f (.text:xdc_runtime_System_atexit__E)
                  0000c898    00000036     grlib.lib : line.obj (.text:GrClipCodeGet)
                  0000c8ce    00000036     drivers_tivaware.aem4f : I2CTiva.oem4f (.text:I2CTiva_close)
                  0000c904    00000036                            : UARTTiva.oem4f (.text:UARTTiva_readCancel)
                  0000c93a    00000002     --HOLE-- [fill = 0]
                  0000c93c    00000034     driverlib.lib : sysctl.obj (.text:SysCtlPeripheralEnable)
                  0000c970    00000034     rtsv7M4_T_le_v4SPD16_eabi.lib : trgmsg.c.obj (.text:__TI_readmsg)
                  0000c9a4    00000004     --HOLE-- [fill = 0]
                  0000c9a8    00000034     sysbios.aem4f : BIOS.obj (.text:ti_sysbios_family_arm_m3_Hwi_Instance_finalize__E)
                  0000c9dc    00000004     --HOLE-- [fill = 0]
                  0000c9e0    00000034                   : BIOS.obj (.text:ti_sysbios_family_arm_m3_Hwi_excNmi__I)
                  0000ca14    00000004     --HOLE-- [fill = 0]
                  0000ca18    00000034                   : BIOS.obj (.text:ti_sysbios_hal_Hwi_checkStack)
                  0000ca4c    00000034     empty_pem4f.oem4f (.text:ti_sysbios_knl_Clock_construct)
                  0000ca80    00000034     ti.targets.arm.rtsarm.aem4f : Core-label.oem4f (.text:xdc_runtime_Core_assignLabel__I)
                  0000cab4    00000033                                 : Text.oem4f (.text:xdc_runtime_Text_printVisFxn__I)
                  0000cae7    00000001     --HOLE-- [fill = 0]
                  0000cae8    00000032     sysbios.aem4f : BIOS.obj (.text:ti_sysbios_hal_Hwi_initStack)
                  0000cb1a    00000002     --HOLE-- [fill = 0]
                  0000cb1c    00000030     drivers_tivaware.aem4f : GPIOTiva.oem4f (.text:GPIO_enableInt)
                  0000cb4c    00000030                            : GPIOTiva.oem4f (.text:GPIO_read)
                  0000cb7c    00000030                            : I2C.oem4f (.text:I2C_open)
                  0000cbac    00000030     grlib_demo.obj (.text:OnGraphAcceleration)
                  0000cbdc    00000030     drivers_tivaware.aem4f : PWMTiva.oem4f (.text:PWMTiva_init)
                  0000cc0c    00000030                            : PWM.oem4f (.text:PWM_open)
                  0000cc3c    00000030                            : UART.oem4f (.text:UART_open)
                  0000cc6c    00000030     motorCode.obj (.text:readABC)
                  0000cc9c    00000030     empty_pem4f.oem4f (.text:ti_sysbios_BIOS_atExitFunc__I)
                  0000cccc    00000004     --HOLE-- [fill = 0]
                  0000ccd0    00000030     sysbios.aem4f : BIOS.obj (.text:ti_sysbios_family_arm_lm4_Timer_stop__E)
                  0000cd00    00000030                   : BIOS.obj (.text:ti_sysbios_family_arm_m3_TaskSupport_start__E)
                  0000cd30    00000030     empty_pem4f.oem4f (.text:ti_sysbios_gates_GateHwi_Object__create__S)
                  0000cd60    00000030     empty_pem4f.oem4f (.text:ti_sysbios_gates_GateHwi_create)
                  0000cd90    00000030     empty_pem4f.oem4f (.text:ti_sysbios_gates_GateMutex_Object__create__S)
                  0000cdc0    00000030     empty_pem4f.oem4f (.text:ti_sysbios_heaps_HeapMem_Object__create__S)
                  0000cdf0    00000030     sysbios.aem4f : BIOS.obj (.text:ti_sysbios_knl_Event_pendTimeout__I)
                  0000ce20    00000030     empty_pem4f.oem4f (.text:ti_sysbios_knl_Semaphore_construct)
                  0000ce50    00000030     sysbios.aem4f : BIOS.obj (.text:ti_sysbios_knl_Semaphore_pendTimeout__I)
                  0000ce80    00000030                   : BIOS.obj (.text:ti_sysbios_knl_Task_unblockI__E)
                  0000ceb0    00000030     ti.targets.arm.rtsarm.aem4f : SysMin.oem4f (.text:xdc_runtime_SysMin_abort__E)
                  0000cee0    00000030                                 : System.oem4f (.text:xdc_runtime_System_processAtExit__E)
                  0000cf10    0000002e     grlib.lib : string.obj (.text:GrStringNextCharGet)
                  0000cf3e    0000002e     opt3001.obj (.text:OPT3001Enable)
                  0000cf6c    0000002e     rtsv7M4_T_le_v4SPD16_eabi.lib : i_tofd_t2.asm.obj (.text)
                  0000cf9a    00000002     --HOLE-- [fill = 0]
                  0000cf9c    0000002c     EK_TM4C1294XL.obj (.text:EK_TM4C1294XL_initUART)
                  0000cfc8    0000002c     grlib.lib : string.obj (.text:GrFontBaselineGet)
                  0000cff4    0000002c               : string.obj (.text:GrFontHeightGet)
                  0000d020    0000002c               : pushbutton.obj (.text:RectangularButtonMsgProc)
                  0000d04c    0000002c               : widget.obj (.text:WidgetIsInTree)
                  0000d078    0000002c     empty_pem4f.oem4f (.text:ti_sysbios_knl_Clock_doTick__I)
                  0000d0a4    0000002c     empty_pem4f.oem4f (.text:ti_sysbios_knl_Event_construct)
                  0000d0d0    0000002c     empty_pem4f.oem4f (.text:ti_sysbios_knl_Queue_construct)
                  0000d0fc    00000004     --HOLE-- [fill = 0]
                  0000d100    0000002c     sysbios.aem4f : BIOS.obj (.text:ti_sysbios_knl_Task_restore__E)
                  0000d12c    0000002c     ti.targets.arm.rtsarm.aem4f : Text.oem4f (.text:xdc_runtime_Text_cordText__E)
                  0000d158    0000002a     driverlib.lib : gpio.obj (.text:GPIODirModeSet)
                  0000d182    0000002a     ti.targets.arm.rtsarm.aem4f : System.oem4f (.text:xdc_runtime_System_putchar__I)
                  0000d1ac    00000028     Kentec320x240x16_ssd2119_spi.obj (.text:Kentec320x240x16_SSD2119ColorTranslate)
                  0000d1d4    00000028     grlib_demo.obj (.text:OnGraphSpeed)
                  0000d1fc    00000004     --HOLE-- [fill = 0]
                  0000d200    00000028     sysbios.aem4f : BIOS.obj (.text:ti_sysbios_hal_Hwi_Instance_init__E)
                  0000d228    00000028                   : BIOS.obj (.text:ti_sysbios_knl_Swi_Module_startup__E)
                  0000d250    00000027     empty.obj (.text:lightFxn)
                  0000d277    00000001     --HOLE-- [fill = 0]
                  0000d278    00000026     grlib.lib : string.obj (.text:GrFontInfoGet)
                  0000d29e    00000026     sysbios.aem4f : m3_Hwi_asm.obj (.text:ti_sysbios_family_arm_m3_Hwi_pendSV__I)
                  0000d2c4    00000026     ti.targets.arm.rtsarm.aem4f : System.oem4f (.text:xdc_runtime_System_avprintf__E)
                  0000d2ea    00000002     --HOLE-- [fill = 0]
                  0000d2ec    00000024     grlib_demo.obj (.text:OnGraphLight)
                  0000d310    00000024     grlib_demo.obj (.text:OnGraphPower)
                  0000d334    00000024     empty_pem4f.oem4f (.text:ti_sysbios_BIOS_errorRaiseHook__I)
                  0000d358    00000024     empty_pem4f.oem4f (.text:ti_sysbios_BIOS_registerRTSLock__I)
                  0000d37c    00000024     empty_pem4f.oem4f (.text:ti_sysbios_BIOS_removeRTSLock__I)
                  0000d3a0    00000024     empty_pem4f.oem4f (.text:ti_sysbios_BIOS_startFunc__I)
                  0000d3c4    00000024     empty_pem4f.oem4f (.text:ti_sysbios_gates_GateMutex_Object__delete__S)
                  0000d3e8    00000024     sysbios.aem4f : BIOS.obj (.text:ti_sysbios_knl_Clock_Module_startup__E)
                  0000d40c    00000004     --HOLE-- [fill = 0]
                  0000d410    00000024                   : BIOS.obj (.text:ti_sysbios_knl_Task_restoreHwi__E)
                  0000d434    00000024     ti.targets.arm.rtsarm.aem4f : System.oem4f (.text:xdc_runtime_System_vprintf__E)
                  0000d458    00000022     grlib.lib : string.obj (.text:GrFontGlyphDataGet)
                  0000d47a    00000022     driverlib.lib : pwm.obj (.text:PWMGenConfigure)
                  0000d49c    00000022     drivers_tivaware.aem4f : PWMTiva.oem4f (.text:PWMTiva_getPeriodCounts)
                  0000d4be    00000002     --HOLE-- [fill = 0]
                  0000d4c0    00000022     sysbios.aem4f : BIOS.obj (.text:ti_sysbios_family_arm_lm4_Timer_write__I)
                  0000d4e2    00000022     empty_pem4f.oem4f (.text:xdc_runtime_SysMin_output__I)
                  0000d504    00000020     motorCode.obj (.text:ADCFxn)
                  0000d524    00000020     drivers_tivaware.aem4f : GPIOTiva.oem4f (.text:GPIO_clearInt)
                  0000d544    00000020     driverlib.lib : uart.obj (.text:UARTDisable)
                  0000d564    00000020     Boot.aem4f : Boot_sysctl.oem4f (.text:_SysCtlMemTimingGet)
                  0000d584    00000020     driverlib.lib : sysctl.obj (.text:_SysCtlMemTimingGet)
                  0000d5a4    00000020     rtsv7M4_T_le_v4SPD16_eabi.lib : u_tofd_t2.asm.obj (.text)
                  0000d5c4    00000020     motorCode.obj (.text:setSpeed)
                  0000d5e4    00000020     empty_pem4f.oem4f (.text:ti_sysbios_BIOS_rtsLock__I)
                  0000d604    00000020     empty_pem4f.oem4f (.text:ti_sysbios_family_arm_m3_Hwi_Object__delete__S)
                  0000d624    00000020     sysbios.aem4f : m3_Hwi_asm.obj (.text:ti_sysbios_family_arm_m3_Hwi_excHandlerAsm__I)
                  0000d644    00000004     --HOLE-- [fill = 0]
                  0000d648    00000020                   : BIOS.obj (.text:ti_sysbios_family_arm_m3_Hwi_excHandler__I)
                  0000d668    00000020     empty_pem4f.oem4f (.text:ti_sysbios_gates_GateHwi_Object__delete__S)
                  0000d688    00000020     empty_pem4f.oem4f (.text:ti_sysbios_heaps_HeapMem_Object__delete__S)
                  0000d6a8    00000020     empty_pem4f.oem4f (.text:ti_sysbios_knl_Clock_Object__destruct__S)
                  0000d6c8    00000020     sysbios.aem4f : BIOS.obj (.text:ti_sysbios_knl_Idle_run__E)
                  0000d6e8    00000020     empty_pem4f.oem4f (.text:ti_sysbios_knl_Semaphore_Object__destruct__S)
                  0000d708    00000020     ti.targets.arm.rtsarm.aem4f : Registry.oem4f (.text:xdc_runtime_Registry_findById__E)
                  0000d728    00000020                                 : SysMin.oem4f (.text:xdc_runtime_SysMin_Module_startup__E)
                  0000d748    0000001e     driverlib.lib : adc.obj (.text:ADCSequenceDataGet)
                  0000d766    0000001e     grlib.lib : string.obj (.text:GrFontCodepageGet)
                  0000d784    0000001e     driverlib.lib : pwm.obj (.text:PWMPulseWidthSet)
                  0000d7a2    0000001e     drivers_tivaware.aem4f : PWMTiva.oem4f (.text:PWMTiva_getPeriodMicroSecs)
                  0000d7c0    0000001e     grlib.lib : widget.obj (.text:WidgetAdd)
                  0000d7de    0000001e     sysbios.aem4f : m3_Hwi_asm_switch.obj (.text:ti_sysbios_family_xxx_Hwi_switchAndRunFunc)
                  0000d7fc    0000001c     grlib.lib : widget.obj (.text:WidgetPointerMessage)
                  0000d818    0000001c     drivers_tivaware.aem4f : GPIOTiva.oem4f (.text:getGpioIntIndex)
                  0000d834    0000001c     rtsv7M4_T_le_v4SPD16_eabi.lib : memccpy.c.obj (.text:memccpy)
                  0000d850    0000001c     empty_pem4f.oem4f (.text:ti_sysbios_family_arm_m3_Hwi_Object__destruct__S)
                  0000d86c    00000004     --HOLE-- [fill = 0]
                  0000d870    0000001c     sysbios.aem4f : BIOS.obj (.text:ti_sysbios_gates_GateMutex_Instance_init__E)
                  0000d88c    0000001c     empty_pem4f.oem4f (.text:ti_sysbios_hal_Hwi_HwiProxy_create)
                  0000d8a8    0000001c     empty_pem4f.oem4f (.text:ti_sysbios_knl_Queue_Object__destruct__S)
                  0000d8c4    00000004     --HOLE-- [fill = 0]
                  0000d8c8    0000001c     sysbios.aem4f : BIOS.obj (.text:ti_sysbios_knl_Queue_put__E)
                  0000d8e4    00000004     --HOLE-- [fill = 0]
                  0000d8e8    0000001c                   : BIOS.obj (.text:ti_sysbios_knl_Task_enter__I)
                  0000d904    0000001c     ti.targets.arm.rtsarm.aem4f : Error.oem4f (.text:xdc_runtime_Error_raiseX__E)
                  0000d920    0000001c                                 : Memory.oem4f (.text:xdc_runtime_Memory_valloc__E)
                  0000d93c    0000001c                                 : SysMin.oem4f (.text:xdc_runtime_SysMin_exit__E)
                  0000d958    0000001c                                 : System.oem4f (.text:xdc_runtime_System_abort__E)
                  0000d974    0000001a     rtsv7M4_T_le_v4SPD16_eabi.lib : s_copysign.c.obj (.text:copysign)
                  0000d98e    0000001a     empty_pem4f.oem4f (.text:ti_sysbios_family_arm_m3_Hwi_Handle__label__S)
                  0000d9a8    0000001a     empty_pem4f.oem4f (.text:ti_sysbios_gates_GateHwi_Handle__label__S)
                  0000d9c2    0000001a     empty_pem4f.oem4f (.text:ti_sysbios_gates_GateMutex_Handle__label__S)
                  0000d9dc    0000001a     empty_pem4f.oem4f (.text:ti_sysbios_heaps_HeapMem_Handle__label__S)
                  0000d9f6    0000001a     empty_pem4f.oem4f (.text:ti_sysbios_knl_Swi_Handle__label__S)
                  0000da10    0000001a     empty_pem4f.oem4f (.text:ti_sysbios_knl_Task_Handle__label__S)
                  0000da2a    0000001a     empty_pem4f.oem4f (.text:xdc_runtime_System_aprintf__E)
                  0000da44    0000001a     empty_pem4f.oem4f (.text:xdc_runtime_System_printf__E)
                  0000da5e    00000018     driverlib.lib : adc.obj (.text:ADCProcessorTrigger)
                  0000da76    00000018                   : gpio.obj (.text:GPIOPinTypeGPIOOutput)
                  0000da8e    00000018                   : timer.obj (.text:TimerControlLevel)
                  0000daa6    00000002     --HOLE-- [fill = 0]
                  0000daa8    00000018                   : timer.obj (.text:TimerDisable)
                  0000dac0    00000018     drivers_tivaware.aem4f : UART.oem4f (.text:UART_Params_init)
                  0000dad8    00000018     rtsv7M4_T_le_v4SPD16_eabi.lib : args_main.c.obj (.text:_args_main)
                  0000daf0    00000018                                   : sprintf.c.obj (.text:_outs)
                  0000db08    00000018     empty.obj (.text:heartBeatFxn)
                  0000db20    00000018     empty_pem4f.oem4f (.text:ti_sysbios_BIOS_rtsUnlock__I)
                  0000db38    00000018     empty_pem4f.oem4f (.text:ti_sysbios_family_arm_lm4_Timer_Module__startupDone__F)
                  0000db50    00000018     empty_pem4f.oem4f (.text:ti_sysbios_family_arm_m3_Hwi_Module__startupDone__F)
                  0000db68    00000018     sysbios.aem4f : m3_TaskSupport_asm.obj (.text:ti_sysbios_family_arm_m3_TaskSupport_swap__E)
                  0000db80    00000018                   : BIOS.obj (.text:ti_sysbios_gates_GateMutex_leave__E)
                  0000db98    00000018     ti.targets.arm.rtsarm.aem4f : Error.oem4f (.text:xdc_runtime_Error_check__E)
                  0000dbb0    00000018                                 : System.oem4f (.text:xdc_runtime_System_exit__E)
                  0000dbc8    00000018                                 : Text.oem4f (.text:xdc_runtime_Text_ropeText__E)
                  0000dbe0    00000016     grlib.lib : string.obj (.text:GrStringDraw)
                  0000dbf6    00000016     driverlib.lib : i2c.obj (.text:I2CMasterErr)
                  0000dc0c    00000016     rtsv7M4_T_le_v4SPD16_eabi.lib : strchr.c.obj (.text:strchr)
                  0000dc22    00000016     empty_pem4f.oem4f (.text:ti_sysbios_BIOS_exitFunc__I)
                  0000dc38    00000016     motorCode.obj (.text:ti_sysbios_gates_GateHwi_Params_init)
                  0000dc4e    00000016     motorCode.obj (.text:ti_sysbios_hal_Hwi_Params_init)
                  0000dc64    00000016     empty.obj (.text:ti_sysbios_knl_Clock_Params_init)
                  0000dc7a    00000016     motorCode.obj (.text:ti_sysbios_knl_Clock_Params_init)
                  0000dc90    00000016     sensor_api.obj (.text:ti_sysbios_knl_Clock_Params_init)
                  0000dca6    00000016     motorCode.obj (.text:ti_sysbios_knl_Semaphore_Params_init)
                  0000dcbc    00000016     sensor_api.obj (.text:ti_sysbios_knl_Semaphore_Params_init)
                  0000dcd2    00000016     empty.obj (.text:ti_sysbios_knl_Task_Params_init)
                  0000dce8    00000016     sensor_api.obj (.text:ti_sysbios_knl_Task_Params_init)
                  0000dcfe    00000014     grlib.lib : canvas.obj (.text:CanvasMsgProc)
                  0000dd12    00000002     --HOLE-- [fill = 0]
                  0000dd14    00000014     Kentec320x240x16_ssd2119_spi.obj (.text:LED_OFF)
                  0000dd28    00000014     Kentec320x240x16_ssd2119_spi.obj (.text:LED_ON)
                  0000dd3c    00000014     grlib_demo.obj (.text:OnSettingAcceleration)
                  0000dd50    00000014     grlib_demo.obj (.text:OnSettingCurrent)
                  0000dd64    00000014     grlib_demo.obj (.text:OnSettingSpeed)
                  0000dd78    00000014     driverlib.lib : pwm.obj (.text:PWMClockSet)
                  0000dd8c    00000014                   : sysctl.obj (.text:SysCtlPWMClockSet)
                  0000dda0    00000014     touch.obj (.text:TouchScreenCallbackSet)
                  0000ddb4    00000014     driverlib.lib : uart.obj (.text:UARTEnable)
                  0000ddc8    00000014     grlib.lib : widget.obj (.text:WidgetMutexGet)
                  0000dddc    00000014     rtsv7M4_T_le_v4SPD16_eabi.lib : strlen.c.obj (.text:strlen)
                  0000ddf0    00000014     empty_pem4f.oem4f (.text:ti_sysbios_family_arm_m3_Hwi_Object__get__S)
                  0000de04    00000004     --HOLE-- [fill = 0]
                  0000de08    00000014     sysbios.aem4f : BIOS.obj (.text:ti_sysbios_family_arm_m3_Hwi_switchFromBootStack__E)
                  0000de1c    00000014     empty_pem4f.oem4f (.text:ti_sysbios_heaps_HeapMem_Object__get__S)
                  0000de30    00000014     sysbios.aem4f : BIOS.obj (.text:ti_sysbios_knl_Event_Instance_init__E)
                  0000de44    00000014     empty_pem4f.oem4f (.text:ti_sysbios_knl_Swi_Object__get__S)
                  0000de58    00000012     driverlib.lib : gpio.obj (.text:GPIOPinTypeADC)
                  0000de6a    00000012                   : gpio.obj (.text:GPIOPinTypeEthernetLED)
                  0000de7c    00000012                   : gpio.obj (.text:GPIOPinTypeGPIOInput)
                  0000de8e    00000012                   : gpio.obj (.text:GPIOPinTypeI2C)
                  0000dea0    00000012                   : gpio.obj (.text:GPIOPinTypeI2CSCL)
                  0000deb2    00000012                   : gpio.obj (.text:GPIOPinTypePWM)
                  0000dec4    00000012                   : gpio.obj (.text:GPIOPinTypeSSI)
                  0000ded6    00000012                   : gpio.obj (.text:GPIOPinTypeTimer)
                  0000dee8    00000012                   : gpio.obj (.text:GPIOPinTypeUART)
                  0000defa    00000012                   : gpio.obj (.text:GPIOPinTypeUSBAnalog)
                  0000df0c    00000012                   : gpio.obj (.text:GPIOPinTypeUSBDigital)
                  0000df1e    00000012                   : pwm.obj (.text:PWMGenPeriodGet)
                  0000df30    00000012                   : pwm.obj (.text:PWMOutputInvert)
                  0000df42    00000012                   : pwm.obj (.text:PWMOutputState)
                  0000df54    00000012     drivers_tivaware.aem4f : RingBuf.oem4f (.text:RingBuf_construct)
                  0000df66    00000012     driverlib.lib : ssi.obj (.text:SSIDataGetNonBlocking)
                  0000df78    00000012                   : timer.obj (.text:TimerLoadSet)
                  0000df8a    00000012                   : timer.obj (.text:TimerMatchSet)
                  0000df9c    00000012                   : timer.obj (.text:TimerPrescaleMatchSet)
                  0000dfae    00000012                   : timer.obj (.text:TimerPrescaleSet)
                  0000dfc0    00000012     sysbios.aem4f : BIOS.obj (.text:ti_sysbios_hal_Hwi_Module_startup__E)
                  0000dfd2    00000012     rtsv7M4_T_le_v4SPD16_eabi.lib : wcslen.c.obj (.text:wcslen)
                  0000dfe4    00000012     empty_pem4f.oem4f (.text:xdc_runtime_Startup_exec__I)
                  0000dff6    00000002     --HOLE-- [fill = 0]
                  0000dff8    00000010     empty_pem4f.oem4f (.text:.bootCodeSection:ti_catalog_arm_cortexm4_tiva_ce_Boot_init__I)
                  0000e008    00000010     driverlib.lib : adc.obj (.text:ADCIntEnable)
                  0000e018    00000010     drivers_tivaware.aem4f : I2C.oem4f (.text:I2C_Params_init)
                  0000e028    00000010     driverlib.lib : pwm.obj (.text:PWMGenPeriodSet)
                  0000e038    00000010     drivers_tivaware.aem4f : PWM.oem4f (.text:PWM_Params_init)
                  0000e048    00000010                            : UARTTiva.oem4f (.text:readBlockingTimeout)
                  0000e058    00000010     sensor_api.obj (.text:swiLight)
                  0000e068    00000010     sysbios.aem4f : BIOS.obj (.text:ti_sysbios_BIOS_getCpuFreq__E)
                  0000e078    00000010                   : BIOS.obj (.text:ti_sysbios_BIOS_setThreadType__E)
                  0000e088    00000010                   : BIOS.obj (.text:ti_sysbios_BIOS_start__E)
                  0000e098    00000010                   : m3_TaskSupport_asm.obj (.text:ti_sysbios_family_arm_m3_TaskSupport_glue)
                  0000e0a8    00000010                   : BIOS.obj (.text:ti_sysbios_gates_GateMutex_Instance_finalize__E)
                  0000e0b8    00000010     empty_pem4f.oem4f (.text:ti_sysbios_hal_Hwi_HwiProxy_Object__create__S)
                  0000e0c8    00000010     sysbios.aem4f : BIOS.obj (.text:ti_sysbios_knl_Semaphore_Instance_finalize__E)
                  0000e0d8    00000010                   : BIOS.obj (.text:ti_sysbios_knl_Swi_disable__E)
                  0000e0e8    00000010     empty_pem4f.oem4f (.text:ti_sysbios_knl_Task_Object__get__S)
                  0000e0f8    00000010     sysbios.aem4f : BIOS.obj (.text:ti_sysbios_knl_Task_disable__E)
                  0000e108    00000010     ti.targets.arm.rtsarm.aem4f : Gate.oem4f (.text:xdc_runtime_Gate_leaveSystem__E)
                  0000e118    00000010                                 : Memory.oem4f (.text:xdc_runtime_Memory_free__E)
                  0000e128    00000010                                 : SysMin.oem4f (.text:xdc_runtime_SysMin_ready__E)
                  0000e138    00000010                                 : System.oem4f (.text:xdc_runtime_System_vsnprintf__E)
                  0000e148    00000010     empty_pem4f.oem4f (.text:xdc_runtime_Text_visitRope__I)
                  0000e158    0000000e     driverlib.lib : adc.obj (.text:ADCSequenceEnable)
                  0000e166    0000000e                   : gpio.obj (.text:GPIOIntStatus)
                  0000e174    0000000e     grlib.lib : image.obj (.text:GrImageDraw)
                  0000e182    0000000e     driverlib.lib : timer.obj (.text:TimerEnable)
                  0000e190    0000000e                   : uart.obj (.text:UARTCharGetNonBlocking)
                  0000e19e    0000000e                   : uart.obj (.text:UARTCharPutNonBlocking)
                  0000e1ac    0000000e     rtsv7M4_T_le_v4SPD16_eabi.lib : copy_decompress_none.c.obj (.text:decompress:none:__TI_decompress_none)
                  0000e1ba    00000006     driverlib.lib : gpio.obj (.text:GPIOPinRead)
                  0000e1c0    0000000e     sysbios.aem4f : BIOS.obj (.text:ti_sysbios_knl_Idle_loop__E)
                  0000e1ce    00000002     --HOLE-- [fill = 0]
                  0000e1d0    0000000e                   : BIOS.obj (.text:ti_sysbios_knl_Queue_empty__E)
                  0000e1de    0000000c     driverlib.lib : gpio.obj (.text:GPIOIntEnable)
                  0000e1ea    0000000c                   : pwm.obj (.text:PWMGenDisable)
                  0000e1f6    0000000c                   : pwm.obj (.text:PWMGenEnable)
                  0000e202    0000000c     drivers_tivaware.aem4f : RingBuf.oem4f (.text:RingBuf_peek)
                  0000e20e    0000000c     driverlib.lib : uart.obj (.text:UARTFlowControlSet)
                  0000e21a    0000000c     drivers_tivaware.aem4f : UARTTiva.oem4f (.text:UARTTiva_init)
                  0000e226    00000002     --HOLE-- [fill = 0]
                  0000e228    0000000c     rtsv7M4_T_le_v4SPD16_eabi.lib : _lock.c.obj (.text:_register_lock)
                  0000e234    0000000c                                   : _lock.c.obj (.text:_register_unlock)
                  0000e240    0000000c                                   : copy_zero_init.c.obj (.text:decompress:ZI:__TI_zero_init)
                  0000e24c    0000000c     motorCode.obj (.text:getState)
                  0000e258    0000000c     sysbios.aem4f : BIOS.obj (.text:ti_sysbios_family_arm_lm4_Timer_getAvailMask__E)
                  0000e264    00000004     --HOLE-- [fill = 0]
                  0000e268    0000000c                   : BIOS.obj (.text:ti_sysbios_family_arm_lm4_Timer_getMaxTicks__E)
                  0000e274    0000000c     empty_pem4f.oem4f (.text:ti_sysbios_family_arm_m3_Hwi_Params__init__S)
                  0000e280    0000000c     sysbios.aem4f : BIOS.obj (.text:ti_sysbios_family_arm_m3_Hwi_disableFxn__E)
                  0000e28c    00000004     --HOLE-- [fill = 0]
                  0000e290    0000000c                   : BIOS.obj (.text:ti_sysbios_family_arm_m3_TaskSupport_checkStack__E)
                  0000e29c    00000004     --HOLE-- [fill = 0]
                  0000e2a0    0000000c                   : BIOS.obj (.text:ti_sysbios_family_arm_m3_TaskSupport_getStackAlignment__E)
                  0000e2ac    0000000c     empty_pem4f.oem4f (.text:ti_sysbios_gates_GateHwi_Params__init__S)
                  0000e2b8    0000000c     sysbios.aem4f : BIOS.obj (.text:ti_sysbios_gates_GateHwi_enter__E)
                  0000e2c4    0000000c     empty_pem4f.oem4f (.text:ti_sysbios_hal_Hwi_Params__init__S)
                  0000e2d0    0000000c     empty_pem4f.oem4f (.text:ti_sysbios_knl_Clock_Params__init__S)
                  0000e2dc    00000004     --HOLE-- [fill = 0]
                  0000e2e0    0000000c     sysbios.aem4f : BIOS.obj (.text:ti_sysbios_knl_Clock_getTicks__E)
                  0000e2ec    0000000c     motorCode.obj (.text:ti_sysbios_knl_Event_handle)
                  0000e2f8    0000000c     empty_pem4f.oem4f (.text:ti_sysbios_knl_Queue_Object__get__S)
                  0000e304    0000000c     empty_pem4f.oem4f (.text:ti_sysbios_knl_Semaphore_Params__init__S)
                  0000e310    0000000c     motorCode.obj (.text:ti_sysbios_knl_Semaphore_handle)
                  0000e31c    0000000c     sensor_api.obj (.text:ti_sysbios_knl_Semaphore_handle)
                  0000e328    0000000c     empty_pem4f.oem4f (.text:ti_sysbios_knl_Task_Params__init__S)
                  0000e334    0000000c     empty.obj (.text:updateGraphUI)
                  0000e340    0000000c     ti.targets.arm.rtsarm.aem4f : Error.oem4f (.text:xdc_runtime_Error_init__E)
                  0000e34c    0000000c                                 : Gate.oem4f (.text:xdc_runtime_Gate_enterSystem__E)
                  0000e358    0000000c                                 : Memory.oem4f (.text:xdc_runtime_Memory_calloc__E)
                  0000e364    0000000c                                 : Memory.oem4f (.text:xdc_runtime_Memory_getMaxDefaultTypeAlign__E)
                  0000e370    0000000a     driverlib.lib : adc.obj (.text:ADCIntClear)
                  0000e37a    0000000a                   : i2c.obj (.text:I2CMasterDisable)
                  0000e384    0000000a                   : i2c.obj (.text:I2CMasterEnable)
                  0000e38e    0000000a     drivers_tivaware.aem4f : I2CTiva.oem4f (.text:I2CTiva_init)
                  0000e398    0000000a                            : I2C.oem4f (.text:I2C_transfer)
                  0000e3a2    0000000a     Kentec320x240x16_ssd2119_spi.obj (.text:Kentec320x240x16_SSD2119Flush)
                  0000e3ac    0000000a     drivers_tivaware.aem4f : PWMTimerTiva.oem4f (.text:PWMTimerTiva_getPeriodCounts)
                  0000e3b6    0000000a                            : PWM.oem4f (.text:PWM_setDuty)
                  0000e3c0    0000000a     driverlib.lib : ssi.obj (.text:SSIDataPut)
                  0000e3ca    0000000a                   : ssi.obj (.text:SSIEnable)
                  0000e3d4    0000000a                   : uart.obj (.text:UARTCharGet)
                  0000e3de    0000000a                   : uart.obj (.text:UARTCharPut)
                  0000e3e8    0000000a                   : uart.obj (.text:UARTIntDisable)
                  0000e3f2    0000000a                   : uart.obj (.text:UARTIntStatus)
                  0000e3fc    0000000a     drivers_tivaware.aem4f : UART.oem4f (.text:UART_write)
                  0000e406    0000000a     rtsv7M4_T_le_v4SPD16_eabi.lib : sprintf.c.obj (.text:_outc)
                  0000e410    0000000a     sysbios.aem4f : BIOS.obj (.text:ti_sysbios_hal_Hwi_Instance_finalize__E)
                  0000e41a    0000000a     empty_pem4f.oem4f (.text:xdc_runtime_IHeap_alloc)
                  0000e424    0000000a     empty_pem4f.oem4f (.text:xdc_runtime_IHeap_free)
                  0000e42e    00000008     EK_TM4C1294XL.obj (.text:EK_TM4C1294XL_initGPIO)
                  0000e436    00000008     grlib.lib : charmap.obj (.text:GrMapISO8859_1_Unicode)
                  0000e43e    00000008     driverlib.lib : i2c.obj (.text:I2CMasterIntClear)
                  0000e446    00000008                   : i2c.obj (.text:I2CMasterSlaveAddrSet)
                  0000e44e    00000008     drivers_tivaware.aem4f : I2CTiva.oem4f (.text:I2CTiva_blockingCallback)
                  0000e456    00000008                            : PWMTimerTiva.oem4f (.text:PWMTimerTiva_init)
                  0000e45e    00000008     driverlib.lib : ssi.obj (.text:SSIBusy)
                  0000e466    00000008                   : uart.obj (.text:UARTIntEnable)
                  0000e46e    00000008                   : uart.obj (.text:UARTRxErrorGet)
                  0000e476    00000002     --HOLE-- [fill = 0]
                  0000e478    00000008     rtsv7M4_T_le_v4SPD16_eabi.lib : errno.c.obj (.text:__aeabi_errno_addr)
                  0000e480    00000008     drivers_tivaware.aem4f : UARTTiva.oem4f (.text:readSemCallback)
                  0000e488    00000008     sysbios.aem4f : BIOS.obj (.text:ti_sysbios_family_arm_lm4_Timer_masterDisable__I)
                  0000e490    00000008                   : BIOS.obj (.text:ti_sysbios_family_arm_m3_Hwi_doSwiRestore__I)
                  0000e498    00000008                   : BIOS.obj (.text:ti_sysbios_family_arm_m3_Hwi_startup__E)
                  0000e4a0    00000008     drivers_tivaware.aem4f : UARTTiva.oem4f (.text:writeSemCallback)
                  0000e4a8    00000006     driverlib.lib : gpio.obj (.text:GPIOPinWrite)
                  0000e4ae    00000006     grlib.lib : string.obj (.text:GrContextFontSet)
                  0000e4b4    00000006     driverlib.lib : i2c.obj (.text:I2CMasterIntDisable)
                  0000e4ba    00000006                   : i2c.obj (.text:I2CMasterIntEnable)
                  0000e4c0    00000006     drivers_tivaware.aem4f : I2CTiva.oem4f (.text:I2CTiva_control)
                  0000e4c6    00000006                            : PWMTimerTiva.oem4f (.text:PWMTimerTiva_getPeriodMicroSecs)
                  0000e4cc    00000006     driverlib.lib : sysctl.obj (.text:SysCtlDelay)
                  0000e4d2    00000006                   : uart.obj (.text:UARTFIFOLevelSet)
                  0000e4d8    00000006                   : uart.obj (.text:UARTRxErrorClear)
                  0000e4de    00000006     grlib.lib : widget.obj (.text:WidgetMutexPut)
                  0000e4e4    00000004     --HOLE-- [fill = 0]
                  0000e4e8    00000006     sysbios.aem4f : BIOS.obj (.text:ti_sysbios_family_arm_m3_Hwi_doTaskRestore__I)
                  0000e4ee    00000002     --HOLE-- [fill = 0]
                  0000e4f0    00000006                   : BIOS.obj (.text:ti_sysbios_family_arm_m3_Hwi_restoreFxn__E)
                  0000e4f6    00000002     --HOLE-- [fill = 0]
                  0000e4f8    00000006                   : BIOS.obj (.text:ti_sysbios_gates_GateHwi_leave__E)
                  0000e4fe    00000002     --HOLE-- [fill = 0]
                  0000e500    00000006                   : BIOS.obj (.text:ti_sysbios_heaps_HeapMem_isBlocking__E)
                  0000e506    00000002     --HOLE-- [fill = 0]
                  0000e508    00000006                   : BIOS.obj (.text:ti_sysbios_knl_Clock_stop__E)
                  0000e50e    00000002     --HOLE-- [fill = 0]
                  0000e510    00000006                   : BIOS.obj (.text:ti_sysbios_knl_Queue_Instance_init__E)
                  0000e516    00000002     --HOLE-- [fill = 0]
                  0000e518    00000006                   : BIOS.obj (.text:ti_sysbios_knl_Swi_startup__E)
                  0000e51e    00000006     ti.targets.arm.rtsarm.aem4f : System.oem4f (.text:xdc_runtime_System_Module_startup__E)
                  0000e524    00000004     --HOLE-- [fill = 0]
                  0000e528    00000004     sysbios.aem4f : BIOS.obj (.text:ti_sysbios_gates_GateHwi_query__E)
                  0000e52c    00000004     --HOLE-- [fill = 0]
                  0000e530    00000004                   : BIOS.obj (.text:ti_sysbios_gates_GateMutex_query__E)
                  0000e534    00000004     --HOLE-- [fill = 0]
                  0000e538    00000004                   : BIOS.obj (.text:ti_sysbios_knl_Task_startup__E)
                  0000e53c    00000004     --HOLE-- [fill = 0]
                  0000e540    00000002                   : BIOS.obj (.text:ti_sysbios_gates_GateHwi_Instance_init__E)
                  0000e542    00000006     --HOLE-- [fill = 0]
                  0000e548    00000002                   : BIOS.obj (.text:ti_sysbios_knl_Clock_logTick__E)

.const     0    0000e550    00004a88     
                  0000e550    00001922     empty_pem4f.oem4f (.const:xdc_runtime_Text_charTab__A)
                  0000fe72    00000002     empty_pem4f.oem4f (.const:ti_catalog_arm_cortexm4_tiva_ce_Boot_Module__id__C)
                  0000fe74    00000004     empty_pem4f.oem4f (.const:ti_catalog_arm_cortexm4_tiva_ce_Boot_A_mustNotUseEnhancedClockMode__C)
                  0000fe78    00001000     rtsv7M4_T_le_v4SPD16_eabi.lib : s_exp2.c.obj (.const:tbl)
                  00010e78    000007e5     grlib.lib : fontcmss18.obj (.const:.string:g_pui8Cmss18Data)
                  0001165d    00000782               : fontcmss18b.obj (.const:.string:g_pui8Cmss18bData)
                  00011ddf    00000001     empty_pem4f.oem4f (.const:xdc_runtime_Error_policy__C)
                  00011de0    000001b0     driverlib.lib : sysctl.obj (.const:g_pppui32XTALtoVCO)
                  00011f90    00000120     Boot.aem4f : Boot_sysctl.oem4f (.const:g_pppui32XTALtoVCO)
                  000120b0    00000101     rtsv7M4_T_le_v4SPD16_eabi.lib : ctype.c.obj (.const:.string:_ctypes_)
                  000121b1    00000001     --HOLE-- [fill = 0]
                  000121b2    00000002     empty_pem4f.oem4f (.const:ti_sysbios_family_arm_m3_Hwi_Module__id__C)
                  000121b4    000000c8     grlib.lib : fontcmss18.obj (.const:g_sFontCmss18)
                  0001227c    000000c8               : fontcmss18b.obj (.const:g_sFontCmss18b)
                  00012344    000000c0     empty_pem4f.oem4f (.const:xdc_runtime_Text_nodeTab__A)
                  00012404    0000009e     grlib_demo.obj (.const:.string)
                  000124a2    00000002     empty_pem4f.oem4f (.const:ti_sysbios_gates_GateMutex_Module__id__C)
                  000124a4    00000090     driverlib.lib : gpio.obj (.const:g_pui32GPIOBaseAddrs)
                  00012534    00000070                   : interrupt.obj (.const)
                  000125a4    0000006c     Boot.aem4f : Boot_sysctl.oem4f (.const:g_pui32Xtals)
                  00012610    0000006c     driverlib.lib : sysctl.obj (.const:g_pui32Xtals)
                  0001267c    00000060     MotorLib.lib : motorlib.obj (.const:PWM_config)
                  000126dc    00000058     empty_pem4f.oem4f (.const:.string)
                  00012734    00000054     drivers_tivaware.aem4f : GPIOTiva.oem4f (.const:.string)
                  00012788    00000054     MotorLib.lib : motorlib.obj (.const:motorLibPWMTivaHWAttrs)
                  000127dc    0000004c     drivers_tivaware.aem4f : UARTTiva.oem4f (.const)
                  00012828    00000048                            : GPIOTiva.oem4f (.const:gpioBaseAddresses)
                  00012870    0000003c     empty_pem4f.oem4f (.const:ti_sysbios_knl_Task_Object__PARAMS__C)
                  000128ac    00000030     Boot.aem4f : Boot_sysctl.oem4f (.const:g_sXTALtoMEMTIM)
                  000128dc    00000030     driverlib.lib : sysctl.obj (.const:g_sXTALtoMEMTIM)
                  0001290c    00000030     empty_pem4f.oem4f (.const:ti_sysbios_family_arm_m3_Hwi_Object__PARAMS__C)
                  0001293c    0000002c     empty_pem4f.oem4f (.const:ti_sysbios_hal_Hwi_Object__PARAMS__C)
                  00012968    00000028     drivers_tivaware.aem4f : UARTTiva.oem4f (.const:UARTTiva_fxnTable)
                  00012990    00000028     Kentec320x240x16_ssd2119_spi.obj (.const:g_sKentec320x240x16_SSD2119)
                  000129b8    00000028     empty_pem4f.oem4f (.const:ti_sysbios_heaps_HeapMem_Module__FXNS__C)
                  000129e0    00000024     drivers_tivaware.aem4f : UART.oem4f (.const:UART_defaultParams)
                  00012a04    00000024     empty_pem4f.oem4f (.const:ti_sysbios_gates_GateHwi_Module__FXNS__C)
                  00012a28    00000024     empty_pem4f.oem4f (.const:ti_sysbios_gates_GateMutex_Module__FXNS__C)
                  00012a4c    00000024     empty_pem4f.oem4f (.const:ti_sysbios_heaps_HeapMem_Object__PARAMS__C)
                  00012a70    00000024     empty_pem4f.oem4f (.const:ti_sysbios_knl_Clock_Object__PARAMS__C)
                  00012a94    00000024     empty_pem4f.oem4f (.const:ti_sysbios_knl_Semaphore_Object__PARAMS__C)
                  00012ab8    00000020     drivers_tivaware.aem4f : PWMTimerTiva.oem4f (.const)
                  00012ad8    00000020                            : PWMTiva.oem4f (.const)
                  00012af8    00000020     empty_pem4f.oem4f (.const:ti_sysbios_family_arm_m3_Hwi_Object__DESC__C)
                  00012b18    00000020     empty_pem4f.oem4f (.const:ti_sysbios_gates_GateHwi_Object__DESC__C)
                  00012b38    00000020     empty_pem4f.oem4f (.const:ti_sysbios_gates_GateMutex_Object__DESC__C)
                  00012b58    00000020     empty_pem4f.oem4f (.const:ti_sysbios_hal_Hwi_Object__DESC__C)
                  00012b78    00000020     empty_pem4f.oem4f (.const:ti_sysbios_heaps_HeapMem_Object__DESC__C)
                  00012b98    00000020     empty_pem4f.oem4f (.const:ti_sysbios_knl_Clock_Object__DESC__C)
                  00012bb8    00000020     empty_pem4f.oem4f (.const:ti_sysbios_knl_Event_Object__DESC__C)
                  00012bd8    00000020     empty_pem4f.oem4f (.const:ti_sysbios_knl_Queue_Object__DESC__C)
                  00012bf8    00000020     empty_pem4f.oem4f (.const:ti_sysbios_knl_Semaphore_Object__DESC__C)
                  00012c18    00000020     empty_pem4f.oem4f (.const:ti_sysbios_knl_Task_Object__DESC__C)
                  00012c38    00000020     empty_pem4f.oem4f (.const:xdc_runtime_Startup_sfxnTab__A)
                  00012c58    0000001c     drivers_tivaware.aem4f : I2CTiva.oem4f (.const)
                  00012c74    0000001c     touch.obj (.const:g_pi32TouchParameters)
                  00012c90    00000018     EK_TM4C1294XL.obj (.const:I2C_config)
                  00012ca8    00000018     EK_TM4C1294XL.obj (.const:UART_config)
                  00012cc0    00000018     empty_pem4f.oem4f (.const:ti_sysbios_gates_GateHwi_Object__PARAMS__C)
                  00012cd8    00000018     empty_pem4f.oem4f (.const:ti_sysbios_gates_GateMutex_Object__PARAMS__C)
                  00012cf0    00000018     empty_pem4f.oem4f (.const:ti_sysbios_knl_Event_Object__PARAMS__C)
                  00012d08    00000018     empty_pem4f.oem4f (.const:ti_sysbios_knl_Queue_Object__PARAMS__C)
                  00012d20    00000018     EK_TM4C1294XL.obj (.const:uartTivaHWAttrs)
                  00012d38    00000014     EK_TM4C1294XL.obj (.const:GPIOTiva_config)
                  00012d4c    00000014     empty_pem4f.oem4f (.const:xdc_runtime_Startup_firstFxns__A)
                  00012d60    00000010     drivers_tivaware.aem4f : I2C.oem4f (.const)
                  00012d70    00000010     grlib.lib : context.obj (.const)
                  00012d80    00000010     MotorLib.lib : motorlib.obj (.const:motorLibPWMTimerTivaHWAttrs)
                  00012d90    00000010     empty_pem4f.oem4f (.const:xdc_runtime_Startup_sfxnRts__A)
                  00012da0    0000000c     drivers_tivaware.aem4f : PWM.oem4f (.const)
                  00012dac    0000000c     EK_TM4C1294XL.obj (.const:i2cTivaHWAttrs)
                  00012db8    00000008     Boot.aem4f : Boot_sysctl.oem4f (.const)
                  00012dc0    00000008     driverlib.lib : sysctl.obj (.const)
                  00012dc8    00000008     empty_pem4f.oem4f (.const:ti_sysbios_family_arm_m3_Hwi_excHookFuncs__A)
                  00012dd0    00000008     empty_pem4f.oem4f (.const:ti_sysbios_knl_Idle_funcList__C)
                  00012dd8    00000008     empty_pem4f.oem4f (.const:xdc_runtime_Startup_firstFxns__C)
                  00012de0    00000008     empty_pem4f.oem4f (.const:xdc_runtime_Startup_lastFxns__C)
                  00012de8    00000004     empty_pem4f.oem4f (.const:ti_catalog_arm_cortexm4_tiva_ce_Boot_Module__diagsEnabled__C)
                  00012dec    00000004     empty_pem4f.oem4f (.const:ti_catalog_arm_cortexm4_tiva_ce_Boot_Module__diagsIncluded__C)
                  00012df0    00000004     empty_pem4f.oem4f (.const:ti_catalog_arm_cortexm4_tiva_ce_Boot_Module__diagsMask__C)
                  00012df4    00000004     empty_pem4f.oem4f (.const:ti_sysbios_family_arm_lm4_Timer_enableFunc__C)
                  00012df8    00000004     empty_pem4f.oem4f (.const:ti_sysbios_family_arm_lm4_Timer_numTimerDevices__C)
                  00012dfc    00000004     empty_pem4f.oem4f (.const:ti_sysbios_family_arm_lm4_Timer_startupNeeded__C)
                  00012e00    00000004     empty_pem4f.oem4f (.const:ti_sysbios_family_arm_m3_Hwi_E_NMI__C)
                  00012e04    00000004     empty_pem4f.oem4f (.const:ti_sysbios_family_arm_m3_Hwi_E_alreadyDefined__C)
                  00012e08    00000004     empty_pem4f.oem4f (.const:ti_sysbios_family_arm_m3_Hwi_E_busFault__C)
                  00012e0c    00000004     empty_pem4f.oem4f (.const:ti_sysbios_family_arm_m3_Hwi_E_debugMon__C)
                  00012e10    00000004     empty_pem4f.oem4f (.const:ti_sysbios_family_arm_m3_Hwi_E_hardFault__C)
                  00012e14    00000004     empty_pem4f.oem4f (.const:ti_sysbios_family_arm_m3_Hwi_E_memFault__C)
                  00012e18    00000004     empty_pem4f.oem4f (.const:ti_sysbios_family_arm_m3_Hwi_E_noIsr__C)
                  00012e1c    00000004     empty_pem4f.oem4f (.const:ti_sysbios_family_arm_m3_Hwi_E_reserved__C)
                  00012e20    00000004     empty_pem4f.oem4f (.const:ti_sysbios_family_arm_m3_Hwi_E_svCall__C)
                  00012e24    00000004     empty_pem4f.oem4f (.const:ti_sysbios_family_arm_m3_Hwi_E_usageFault__C)
                  00012e28    00000004     empty_pem4f.oem4f (.const:ti_sysbios_family_arm_m3_Hwi_NUM_INTERRUPTS__C)
                  00012e2c    00000004     empty_pem4f.oem4f (.const:ti_sysbios_family_arm_m3_Hwi_Object__count__C)
                  00012e30    00000004     empty_pem4f.oem4f (.const:ti_sysbios_family_arm_m3_Hwi_ccr__C)
                  00012e34    00000004     empty_pem4f.oem4f (.const:ti_sysbios_family_arm_m3_Hwi_excHandlerFunc__C)
                  00012e38    00000004     empty_pem4f.oem4f (.const:ti_sysbios_family_arm_m3_Hwi_excHookFuncs__C)
                  00012e3c    00000004     empty_pem4f.oem4f (.const:ti_sysbios_family_arm_m3_Hwi_nullIsrFunc__C)
                  00012e40    00000004     empty_pem4f.oem4f (.const:ti_sysbios_family_arm_m3_Hwi_priGroup__C)
                  00012e44    00000004     empty_pem4f.oem4f (.const:ti_sysbios_family_arm_m3_TaskSupport_stackAlignment__C)
                  00012e48    00000004     empty_pem4f.oem4f (.const:ti_sysbios_gates_GateMutex_A_badContext__C)
                  00012e4c    00000004     empty_pem4f.oem4f (.const:ti_sysbios_gates_GateMutex_Instance_State_sem__O)
                  00012e50    00000004     empty_pem4f.oem4f (.const:ti_sysbios_gates_GateMutex_Module__diagsEnabled__C)
                  00012e54    00000004     empty_pem4f.oem4f (.const:ti_sysbios_gates_GateMutex_Module__diagsIncluded__C)
                  00012e58    00000004     empty_pem4f.oem4f (.const:ti_sysbios_gates_GateMutex_Module__diagsMask__C)
                  00012e5c    00000004     empty_pem4f.oem4f (.const:ti_sysbios_hal_Hwi_E_stackOverflow__C)
                  00012e60    00000004     empty_pem4f.oem4f (.const:ti_sysbios_heaps_HeapMem_A_align__C)
                  00012e64    00000004     empty_pem4f.oem4f (.const:ti_sysbios_heaps_HeapMem_A_heapSize__C)
                  00012e68    00000004     empty_pem4f.oem4f (.const:ti_sysbios_heaps_HeapMem_A_invalidFree__C)
                  00012e6c    00000004     empty_pem4f.oem4f (.const:ti_sysbios_heaps_HeapMem_A_zeroBlock__C)
                  00012e70    00000004     empty_pem4f.oem4f (.const:ti_sysbios_heaps_HeapMem_E_memory__C)
                  00012e74    00000004     empty_pem4f.oem4f (.const:ti_sysbios_heaps_HeapMem_Module__diagsEnabled__C)
                  00012e78    00000004     empty_pem4f.oem4f (.const:ti_sysbios_heaps_HeapMem_Module__diagsIncluded__C)
                  00012e7c    00000004     empty_pem4f.oem4f (.const:ti_sysbios_heaps_HeapMem_Module__diagsMask__C)
                  00012e80    00000004     empty_pem4f.oem4f (.const:ti_sysbios_heaps_HeapMem_Module__gateObj__C)
                  00012e84    00000004     empty_pem4f.oem4f (.const:ti_sysbios_heaps_HeapMem_Object__count__C)
                  00012e88    00000004     empty_pem4f.oem4f (.const:ti_sysbios_heaps_HeapMem_reqAlign__C)
                  00012e8c    00000004     empty_pem4f.oem4f (.const:ti_sysbios_knl_Clock_A_badThreadType__C)
                  00012e90    00000004     empty_pem4f.oem4f (.const:ti_sysbios_knl_Clock_Module_State_clockQ__O)
                  00012e94    00000004     empty_pem4f.oem4f (.const:ti_sysbios_knl_Clock_Module__diagsEnabled__C)
                  00012e98    00000004     empty_pem4f.oem4f (.const:ti_sysbios_knl_Clock_Module__diagsIncluded__C)
                  00012e9c    00000004     empty_pem4f.oem4f (.const:ti_sysbios_knl_Clock_Module__diagsMask__C)
                  00012ea0    00000004     empty_pem4f.oem4f (.const:ti_sysbios_knl_Event_A_badContext__C)
[...]
00012f30  xdc_runtime_Core_Module__diagsEnabled__C                             
00012f34  xdc_runtime_Core_Module__diagsIncluded__C                            
00012f38  xdc_runtime_Core_Module__diagsMask__C                                
00012f3c  xdc_runtime_Error_E_generic__C                                       
00012f40  xdc_runtime_Error_E_memory__C                                        
00012f44  xdc_runtime_Error_Module__diagsEnabled__C                            
00012f48  xdc_runtime_Error_Module__diagsIncluded__C                           
00012f4c  xdc_runtime_Error_Module__diagsMask__C                               
00012f50  xdc_runtime_Error_Module__loggerFxn8__C                              
00012f54  xdc_runtime_Error_Module__loggerObj__C                               
00012f58  xdc_runtime_Error_policyFxn__C                                       
00012f5c  xdc_runtime_Error_raiseHook__C                                       
00012f60  xdc_runtime_IGateProvider_Interface__BASE__C                         
00012f64  xdc_runtime_IHeap_Interface__BASE__C                                 
00012f68  xdc_runtime_IModule_Interface__BASE__C                               
00012f6c  xdc_runtime_Log_L_error__C                                           
00012f70  xdc_runtime_Memory_defaultHeapInstance__C                            
00012f74  xdc_runtime_Startup_execImpl__C                                      
00012f78  xdc_runtime_Startup_maxPasses__C                                     
00012f7c  xdc_runtime_Startup_sfxnRts__C                                       
00012f80  xdc_runtime_Startup_sfxnTab__C                                       
00012f84  xdc_runtime_SysMin_bufSize__C                                        
00012f88  xdc_runtime_SysMin_outputFunc__C                                     
00012f8c  xdc_runtime_System_Module__gateObj__C                                
00012f90  xdc_runtime_System_abortFxn__C                                       
00012f94  xdc_runtime_System_exitFxn__C                                        
00012f98  xdc_runtime_System_extendFxn__C                                      
00012f9c  xdc_runtime_System_maxAtexitHandlers__C                              
00012fa0  xdc_runtime_Text_charTab__C                                          
00012fa4  xdc_runtime_Text_nameEmpty__C                                        
00012fa8  xdc_runtime_Text_nameStatic__C                                       
00012fac  xdc_runtime_Text_nameUnknown__C                                      
00012fb0  xdc_runtime_Text_nodeTab__C                                          
00012fb4  xdc_runtime_Text_visitRopeFxn__C                                     
00012fb8  ti_sysbios_hal_Hwi_Module__id__C                                     
00012fba  ti_sysbios_heaps_HeapMem_Module__id__C                               
00012fbc  ti_sysbios_knl_Clock_Module__id__C                                   
00012fbe  ti_sysbios_knl_Event_Module__id__C                                   
00012fc0  ti_sysbios_knl_Semaphore_Module__id__C                               
00012fc2  ti_sysbios_knl_Task_Module__id__C                                    
00012fc4  xdc_runtime_Core_Module__id__C                                       
00012fc6  xdc_runtime_Error_Module__loggerDefined__C                           
00012fc8  xdc_runtime_Error_maxDepth__C                                        
00012fca  xdc_runtime_Main_Module__id__C                                       
00012fcc  xdc_runtime_Memory_Module__id__C                                     
00012fce  xdc_runtime_SysMin_flushAtExit__C                                    
00012fd0  xdc_runtime_Text_charCnt__C                                          
00012fd2  xdc_runtime_Text_isLoaded__C                                         
00012fd4  xdc_runtime_Text_registryModsLastId__C                               
00012fd6  xdc_runtime_Text_unnamedModsLastId__C                                
00012fd8  __TI_static_base__                                                   
000133bc  __TI_Handler_Table_Base                                              
000133c8  __TI_Handler_Table_Limit                                             
000133d8  __TI_CINIT_Base                                                      
000133f0  __TI_CINIT_Limit                                                     
20000000  __start___llvm_prf_cnts                                              
20000000  __stop___llvm_prf_cnts                                               
20000000  ti_sysbios_family_arm_m3_Hwi_ramVectors                              
20000360  ti_sysbios_knl_Task_Instance_State_0_stack__A                        
20000b60  ti_sysbios_knl_Task_Instance_State_1_stack__A                        
20001360  ti_sysbios_knl_Task_Instance_State_2_stack__A                        
20001560  taskLightStack                                                       
20002560  ti_sysbios_heaps_HeapMem_Instance_State_0_buf__A                     
20002960  xdc_runtime_SysMin_Module_State_0_outbuf__A                          
20002d60  ti_sysbios_family_arm_m3_Hwi_dispatchTable                           
20003200  __CIOBUF_                                                            
20003320  uartTivaObjects                                                      
2000347c  i2cTivaObjects                                                       
200034fc  motorLibPWMObjects                                                   
20003534  eb                                                                   
20003564  sContext                                                             
20003590  clkSensorParams                                                      
200035b4  clockLightStruct                                                     
200035d8  clockUpdateGraph                                                     
2000365c  maxTime                                                              
2000367c  minTime                                                              
2000369c  uartTivaRingBuffer                                                   
200036bc  semLightStruct                                                       
200036d8  semStruct                                                            
200036f4  gHwiprms                                                             
2000370c  lightBuffer                                                          
20003724  motorLibPWMTimerObjects                                              
2000373c  evtStruct                                                            
20003750  valueText                                                            
20003774  pui32ADC0Value                                                       
20003788  graphMax                                                             
20003790  graphMin                                                             
20003798  parmbuf                                                              
200037a0  SysTicks                                                             
200037a4  acceleration                                                         
200037a8  acceleration_avg                                                     
200037ac  adc0                                                                 
200037b0  current                                                              
200037b4  data_Graph                                                           
200037b8  delta_rpm                                                            
200037bc  delta_time                                                           
200037c0  error                                                                
200037c4  evtHandle                                                            
200037c8  g_accelerationLimit                                                  
200037cc  g_currentLimit                                                       
200037d0  g_drawingGraph                                                       
200037d4  g_motorSpeed                                                         
200037d8  g_numPlotOverflow                                                    
200037dc  g_numPlotPoints                                                      
200037e0  g_pi32ParmSet                                                        
200037e8  g_sCurrentPanel                                                      
200037ec  g_ui32SysClock                                                       
200037f0  gateHwi                                                              
200037f8  graphIntMax                                                          
200037fc  graphIntMin                                                          
20003800  hA                                                                   
20003804  hB                                                                   
20003808  hC                                                                   
2000380c  hallA                                                                
20003810  hallB                                                                
20003814  hallC                                                                
20003818  output                                                               
2000381c  previousPoint                                                        
20003820  rpm_avg                                                              
20003824  rpm_from_UI                                                          
20003828  semHandle                                                            
2000382c  semLightHandle                                                       
20003830  sensori2c                                                            
20003834  uart                                                                 
20003838  voltage                                                              
2000383c  y_graph_step                                                         
20003840  g_i16TouchX                                                          
20003842  g_i16TouchY                                                          
20003844  e_event                                                              
20003845  e_stop                                                               
20003846  motorStartedUI                                                       
20003847  motorState                                                           
20003848  print_from_clock                                                     
20003849  running                                                              
2000384a  success                                                              
2000384b  updateGraph                                                          
2000384c  ti_sysbios_knl_Task_Object__table__V                                 
20003930  ti_sysbios_knl_Swi_Module_State_0_readyQ__A                          
200039b0  motor                                                                
200039b4  prevMotor                                                            
200039b8  prevSysTick                                                          
200039bc  deltaPos                                                             
200039c0  clock_time_mins                                                      
200039c4  clock_time_secs                                                      
200039c8  rpm_actual                                                           
200039cc  acceleration_sum                                                     
200039d0  rpm_prev                                                             
200039d4  integral_error                                                       
200039d8  rpm_desired                                                          
200039dc  rpm_int                                                              
200039e0  jump                                                                 
200039e4  Kp                                                                   
200039e8  Ki                                                                   
200039ec  clock_count                                                          
200039f0  rpm_sum                                                              
200039f4  min_per_sysTick                                                      
200039f8  rotation                                                             
200039fc  rpm_sum_c                                                            
20003a00  dummy                                                                
20003a04  adc_test                                                             
20003a08  vref                                                                 
20003a0c  stepVoltage                                                          
20003a10  shunt                                                                
20003a14  gain                                                                 
20003a18  g_sGraphAcceleration                                                 
20003a68  g_sGraphBack                                                         
20003ab8  g_sGraphExit                                                         
20003b08  g_sGraphLight                                                        
20003b58  g_sGraphOption                                                       
20003ba8  g_sGraphPower                                                        
20003bf8  g_sGraphSpeed                                                        
20003c48  g_sGraphTitle                                                        
20003c98  g_sMotorOption                                                       
20003ce8  g_sSetOption                                                         
20003d38  g_sSettingAcceleration                                               
20003d88  g_sSettingBack                                                       
20003dd8  g_sSettingCurrent                                                    
20003e28  g_sSettingDecrease                                                   
20003e78  g_sSettingExit                                                       
20003ec8  g_sSettingIncrease                                                   
20003f18  g_sSettingSpeed                                                      
20003f68  g_sSettingTitle                                                      
20003fb8  g_sSettingValue                                                      
20004008  ti_sysbios_knl_Task_Module__state__V                                 
2000404c  g_sGraph                                                             
2000408c  g_sGraphPage                                                         
200040cc  g_sGraphsMainPage                                                    
2000410c  g_sMainPage                                                          
2000414c  g_sSettingPage                                                       
2000418c  g_sSettingsMainPage                                                  
200041cc  ti_sysbios_family_arm_lm4_Timer_Module_State_0_device__A             
2000420c  ti_sysbios_family_arm_lm4_Timer_Object__table__V                     
2000424c  ti_sysbios_gates_GateMutex_Object__table__V                          
20004284  ti_sysbios_family_arm_m3_Hwi_Module__state__V                        
200042b8  ti_sysbios_family_arm_m3_Hwi_Object__table__V                        
200042e8  ti_sysbios_knl_Swi_Object__table__V                                  
20004318  g_sRoot                                                              
20004346  ti_sysbios_family_arm_m3_Hwi_Module_State_0_excActive__A             
20004348  ti_sysbios_knl_Clock_Module__state__V                                
20004374  ti_sysbios_BIOS_Module__state__V                                     
20004398  ti_sysbios_family_arm_lm4_Timer_Module_State_0_handles__A            
200043b8  ti_sysbios_knl_Task_Module_State_0_readyQ__A                         
200043d8  gpioPinConfigs                                                       
200043f4  ti_sysbios_knl_Swi_Module__state__V                                  
20004428  ti_sysbios_heaps_HeapMem_Object__table__V                            
20004440  x_graph_step                                                         
20004444  x_graph_start                                                        
20004448  y_graph_start                                                        
2000444c  y_graph_max                                                          
20004450  y_graph_end                                                          
20004454  ti_sysbios_family_arm_lm4_Timer_Module__state__V                     
20004460  xdc_runtime_SysMin_Module__state__V                                  
2000446c  _lock                                                                
20004470  _unlock                                                              
20004474  gpioCallbackFunctions                                                
2000447c  ti_sysbios_family_arm_m3_Hwi_Module__root__V                         
20004484  ti_sysbios_gates_GateHwi_Module__root__V                             
2000448c  ti_sysbios_gates_GateMutex_Module__root__V                           
20004494  ti_sysbios_hal_Hwi_Module__root__V                                   
2000449c  ti_sysbios_heaps_HeapMem_Module__root__V                             
200044a4  ti_sysbios_knl_Clock_Module__root__V                                 
200044ac  ti_sysbios_knl_Event_Module__root__V                                 
200044b4  ti_sysbios_knl_Queue_Module__root__V                                 
200044bc  ti_sysbios_knl_Semaphore_Module__root__V                             
200044c4  ti_sysbios_knl_Task_Module__root__V                                  
200044cc  xdc_runtime_Registry_Module__state__V                                
200044d4  xdc_runtime_Startup_Module__state__V                                 
200044dc  xdc_runtime_System_Module_State_0_atexitHandlers__A                  
200044e4  xdc_runtime_System_Module__state__V                                  
200044f2  xdc_runtime_Error_Module__state__V                                   
20004500  errno                                                                
20004504  main_func_sp                                                         
20004508  ti_sysbios_family_arm_m3_Hwi_Module_State_0_excContext__A            
2000450c  ti_sysbios_family_arm_m3_Hwi_Module_State_0_excStack__A              
20004510  ti_sysbios_gates_GateHwi_Object__table__V                            
20004514  ti_sysbios_knl_Task_Module_State_0_idleTask__A                       
20004518  g_i16TouchMin                                                        
2000451c  xdc_runtime_Memory_Module__state__V                                  
20004520  __stack                                                              
20004820  __STACK_END                                                          
e000e000  ti_sysbios_family_arm_m3_Hwi_nvic                                    
ffffffff  __TI_pprof_out_hndl                                                  
ffffffff  __TI_prof_data_size                                                  
ffffffff  __TI_prof_data_start                                                 
ffffffff  __binit__                                                            
ffffffff  __c_args__                                                           
ffffffff  binit                                                                
UNDEFED   SHT$$INIT_ARRAY$$Base                                                
UNDEFED   SHT$$INIT_ARRAY$$Limit                                               

[1004 symbols]
