******************************************************************************
                  TI ARM Linker PC v20.2.4                     
******************************************************************************
>> Linked Sat May 29 21:57:19 2021

OUTPUT FILE NAME:   <empty_EK_TM4C1294XL_TI.out>
ENTRY POINT SYMBOL: "_c_int00"  address: 00009fbd


MEMORY CONFIGURATION

         name            origin    length      used     unused   attr    fill
----------------------  --------  ---------  --------  --------  ----  --------
  FLASH                 00000000   00100000  00010e60  000ef1a0  R  X
  SRAM                  20000000   00040000  000037e9  0003c817  RW X


SEGMENT ALLOCATION MAP

run origin  load origin   length   init length attrs members
----------  ----------- ---------- ----------- ----- -------
00000000    00000000    00010e68   00010e68    r-x
  00000000    00000000    0000003c   0000003c    r-- .resetVecs
  00000040    00000040    0000d03a   0000d03a    r-x .text
  0000d07c    0000d07c    000039ea   000039ea    r-- .const
  00010a68    00010a68    00000400   00000400    r-- .cinit
20000000    20000000    000037f0   00000000    rw-
  20000000    20000000    00000360   00000000    rw- .vecs
  20000360    20000360    000024cd   00000000    rw- .bss
  20002830    20002830    00000cbc   00000000    rw- .data
  200034f0    200034f0    00000300   00000000    rw- .stack


SECTION ALLOCATION MAP

 output                                  attributes/
section   page    origin      length       input sections
--------  ----  ----------  ----------   ----------------
.text      0    00000040    0000d03a     
                  00000040    00000a4e     rtsv7M4_T_le_v4SPD16_eabi.lib : _printfi.c.obj (.text:__TI_printfi)
                  00000a8e    00000002     motorCode.obj (.text:ADCFxn)
                  00000a90    000006ac     MotorLib.lib : motorlib.obj (.text)
                  0000113c    00000004     driverlib.lib : i2c.obj (.text:I2CMasterControl)
                  00001140    00000430     sysbios.aem4f : BIOS.obj (.text:ti_sysbios_family_arm_m3_Hwi_excDumpRegs__I)
                  00001570    00000390     grlib_demo.obj (.text:drawGraphPoint)
                  00001900    00000374     grlib.lib : image.obj (.text:InternalImageDraw)
                  00001c74    0000034c     ti.targets.arm.rtsarm.aem4f : System.oem4f (.text:xdc_runtime_System_doPrint__I)
                  00001fc0    000002f8     grlib.lib : image.obj (.text:PixelTransparentDraw)
                  000022b8    000002d0     sysbios.aem4f : BIOS.obj (.text:ti_sysbios_knl_Semaphore_pend__E)
                  00002588    00000270     rtsv7M4_T_le_v4SPD16_eabi.lib : _printfi.c.obj (.text:_pconv_a)
                  000027f8    0000026c     sysbios.aem4f : BIOS.obj (.text:ti_sysbios_heaps_HeapMem_free__E)
                  00002a64    00000268     touch.obj (.text:TouchScreenDebouncer)
                  00002ccc    00000254     grlib.lib : string.obj (.text:GrFontGlyphRender)
                  00002f20    00000250     sysbios.aem4f : BIOS.obj (.text:ti_sysbios_heaps_HeapMem_alloc__E)
                  00003170    0000020c     drivers_tivaware.aem4f : UARTTiva.oem4f (.text:UARTTiva_open)
                  0000337c    00000204     Boot.aem4f : Boot_sysctl.oem4f (.text:ti_catalog_arm_cortexm4_tiva_ce_Boot_sysCtlClockFreqSetI__I)
                  00003580    00000200     driverlib.lib : sysctl.obj (.text:SysCtlClockFreqSet)
                  00003780    000001f4     sysbios.aem4f : BIOS.obj (.text:ti_sysbios_family_arm_m3_Hwi_excHandlerMax__I)
                  00003974    000001e4     Kentec320x240x16_ssd2119_spi.obj (.text:Kentec320x240x16_SSD2119Init)
                  00003b58    000001dc     Kentec320x240x16_ssd2119_spi.obj (.text:Kentec320x240x16_SSD2119PixelDrawMultiple)
                  00003d34    000001d4     grlib_demo.obj (.text:OnGraphsPage)
                  00003f08    000001d0     rtsv7M4_T_le_v4SPD16_eabi.lib : _printfi.c.obj (.text:_pconv_g)
                  000040d8    000001b6                                   : fd_add_t2.asm.obj (.text)
                  0000428e    00000002                                   : _lock.c.obj (.text:_nop)
                  00004290    000001a4     pinout.obj (.text:PinoutSet)
                  00004434    00000190     grlib.lib : canvas.obj (.text:CanvasPaint)
                  000045c4    0000017e               : pushbutton.obj (.text:RectangularButtonPaint)
                  00004742    00000002     rtsv7M4_T_le_v4SPD16_eabi.lib : div0.asm.obj (.text)
                  00004744    00000178     touch.obj (.text:TouchScreenIntHandler)
                  000048bc    00000004     driverlib.lib : i2c.obj (.text:I2CMasterDataGet)
                  000048c0    00000174     sysbios.aem4f : BIOS.obj (.text:ti_sysbios_family_arm_m3_Hwi_excBusFault__I)
                  00004a34    00000170     drivers_tivaware.aem4f : PWMTiva.oem4f (.text:PWMTiva_open)
                  00004ba4    00000004     driverlib.lib : i2c.obj (.text:I2CMasterDataPut)
                  00004ba8    00000164     sysbios.aem4f : BIOS.obj (.text:ti_sysbios_family_arm_m3_Hwi_excUsageFault__I)
                  00004d0c    0000015c     motorCode.obj (.text:initHallABC)
                  00004e68    0000015c     motorCode.obj (.text:initMotor)
                  00004fc4    00000158     grlib_demo.obj (.text:initWidgets)
                  0000511c    00000150     drivers_tivaware.aem4f : GPIOTiva.oem4f (.text:GPIO_setConfig)
                  0000526c    00000004     driverlib.lib : uart.obj (.text:UARTIntClear)
                  00005270    00000148     sysbios.aem4f : BIOS.obj (.text:ti_sysbios_family_arm_m3_Hwi_excMemFault__I)
                  000053b8    0000013c     rtsv7M4_T_le_v4SPD16_eabi.lib : _printfi.c.obj (.text:_pconv_e)
                  000054f4    00000004     grlib.lib : widget.obj (.text:WidgetDefaultMsgProc)
                  000054f8    0000013c     sysbios.aem4f : BIOS.obj (.text:ti_sysbios_heaps_HeapMem_Instance_init__E)
                  00005634    00000136     rtsv7M4_T_le_v4SPD16_eabi.lib : fd_div_t2.asm.obj (.text)
                  0000576a    00000132     driverlib.lib : gpio.obj (.text:GPIOPadConfigSet)
                  0000589c    00000124     rtsv7M4_T_le_v4SPD16_eabi.lib : _printfi.c.obj (.text:fcvt)
                  000059c0    00000120     sysbios.aem4f : BIOS.obj (.text:ti_sysbios_family_arm_lm4_Timer_start__E)
                  00005ae0    0000011c     grlib_demo.obj (.text:OnSettingsPage)
                  00005bfc    00000004     rtsv7M4_T_le_v4SPD16_eabi.lib : exit.c.obj (.text:abort:abort)
                  00005c00    0000011c     sysbios.aem4f : BIOS.obj (.text:ti_sysbios_knl_Clock_Instance_init__E)
                  00005d1c    00000118     ti.targets.arm.rtsarm.aem4f : Error.oem4f (.text:xdc_runtime_Error_policyDefault__E)
                  00005e34    00000114     drivers_tivaware.aem4f : PWMTimerTiva.oem4f (.text:PWMTimerTiva_open)
                  00005f48    00000110     rtsv7M4_T_le_v4SPD16_eabi.lib : s_scalbn.c.obj (.text:scalbn)
                  00006058    0000010c     Kentec320x240x16_ssd2119_spi.obj (.text:Kentec320x240x16_SSD2119RectFill)
                  00006164    0000010c     touch.obj (.text:TouchScreenInit)
                  00006270    00000106     grlib.lib : line.obj (.text:GrLineDraw)
                  00006376    00000002     empty_pem4f.oem4f (.text:ti_sysbios_BIOS_nullFunc__I)
                  00006378    00000104     motorCode.obj (.text:filterFxn)
                  0000647c    00000100     ti.targets.arm.rtsarm.aem4f : Core-mem.oem4f (.text:xdc_runtime_Core_createObject__I)
                  0000657c    000000fc     rtsv7M4_T_le_v4SPD16_eabi.lib : fd_mul_t2.asm.obj (.text)
                  00006678    000000f8     ti.targets.arm.rtsarm.aem4f : Startup.oem4f (.text:xdc_runtime_Startup_startMods__I)
                  00006770    000000f8     empty_pem4f.oem4f (.text:xdc_runtime_System_printfExtend__I)
                  00006868    000000f4     sysbios.aem4f : m3_Hwi_asm.obj (.text:ti_sysbios_family_arm_m3_Hwi_dispatch__I)
                  0000695c    000000f2     grlib.lib : pushbutton.obj (.text:RectangularButtonClick)
                  00006a4e    000000f0     drivers_tivaware.aem4f : PWMTiva.oem4f (.text:PWMTiva_setDuty)
                  00006b3e    00000002     empty_pem4f.oem4f (.text:xdc_runtime_Startup_reset__I)
                  00006b40    000000f0     empty.obj (.text:main)
                  00006c30    000000ec     sysbios.aem4f : BIOS.obj (.text:ti_sysbios_knl_Semaphore_post__E)
                  00006d1c    000000e8     grlib.lib : widget.obj (.text:WidgetMessageQueueAdd)
                  00006e04    000000e0     drivers_tivaware.aem4f : I2CTiva.oem4f (.text:I2CTiva_open)
                  00006ee4    000000dc     motorCode.obj (.text:motorFxn)
                  00006fc0    000000d6     drivers_tivaware.aem4f : I2CTiva.oem4f (.text:I2CTiva_hwiFxn)
                  00007096    00000002     --HOLE-- [fill = 0]
                  00007098    000000d0     motorCode.obj (.text:HallFxn)
                  00007168    000000cc     ti.targets.arm.rtsarm.aem4f : Core-smem.oem4f (.text:xdc_runtime_Core_constructObject__I)
                  00007234    000000c0     grlib.lib : string.obj (.text:GrDefaultStringRenderer)
                  000072f4    00000004     empty_pem4f.oem4f (.text:ti_sysbios_BIOS_RtsGateProxy_enter__E)
                  000072f8    000000bc     sysbios.aem4f : BIOS.obj (.text:ti_sysbios_family_arm_m3_Hwi_excDebugMon__I)
                  000073b4    00000004     empty_pem4f.oem4f (.text:ti_sysbios_BIOS_RtsGateProxy_leave__E)
                  000073b8    000000bc     sysbios.aem4f : BIOS.obj (.text:ti_sysbios_family_arm_m3_Hwi_excHardFault__I)
                  00007474    000000b8     EK_TM4C1294XL.obj (.text:EK_TM4C1294XL_initGeneral)
                  0000752c    000000b8     grlib.lib : line.obj (.text:GrLineClip)
                  000075e4    000000b8     Kentec320x240x16_ssd2119_spi.obj (.text:InitSPILCDInterface)
                  0000769c    000000b8     drivers_tivaware.aem4f : PWMTimerTiva.oem4f (.text:PWMTimerTiva_setDuty)
                  00007754    000000b4     grlib.lib : widget.obj (.text:WidgetMessageSendPostOrder)
                  00007808    000000b4     sysbios.aem4f : BIOS.obj (.text:ti_sysbios_gates_GateMutex_enter__E)
                  000078bc    00000004                   : BIOS.obj (.text:ti_sysbios_family_arm_lm4_Timer_masterEnable__I)
                  000078c0    000000b4                   : BIOS.obj (.text:ti_sysbios_knl_Task_checkStacks__E)
                  00007974    000000b1     rtsv7M4_T_le_v4SPD16_eabi.lib : _printfi.c.obj (.text:_ltostr)
                  00007a25    00000001     --HOLE-- [fill = 0]
                  00007a26    000000ac     drivers_tivaware.aem4f : UARTTiva.oem4f (.text:readTaskBlocking)
                  00007ad2    00000006     driverlib.lib : gpio.obj (.text:GPIOIntClear)
                  00007ad8    000000ac     sysbios.aem4f : BIOS.obj (.text:ti_sysbios_family_arm_lm4_Timer_enableTiva__I)
                  00007b84    00000004     empty_pem4f.oem4f (.text:ti_sysbios_family_arm_m3_Hwi_destruct)
                  00007b88    000000a8     sysbios.aem4f : BIOS.obj (.text:ti_sysbios_family_arm_lm4_Timer_enableTimers__I)
                  00007c30    000000a4                   : BIOS.obj (.text:ti_sysbios_knl_Clock_Instance_finalize__E)
                  00007cd4    000000a0     auto_init.aem4f : auto_init.oem4f (.text)
                  00007d74    000000a0     ti.targets.arm.rtsarm.aem4f : Text.oem4f (.text:xdc_runtime_Text_putMod__E)
                  00007e14    0000009c     grlib_demo.obj (.text:OnStartMotor)
                  00007eb0    0000009c     motorCode.obj (.text:PIControlFxn)
                  00007f4c    0000009c     rtsv7M4_T_le_v4SPD16_eabi.lib : memcpy_t2.asm.obj (.text)
                  00007fe8    0000009c     sysbios.aem4f : BIOS.obj (.text:ti_sysbios_knl_Semaphore_Instance_init__E)
                  00008084    0000009a     ti.targets.arm.rtsarm.aem4f : Text.oem4f (.text:xdc_runtime_Text_putSite__E)
                  0000811e    00000098     drivers_tivaware.aem4f : UARTTiva.oem4f (.text:UARTTiva_readPolling)
                  000081b6    00000002     --HOLE-- [fill = 0]
                  000081b8    00000098     Boot.aem4f : Boot.oem4f (.text:ti_catalog_arm_cortexm4_tiva_ce_Boot_sysCtlClockFreqSet__E)
                  00008250    00000096     rtsv7M4_T_le_v4SPD16_eabi.lib : ull_div_t2.asm.obj (.text)
                  000082e6    00000002     --HOLE-- [fill = 0]
                  000082e8    00000094     grlib_demo.obj (.text:OnIncrease)
                  0000837c    00000094     drivers_tivaware.aem4f : UARTTiva.oem4f (.text:UARTTiva_write)
                  00008410    00000094     sysbios.aem4f : BIOS.obj (.text:ti_sysbios_family_arm_m3_Hwi_Instance_init__E)
                  000084a4    00000004     empty_pem4f.oem4f (.text:ti_sysbios_family_arm_m3_TaskSupport_Module__startupDone__S)
                  000084a8    00000094     sysbios.aem4f : BIOS.obj (.text:ti_sysbios_family_arm_m3_Hwi_initNVIC__E)
                  0000853c    00000004     empty_pem4f.oem4f (.text:ti_sysbios_hal_Hwi_HwiProxy_delete)
                  00008540    00000094     sysbios.aem4f : BIOS.obj (.text:ti_sysbios_knl_Task_postInit__I)
                  000085d4    0000008c     drivers_tivaware.aem4f : GPIOTiva.oem4f (.text:GPIO_init)
                  00008660    0000008c                            : UARTTiva.oem4f (.text:UARTTiva_control)
                  000086ec    0000008c     sysbios.aem4f : m3_TaskSupport_asm.obj (.text:ti_sysbios_family_arm_m3_TaskSupport_buildTaskStack)
                  00008778    0000008a     drivers_tivaware.aem4f : UARTTiva.oem4f (.text:readIsrTextBlocking)
                  00008802    00000002     --HOLE-- [fill = 0]
                  00008804    00000088     grlib_demo.obj (.text:OnDecrease)
                  0000888c    00000088     drivers_tivaware.aem4f : PWMTiva.oem4f (.text:PWMTiva_control)
                  00008914    00000088     grlib_demo.obj (.text:initUI)
                  0000899c    00000086     grlib.lib : rectangle.obj (.text:GrRectFill)
                  00008a22    00000086     rtsv7M4_T_le_v4SPD16_eabi.lib : fd_cmp_t2.asm.obj (.text:__aeabi_cdcmple)
                  00008aa8    00000086                                   : fd_cmp_t2.asm.obj (.text:__aeabi_cdrcmple)
                  00008b2e    00000002     --HOLE-- [fill = 0]
                  00008b30    00000084     sysbios.aem4f : BIOS.obj (.text:ti_sysbios_family_arm_m3_Hwi_postInit__I)
                  00008bb4    00000082     drivers_tivaware.aem4f : UARTTiva.oem4f (.text:readIsrTextCallback)
                  00008c36    0000007e                            : I2CTiva.oem4f (.text:I2CTiva_transfer)
                  00008cb4    0000007a     driverlib.lib : adc.obj (.text:ADCSequenceStepConfigure)
                  00008d2e    0000007a     drivers_tivaware.aem4f : UARTTiva.oem4f (.text:readTaskCallback)
                  00008da8    0000007a     rtsv7M4_T_le_v4SPD16_eabi.lib : memset_t2.asm.obj (.text)
                  00008e22    00000006     driverlib.lib : gpio.obj (.text:GPIOPinRead)
                  00008e28    00000074     sysbios.aem4f : BIOS.obj (.text:ti_sysbios_knl_Clock_start__E)
                  00008e9c    00000004     empty_pem4f.oem4f (.text:ti_sysbios_heaps_HeapMem_Module_GateProxy_enter__E)
                  00008ea0    00000070     sysbios.aem4f : BIOS.obj (.text:ti_sysbios_knl_Clock_workFunc__E)
                  00008f10    00000070                   : BIOS.obj (.text:ti_sysbios_knl_Task_exit__E)
                  00008f80    0000006e     rtsv7M4_T_le_v4SPD16_eabi.lib : _printfi.c.obj (.text:_mcpy)
                  00008fee    00000002     --HOLE-- [fill = 0]
                  00008ff0    0000006d     ti.targets.arm.rtsarm.aem4f : System.oem4f (.text:xdc_runtime_System_formatNum__I)
                  0000905d    00000003     --HOLE-- [fill = 0]
                  00009060    0000006c     drivers_tivaware.aem4f : PWMTimerTiva.oem4f (.text:PWMTimerTiva_control)
                  000090cc    0000006c     empty_pem4f.oem4f (.text:ti_sysbios_family_arm_m3_Hwi_Object__create__S)
                  00009138    0000006c     sysbios.aem4f : BIOS.obj (.text:ti_sysbios_knl_Swi_restoreHwi__E)
                  000091a4    0000006c     drivers_tivaware.aem4f : UARTTiva.oem4f (.text:writeData)
                  00009210    0000006c     ti.targets.arm.rtsarm.aem4f : Error.oem4f (.text:xdc_runtime_Error_print__E)
                  0000927c    0000006c                                 : Memory.oem4f (.text:xdc_runtime_Memory_alloc__E)
                  000092e8    0000006a     drivers_tivaware.aem4f : PWMTiva.oem4f (.text:PWMTiva_close)
                  00009352    00000002     --HOLE-- [fill = 0]
                  00009354    00000068     EK_TM4C1294XL.obj (.text:EK_TM4C1294XL_initI2C)
                  000093bc    00000068     grlib.lib : context.obj (.text:GrContextInit)
                  00009424    00000068               : string.obj (.text:GrStringWidthGet)
                  0000948c    00000068     driverlib.lib : interrupt.obj (.text:IntEnable)
                  000094f4    00000068     Kentec320x240x16_ssd2119_spi.obj (.text:Kentec320x240x16_SSD2119LineDrawH)
                  0000955c    00000068     Kentec320x240x16_ssd2119_spi.obj (.text:Kentec320x240x16_SSD2119LineDrawV)
                  000095c4    00000068     motorCode.obj (.text:accelLimitFxn)
                  0000962c    00000068     rtsv7M4_T_le_v4SPD16_eabi.lib : copy_decompress_lzss.c.obj (.text:decompress:lzss:__TI_decompress_lzss)
                  00009694    00000066     grlib.lib : context.obj (.text:GrContextClipRegionSet)
                  000096fa    00000066               : rectangle.obj (.text:GrRectDraw)
                  00009760    00000066     ti.targets.arm.rtsarm.aem4f : Core-mem.oem4f (.text:xdc_runtime_Core_deleteObject__I)
                  000097c6    00000002     --HOLE-- [fill = 0]
                  000097c8    00000064     drivers_tivaware.aem4f : GPIOTiva.oem4f (.text:GPIO_hwiIntFxn)
                  0000982c    00000064     grlib_demo.obj (.text:OnGraphsMain)
                  00009890    00000064     grlib.lib : widget.obj (.text:WidgetMessageQueueProcess)
                  000098f4    00000064     rtsv7M4_T_le_v4SPD16_eabi.lib : s_frexp.c.obj (.text:frexp)
                  00009958    00000064     sysbios.aem4f : BIOS.obj (.text:ti_sysbios_family_arm_lm4_Timer_Module_startup__E)
                  000099bc    00000064     empty_pem4f.oem4f (.text:ti_sysbios_family_arm_m3_Hwi_create)
                  00009a20    00000064     sysbios.aem4f : BIOS.obj (.text:ti_sysbios_family_arm_m3_Hwi_dispatchC__I)
                  00009a84    00000064     empty_pem4f.oem4f (.text:ti_sysbios_hal_Hwi_create)
                  00009ae8    00000062     drivers_tivaware.aem4f : I2CTiva.oem4f (.text:I2CTiva_primeTransfer)
                  00009b4a    00000002     --HOLE-- [fill = 0]
                  00009b4c    00000060     driverlib.lib : timer.obj (.text:TimerConfigure)
                  00009bac    00000060     Kentec320x240x16_ssd2119_spi.obj (.text:WriteDataSPI)
                  00009c0c    00000004     empty_pem4f.oem4f (.text:ti_sysbios_heaps_HeapMem_Module_GateProxy_leave__E)
                  00009c10    00000060     sysbios.aem4f : BIOS.obj (.text:ti_sysbios_knl_Task_schedule__I)
                  00009c70    0000005e     grlib.lib : widget.obj (.text:WidgetMessageSendPreOrder)
                  00009cce    0000005e     drivers_tivaware.aem4f : UARTTiva.oem4f (.text:readIsrBinaryBlocking)
                  00009d2c    0000005c     Kentec320x240x16_ssd2119_spi.obj (.text:WriteCommandSPI)
                  00009d88    0000005c     sysbios.aem4f : BIOS.obj (.text:ti_sysbios_knl_Swi_run__I)
                  00009de4    00000004     empty_pem4f.oem4f (.text:ti_sysbios_knl_Clock_TimerProxy_getMaxTicks__E)
                  00009de8    0000005c     sysbios.aem4f : BIOS.obj (.text:ti_sysbios_knl_Swi_schedule__I)
                  00009e44    00000004     empty_pem4f.oem4f (.text:ti_sysbios_knl_Clock_destruct)
                  00009e48    0000005c     sysbios.aem4f : BIOS.obj (.text:ti_sysbios_knl_Task_Module_startup__E)
                  00009ea4    00000004     empty_pem4f.oem4f (.text:ti_sysbios_knl_Queue_destruct)
                  00009ea8    0000005c     sysbios.aem4f : BIOS.obj (.text:ti_sysbios_knl_Task_startCore__E)
                  00009f04    0000005b     ti.targets.arm.rtsarm.aem4f : Text.oem4f (.text:xdc_runtime_Text_putLab__E)
                  00009f5f    00000001     --HOLE-- [fill = 0]
                  00009f60    0000005a     grlib.lib : string.obj (.text:FontWideGlyphDataGet)
                  00009fba    00000002     --HOLE-- [fill = 0]
                  00009fbc    00000058     boot.aem4f : boot.oem4f (.text)
                  0000a014    00000058     rtsv7M4_T_le_v4SPD16_eabi.lib : hostwrite.c.obj (.text:HOSTwrite)
                  0000a06c    00000058     driverlib.lib : timer.obj (.text:TimerControlTrigger)
                  0000a0c4    00000058     empty_pem4f.oem4f (.text:ti_sysbios_family_arm_m3_Hwi_construct)
                  0000a11c    00000058     sysbios.aem4f : m3_Hwi_asm_switch.obj (.text:ti_sysbios_family_arm_m3_Hwi_initStacks__E)
                  0000a174    00000056     driverlib.lib : gpio.obj (.text:GPIOIntTypeSet)
                  0000a1ca    00000056     rtsv7M4_T_le_v4SPD16_eabi.lib : _printfi.c.obj (.text:_pconv_f)
                  0000a220    00000054                                   : _ltoa.c.obj (.text:__TI_ltoa)
                  0000a274    00000054     drivers_tivaware.aem4f : UARTTiva.oem4f (.text:readIsrBinaryCallback)
                  0000a2c8    00000054     ti.targets.arm.rtsarm.aem4f : Assert.oem4f (.text:xdc_runtime_Assert_raise__I)
                  0000a31c    00000052     rtsv7M4_T_le_v4SPD16_eabi.lib : _printfi.c.obj (.text:_ecpy)
                  0000a36e    00000002     --HOLE-- [fill = 0]
                  0000a370    00000050     motorCode.obj (.text:ADC0_Init)
                  0000a3c0    00000050     driverlib.lib : adc.obj (.text:ADCSequenceConfigure)
                  0000a410    00000050     drivers_tivaware.aem4f : GPIOTiva.oem4f (.text:GPIO_setCallback)
                  0000a460    00000050                            : GPIOTiva.oem4f (.text:GPIO_write)
                  0000a4b0    00000050                            : UARTTiva.oem4f (.text:UARTTiva_writeCancel)
                  0000a500    00000050     Boot.aem4f : Boot_sysctl.oem4f (.text:_SysCtlFrequencyGet)
                  0000a550    00000050     sysbios.aem4f : BIOS.obj (.text:ti_sysbios_family_arm_m3_Hwi_Module_startup__E)
                  0000a5a0    00000050     ti.targets.arm.rtsarm.aem4f : Startup.oem4f (.text:xdc_runtime_Startup_exec__E)
                  0000a5f0    00000050                                 : Text.oem4f (.text:xdc_runtime_Text_visitRope2__I)
                  0000a640    0000004c     driverlib.lib : i2c.obj (.text:I2CMasterInitExpClk)
                  0000a68c    0000004c     drivers_tivaware.aem4f : UARTTiva.oem4f (.text:UARTTiva_close)
                  0000a6d8    0000004c     grlib.lib : widget.obj (.text:WidgetRemove)
                  0000a724    0000004c     rtsv7M4_T_le_v4SPD16_eabi.lib : atoi.c.obj (.text:atoi)
                  0000a770    0000004c                                   : cpy_tbl.c.obj (.text:copy_in)
                  0000a7bc    0000004c     grlib_demo.obj (.text:drawSettingValue)
                  0000a808    0000004c     motorCode.obj (.text:initUART)
                  0000a854    00000004     empty_pem4f.oem4f (.text:ti_sysbios_knl_Semaphore_destruct)
                  0000a858    0000004c     sysbios.aem4f : BIOS.obj (.text:ti_sysbios_family_arm_lm4_Timer_setAvailMask__E)
                  0000a8a4    00000004     ti.targets.arm.rtsarm.aem4f : Error.oem4f (.text:xdc_runtime_Error_getSite__E)
                  0000a8a8    0000004c     sysbios.aem4f : BIOS.obj (.text:ti_sysbios_heaps_HeapMem_getStats__E)
                  0000a8f4    00000004     empty_pem4f.oem4f (.text:xdc_runtime_System_Module_GateProxy_enter__E)
                  0000a8f8    0000004c     sysbios.aem4f : BIOS.obj (.text:ti_sysbios_knl_Swi_runLoop__I)
                  0000a944    00000004     empty_pem4f.oem4f (.text:xdc_runtime_System_Module_GateProxy_leave__E)
                  0000a948    0000004c     sysbios.aem4f : BIOS.obj (.text:ti_sysbios_knl_Task_allBlockedFunction__I)
                  0000a994    0000004a     drivers_tivaware.aem4f : PWMTimerTiva.oem4f (.text:PWMTimerTiva_close)
                  0000a9de    0000004a     grlib.lib : string.obj (.text:UpdateContextCharMapping)
                  0000aa28    00000048     driverlib.lib : gpio.obj (.text:GPIOPinConfigure)
                  0000aa70    00000048                   : sysctl.obj (.text:_SysCtlFrequencyGet)
                  0000aab8    00000048     rtsv7M4_T_le_v4SPD16_eabi.lib : fd_toi_t2.asm.obj (.text)
                  0000ab00    00000048     sysbios.aem4f : BIOS.obj (.text:ti_sysbios_family_arm_m3_Hwi_disableInterrupt__E)
                  0000ab48    00000048                   : BIOS.obj (.text:ti_sysbios_family_arm_m3_Hwi_enableInterrupt__E)
                  0000ab90    00000048                   : BIOS.obj (.text:ti_sysbios_family_arm_m3_Hwi_excReserved__I)
                  0000abd8    00000046     grlib.lib : line.obj (.text:GrLineDrawH)
                  0000ac1e    00000046               : line.obj (.text:GrLineDrawV)
                  0000ac64    00000046     Kentec320x240x16_ssd2119_spi.obj (.text:Kentec320x240x16_SSD2119PixelDraw)
                  0000acaa    00000046     drivers_tivaware.aem4f : RingBuf.oem4f (.text:RingBuf_put)
                  0000acf0    00000046     driverlib.lib : uart.obj (.text:UARTConfigSetExpClk)
                  0000ad36    00000046     ti.targets.arm.rtsarm.aem4f : Core-params.oem4f (.text:xdc_runtime_Core_assignParams__I)
                  0000ad7c    00000004                                 : System.oem4f (.text:xdc_runtime_System_aprintf_va__F)
                  0000ad80    00000044     sysbios.aem4f : BIOS.obj (.text:ti_sysbios_family_arm_lm4_Timer_isrStub__E)
                  0000adc4    00000004     ti.targets.arm.rtsarm.aem4f : System.oem4f (.text:xdc_runtime_System_printf_va__F)
                  0000adc8    00000044     sysbios.aem4f : BIOS.obj (.text:ti_sysbios_family_arm_m3_Hwi_getStackInfo__E)
                  0000ae0c    00000004     --HOLE-- [fill = 0]
                  0000ae10    00000044                   : BIOS.obj (.text:ti_sysbios_knl_Swi_post__E)
                  0000ae54    00000044     ti.targets.arm.rtsarm.aem4f : Error.oem4f (.text:xdc_runtime_Error_setX__E)
                  0000ae98    00000044                                 : SysMin.oem4f (.text:xdc_runtime_SysMin_flush__E)
                  0000aedc    00000044                                 : Text.oem4f (.text:xdc_runtime_Text_xprintf__I)
                  0000af20    00000042     drivers_tivaware.aem4f : UARTTiva.oem4f (.text:UARTTiva_hwiIntFxn)
                  0000af62    00000042                            : UARTTiva.oem4f (.text:UARTTiva_writePolling)
                  0000afa4    00000040     grlib_demo.obj (.text:OnMainMenu)
                  0000afe4    00000040     grlib_demo.obj (.text:OnSettingsMain)
                  0000b024    00000040     drivers_tivaware.aem4f : RingBuf.oem4f (.text:RingBuf_get)
                  0000b064    00000040                            : UARTTiva.oem4f (.text:UARTTiva_read)
                  0000b0a4    00000040     rtsv7M4_T_le_v4SPD16_eabi.lib : u_divt2.asm.obj (.text)
                  0000b0e4    00000040                                   : sprintf.c.obj (.text:sprintf)
                  0000b124    00000004     --HOLE-- [fill = 0]
                  0000b128    00000040     sysbios.aem4f : BIOS.obj (.text:ti_sysbios_family_arm_lm4_Timer_startup__E)
                  0000b168    0000003e     rtsv7M4_T_le_v4SPD16_eabi.lib : _printfi.c.obj (.text:_fcpy)
                  0000b1a6    0000003c     driverlib.lib : ssi.obj (.text:SSIConfigSetExpClk)
                  0000b1e2    00000006                   : gpio.obj (.text:GPIOPinWrite)
                  0000b1e8    0000003c     sysbios.aem4f : BIOS.obj (.text:ti_sysbios_family_arm_m3_Hwi_excSvCall__I)
                  0000b224    00000004     --HOLE-- [fill = 0]
                  0000b228    0000003c                   : BIOS.obj (.text:ti_sysbios_heaps_HeapMem_init__I)
                  0000b264    00000004     --HOLE-- [fill = 0]
                  0000b268    0000003c                   : BIOS.obj (.text:ti_sysbios_knl_Swi_restore__E)
                  0000b2a4    0000003a     grlib.lib : string.obj (.text:FontGlyphDataGet)
                  0000b2de    0000003a     drivers_tivaware.aem4f : I2CTiva.oem4f (.text:I2CTiva_completeTransfer)
                  0000b318    00000038                            : I2C.oem4f (.text:I2C_init)
                  0000b350    00000038                            : PWM.oem4f (.text:PWM_init)
                  0000b388    00000038     driverlib.lib : sysctl.obj (.text:SysCtlPeripheralReady)
                  0000b3c0    00000038     drivers_tivaware.aem4f : UART.oem4f (.text:UART_init)
                  0000b3f8    00000038     rtsv7M4_T_le_v4SPD16_eabi.lib : trgmsg.c.obj (.text:__TI_writemsg)
                  0000b430    00000038                                   : fs_tod_t2.asm.obj (.text)
                  0000b468    00000038     sysbios.aem4f : BIOS.obj (.text:ti_sysbios_family_arm_m3_Hwi_excNoIsr__I)
                  0000b4a0    00000038     empty_pem4f.oem4f (.text:ti_sysbios_knl_Clock_create)
                  0000b4d8    00000038     sysbios.aem4f : BIOS.obj (.text:ti_sysbios_knl_Task_processVitalTaskFlag__I)
                  0000b510    00000038     ti.targets.arm.rtsarm.aem4f : SysMin.oem4f (.text:xdc_runtime_SysMin_putch__E)
                  0000b548    00000038                                 : System.oem4f (.text:xdc_runtime_System_atexit__E)
                  0000b580    00000036     grlib.lib : line.obj (.text:GrClipCodeGet)
                  0000b5b6    00000036     drivers_tivaware.aem4f : I2CTiva.oem4f (.text:I2CTiva_close)
                  0000b5ec    00000036                            : UARTTiva.oem4f (.text:UARTTiva_readCancel)
                  0000b622    00000002     --HOLE-- [fill = 0]
                  0000b624    00000034     driverlib.lib : sysctl.obj (.text:SysCtlPeripheralEnable)
                  0000b658    00000034     rtsv7M4_T_le_v4SPD16_eabi.lib : trgmsg.c.obj (.text:__TI_readmsg)
                  0000b68c    00000004     --HOLE-- [fill = 0]
                  0000b690    00000034     sysbios.aem4f : BIOS.obj (.text:ti_sysbios_family_arm_m3_Hwi_Instance_finalize__E)
                  0000b6c4    00000004     --HOLE-- [fill = 0]
                  0000b6c8    00000034                   : BIOS.obj (.text:ti_sysbios_family_arm_m3_Hwi_excNmi__I)
                  0000b6fc    00000004     --HOLE-- [fill = 0]
                  0000b700    00000034                   : BIOS.obj (.text:ti_sysbios_hal_Hwi_checkStack)
                  0000b734    00000034     empty_pem4f.oem4f (.text:ti_sysbios_knl_Clock_construct)
                  0000b768    00000034     ti.targets.arm.rtsarm.aem4f : Core-label.oem4f (.text:xdc_runtime_Core_assignLabel__I)
                  0000b79c    00000033                                 : Text.oem4f (.text:xdc_runtime_Text_printVisFxn__I)
                  0000b7cf    00000001     --HOLE-- [fill = 0]
                  0000b7d0    00000032     sysbios.aem4f : BIOS.obj (.text:ti_sysbios_hal_Hwi_initStack)
                  0000b802    00000002     --HOLE-- [fill = 0]
                  0000b804    00000030     drivers_tivaware.aem4f : GPIOTiva.oem4f (.text:GPIO_enableInt)
                  0000b834    00000030                            : GPIOTiva.oem4f (.text:GPIO_read)
                  0000b864    00000030     grlib_demo.obj (.text:OnGraphAcceleration)
                  0000b894    00000030     drivers_tivaware.aem4f : PWMTiva.oem4f (.text:PWMTiva_init)
                  0000b8c4    00000030                            : PWM.oem4f (.text:PWM_open)
                  0000b8f4    00000030                            : UART.oem4f (.text:UART_open)
                  0000b924    00000030     motorCode.obj (.text:readABC)
                  0000b954    00000030     empty_pem4f.oem4f (.text:ti_sysbios_BIOS_atExitFunc__I)
                  0000b984    00000004     --HOLE-- [fill = 0]
                  0000b988    00000030     sysbios.aem4f : BIOS.obj (.text:ti_sysbios_family_arm_lm4_Timer_stop__E)
                  0000b9b8    00000030                   : BIOS.obj (.text:ti_sysbios_family_arm_m3_TaskSupport_start__E)
                  0000b9e8    00000030     empty_pem4f.oem4f (.text:ti_sysbios_gates_GateHwi_Object__create__S)
                  0000ba18    00000030     empty_pem4f.oem4f (.text:ti_sysbios_gates_GateHwi_create)
                  0000ba48    00000030     empty_pem4f.oem4f (.text:ti_sysbios_gates_GateMutex_Object__create__S)
                  0000ba78    00000030     empty_pem4f.oem4f (.text:ti_sysbios_heaps_HeapMem_Object__create__S)
                  0000baa8    00000030     empty_pem4f.oem4f (.text:ti_sysbios_knl_Semaphore_construct)
                  0000bad8    00000030     sysbios.aem4f : BIOS.obj (.text:ti_sysbios_knl_Semaphore_pendTimeout__I)
                  0000bb08    00000030                   : BIOS.obj (.text:ti_sysbios_knl_Task_unblockI__E)
                  0000bb38    00000030     ti.targets.arm.rtsarm.aem4f : SysMin.oem4f (.text:xdc_runtime_SysMin_abort__E)
                  0000bb68    00000030                                 : System.oem4f (.text:xdc_runtime_System_processAtExit__E)
                  0000bb98    0000002e     grlib.lib : string.obj (.text:GrStringNextCharGet)
                  0000bbc6    0000002e     rtsv7M4_T_le_v4SPD16_eabi.lib : i_tofd_t2.asm.obj (.text)
                  0000bbf4    0000002c     EK_TM4C1294XL.obj (.text:EK_TM4C1294XL_initUART)
                  0000bc20    0000002c     grlib.lib : string.obj (.text:GrFontBaselineGet)
                  0000bc4c    0000002c               : string.obj (.text:GrFontHeightGet)
                  0000bc78    0000002c               : pushbutton.obj (.text:RectangularButtonMsgProc)
                  0000bca4    0000002c               : widget.obj (.text:WidgetIsInTree)
                  0000bcd0    0000002c     empty_pem4f.oem4f (.text:ti_sysbios_knl_Clock_doTick__I)
                  0000bcfc    0000002c     empty_pem4f.oem4f (.text:ti_sysbios_knl_Event_construct)
                  0000bd28    0000002c     empty_pem4f.oem4f (.text:ti_sysbios_knl_Queue_construct)
                  0000bd54    00000004     --HOLE-- [fill = 0]
                  0000bd58    0000002c     sysbios.aem4f : BIOS.obj (.text:ti_sysbios_knl_Task_restore__E)
                  0000bd84    0000002c     ti.targets.arm.rtsarm.aem4f : Text.oem4f (.text:xdc_runtime_Text_cordText__E)
                  0000bdb0    0000002a     driverlib.lib : gpio.obj (.text:GPIODirModeSet)
                  0000bdda    0000002a     ti.targets.arm.rtsarm.aem4f : System.oem4f (.text:xdc_runtime_System_putchar__I)
                  0000be04    00000028     Kentec320x240x16_ssd2119_spi.obj (.text:Kentec320x240x16_SSD2119ColorTranslate)
                  0000be2c    00000028     grlib_demo.obj (.text:OnGraphSpeed)
                  0000be54    00000004     --HOLE-- [fill = 0]
                  0000be58    00000028     sysbios.aem4f : BIOS.obj (.text:ti_sysbios_hal_Hwi_Instance_init__E)
                  0000be80    00000028                   : BIOS.obj (.text:ti_sysbios_knl_Swi_Module_startup__E)
                  0000bea8    00000026     grlib.lib : string.obj (.text:GrFontInfoGet)
                  0000bece    00000026     sysbios.aem4f : m3_Hwi_asm.obj (.text:ti_sysbios_family_arm_m3_Hwi_pendSV__I)
                  0000bef4    00000026     ti.targets.arm.rtsarm.aem4f : System.oem4f (.text:xdc_runtime_System_avprintf__E)
                  0000bf1a    00000002     --HOLE-- [fill = 0]
                  0000bf1c    00000024     grlib_demo.obj (.text:OnGraphLight)
                  0000bf40    00000024     grlib_demo.obj (.text:OnGraphPower)
                  0000bf64    00000024     empty_pem4f.oem4f (.text:ti_sysbios_BIOS_errorRaiseHook__I)
                  0000bf88    00000024     empty_pem4f.oem4f (.text:ti_sysbios_BIOS_registerRTSLock__I)
                  0000bfac    00000024     empty_pem4f.oem4f (.text:ti_sysbios_BIOS_removeRTSLock__I)
                  0000bfd0    00000024     empty_pem4f.oem4f (.text:ti_sysbios_BIOS_startFunc__I)
                  0000bff4    00000024     empty_pem4f.oem4f (.text:ti_sysbios_gates_GateMutex_Object__delete__S)
                  0000c018    00000024     sysbios.aem4f : BIOS.obj (.text:ti_sysbios_knl_Clock_Module_startup__E)
                  0000c03c    00000004     --HOLE-- [fill = 0]
                  0000c040    00000024                   : BIOS.obj (.text:ti_sysbios_knl_Task_restoreHwi__E)
                  0000c064    00000024     ti.targets.arm.rtsarm.aem4f : System.oem4f (.text:xdc_runtime_System_vprintf__E)
                  0000c088    00000022     grlib.lib : string.obj (.text:GrFontGlyphDataGet)
                  0000c0aa    00000022     driverlib.lib : pwm.obj (.text:PWMGenConfigure)
                  0000c0cc    00000022     drivers_tivaware.aem4f : PWMTiva.oem4f (.text:PWMTiva_getPeriodCounts)
                  0000c0ee    00000002     --HOLE-- [fill = 0]
                  0000c0f0    00000022     sysbios.aem4f : BIOS.obj (.text:ti_sysbios_family_arm_lm4_Timer_write__I)
                  0000c112    00000022     empty_pem4f.oem4f (.text:xdc_runtime_SysMin_output__I)
                  0000c134    00000020     drivers_tivaware.aem4f : GPIOTiva.oem4f (.text:GPIO_clearInt)
                  0000c154    00000020     driverlib.lib : uart.obj (.text:UARTDisable)
                  0000c174    00000020     Boot.aem4f : Boot_sysctl.oem4f (.text:_SysCtlMemTimingGet)
                  0000c194    00000020     driverlib.lib : sysctl.obj (.text:_SysCtlMemTimingGet)
                  0000c1b4    00000020     motorCode.obj (.text:setSpeed)
                  0000c1d4    00000020     empty_pem4f.oem4f (.text:ti_sysbios_BIOS_rtsLock__I)
                  0000c1f4    00000020     empty_pem4f.oem4f (.text:ti_sysbios_family_arm_m3_Hwi_Object__delete__S)
                  0000c214    00000020     sysbios.aem4f : m3_Hwi_asm.obj (.text:ti_sysbios_family_arm_m3_Hwi_excHandlerAsm__I)
                  0000c234    00000004     --HOLE-- [fill = 0]
                  0000c238    00000020                   : BIOS.obj (.text:ti_sysbios_family_arm_m3_Hwi_excHandler__I)
                  0000c258    00000020     empty_pem4f.oem4f (.text:ti_sysbios_gates_GateHwi_Object__delete__S)
                  0000c278    00000020     empty_pem4f.oem4f (.text:ti_sysbios_heaps_HeapMem_Object__delete__S)
                  0000c298    00000020     empty_pem4f.oem4f (.text:ti_sysbios_knl_Clock_Object__destruct__S)
                  0000c2b8    00000020     sysbios.aem4f : BIOS.obj (.text:ti_sysbios_knl_Idle_run__E)
                  0000c2d8    00000020     empty_pem4f.oem4f (.text:ti_sysbios_knl_Semaphore_Object__destruct__S)
                  0000c2f8    00000020     ti.targets.arm.rtsarm.aem4f : Registry.oem4f (.text:xdc_runtime_Registry_findById__E)
                  0000c318    00000020                                 : SysMin.oem4f (.text:xdc_runtime_SysMin_Module_startup__E)
                  0000c338    0000001e     grlib.lib : string.obj (.text:GrFontCodepageGet)
                  0000c356    0000001e     driverlib.lib : pwm.obj (.text:PWMPulseWidthSet)
                  0000c374    0000001e     drivers_tivaware.aem4f : PWMTiva.oem4f (.text:PWMTiva_getPeriodMicroSecs)
                  0000c392    0000001e     grlib.lib : widget.obj (.text:WidgetAdd)
                  0000c3b0    0000001e     sysbios.aem4f : m3_Hwi_asm_switch.obj (.text:ti_sysbios_family_xxx_Hwi_switchAndRunFunc)
                  0000c3ce    00000002     --HOLE-- [fill = 0]
                  0000c3d0    0000001c     grlib.lib : widget.obj (.text:WidgetPointerMessage)
                  0000c3ec    0000001c     drivers_tivaware.aem4f : GPIOTiva.oem4f (.text:getGpioIntIndex)
                  0000c408    0000001c     rtsv7M4_T_le_v4SPD16_eabi.lib : memccpy.c.obj (.text:memccpy)
                  0000c424    0000001c     empty_pem4f.oem4f (.text:ti_sysbios_family_arm_m3_Hwi_Object__destruct__S)
                  0000c440    0000001c     sysbios.aem4f : BIOS.obj (.text:ti_sysbios_gates_GateMutex_Instance_init__E)
                  0000c45c    0000001c     empty_pem4f.oem4f (.text:ti_sysbios_hal_Hwi_HwiProxy_create)
                  0000c478    0000001c     empty_pem4f.oem4f (.text:ti_sysbios_knl_Queue_Object__destruct__S)
                  0000c494    00000004     --HOLE-- [fill = 0]
                  0000c498    0000001c     sysbios.aem4f : BIOS.obj (.text:ti_sysbios_knl_Queue_put__E)
                  0000c4b4    00000004     --HOLE-- [fill = 0]
                  0000c4b8    0000001c                   : BIOS.obj (.text:ti_sysbios_knl_Task_enter__I)
                  0000c4d4    0000001c     ti.targets.arm.rtsarm.aem4f : Error.oem4f (.text:xdc_runtime_Error_raiseX__E)
                  0000c4f0    0000001c                                 : Memory.oem4f (.text:xdc_runtime_Memory_valloc__E)
                  0000c50c    0000001c                                 : SysMin.oem4f (.text:xdc_runtime_SysMin_exit__E)
                  0000c528    0000001c                                 : System.oem4f (.text:xdc_runtime_System_abort__E)
                  0000c544    0000001a     rtsv7M4_T_le_v4SPD16_eabi.lib : s_copysign.c.obj (.text:copysign)
                  0000c55e    0000001a     empty_pem4f.oem4f (.text:ti_sysbios_family_arm_m3_Hwi_Handle__label__S)
                  0000c578    0000001a     empty_pem4f.oem4f (.text:ti_sysbios_gates_GateHwi_Handle__label__S)
                  0000c592    0000001a     empty_pem4f.oem4f (.text:ti_sysbios_gates_GateMutex_Handle__label__S)
                  0000c5ac    0000001a     empty_pem4f.oem4f (.text:ti_sysbios_heaps_HeapMem_Handle__label__S)
                  0000c5c6    0000001a     empty_pem4f.oem4f (.text:ti_sysbios_knl_Swi_Handle__label__S)
                  0000c5e0    0000001a     empty_pem4f.oem4f (.text:ti_sysbios_knl_Task_Handle__label__S)
                  0000c5fa    0000001a     empty_pem4f.oem4f (.text:xdc_runtime_System_aprintf__E)
                  0000c614    0000001a     empty_pem4f.oem4f (.text:xdc_runtime_System_printf__E)
                  0000c62e    00000018     driverlib.lib : gpio.obj (.text:GPIOPinTypeGPIOOutput)
                  0000c646    00000018                   : timer.obj (.text:TimerControlLevel)
                  0000c65e    00000002     --HOLE-- [fill = 0]
                  0000c660    00000018                   : timer.obj (.text:TimerDisable)
                  0000c678    00000018     drivers_tivaware.aem4f : UART.oem4f (.text:UART_Params_init)
                  0000c690    00000018     rtsv7M4_T_le_v4SPD16_eabi.lib : args_main.c.obj (.text:_args_main)
                  0000c6a8    00000018                                   : sprintf.c.obj (.text:_outs)
                  0000c6c0    00000018     empty.obj (.text:heartBeatFxn)
                  0000c6d8    00000018     motorCode.obj (.text:startMotor)
                  0000c6f0    00000018     empty_pem4f.oem4f (.text:ti_sysbios_BIOS_rtsUnlock__I)
                  0000c708    00000018     empty_pem4f.oem4f (.text:ti_sysbios_family_arm_lm4_Timer_Module__startupDone__F)
                  0000c720    00000018     empty_pem4f.oem4f (.text:ti_sysbios_family_arm_m3_Hwi_Module__startupDone__F)
                  0000c738    00000018     sysbios.aem4f : m3_TaskSupport_asm.obj (.text:ti_sysbios_family_arm_m3_TaskSupport_swap__E)
                  0000c750    00000018                   : BIOS.obj (.text:ti_sysbios_gates_GateMutex_leave__E)
                  0000c768    00000018     ti.targets.arm.rtsarm.aem4f : Error.oem4f (.text:xdc_runtime_Error_check__E)
                  0000c780    00000018                                 : System.oem4f (.text:xdc_runtime_System_exit__E)
                  0000c798    00000018                                 : Text.oem4f (.text:xdc_runtime_Text_ropeText__E)
                  0000c7b0    00000016     grlib.lib : string.obj (.text:GrStringDraw)
                  0000c7c6    00000016     driverlib.lib : i2c.obj (.text:I2CMasterErr)
                  0000c7dc    00000016     rtsv7M4_T_le_v4SPD16_eabi.lib : strchr.c.obj (.text:strchr)
                  0000c7f2    00000016     empty_pem4f.oem4f (.text:ti_sysbios_BIOS_exitFunc__I)
                  0000c808    00000016     motorCode.obj (.text:ti_sysbios_gates_GateHwi_Params_init)
                  0000c81e    00000016     motorCode.obj (.text:ti_sysbios_hal_Hwi_Params_init)
                  0000c834    00000016     empty.obj (.text:ti_sysbios_knl_Clock_Params_init)
                  0000c84a    00000016     motorCode.obj (.text:ti_sysbios_knl_Clock_Params_init)
                  0000c860    00000016     motorCode.obj (.text:ti_sysbios_knl_Semaphore_Params_init)
                  0000c876    00000014     grlib.lib : canvas.obj (.text:CanvasMsgProc)
                  0000c88a    00000002     --HOLE-- [fill = 0]
                  0000c88c    00000014     Kentec320x240x16_ssd2119_spi.obj (.text:LED_OFF)
                  0000c8a0    00000014     Kentec320x240x16_ssd2119_spi.obj (.text:LED_ON)
                  0000c8b4    00000014     grlib_demo.obj (.text:OnSettingAcceleration)
                  0000c8c8    00000014     grlib_demo.obj (.text:OnSettingCurrent)
                  0000c8dc    00000014     grlib_demo.obj (.text:OnSettingSpeed)
                  0000c8f0    00000014     driverlib.lib : pwm.obj (.text:PWMClockSet)
                  0000c904    00000014                   : sysctl.obj (.text:SysCtlPWMClockSet)
                  0000c918    00000014     touch.obj (.text:TouchScreenCallbackSet)
                  0000c92c    00000014     driverlib.lib : uart.obj (.text:UARTEnable)
                  0000c940    00000014     grlib.lib : widget.obj (.text:WidgetMutexGet)
                  0000c954    00000014     motorCode.obj (.text:getSpeed)
                  0000c968    00000014     rtsv7M4_T_le_v4SPD16_eabi.lib : strlen.c.obj (.text:strlen)
                  0000c97c    00000014     empty_pem4f.oem4f (.text:ti_sysbios_family_arm_m3_Hwi_Object__get__S)
                  0000c990    00000014     sysbios.aem4f : BIOS.obj (.text:ti_sysbios_family_arm_m3_Hwi_switchFromBootStack__E)
                  0000c9a4    00000014     empty_pem4f.oem4f (.text:ti_sysbios_heaps_HeapMem_Object__get__S)
                  0000c9b8    00000014     sysbios.aem4f : BIOS.obj (.text:ti_sysbios_knl_Event_Instance_init__E)
                  0000c9cc    00000014     empty_pem4f.oem4f (.text:ti_sysbios_knl_Swi_Object__get__S)
                  0000c9e0    00000014     motorCode.obj (.text:waitFxn)
                  0000c9f4    00000012     driverlib.lib : gpio.obj (.text:GPIOPinTypeADC)
                  0000ca06    00000012                   : gpio.obj (.text:GPIOPinTypeEthernetLED)
                  0000ca18    00000012                   : gpio.obj (.text:GPIOPinTypeGPIOInput)
                  0000ca2a    00000012                   : gpio.obj (.text:GPIOPinTypeI2C)
                  0000ca3c    00000012                   : gpio.obj (.text:GPIOPinTypeI2CSCL)
                  0000ca4e    00000012                   : gpio.obj (.text:GPIOPinTypePWM)
                  0000ca60    00000012                   : gpio.obj (.text:GPIOPinTypeSSI)
                  0000ca72    00000012                   : gpio.obj (.text:GPIOPinTypeTimer)
                  0000ca84    00000012                   : gpio.obj (.text:GPIOPinTypeUART)
                  0000ca96    00000012                   : gpio.obj (.text:GPIOPinTypeUSBAnalog)
                  0000caa8    00000012                   : gpio.obj (.text:GPIOPinTypeUSBDigital)
                  0000caba    00000012                   : pwm.obj (.text:PWMGenPeriodGet)
                  0000cacc    00000012                   : pwm.obj (.text:PWMOutputInvert)
                  0000cade    00000012                   : pwm.obj (.text:PWMOutputState)
                  0000caf0    00000012     drivers_tivaware.aem4f : RingBuf.oem4f (.text:RingBuf_construct)
                  0000cb02    00000012     driverlib.lib : ssi.obj (.text:SSIDataGetNonBlocking)
                  0000cb14    00000012                   : timer.obj (.text:TimerLoadSet)
                  0000cb26    00000012                   : timer.obj (.text:TimerMatchSet)
                  0000cb38    00000012                   : timer.obj (.text:TimerPrescaleMatchSet)
                  0000cb4a    00000012                   : timer.obj (.text:TimerPrescaleSet)
                  0000cb5c    00000004     --HOLE-- [fill = 0]
                  0000cb60    00000012     sysbios.aem4f : BIOS.obj (.text:ti_sysbios_hal_Hwi_Module_startup__E)
                  0000cb72    00000012     rtsv7M4_T_le_v4SPD16_eabi.lib : wcslen.c.obj (.text:wcslen)
                  0000cb84    00000012     empty_pem4f.oem4f (.text:xdc_runtime_Startup_exec__I)
                  0000cb96    00000002     --HOLE-- [fill = 0]
                  0000cb98    00000010     empty_pem4f.oem4f (.text:.bootCodeSection:ti_catalog_arm_cortexm4_tiva_ce_Boot_init__I)
                  0000cba8    00000010     driverlib.lib : adc.obj (.text:ADCIntEnable)
                  0000cbb8    00000010                   : pwm.obj (.text:PWMGenPeriodSet)
                  0000cbc8    00000010     drivers_tivaware.aem4f : PWM.oem4f (.text:PWM_Params_init)
                  0000cbd8    00000010                            : UARTTiva.oem4f (.text:readBlockingTimeout)
                  0000cbe8    00000010     sysbios.aem4f : BIOS.obj (.text:ti_sysbios_BIOS_getCpuFreq__E)
                  0000cbf8    00000010                   : BIOS.obj (.text:ti_sysbios_BIOS_setThreadType__E)
                  0000cc08    00000010                   : BIOS.obj (.text:ti_sysbios_BIOS_start__E)
                  0000cc18    00000010                   : m3_TaskSupport_asm.obj (.text:ti_sysbios_family_arm_m3_TaskSupport_glue)
                  0000cc28    00000010                   : BIOS.obj (.text:ti_sysbios_gates_GateMutex_Instance_finalize__E)
                  0000cc38    00000010     empty_pem4f.oem4f (.text:ti_sysbios_hal_Hwi_HwiProxy_Object__create__S)
                  0000cc48    00000010     sysbios.aem4f : BIOS.obj (.text:ti_sysbios_knl_Semaphore_Instance_finalize__E)
                  0000cc58    00000010                   : BIOS.obj (.text:ti_sysbios_knl_Swi_disable__E)
                  0000cc68    00000010     empty_pem4f.oem4f (.text:ti_sysbios_knl_Task_Object__get__S)
                  0000cc78    00000010     sysbios.aem4f : BIOS.obj (.text:ti_sysbios_knl_Task_disable__E)
                  0000cc88    00000010     ti.targets.arm.rtsarm.aem4f : Gate.oem4f (.text:xdc_runtime_Gate_leaveSystem__E)
                  0000cc98    00000010                                 : Memory.oem4f (.text:xdc_runtime_Memory_free__E)
                  0000cca8    00000010                                 : SysMin.oem4f (.text:xdc_runtime_SysMin_ready__E)
                  0000ccb8    00000010                                 : System.oem4f (.text:xdc_runtime_System_vsnprintf__E)
                  0000ccc8    00000010     empty_pem4f.oem4f (.text:xdc_runtime_Text_visitRope__I)
                  0000ccd8    0000000e     driverlib.lib : adc.obj (.text:ADCSequenceEnable)
                  0000cce6    0000000e                   : gpio.obj (.text:GPIOIntStatus)
                  0000ccf4    0000000e     grlib.lib : image.obj (.text:GrImageDraw)
                  0000cd02    0000000e     driverlib.lib : timer.obj (.text:TimerEnable)
                  0000cd10    0000000e                   : uart.obj (.text:UARTCharGetNonBlocking)
                  0000cd1e    0000000e                   : uart.obj (.text:UARTCharPutNonBlocking)
                  0000cd2c    0000000e     rtsv7M4_T_le_v4SPD16_eabi.lib : copy_decompress_none.c.obj (.text:decompress:none:__TI_decompress_none)
                  0000cd3a    00000006     grlib.lib : string.obj (.text:GrContextFontSet)
                  0000cd40    0000000e     sysbios.aem4f : BIOS.obj (.text:ti_sysbios_knl_Idle_loop__E)
                  0000cd4e    00000002     --HOLE-- [fill = 0]
                  0000cd50    0000000e                   : BIOS.obj (.text:ti_sysbios_knl_Queue_empty__E)
                  0000cd5e    0000000c     driverlib.lib : gpio.obj (.text:GPIOIntEnable)
                  0000cd6a    0000000c                   : pwm.obj (.text:PWMGenDisable)
                  0000cd76    0000000c                   : pwm.obj (.text:PWMGenEnable)
                  0000cd82    0000000c     drivers_tivaware.aem4f : RingBuf.oem4f (.text:RingBuf_peek)
                  0000cd8e    0000000c     driverlib.lib : uart.obj (.text:UARTFlowControlSet)
                  0000cd9a    0000000c     drivers_tivaware.aem4f : UARTTiva.oem4f (.text:UARTTiva_init)
                  0000cda6    00000002     --HOLE-- [fill = 0]
                  0000cda8    0000000c     rtsv7M4_T_le_v4SPD16_eabi.lib : _lock.c.obj (.text:_register_lock)
                  0000cdb4    0000000c                                   : _lock.c.obj (.text:_register_unlock)
                  0000cdc0    0000000c                                   : copy_zero_init.c.obj (.text:decompress:ZI:__TI_zero_init)
                  0000cdcc    00000004     --HOLE-- [fill = 0]
                  0000cdd0    0000000c     sysbios.aem4f : BIOS.obj (.text:ti_sysbios_family_arm_lm4_Timer_getAvailMask__E)
                  0000cddc    00000004     --HOLE-- [fill = 0]
                  0000cde0    0000000c                   : BIOS.obj (.text:ti_sysbios_family_arm_lm4_Timer_getMaxTicks__E)
                  0000cdec    0000000c     empty_pem4f.oem4f (.text:ti_sysbios_family_arm_m3_Hwi_Params__init__S)
                  0000cdf8    0000000c     sysbios.aem4f : BIOS.obj (.text:ti_sysbios_family_arm_m3_Hwi_disableFxn__E)
                  0000ce04    00000004     --HOLE-- [fill = 0]
                  0000ce08    0000000c                   : BIOS.obj (.text:ti_sysbios_family_arm_m3_TaskSupport_checkStack__E)
                  0000ce14    0000000c     empty_pem4f.oem4f (.text:ti_sysbios_gates_GateHwi_Params__init__S)
                  0000ce20    0000000c     sysbios.aem4f : BIOS.obj (.text:ti_sysbios_gates_GateHwi_enter__E)
                  0000ce2c    0000000c     empty_pem4f.oem4f (.text:ti_sysbios_hal_Hwi_Params__init__S)
                  0000ce38    0000000c     empty_pem4f.oem4f (.text:ti_sysbios_knl_Clock_Params__init__S)
                  0000ce44    00000004     --HOLE-- [fill = 0]
                  0000ce48    0000000c     sysbios.aem4f : BIOS.obj (.text:ti_sysbios_knl_Clock_getTicks__E)
                  0000ce54    0000000c     motorCode.obj (.text:ti_sysbios_knl_Event_handle)
                  0000ce60    0000000c     empty_pem4f.oem4f (.text:ti_sysbios_knl_Queue_Object__get__S)
                  0000ce6c    0000000c     empty_pem4f.oem4f (.text:ti_sysbios_knl_Semaphore_Params__init__S)
                  0000ce78    0000000c     motorCode.obj (.text:ti_sysbios_knl_Semaphore_handle)
                  0000ce84    0000000c     empty.obj (.text:updateGraphUI)
                  0000ce90    0000000c     ti.targets.arm.rtsarm.aem4f : Error.oem4f (.text:xdc_runtime_Error_init__E)
                  0000ce9c    0000000c                                 : Gate.oem4f (.text:xdc_runtime_Gate_enterSystem__E)
                  0000cea8    0000000c                                 : Memory.oem4f (.text:xdc_runtime_Memory_calloc__E)
                  0000ceb4    0000000c                                 : Memory.oem4f (.text:xdc_runtime_Memory_getMaxDefaultTypeAlign__E)
                  0000cec0    0000000a     driverlib.lib : adc.obj (.text:ADCIntClear)
                  0000ceca    0000000a                   : i2c.obj (.text:I2CMasterDisable)
                  0000ced4    0000000a                   : i2c.obj (.text:I2CMasterEnable)
                  0000cede    0000000a     drivers_tivaware.aem4f : I2CTiva.oem4f (.text:I2CTiva_init)
                  0000cee8    0000000a     Kentec320x240x16_ssd2119_spi.obj (.text:Kentec320x240x16_SSD2119Flush)
                  0000cef2    0000000a     drivers_tivaware.aem4f : PWMTimerTiva.oem4f (.text:PWMTimerTiva_getPeriodCounts)
                  0000cefc    0000000a                            : PWM.oem4f (.text:PWM_setDuty)
                  0000cf06    0000000a     driverlib.lib : ssi.obj (.text:SSIDataPut)
                  0000cf10    0000000a                   : ssi.obj (.text:SSIEnable)
                  0000cf1a    0000000a                   : uart.obj (.text:UARTCharGet)
                  0000cf24    0000000a                   : uart.obj (.text:UARTCharPut)
                  0000cf2e    0000000a                   : uart.obj (.text:UARTIntDisable)
                  0000cf38    0000000a                   : uart.obj (.text:UARTIntStatus)
                  0000cf42    0000000a     rtsv7M4_T_le_v4SPD16_eabi.lib : sprintf.c.obj (.text:_outc)
                  0000cf4c    00000004     --HOLE-- [fill = 0]
                  0000cf50    0000000a     sysbios.aem4f : BIOS.obj (.text:ti_sysbios_hal_Hwi_Instance_finalize__E)
                  0000cf5a    0000000a     empty_pem4f.oem4f (.text:xdc_runtime_IHeap_alloc)
                  0000cf64    0000000a     empty_pem4f.oem4f (.text:xdc_runtime_IHeap_free)
                  0000cf6e    00000008     EK_TM4C1294XL.obj (.text:EK_TM4C1294XL_initGPIO)
                  0000cf76    00000008     grlib.lib : charmap.obj (.text:GrMapISO8859_1_Unicode)
                  0000cf7e    00000008     driverlib.lib : i2c.obj (.text:I2CMasterIntClear)
                  0000cf86    00000008                   : i2c.obj (.text:I2CMasterSlaveAddrSet)
                  0000cf8e    00000008     drivers_tivaware.aem4f : I2CTiva.oem4f (.text:I2CTiva_blockingCallback)
                  0000cf96    00000008                            : PWMTimerTiva.oem4f (.text:PWMTimerTiva_init)
                  0000cf9e    00000008     driverlib.lib : ssi.obj (.text:SSIBusy)
                  0000cfa6    00000008                   : uart.obj (.text:UARTIntEnable)
                  0000cfae    00000008                   : uart.obj (.text:UARTRxErrorGet)
                  0000cfb6    00000002     --HOLE-- [fill = 0]
                  0000cfb8    00000008     rtsv7M4_T_le_v4SPD16_eabi.lib : errno.c.obj (.text:__aeabi_errno_addr)
                  0000cfc0    00000008     drivers_tivaware.aem4f : UARTTiva.oem4f (.text:readSemCallback)
                  0000cfc8    00000008     sysbios.aem4f : BIOS.obj (.text:ti_sysbios_family_arm_lm4_Timer_masterDisable__I)
                  0000cfd0    00000008                   : BIOS.obj (.text:ti_sysbios_family_arm_m3_Hwi_doSwiRestore__I)
                  0000cfd8    00000008                   : BIOS.obj (.text:ti_sysbios_family_arm_m3_Hwi_startup__E)
                  0000cfe0    00000008     drivers_tivaware.aem4f : UARTTiva.oem4f (.text:writeSemCallback)
                  0000cfe8    00000006     driverlib.lib : i2c.obj (.text:I2CMasterIntDisable)
                  0000cfee    00000006                   : i2c.obj (.text:I2CMasterIntEnable)
                  0000cff4    00000006     drivers_tivaware.aem4f : I2CTiva.oem4f (.text:I2CTiva_control)
                  0000cffa    00000006                            : PWMTimerTiva.oem4f (.text:PWMTimerTiva_getPeriodMicroSecs)
                  0000d000    00000006     driverlib.lib : sysctl.obj (.text:SysCtlDelay)
                  0000d006    00000006                   : uart.obj (.text:UARTFIFOLevelSet)
                  0000d00c    00000006                   : uart.obj (.text:UARTRxErrorClear)
                  0000d012    00000006     grlib.lib : widget.obj (.text:WidgetMutexPut)
                  0000d018    00000006     sysbios.aem4f : BIOS.obj (.text:ti_sysbios_family_arm_m3_Hwi_doTaskRestore__I)
                  0000d01e    00000002     --HOLE-- [fill = 0]
                  0000d020    00000006                   : BIOS.obj (.text:ti_sysbios_family_arm_m3_Hwi_restoreFxn__E)
                  0000d026    00000002     --HOLE-- [fill = 0]
                  0000d028    00000006                   : BIOS.obj (.text:ti_sysbios_gates_GateHwi_leave__E)
                  0000d02e    00000002     --HOLE-- [fill = 0]
                  0000d030    00000006                   : BIOS.obj (.text:ti_sysbios_heaps_HeapMem_isBlocking__E)
                  0000d036    00000002     --HOLE-- [fill = 0]
                  0000d038    00000006                   : BIOS.obj (.text:ti_sysbios_knl_Clock_stop__E)
                  0000d03e    00000002     --HOLE-- [fill = 0]
                  0000d040    00000006                   : BIOS.obj (.text:ti_sysbios_knl_Queue_Instance_init__E)
                  0000d046    00000002     --HOLE-- [fill = 0]
                  0000d048    00000006                   : BIOS.obj (.text:ti_sysbios_knl_Swi_startup__E)
                  0000d04e    00000006     ti.targets.arm.rtsarm.aem4f : System.oem4f (.text:xdc_runtime_System_Module_startup__E)
                  0000d054    00000004     --HOLE-- [fill = 0]
                  0000d058    00000004     sysbios.aem4f : BIOS.obj (.text:ti_sysbios_gates_GateHwi_query__E)
                  0000d05c    00000004     --HOLE-- [fill = 0]
                  0000d060    00000004                   : BIOS.obj (.text:ti_sysbios_gates_GateMutex_query__E)
                  0000d064    00000004     --HOLE-- [fill = 0]
                  0000d068    00000004                   : BIOS.obj (.text:ti_sysbios_knl_Task_startup__E)
                  0000d06c    00000004     --HOLE-- [fill = 0]
                  0000d070    00000002                   : BIOS.obj (.text:ti_sysbios_gates_GateHwi_Instance_init__E)
                  0000d072    00000006     --HOLE-- [fill = 0]
                  0000d078    00000002                   : BIOS.obj (.text:ti_sysbios_knl_Clock_logTick__E)

.const     0    0000d07c    000039ea     
                  0000d07c    00001922     empty_pem4f.oem4f (.const:xdc_runtime_Text_charTab__A)
                  0000e99e    000007e5     grlib.lib : fontcmss18.obj (.const:.string:g_pui8Cmss18Data)
                  0000f183    00000782               : fontcmss18b.obj (.const:.string:g_pui8Cmss18bData)
                  0000f905    00000001     empty_pem4f.oem4f (.const:xdc_runtime_Error_policy__C)
                  0000f906    00000002     empty_pem4f.oem4f (.const:ti_catalog_arm_cortexm4_tiva_ce_Boot_Module__id__C)
                  0000f908    000001b0     driverlib.lib : sysctl.obj (.const:g_pppui32XTALtoVCO)
                  0000fab8    00000120     Boot.aem4f : Boot_sysctl.oem4f (.const:g_pppui32XTALtoVCO)
                  0000fbd8    00000101     rtsv7M4_T_le_v4SPD16_eabi.lib : ctype.c.obj (.const:.string:_ctypes_)
                  0000fcd9    00000001     --HOLE-- [fill = 0]
                  0000fcda    00000002     empty_pem4f.oem4f (.const:ti_sysbios_family_arm_m3_Hwi_Module__id__C)
                  0000fcdc    000000c8     grlib.lib : fontcmss18.obj (.const:g_sFontCmss18)
                  0000fda4    000000c8               : fontcmss18b.obj (.const:g_sFontCmss18b)
                  0000fe6c    000000c0     empty_pem4f.oem4f (.const:xdc_runtime_Text_nodeTab__A)
                  0000ff2c    0000009e     grlib_demo.obj (.const:.string)
                  0000ffca    00000002     empty_pem4f.oem4f (.const:ti_sysbios_gates_GateMutex_Module__id__C)
                  0000ffcc    00000090     driverlib.lib : gpio.obj (.const:g_pui32GPIOBaseAddrs)
                  0001005c    00000070                   : interrupt.obj (.const)
                  000100cc    0000006c     Boot.aem4f : Boot_sysctl.oem4f (.const:g_pui32Xtals)
                  00010138    0000006c     driverlib.lib : sysctl.obj (.const:g_pui32Xtals)
                  000101a4    00000060     MotorLib.lib : motorlib.obj (.const:PWM_config)
                  00010204    00000058     empty_pem4f.oem4f (.const:.string)
                  0001025c    00000054     drivers_tivaware.aem4f : GPIOTiva.oem4f (.const:.string)
                  000102b0    00000054     MotorLib.lib : motorlib.obj (.const:motorLibPWMTivaHWAttrs)
                  00010304    0000004c     drivers_tivaware.aem4f : UARTTiva.oem4f (.const)
                  00010350    00000048                            : GPIOTiva.oem4f (.const:gpioBaseAddresses)
                  00010398    00000030     Boot.aem4f : Boot_sysctl.oem4f (.const:g_sXTALtoMEMTIM)
                  000103c8    00000030     driverlib.lib : sysctl.obj (.const:g_sXTALtoMEMTIM)
                  000103f8    00000030     empty_pem4f.oem4f (.const:ti_sysbios_family_arm_m3_Hwi_Object__PARAMS__C)
                  00010428    0000002c     empty_pem4f.oem4f (.const:ti_sysbios_hal_Hwi_Object__PARAMS__C)
                  00010454    00000028     drivers_tivaware.aem4f : UARTTiva.oem4f (.const:UARTTiva_fxnTable)
                  0001047c    00000028     Kentec320x240x16_ssd2119_spi.obj (.const:g_sKentec320x240x16_SSD2119)
                  000104a4    00000028     empty_pem4f.oem4f (.const:ti_sysbios_heaps_HeapMem_Module__FXNS__C)
                  000104cc    00000024     EK_TM4C1294XL.obj (.const:I2C_config)
                  000104f0    00000024     drivers_tivaware.aem4f : UART.oem4f (.const:UART_defaultParams)
                  00010514    00000024     empty_pem4f.oem4f (.const:ti_sysbios_gates_GateHwi_Module__FXNS__C)
                  00010538    00000024     empty_pem4f.oem4f (.const:ti_sysbios_gates_GateMutex_Module__FXNS__C)
                  0001055c    00000024     empty_pem4f.oem4f (.const:ti_sysbios_heaps_HeapMem_Object__PARAMS__C)
                  00010580    00000024     empty_pem4f.oem4f (.const:ti_sysbios_knl_Clock_Object__PARAMS__C)
                  000105a4    00000024     empty_pem4f.oem4f (.const:ti_sysbios_knl_Semaphore_Object__PARAMS__C)
                  000105c8    00000020     drivers_tivaware.aem4f : PWMTimerTiva.oem4f (.const)
                  000105e8    00000020                            : PWMTiva.oem4f (.const)
                  00010608    00000020     empty_pem4f.oem4f (.const:ti_sysbios_family_arm_m3_Hwi_Object__DESC__C)
                  00010628    00000020     empty_pem4f.oem4f (.const:ti_sysbios_gates_GateHwi_Object__DESC__C)
                  00010648    00000020     empty_pem4f.oem4f (.const:ti_sysbios_gates_GateMutex_Object__DESC__C)
                  00010668    00000020     empty_pem4f.oem4f (.const:ti_sysbios_hal_Hwi_Object__DESC__C)
                  00010688    00000020     empty_pem4f.oem4f (.const:ti_sysbios_heaps_HeapMem_Object__DESC__C)
                  000106a8    00000020     empty_pem4f.oem4f (.const:ti_sysbios_knl_Clock_Object__DESC__C)
                  000106c8    00000020     empty_pem4f.oem4f (.const:ti_sysbios_knl_Event_Object__DESC__C)
                  000106e8    00000020     empty_pem4f.oem4f (.const:ti_sysbios_knl_Queue_Object__DESC__C)
                  00010708    00000020     empty_pem4f.oem4f (.const:ti_sysbios_knl_Semaphore_Object__DESC__C)
                  00010728    00000020     empty_pem4f.oem4f (.const:xdc_runtime_Startup_sfxnTab__A)
                  00010748    0000001c     drivers_tivaware.aem4f : I2CTiva.oem4f (.const)
                  00010764    0000001c     touch.obj (.const:g_pi32TouchParameters)
                  00010780    00000018     EK_TM4C1294XL.obj (.const:UART_config)
                  00010798    00000018     EK_TM4C1294XL.obj (.const:i2cTivaHWAttrs)
                  000107b0    00000018     empty_pem4f.oem4f (.const:ti_sysbios_gates_GateHwi_Object__PARAMS__C)
                  000107c8    00000018     empty_pem4f.oem4f (.const:ti_sysbios_gates_GateMutex_Object__PARAMS__C)
                  000107e0    00000018     empty_pem4f.oem4f (.const:ti_sysbios_knl_Event_Object__PARAMS__C)
                  000107f8    00000018     empty_pem4f.oem4f (.const:ti_sysbios_knl_Queue_Object__PARAMS__C)
                  00010810    00000018     EK_TM4C1294XL.obj (.const:uartTivaHWAttrs)
                  00010828    00000014     EK_TM4C1294XL.obj (.const:GPIOTiva_config)
                  0001083c    00000014     empty_pem4f.oem4f (.const:xdc_runtime_Startup_firstFxns__A)
                  00010850    00000010     grlib.lib : context.obj (.const)
                  00010860    00000010     MotorLib.lib : motorlib.obj (.const:motorLibPWMTimerTivaHWAttrs)
                  00010870    00000010     empty_pem4f.oem4f (.const:xdc_runtime_Startup_sfxnRts__A)
                  00010880    0000000c     drivers_tivaware.aem4f : PWM.oem4f (.const)
                  0001088c    00000008     Boot.aem4f : Boot_sysctl.oem4f (.const)
                  00010894    00000008     driverlib.lib : sysctl.obj (.const)
                  0001089c    00000008     empty_pem4f.oem4f (.const:ti_sysbios_family_arm_m3_Hwi_excHookFuncs__A)
                  000108a4    00000008     empty_pem4f.oem4f (.const:ti_sysbios_knl_Idle_funcList__C)
                  000108ac    00000008     empty_pem4f.oem4f (.const:xdc_runtime_Startup_firstFxns__C)
                  000108b4    00000008     empty_pem4f.oem4f (.const:xdc_runtime_Startup_lastFxns__C)
                  000108bc    00000004     empty_pem4f.oem4f (.const:ti_catalog_arm_cortexm4_tiva_ce_Boot_A_mustNotUseEnhancedClockMode__C)
                  000108c0    00000004     empty_pem4f.oem4f (.const:ti_catalog_arm_cortexm4_tiva_ce_Boot_Module__diagsEnabled__C)
                  000108c4    00000004     empty_pem4f.oem4f (.const:ti_catalog_arm_cortexm4_tiva_ce_Boot_Module__diagsIncluded__C)
                  000108c8    00000004     empty_pem4f.oem4f (.const:ti_catalog_arm_cortexm4_tiva_ce_Boot_Module__diagsMask__C)
                  000108cc    00000004     empty_pem4f.oem4f (.const:ti_sysbios_family_arm_lm4_Timer_enableFunc__C)
                  000108d0    00000004     empty_pem4f.oem4f (.const:ti_sysbios_family_arm_lm4_Timer_numTimerDevices__C)
                  000108d4    00000004     empty_pem4f.oem4f (.const:ti_sysbios_family_arm_lm4_Timer_startupNeeded__C)
                  000108d8    00000004     empty_pem4f.oem4f (.const:ti_sysbios_family_arm_m3_Hwi_E_NMI__C)
                  000108dc    00000004     empty_pem4f.oem4f (.const:ti_sysbios_family_arm_m3_Hwi_E_alreadyDefined__C)
                  000108e0    00000004     empty_pem4f.oem4f (.const:ti_sysbios_family_arm_m3_Hwi_E_busFault__C)
                  000108e4    00000004     empty_pem4f.oem4f (.const:ti_sysbios_family_arm_m3_Hwi_E_debugMon__C)
                  000108e8    00000004     empty_pem4f.oem4f (.const:ti_sysbios_family_arm_m3_Hwi_E_hardFault__C)
                  000108ec    00000004     empty_pem4f.oem4f (.const:ti_sysbios_family_arm_m3_Hwi_E_memFault__C)
                  000108f0    00000004     empty_pem4f.oem4f (.const:ti_sysbios_family_arm_m3_Hwi_E_noIsr__C)
                  000108f4    00000004     empty_pem4f.oem4f (.const:ti_sysbios_family_arm_m3_Hwi_E_reserved__C)
                  000108f8    00000004     empty_pem4f.oem4f (.const:ti_sysbios_family_arm_m3_Hwi_E_svCall__C)
                  000108fc    00000004     empty_pem4f.oem4f (.const:ti_sysbios_family_arm_m3_Hwi_E_usageFault__C)
                  00010900    00000004     empty_pem4f.oem4f (.const:ti_sysbios_family_arm_m3_Hwi_NUM_INTERRUPTS__C)
                  00010904    00000004     empty_pem4f.oem4f (.const:ti_sysbios_family_arm_m3_Hwi_Object__count__C)
                  00010908    00000004     empty_pem4f.oem4f (.const:ti_sysbios_family_arm_m3_Hwi_ccr__C)
                  0001090c    00000004     empty_pem4f.oem4f (.const:ti_sysbios_family_arm_m3_Hwi_excHandlerFunc__C)
                  00010910    00000004     empty_pem4f.oem4f (.const:ti_sysbios_family_arm_m3_Hwi_excHookFuncs__C)
                  00010914    00000004     empty_pem4f.oem4f (.const:ti_sysbios_family_arm_m3_Hwi_nullIsrFunc__C)
                  00010918    00000004     empty_pem4f.oem4f (.const:ti_sysbios_family_arm_m3_Hwi_priGroup__C)
                  0001091c    00000004     empty_pem4f.oem4f (.const:ti_sysbios_gates_GateMutex_A_badContext__C)
                  00010920    00000004     empty_pem4f.oem4f (.const:ti_sysbios_gates_GateMutex_Instance_State_sem__O)
                  00010924    00000004     empty_pem4f.oem4f (.const:ti_sysbios_gates_GateMutex_Module__diagsEnabled__C)
                  00010928    00000004     empty_pem4f.oem4f (.const:ti_sysbios_gates_GateMutex_Module__diagsIncluded__C)
                  0001092c    00000004     empty_pem4f.oem4f (.const:ti_sysbios_gates_GateMutex_Module__diagsMask__C)
                  00010930    00000004     empty_pem4f.oem4f (.const:ti_sysbios_hal_Hwi_E_stackOverflow__C)
                  00010934    00000004     empty_pem4f.oem4f (.const:ti_sysbios_heaps_HeapMem_A_align__C)
                  00010938    00000004     empty_pem4f.oem4f (.const:ti_sysbios_heaps_HeapMem_A_heapSize__C)
                  0001093c    00000004     empty_pem4f.oem4f (.const:ti_sysbios_heaps_HeapMem_A_invalidFree__C)
                  00010940    00000004     empty_pem4f.oem4f (.const:ti_sysbios_heaps_HeapMem_A_zeroBlock__C)
                  00010944    00000004     empty_pem4f.oem4f (.const:ti_sysbios_heaps_HeapMem_E_memory__C)
                  00010948    00000004     empty_pem4f.oem4f (.const:ti_sysbios_heaps_HeapMem_Module__diagsEnabled__C)
                  0001094c    00000004     empty_pem4f.oem4f (.const:ti_sysbios_heaps_HeapMem_Module__diagsIncluded__C)
                  00010950    00000004     empty_pem4f.oem4f (.const:ti_sysbios_heaps_HeapMem_Module__diagsMask__C)
                  00010954    00000004     empty_pem4f.oem4f (.const:ti_sysbios_heaps_HeapMem_Module__gateObj__C)
                  00010958    00000004     empty_pem4f.oem4f (.const:ti_sysbios_heaps_HeapMem_Object__count__C)
                  0001095c    00000004     empty_pem4f.oem4f (.const:ti_sysbios_heaps_HeapMem_reqAlign__C)
                  00010960    00000004     empty_pem4f.oem4f (.const:ti_sysbios_knl_Clock_A_badThreadType__C)
                  00010964    00000004     empty_pem4f.oem4f (.const:ti_sysbios_knl_Clock_Module_State_clockQ__O)
                  00010968    00000004     empty_pem4f.oem4f (.const:ti_sysbios_knl_Clock_Module__diagsEnabled__C)
                  0001096c    00000004     empty_pem4f.oem4f (.const:ti_sysbios_knl_Clock_Module__diagsIncluded__C)
                  00010970    00000004     empty_pem4f.oem4f (.const:ti_sysbios_knl_Clock_Module__diagsMask__C)
                  00010974    00000004     empty_pem4f.oem4f (.const:ti_sysbios_knl_Event_Instance_State_pendQ__O)
                  00010978    00000004     empty_pem4f.oem4f (.const:ti_sysbios_knl_Idle_funcList__A)
                  0001097c    00000004     empty_pem4f.oem4f (.const:ti_sysbios_knl_Semaphore_A_badContext__C)
                  00010980    00000004     empty_pem4f.oem4f (.const:ti_sysbios_knl_Semaphore_A_noEvents__C)
                  00010984    00000004     empty_pem4f.oem4f (.const:ti_sysbios_knl_Semaphore_A_overflow__C)
                  00010988    00000004     empty_pem4f.oem4f (.const:ti_sysbios_knl_Semaphore_A_pendTaskDisabled__C)
                  0001098c    00000004     empty_pem4f.oem4f (.const:ti_sysbios_knl_Semaphore_Instance_State_pendQ__O)
                  00010990    00000004     empty_pem4f.oem4f (.const:ti_sysbios_knl_Semaphore_Module__diagsEnabled__C)
                  00010994    00000004     empty_pem4f.oem4f (.const:ti_sysbios_knl_Semaphore_Module__diagsIncluded__C)
                  00010998    00000004     empty_pem4f.oem4f (.const:ti_sysbios_knl_Semaphore_Module__diagsMask__C)
                  0001099c    00000004     empty_pem4f.oem4f (.const:ti_sysbios_knl_Swi_Object__count__C)
                  000109a0    00000004     empty_pem4f.oem4f (.const:ti_sysbios_knl_Task_E_spOutOfBounds__C)
                  000109a4    00000004     empty_pem4f.oem4f (.const:ti_sysbios_knl_Task_E_stackOverflow__C)
                  000109a8    00000004     empty_pem4f.oem4f (.const:ti_sysbios_knl_Task_Module_State_inactiveQ__O)
                  000109ac    00000004     empty_pem4f.oem4f (.const:ti_sysbios_knl_Task_Object__count__C)
                  000109b0    00000004     empty_pem4f.oem4f (.const:ti_sysbios_knl_Task_allBlockedFunc__C)
                  000109b4    00000004     empty_pem4f.oem4f (.const:ti_sysbios_knl_Task_numConstructedTasks__C)
                  000109b8    00000004     empty_pem4f.oem4f (.const:xdc_runtime_Assert_E_assertFailed__C)
                  000109bc    00000004     empty_pem4f.oem4f (.const:xdc_runtime_Core_A_initializedParams__C)
                  000109c0    00000004     empty_pem4f.oem4f (.const:xdc_runtime_Core_Module__diagsEnabled__C)
                  000109c4    00000004     empty_pem4f.oem4f (.const:xdc_runtime_Core_Module__diagsIncluded__C)
                  000109c8    00000004     empty_pem4f.oem4f (.const:xdc_runtime_Core_Module__diagsMask__C)
                  000109cc    00000004     empty_pem4f.oem4f (.const:xdc_runtime_Error_E_generic__C)
                  000109d0    00000004     empty_pem4f.oem4f (.const:xdc_runtime_Error_E_memory__C)
                  000109d4    00000004     empty_pem4f.oem4f (.const:xdc_runtime_Error_Module__diagsEnabled__C)
                  000109d8    00000004     empty_pem4f.oem4f (.const:xdc_runtime_Error_Module__diagsIncluded__C)
                  000109dc    00000004     empty_pem4f.oem4f (.const:xdc_runtime_Error_Module__diagsMask__C)
                  000109e0    00000004     empty_pem4f.oem4f (.const:xdc_runtime_Error_Module__loggerFxn8__C)
                  000109e4    00000004     empty_pem4f.oem4f (.const:xdc_runtime_Error_Module__loggerObj__C)
                  000109e8    00000004     empty_pem4f.oem4f (.const:xdc_runtime_Error_policyFxn__C)
                  000109ec    00000004     empty_pem4f.oem4f (.const:xdc_runtime_Error_raiseHook__C)
                  000109f0    00000004     empty_pem4f.oem4f (.const:xdc_runtime_IGateProvider_Interface__BASE__C)
                  000109f4    00000004     empty_pem4f.oem4f (.const:xdc_runtime_IHeap_Interface__BASE__C)
                  000109f8    00000004     empty_pem4f.oem4f (.const:xdc_runtime_IModule_Interface__BASE__C)
                  000109fc    00000004     empty_pem4f.oem4f (.const:xdc_runtime_Log_L_error__C)
                  00010a00    00000004     empty_pem4f.oem4f (.const:xdc_runtime_Memory_defaultHeapInstance__C)
                  00010a04    00000004     empty_pem4f.oem4f (.const:xdc_runtime_Startup_execImpl__C)
                  00010a08    00000004     empty_pem4f.oem4f (.const:xdc_runtime_Startup_maxPasses__C)
                  00010a0c    00000004     empty_pem4f.oem4f (.const:xdc_runtime_Startup_sfxnRts__C)
                  00010a10    00000004     empty_pem4f.oem4f (.const:xdc_runtime_Startup_sfxnTab__C)
                  00010a14    00000004     empty_pem4f.oem4f (.const:xdc_runtime_SysMin_bufSize__C)
[...]
0001096c  ti_sysbios_knl_Clock_Module__diagsIncluded__C                        
00010970  ti_sysbios_knl_Clock_Module__diagsMask__C                            
00010974  ti_sysbios_knl_Event_Instance_State_pendQ__O                         
00010978  ti_sysbios_knl_Idle_funcList__A                                      
0001097c  ti_sysbios_knl_Semaphore_A_badContext__C                             
00010980  ti_sysbios_knl_Semaphore_A_noEvents__C                               
00010984  ti_sysbios_knl_Semaphore_A_overflow__C                               
00010988  ti_sysbios_knl_Semaphore_A_pendTaskDisabled__C                       
0001098c  ti_sysbios_knl_Semaphore_Instance_State_pendQ__O                     
00010990  ti_sysbios_knl_Semaphore_Module__diagsEnabled__C                     
00010994  ti_sysbios_knl_Semaphore_Module__diagsIncluded__C                    
00010998  ti_sysbios_knl_Semaphore_Module__diagsMask__C                        
0001099c  ti_sysbios_knl_Swi_Object__count__C                                  
000109a0  ti_sysbios_knl_Task_E_spOutOfBounds__C                               
000109a4  ti_sysbios_knl_Task_E_stackOverflow__C                               
000109a8  ti_sysbios_knl_Task_Module_State_inactiveQ__O                        
000109ac  ti_sysbios_knl_Task_Object__count__C                                 
000109b0  ti_sysbios_knl_Task_allBlockedFunc__C                                
000109b4  ti_sysbios_knl_Task_numConstructedTasks__C                           
000109b8  xdc_runtime_Assert_E_assertFailed__C                                 
000109bc  xdc_runtime_Core_A_initializedParams__C                              
000109c0  xdc_runtime_Core_Module__diagsEnabled__C                             
000109c4  xdc_runtime_Core_Module__diagsIncluded__C                            
000109c8  xdc_runtime_Core_Module__diagsMask__C                                
000109cc  xdc_runtime_Error_E_generic__C                                       
000109d0  xdc_runtime_Error_E_memory__C                                        
000109d4  xdc_runtime_Error_Module__diagsEnabled__C                            
000109d8  xdc_runtime_Error_Module__diagsIncluded__C                           
000109dc  xdc_runtime_Error_Module__diagsMask__C                               
000109e0  xdc_runtime_Error_Module__loggerFxn8__C                              
000109e4  xdc_runtime_Error_Module__loggerObj__C                               
000109e8  xdc_runtime_Error_policyFxn__C                                       
000109ec  xdc_runtime_Error_raiseHook__C                                       
000109f0  xdc_runtime_IGateProvider_Interface__BASE__C                         
000109f4  xdc_runtime_IHeap_Interface__BASE__C                                 
000109f8  xdc_runtime_IModule_Interface__BASE__C                               
000109fc  xdc_runtime_Log_L_error__C                                           
00010a00  xdc_runtime_Memory_defaultHeapInstance__C                            
00010a04  xdc_runtime_Startup_execImpl__C                                      
00010a08  xdc_runtime_Startup_maxPasses__C                                     
00010a0c  xdc_runtime_Startup_sfxnRts__C                                       
00010a10  xdc_runtime_Startup_sfxnTab__C                                       
00010a14  xdc_runtime_SysMin_bufSize__C                                        
00010a18  xdc_runtime_SysMin_outputFunc__C                                     
00010a1c  xdc_runtime_System_Module__gateObj__C                                
00010a20  xdc_runtime_System_abortFxn__C                                       
00010a24  xdc_runtime_System_exitFxn__C                                        
00010a28  xdc_runtime_System_extendFxn__C                                      
00010a2c  xdc_runtime_System_maxAtexitHandlers__C                              
00010a30  xdc_runtime_Text_charTab__C                                          
00010a34  xdc_runtime_Text_nameEmpty__C                                        
00010a38  xdc_runtime_Text_nameStatic__C                                       
00010a3c  xdc_runtime_Text_nameUnknown__C                                      
00010a40  xdc_runtime_Text_nodeTab__C                                          
00010a44  xdc_runtime_Text_visitRopeFxn__C                                     
00010a48  ti_sysbios_hal_Hwi_Module__id__C                                     
00010a4a  ti_sysbios_heaps_HeapMem_Module__id__C                               
00010a4c  ti_sysbios_knl_Clock_Module__id__C                                   
00010a4e  ti_sysbios_knl_Semaphore_Module__id__C                               
00010a50  ti_sysbios_knl_Task_Module__id__C                                    
00010a52  xdc_runtime_Core_Module__id__C                                       
00010a54  xdc_runtime_Error_Module__loggerDefined__C                           
00010a56  xdc_runtime_Error_maxDepth__C                                        
00010a58  xdc_runtime_Main_Module__id__C                                       
00010a5a  xdc_runtime_Memory_Module__id__C                                     
00010a5c  xdc_runtime_SysMin_flushAtExit__C                                    
00010a5e  xdc_runtime_Text_charCnt__C                                          
00010a60  xdc_runtime_Text_isLoaded__C                                         
00010a62  xdc_runtime_Text_registryModsLastId__C                               
00010a64  xdc_runtime_Text_unnamedModsLastId__C                                
00010a68  __TI_static_base__                                                   
00010e30  __TI_Handler_Table_Base                                              
00010e3c  __TI_Handler_Table_Limit                                             
00010e50  __TI_CINIT_Base                                                      
00010e68  __TI_CINIT_Limit                                                     
20000000  __start___llvm_prf_cnts                                              
20000000  __stop___llvm_prf_cnts                                               
20000000  ti_sysbios_family_arm_m3_Hwi_ramVectors                              
20000360  ti_sysbios_knl_Task_Instance_State_0_stack__A                        
20000b60  ti_sysbios_knl_Task_Instance_State_1_stack__A                        
20001360  ti_sysbios_knl_Task_Instance_State_2_stack__A                        
20001560  ti_sysbios_heaps_HeapMem_Instance_State_0_buf__A                     
20001960  xdc_runtime_SysMin_Module_State_0_outbuf__A                          
20001d60  ti_sysbios_family_arm_m3_Hwi_dispatchTable                           
20002200  __CIOBUF_                                                            
20002320  i2cTivaObjects                                                       
20002420  uartTivaObjects                                                      
2000257c  motorLibPWMObjects                                                   
200025b4  eb                                                                   
200025e4  sContext                                                             
20002610  clockUpdateGraph                                                     
20002694  maxTime                                                              
200026b4  minTime                                                              
200026d4  uartTivaRingBuffer                                                   
200026f4  semStruct                                                            
20002710  gHwiprms                                                             
20002728  motorLibPWMTimerObjects                                              
20002740  evtStruct                                                            
20002754  valueText                                                            
20002780  graphMax                                                             
20002788  graphMin                                                             
20002790  parmbuf                                                              
20002798  SysTicks                                                             
2000279c  acceleration                                                         
200027a0  acceleration_avg                                                     
200027a4  adc0                                                                 
200027a8  data_Graph                                                           
200027ac  delta_rpm                                                            
200027b0  delta_time                                                           
200027b4  error                                                                
200027b8  evtHandle                                                            
200027bc  g_accelerationLimit                                                  
200027c0  g_currentLimit                                                       
200027c4  g_drawingGraph                                                       
200027c8  g_motorSpeed                                                         
200027cc  g_numPlotOverflow                                                    
200027d0  g_numPlotPoints                                                      
200027d4  g_pi32ParmSet                                                        
200027dc  g_sCurrentPanel                                                      
200027e0  g_ui32SysClock                                                       
200027e4  gateHwi                                                              
200027ec  graphIntMax                                                          
200027f0  graphIntMin                                                          
200027f4  hA                                                                   
200027f8  hB                                                                   
200027fc  hC                                                                   
20002800  hallA                                                                
20002804  hallB                                                                
20002808  hallC                                                                
2000280c  output                                                               
20002810  previousPoint                                                        
20002814  rpm_avg                                                              
20002818  semHandle                                                            
2000281c  uart                                                                 
20002820  y_graph_step                                                         
20002824  g_i16TouchX                                                          
20002826  g_i16TouchY                                                          
20002828  motorRunning                                                         
20002829  motorStartedUI                                                       
2000282a  print_from_clock                                                     
2000282b  success                                                              
2000282c  updateGraph                                                          
20002830  ti_sysbios_knl_Task_Object__table__V                                 
20002914  ti_sysbios_knl_Swi_Module_State_0_readyQ__A                          
20002994  motor                                                                
20002998  prevMotor                                                            
2000299c  prevSysTick                                                          
200029a0  deltaPos                                                             
200029a4  clock_time_mins                                                      
200029a8  clock_time_secs                                                      
200029ac  rpm_actual                                                           
200029b0  acceleration_sum                                                     
200029b4  rpm_prev                                                             
200029b8  integral_error                                                       
200029bc  rpm_desired                                                          
200029c0  rpm_int                                                              
200029c4  jump                                                                 
200029c8  Kp                                                                   
200029cc  Ki                                                                   
200029d0  clock_count                                                          
200029d4  rpm_sum                                                              
200029d8  min_per_sysTick                                                      
200029dc  rotation                                                             
200029e0  rpm_sum_c                                                            
200029e4  dummy                                                                
200029e8  g_sGraphAcceleration                                                 
20002a38  g_sGraphBack                                                         
20002a88  g_sGraphExit                                                         
20002ad8  g_sGraphLight                                                        
20002b28  g_sGraphOption                                                       
20002b78  g_sGraphPower                                                        
20002bc8  g_sGraphSpeed                                                        
20002c18  g_sGraphTitle                                                        
20002c68  g_sMotorOption                                                       
20002cb8  g_sSetOption                                                         
20002d08  g_sSettingAcceleration                                               
20002d58  g_sSettingBack                                                       
20002da8  g_sSettingCurrent                                                    
20002df8  g_sSettingDecrease                                                   
20002e48  g_sSettingExit                                                       
20002e98  g_sSettingIncrease                                                   
20002ee8  g_sSettingSpeed                                                      
20002f38  g_sSettingTitle                                                      
20002f88  g_sSettingValue                                                      
20002fd8  ti_sysbios_knl_Task_Module__state__V                                 
2000301c  g_sGraph                                                             
2000305c  g_sGraphPage                                                         
2000309c  g_sGraphsMainPage                                                    
200030dc  g_sMainPage                                                          
2000311c  g_sSettingPage                                                       
2000315c  g_sSettingsMainPage                                                  
2000319c  ti_sysbios_family_arm_lm4_Timer_Module_State_0_device__A             
200031dc  ti_sysbios_family_arm_lm4_Timer_Object__table__V                     
2000321c  ti_sysbios_gates_GateMutex_Object__table__V                          
20003254  ti_sysbios_family_arm_m3_Hwi_Module__state__V                        
20003288  ti_sysbios_family_arm_m3_Hwi_Object__table__V                        
200032b8  ti_sysbios_knl_Swi_Object__table__V                                  
200032e8  g_sRoot                                                              
20003316  ti_sysbios_family_arm_m3_Hwi_Module_State_0_excActive__A             
20003318  ti_sysbios_knl_Clock_Module__state__V                                
20003344  ti_sysbios_BIOS_Module__state__V                                     
20003368  gpioPinConfigs                                                       
20003388  ti_sysbios_family_arm_lm4_Timer_Module_State_0_handles__A            
200033a8  ti_sysbios_knl_Task_Module_State_0_readyQ__A                         
200033c8  ti_sysbios_knl_Swi_Module__state__V                                  
200033fc  ti_sysbios_heaps_HeapMem_Object__table__V                            
20003414  x_graph_step                                                         
20003418  x_graph_start                                                        
2000341c  y_graph_start                                                        
20003420  y_graph_max                                                          
20003424  y_graph_end                                                          
20003428  ti_sysbios_family_arm_lm4_Timer_Module__state__V                     
20003434  xdc_runtime_SysMin_Module__state__V                                  
20003440  _lock                                                                
20003444  _unlock                                                              
20003448  gpioCallbackFunctions                                                
20003450  ti_sysbios_family_arm_m3_Hwi_Module__root__V                         
20003458  ti_sysbios_gates_GateHwi_Module__root__V                             
20003460  ti_sysbios_gates_GateMutex_Module__root__V                           
20003468  ti_sysbios_hal_Hwi_Module__root__V                                   
20003470  ti_sysbios_heaps_HeapMem_Module__root__V                             
20003478  ti_sysbios_knl_Clock_Module__root__V                                 
20003480  ti_sysbios_knl_Event_Module__root__V                                 
20003488  ti_sysbios_knl_Queue_Module__root__V                                 
20003490  ti_sysbios_knl_Semaphore_Module__root__V                             
20003498  xdc_runtime_Registry_Module__state__V                                
200034a0  xdc_runtime_Startup_Module__state__V                                 
200034a8  xdc_runtime_System_Module_State_0_atexitHandlers__A                  
200034b0  xdc_runtime_System_Module__state__V                                  
200034be  xdc_runtime_Error_Module__state__V                                   
200034cc  errno                                                                
200034d0  main_func_sp                                                         
200034d4  ti_sysbios_family_arm_m3_Hwi_Module_State_0_excContext__A            
200034d8  ti_sysbios_family_arm_m3_Hwi_Module_State_0_excStack__A              
200034dc  ti_sysbios_gates_GateHwi_Object__table__V                            
200034e0  ti_sysbios_knl_Task_Module_State_0_idleTask__A                       
200034e4  g_i16TouchMin                                                        
200034e8  xdc_runtime_Memory_Module__state__V                                  
200034f0  __stack                                                              
200037f0  __STACK_END                                                          
e000e000  ti_sysbios_family_arm_m3_Hwi_nvic                                    
ffffffff  __TI_pprof_out_hndl                                                  
ffffffff  __TI_prof_data_size                                                  
ffffffff  __TI_prof_data_start                                                 
ffffffff  __binit__                                                            
ffffffff  __c_args__                                                           
ffffffff  binit                                                                
UNDEFED   SHT$$INIT_ARRAY$$Base                                                
UNDEFED   SHT$$INIT_ARRAY$$Limit                                               

[928 symbols]
