******************************************************************************
                  TI ARM Linker PC v20.2.4                     
******************************************************************************
>> Linked Sun May 30 20:43:35 2021

OUTPUT FILE NAME:   <empty_EK_TM4C1294XL_TI.out>
ENTRY POINT SYMBOL: "_c_int00"  address: 0000a25d


MEMORY CONFIGURATION

         name            origin    length      used     unused   attr    fill
----------------------  --------  ---------  --------  --------  ----  --------
  FLASH                 00000000   00100000  000111a2  000eee5e  R  X
  SRAM                  20000000   00040000  00003814  0003c7ec  RW X


SEGMENT ALLOCATION MAP

run origin  load origin   length   init length attrs members
----------  ----------- ---------- ----------- ----- -------
00000000    00000000    000111a8   000111a8    r-x
  00000000    00000000    0000003c   0000003c    r-- .resetVecs
  00000040    00000040    0000d352   0000d352    r-x .text
  0000d394    0000d394    000039fc   000039fc    r-- .const
  00010d90    00010d90    00000418   00000418    r-- .cinit
20000000    20000000    00003818   00000000    rw-
  20000000    20000000    00000360   00000000    rw- .vecs
  20000360    20000360    000024e8   00000000    rw- .bss
  20002848    20002848    00000ccc   00000000    rw- .data
  20003518    20003518    00000300   00000000    rw- .stack


SECTION ALLOCATION MAP

 output                                  attributes/
section   page    origin      length       input sections
--------  ----  ----------  ----------   ----------------
.text      0    00000040    0000d352     
                  00000040    00000a4e     rtsv7M4_T_le_v4SPD16_eabi.lib : _printfi.c.obj (.text:__TI_printfi)
                  00000a8e    00000002                                   : _lock.c.obj (.text:_nop)
                  00000a90    000006ac     MotorLib.lib : motorlib.obj (.text)
                  0000113c    00000004     driverlib.lib : i2c.obj (.text:I2CMasterControl)
                  00001140    00000430     sysbios.aem4f : BIOS.obj (.text:ti_sysbios_family_arm_m3_Hwi_excDumpRegs__I)
                  00001570    00000390     grlib_demo.obj (.text:drawGraphPoint)
                  00001900    00000374     grlib.lib : image.obj (.text:InternalImageDraw)
                  00001c74    0000034c     ti.targets.arm.rtsarm.aem4f : System.oem4f (.text:xdc_runtime_System_doPrint__I)
                  00001fc0    000002f8     grlib.lib : image.obj (.text:PixelTransparentDraw)
                  000022b8    000002d0     sysbios.aem4f : BIOS.obj (.text:ti_sysbios_knl_Semaphore_pend__E)
                  00002588    00000270     rtsv7M4_T_le_v4SPD16_eabi.lib : _printfi.c.obj (.text:_pconv_a)
                  000027f8    0000026c     sysbios.aem4f : BIOS.obj (.text:ti_sysbios_heaps_HeapMem_free__E)
                  00002a64    00000268     touch.obj (.text:TouchScreenDebouncer)
                  00002ccc    00000254     grlib.lib : string.obj (.text:GrFontGlyphRender)
                  00002f20    00000250     sysbios.aem4f : BIOS.obj (.text:ti_sysbios_heaps_HeapMem_alloc__E)
                  00003170    0000020c     drivers_tivaware.aem4f : UARTTiva.oem4f (.text:UARTTiva_open)
                  0000337c    00000204     Boot.aem4f : Boot_sysctl.oem4f (.text:ti_catalog_arm_cortexm4_tiva_ce_Boot_sysCtlClockFreqSetI__I)
                  00003580    00000200     driverlib.lib : sysctl.obj (.text:SysCtlClockFreqSet)
                  00003780    000001f4     sysbios.aem4f : BIOS.obj (.text:ti_sysbios_family_arm_m3_Hwi_excHandlerMax__I)
                  00003974    000001e4     Kentec320x240x16_ssd2119_spi.obj (.text:Kentec320x240x16_SSD2119Init)
                  00003b58    000001dc     Kentec320x240x16_ssd2119_spi.obj (.text:Kentec320x240x16_SSD2119PixelDrawMultiple)
                  00003d34    000001d4     grlib_demo.obj (.text:OnGraphsPage)
                  00003f08    000001d0     rtsv7M4_T_le_v4SPD16_eabi.lib : _printfi.c.obj (.text:_pconv_g)
                  000040d8    000001b6                                   : fd_add_t2.asm.obj (.text)
                  0000428e    00000002                                   : div0.asm.obj (.text)
                  00004290    000001a4     pinout.obj (.text:PinoutSet)
                  00004434    00000190     grlib.lib : canvas.obj (.text:CanvasPaint)
                  000045c4    0000017e               : pushbutton.obj (.text:RectangularButtonPaint)
                  00004742    00000002     empty_pem4f.oem4f (.text:ti_sysbios_BIOS_nullFunc__I)
                  00004744    00000178     touch.obj (.text:TouchScreenIntHandler)
                  000048bc    00000174     motorCode.obj (.text:initMotor)
                  00004a30    00000174     sysbios.aem4f : BIOS.obj (.text:ti_sysbios_family_arm_m3_Hwi_excBusFault__I)
                  00004ba4    00000170     drivers_tivaware.aem4f : PWMTiva.oem4f (.text:PWMTiva_open)
                  00004d14    00000004     driverlib.lib : i2c.obj (.text:I2CMasterDataGet)
                  00004d18    00000164     sysbios.aem4f : BIOS.obj (.text:ti_sysbios_family_arm_m3_Hwi_excUsageFault__I)
                  00004e7c    00000158     grlib_demo.obj (.text:initWidgets)
                  00004fd4    00000150     drivers_tivaware.aem4f : GPIOTiva.oem4f (.text:GPIO_setConfig)
                  00005124    00000148     motorCode.obj (.text:initHallABC)
                  0000526c    00000004     driverlib.lib : i2c.obj (.text:I2CMasterDataPut)
                  00005270    00000148     sysbios.aem4f : BIOS.obj (.text:ti_sysbios_family_arm_m3_Hwi_excMemFault__I)
                  000053b8    0000013c     rtsv7M4_T_le_v4SPD16_eabi.lib : _printfi.c.obj (.text:_pconv_e)
                  000054f4    00000004     driverlib.lib : uart.obj (.text:UARTIntClear)
                  000054f8    0000013c     sysbios.aem4f : BIOS.obj (.text:ti_sysbios_heaps_HeapMem_Instance_init__E)
                  00005634    00000136     rtsv7M4_T_le_v4SPD16_eabi.lib : fd_div_t2.asm.obj (.text)
                  0000576a    00000132     driverlib.lib : gpio.obj (.text:GPIOPadConfigSet)
                  0000589c    00000128     motorCode.obj (.text:motorFxn)
                  000059c4    00000124     rtsv7M4_T_le_v4SPD16_eabi.lib : _printfi.c.obj (.text:fcvt)
                  00005ae8    00000120     sysbios.aem4f : BIOS.obj (.text:ti_sysbios_family_arm_lm4_Timer_start__E)
                  00005c08    0000011c     grlib_demo.obj (.text:OnSettingsPage)
                  00005d24    00000004     grlib.lib : widget.obj (.text:WidgetDefaultMsgProc)
                  00005d28    0000011c     sysbios.aem4f : BIOS.obj (.text:ti_sysbios_knl_Clock_Instance_init__E)
                  00005e44    00000118     ti.targets.arm.rtsarm.aem4f : Error.oem4f (.text:xdc_runtime_Error_policyDefault__E)
                  00005f5c    00000114     drivers_tivaware.aem4f : PWMTimerTiva.oem4f (.text:PWMTimerTiva_open)
                  00006070    00000110     rtsv7M4_T_le_v4SPD16_eabi.lib : s_scalbn.c.obj (.text:scalbn)
                  00006180    0000010c     Kentec320x240x16_ssd2119_spi.obj (.text:Kentec320x240x16_SSD2119RectFill)
                  0000628c    0000010c     touch.obj (.text:TouchScreenInit)
                  00006398    00000106     grlib.lib : line.obj (.text:GrLineDraw)
                  0000649e    00000002     empty_pem4f.oem4f (.text:xdc_runtime_Startup_reset__I)
                  000064a0    00000104     motorCode.obj (.text:filterFxn)
                  000065a4    00000004     rtsv7M4_T_le_v4SPD16_eabi.lib : exit.c.obj (.text:abort:abort)
                  000065a8    00000104     sysbios.aem4f : BIOS.obj (.text:ti_sysbios_knl_Event_post__E)
                  000066ac    00000100     ti.targets.arm.rtsarm.aem4f : Core-mem.oem4f (.text:xdc_runtime_Core_createObject__I)
                  000067ac    000000fc     rtsv7M4_T_le_v4SPD16_eabi.lib : fd_mul_t2.asm.obj (.text)
                  000068a8    000000f8     ti.targets.arm.rtsarm.aem4f : Startup.oem4f (.text:xdc_runtime_Startup_startMods__I)
                  000069a0    000000f8     empty_pem4f.oem4f (.text:xdc_runtime_System_printfExtend__I)
                  00006a98    000000f4     sysbios.aem4f : m3_Hwi_asm.obj (.text:ti_sysbios_family_arm_m3_Hwi_dispatch__I)
                  00006b8c    000000f2     grlib.lib : pushbutton.obj (.text:RectangularButtonClick)
                  00006c7e    000000f0     drivers_tivaware.aem4f : PWMTiva.oem4f (.text:PWMTiva_setDuty)
                  00006d6e    00000002     --HOLE-- [fill = 0]
                  00006d70    000000f0     empty.obj (.text:main)
                  00006e60    000000ec     sysbios.aem4f : BIOS.obj (.text:ti_sysbios_knl_Semaphore_post__E)
                  00006f4c    000000e8     grlib.lib : widget.obj (.text:WidgetMessageQueueAdd)
                  00007034    000000e0     drivers_tivaware.aem4f : I2CTiva.oem4f (.text:I2CTiva_open)
                  00007114    000000d6                            : I2CTiva.oem4f (.text:I2CTiva_hwiFxn)
                  000071ea    00000002     --HOLE-- [fill = 0]
                  000071ec    000000d0     motorCode.obj (.text:HallFxn)
                  000072bc    000000cc     ti.targets.arm.rtsarm.aem4f : Core-smem.oem4f (.text:xdc_runtime_Core_constructObject__I)
                  00007388    000000c0     grlib.lib : string.obj (.text:GrDefaultStringRenderer)
                  00007448    000000bc     sysbios.aem4f : BIOS.obj (.text:ti_sysbios_family_arm_m3_Hwi_excDebugMon__I)
                  00007504    00000004     empty_pem4f.oem4f (.text:ti_sysbios_BIOS_RtsGateProxy_enter__E)
                  00007508    000000bc     sysbios.aem4f : BIOS.obj (.text:ti_sysbios_family_arm_m3_Hwi_excHardFault__I)
                  000075c4    000000b8     EK_TM4C1294XL.obj (.text:EK_TM4C1294XL_initGeneral)
                  0000767c    000000b8     grlib.lib : line.obj (.text:GrLineClip)
                  00007734    000000b8     Kentec320x240x16_ssd2119_spi.obj (.text:InitSPILCDInterface)
                  000077ec    000000b8     drivers_tivaware.aem4f : PWMTimerTiva.oem4f (.text:PWMTimerTiva_setDuty)
                  000078a4    000000b4     grlib_demo.obj (.text:OnDecrease)
                  00007958    000000b4     grlib.lib : widget.obj (.text:WidgetMessageSendPostOrder)
                  00007a0c    00000004     empty_pem4f.oem4f (.text:ti_sysbios_BIOS_RtsGateProxy_leave__E)
                  00007a10    000000b4     sysbios.aem4f : BIOS.obj (.text:ti_sysbios_gates_GateMutex_enter__E)
                  00007ac4    00000004                   : BIOS.obj (.text:ti_sysbios_family_arm_lm4_Timer_masterEnable__I)
                  00007ac8    000000b4                   : BIOS.obj (.text:ti_sysbios_knl_Task_checkStacks__E)
                  00007b7c    000000b1     rtsv7M4_T_le_v4SPD16_eabi.lib : _printfi.c.obj (.text:_ltostr)
                  00007c2d    00000003     --HOLE-- [fill = 0]
                  00007c30    000000b0     grlib_demo.obj (.text:OnIncrease)
                  00007ce0    000000ac     drivers_tivaware.aem4f : UARTTiva.oem4f (.text:readTaskBlocking)
                  00007d8c    00000004     empty_pem4f.oem4f (.text:ti_sysbios_family_arm_m3_Hwi_destruct)
                  00007d90    000000ac     sysbios.aem4f : BIOS.obj (.text:ti_sysbios_family_arm_lm4_Timer_enableTiva__I)
                  00007e3c    00000004     empty_pem4f.oem4f (.text:ti_sysbios_family_arm_m3_TaskSupport_Module__startupDone__S)
                  00007e40    000000a8     sysbios.aem4f : BIOS.obj (.text:ti_sysbios_family_arm_lm4_Timer_enableTimers__I)
                  00007ee8    000000a4                   : BIOS.obj (.text:ti_sysbios_knl_Clock_Instance_finalize__E)
                  00007f8c    000000a0     auto_init.aem4f : auto_init.oem4f (.text)
                  0000802c    000000a0     ti.targets.arm.rtsarm.aem4f : Text.oem4f (.text:xdc_runtime_Text_putMod__E)
                  000080cc    0000009c     grlib_demo.obj (.text:OnStartMotor)
                  00008168    0000009c     motorCode.obj (.text:PIControlFxn)
                  00008204    0000009c     rtsv7M4_T_le_v4SPD16_eabi.lib : memcpy_t2.asm.obj (.text)
                  000082a0    0000009c     sysbios.aem4f : BIOS.obj (.text:ti_sysbios_knl_Semaphore_Instance_init__E)
                  0000833c    0000009a     ti.targets.arm.rtsarm.aem4f : Text.oem4f (.text:xdc_runtime_Text_putSite__E)
                  000083d6    00000098     drivers_tivaware.aem4f : UARTTiva.oem4f (.text:UARTTiva_readPolling)
                  0000846e    00000002     --HOLE-- [fill = 0]
                  00008470    00000098     Boot.aem4f : Boot.oem4f (.text:ti_catalog_arm_cortexm4_tiva_ce_Boot_sysCtlClockFreqSet__E)
                  00008508    00000096     rtsv7M4_T_le_v4SPD16_eabi.lib : ull_div_t2.asm.obj (.text)
                  0000859e    00000094     drivers_tivaware.aem4f : UARTTiva.oem4f (.text:UARTTiva_write)
                  00008632    00000006     driverlib.lib : gpio.obj (.text:GPIOIntClear)
                  00008638    00000094     sysbios.aem4f : BIOS.obj (.text:ti_sysbios_family_arm_m3_Hwi_Instance_init__E)
                  000086cc    00000004     empty_pem4f.oem4f (.text:ti_sysbios_hal_Hwi_HwiProxy_delete)
                  000086d0    00000094     sysbios.aem4f : BIOS.obj (.text:ti_sysbios_family_arm_m3_Hwi_initNVIC__E)
                  00008764    00000004     empty_pem4f.oem4f (.text:ti_sysbios_heaps_HeapMem_Module_GateProxy_enter__E)
                  00008768    00000094     sysbios.aem4f : BIOS.obj (.text:ti_sysbios_knl_Task_postInit__I)
                  000087fc    00000090     motorCode.obj (.text:accelLimitFxn)
                  0000888c    0000008c     drivers_tivaware.aem4f : GPIOTiva.oem4f (.text:GPIO_init)
                  00008918    0000008c                            : UARTTiva.oem4f (.text:UARTTiva_control)
                  000089a4    0000008c     sysbios.aem4f : m3_TaskSupport_asm.obj (.text:ti_sysbios_family_arm_m3_TaskSupport_buildTaskStack)
                  00008a30    0000008a     drivers_tivaware.aem4f : UARTTiva.oem4f (.text:readIsrTextBlocking)
                  00008aba    00000002     --HOLE-- [fill = 0]
                  00008abc    00000088                            : PWMTiva.oem4f (.text:PWMTiva_control)
                  00008b44    00000088     grlib_demo.obj (.text:initUI)
                  00008bcc    00000086     grlib.lib : rectangle.obj (.text:GrRectFill)
                  00008c52    00000086     rtsv7M4_T_le_v4SPD16_eabi.lib : fd_cmp_t2.asm.obj (.text:__aeabi_cdcmple)
                  00008cd8    00000086                                   : fd_cmp_t2.asm.obj (.text:__aeabi_cdrcmple)
                  00008d5e    00000002     --HOLE-- [fill = 0]
                  00008d60    00000084     sysbios.aem4f : BIOS.obj (.text:ti_sysbios_family_arm_m3_Hwi_postInit__I)
                  00008de4    00000082     drivers_tivaware.aem4f : UARTTiva.oem4f (.text:readIsrTextCallback)
                  00008e66    0000007e                            : I2CTiva.oem4f (.text:I2CTiva_transfer)
                  00008ee4    0000007c     motorCode.obj (.text:ADCTriggerFxn)
                  00008f60    0000007a     driverlib.lib : adc.obj (.text:ADCSequenceStepConfigure)
                  00008fda    0000007a     drivers_tivaware.aem4f : UARTTiva.oem4f (.text:readTaskCallback)
                  00009054    0000007a     rtsv7M4_T_le_v4SPD16_eabi.lib : memset_t2.asm.obj (.text)
                  000090ce    00000002     --HOLE-- [fill = 0]
                  000090d0    00000074     sysbios.aem4f : BIOS.obj (.text:ti_sysbios_knl_Clock_start__E)
                  00009144    00000004     empty_pem4f.oem4f (.text:ti_sysbios_heaps_HeapMem_Module_GateProxy_leave__E)
                  00009148    00000070     sysbios.aem4f : BIOS.obj (.text:ti_sysbios_knl_Clock_workFunc__E)
                  000091b8    00000070                   : BIOS.obj (.text:ti_sysbios_knl_Task_exit__E)
                  00009228    0000006e     rtsv7M4_T_le_v4SPD16_eabi.lib : _printfi.c.obj (.text:_mcpy)
                  00009296    00000002     --HOLE-- [fill = 0]
                  00009298    0000006d     ti.targets.arm.rtsarm.aem4f : System.oem4f (.text:xdc_runtime_System_formatNum__I)
                  00009305    00000003     --HOLE-- [fill = 0]
                  00009308    0000006c     drivers_tivaware.aem4f : PWMTimerTiva.oem4f (.text:PWMTimerTiva_control)
                  00009374    0000006c     empty_pem4f.oem4f (.text:ti_sysbios_family_arm_m3_Hwi_Object__create__S)
                  000093e0    0000006c     sysbios.aem4f : BIOS.obj (.text:ti_sysbios_knl_Swi_restoreHwi__E)
                  0000944c    0000006c     drivers_tivaware.aem4f : UARTTiva.oem4f (.text:writeData)
                  000094b8    0000006c     ti.targets.arm.rtsarm.aem4f : Error.oem4f (.text:xdc_runtime_Error_print__E)
                  00009524    0000006c                                 : Memory.oem4f (.text:xdc_runtime_Memory_alloc__E)
                  00009590    0000006a     drivers_tivaware.aem4f : PWMTiva.oem4f (.text:PWMTiva_close)
                  000095fa    00000002     --HOLE-- [fill = 0]
                  000095fc    00000068     EK_TM4C1294XL.obj (.text:EK_TM4C1294XL_initI2C)
                  00009664    00000068     grlib.lib : context.obj (.text:GrContextInit)
                  000096cc    00000068               : string.obj (.text:GrStringWidthGet)
                  00009734    00000068     driverlib.lib : interrupt.obj (.text:IntEnable)
                  0000979c    00000068     Kentec320x240x16_ssd2119_spi.obj (.text:Kentec320x240x16_SSD2119LineDrawH)
                  00009804    00000068     Kentec320x240x16_ssd2119_spi.obj (.text:Kentec320x240x16_SSD2119LineDrawV)
                  0000986c    00000068     rtsv7M4_T_le_v4SPD16_eabi.lib : copy_decompress_lzss.c.obj (.text:decompress:lzss:__TI_decompress_lzss)
                  000098d4    00000066     grlib.lib : context.obj (.text:GrContextClipRegionSet)
                  0000993a    00000066               : rectangle.obj (.text:GrRectDraw)
                  000099a0    00000066     ti.targets.arm.rtsarm.aem4f : Core-mem.oem4f (.text:xdc_runtime_Core_deleteObject__I)
                  00009a06    00000002     --HOLE-- [fill = 0]
                  00009a08    00000064     drivers_tivaware.aem4f : GPIOTiva.oem4f (.text:GPIO_hwiIntFxn)
                  00009a6c    00000064     grlib_demo.obj (.text:OnGraphsMain)
                  00009ad0    00000064     grlib.lib : widget.obj (.text:WidgetMessageQueueProcess)
                  00009b34    00000064     rtsv7M4_T_le_v4SPD16_eabi.lib : s_frexp.c.obj (.text:frexp)
                  00009b98    00000064     sysbios.aem4f : BIOS.obj (.text:ti_sysbios_family_arm_lm4_Timer_Module_startup__E)
                  00009bfc    00000064     empty_pem4f.oem4f (.text:ti_sysbios_family_arm_m3_Hwi_create)
                  00009c60    00000064     sysbios.aem4f : BIOS.obj (.text:ti_sysbios_family_arm_m3_Hwi_dispatchC__I)
                  00009cc4    00000064     empty_pem4f.oem4f (.text:ti_sysbios_hal_Hwi_create)
                  00009d28    00000062     drivers_tivaware.aem4f : I2CTiva.oem4f (.text:I2CTiva_primeTransfer)
                  00009d8a    00000002     --HOLE-- [fill = 0]
                  00009d8c    00000060     driverlib.lib : timer.obj (.text:TimerConfigure)
                  00009dec    00000060     Kentec320x240x16_ssd2119_spi.obj (.text:WriteDataSPI)
                  00009e4c    00000060     motorCode.obj (.text:statesFxn)
                  00009eac    00000004     empty_pem4f.oem4f (.text:ti_sysbios_knl_Clock_TimerProxy_getMaxTicks__E)
                  00009eb0    00000060     sysbios.aem4f : BIOS.obj (.text:ti_sysbios_knl_Task_schedule__I)
                  00009f10    0000005e     grlib.lib : widget.obj (.text:WidgetMessageSendPreOrder)
                  00009f6e    0000005e     drivers_tivaware.aem4f : UARTTiva.oem4f (.text:readIsrBinaryBlocking)
                  00009fcc    0000005c     Kentec320x240x16_ssd2119_spi.obj (.text:WriteCommandSPI)
                  0000a028    0000005c     sysbios.aem4f : BIOS.obj (.text:ti_sysbios_knl_Swi_run__I)
                  0000a084    00000004     empty_pem4f.oem4f (.text:ti_sysbios_knl_Clock_destruct)
                  0000a088    0000005c     sysbios.aem4f : BIOS.obj (.text:ti_sysbios_knl_Swi_schedule__I)
                  0000a0e4    00000004     empty_pem4f.oem4f (.text:ti_sysbios_knl_Queue_destruct)
                  0000a0e8    0000005c     sysbios.aem4f : BIOS.obj (.text:ti_sysbios_knl_Task_Module_startup__E)
                  0000a144    00000004     empty_pem4f.oem4f (.text:ti_sysbios_knl_Semaphore_destruct)
                  0000a148    0000005c     sysbios.aem4f : BIOS.obj (.text:ti_sysbios_knl_Task_startCore__E)
                  0000a1a4    0000005b     ti.targets.arm.rtsarm.aem4f : Text.oem4f (.text:xdc_runtime_Text_putLab__E)
                  0000a1ff    00000001     --HOLE-- [fill = 0]
                  0000a200    0000005a     grlib.lib : string.obj (.text:FontWideGlyphDataGet)
                  0000a25a    00000002     --HOLE-- [fill = 0]
                  0000a25c    00000058     boot.aem4f : boot.oem4f (.text)
                  0000a2b4    00000058     rtsv7M4_T_le_v4SPD16_eabi.lib : hostwrite.c.obj (.text:HOSTwrite)
                  0000a30c    00000058     driverlib.lib : timer.obj (.text:TimerControlTrigger)
                  0000a364    00000058     empty_pem4f.oem4f (.text:ti_sysbios_family_arm_m3_Hwi_construct)
                  0000a3bc    00000058     sysbios.aem4f : m3_Hwi_asm_switch.obj (.text:ti_sysbios_family_arm_m3_Hwi_initStacks__E)
                  0000a414    00000056     driverlib.lib : gpio.obj (.text:GPIOIntTypeSet)
                  0000a46a    00000056     rtsv7M4_T_le_v4SPD16_eabi.lib : _printfi.c.obj (.text:_pconv_f)
                  0000a4c0    00000054                                   : _ltoa.c.obj (.text:__TI_ltoa)
                  0000a514    00000054     drivers_tivaware.aem4f : UARTTiva.oem4f (.text:readIsrBinaryCallback)
                  0000a568    00000054     ti.targets.arm.rtsarm.aem4f : Assert.oem4f (.text:xdc_runtime_Assert_raise__I)
                  0000a5bc    00000052     rtsv7M4_T_le_v4SPD16_eabi.lib : _printfi.c.obj (.text:_ecpy)
                  0000a60e    00000002     --HOLE-- [fill = 0]
                  0000a610    00000050     motorCode.obj (.text:ADC0_Init)
                  0000a660    00000050     driverlib.lib : adc.obj (.text:ADCSequenceConfigure)
                  0000a6b0    00000050     drivers_tivaware.aem4f : GPIOTiva.oem4f (.text:GPIO_setCallback)
                  0000a700    00000050                            : GPIOTiva.oem4f (.text:GPIO_write)
                  0000a750    00000050                            : UARTTiva.oem4f (.text:UARTTiva_writeCancel)
                  0000a7a0    00000050     Boot.aem4f : Boot_sysctl.oem4f (.text:_SysCtlFrequencyGet)
                  0000a7f0    00000050     sysbios.aem4f : BIOS.obj (.text:ti_sysbios_family_arm_m3_Hwi_Module_startup__E)
                  0000a840    00000050     ti.targets.arm.rtsarm.aem4f : Startup.oem4f (.text:xdc_runtime_Startup_exec__E)
                  0000a890    00000050                                 : Text.oem4f (.text:xdc_runtime_Text_visitRope2__I)
                  0000a8e0    0000004c     driverlib.lib : i2c.obj (.text:I2CMasterInitExpClk)
                  0000a92c    0000004c     drivers_tivaware.aem4f : UARTTiva.oem4f (.text:UARTTiva_close)
                  0000a978    0000004c     grlib.lib : widget.obj (.text:WidgetRemove)
                  0000a9c4    0000004c     rtsv7M4_T_le_v4SPD16_eabi.lib : atoi.c.obj (.text:atoi)
                  0000aa10    0000004c                                   : cpy_tbl.c.obj (.text:copy_in)
                  0000aa5c    0000004c     grlib_demo.obj (.text:drawSettingValue)
                  0000aaa8    0000004c     motorCode.obj (.text:initUART)
                  0000aaf4    00000004     ti.targets.arm.rtsarm.aem4f : Error.oem4f (.text:xdc_runtime_Error_getSite__E)
                  0000aaf8    0000004c     sysbios.aem4f : BIOS.obj (.text:ti_sysbios_family_arm_lm4_Timer_setAvailMask__E)
                  0000ab44    00000004     empty_pem4f.oem4f (.text:xdc_runtime_System_Module_GateProxy_enter__E)
                  0000ab48    0000004c     sysbios.aem4f : BIOS.obj (.text:ti_sysbios_heaps_HeapMem_getStats__E)
                  0000ab94    00000004     empty_pem4f.oem4f (.text:xdc_runtime_System_Module_GateProxy_leave__E)
                  0000ab98    0000004c     sysbios.aem4f : BIOS.obj (.text:ti_sysbios_knl_Swi_runLoop__I)
                  0000abe4    00000004     ti.targets.arm.rtsarm.aem4f : System.oem4f (.text:xdc_runtime_System_aprintf_va__F)
                  0000abe8    0000004c     sysbios.aem4f : BIOS.obj (.text:ti_sysbios_knl_Task_allBlockedFunction__I)
                  0000ac34    0000004a     drivers_tivaware.aem4f : PWMTimerTiva.oem4f (.text:PWMTimerTiva_close)
                  0000ac7e    0000004a     grlib.lib : string.obj (.text:UpdateContextCharMapping)
                  0000acc8    00000048     driverlib.lib : gpio.obj (.text:GPIOPinConfigure)
                  0000ad10    00000048                   : sysctl.obj (.text:_SysCtlFrequencyGet)
                  0000ad58    00000048     rtsv7M4_T_le_v4SPD16_eabi.lib : fd_toi_t2.asm.obj (.text)
                  0000ada0    00000048     sysbios.aem4f : BIOS.obj (.text:ti_sysbios_family_arm_m3_Hwi_disableInterrupt__E)
                  0000ade8    00000048                   : BIOS.obj (.text:ti_sysbios_family_arm_m3_Hwi_enableInterrupt__E)
                  0000ae30    00000048                   : BIOS.obj (.text:ti_sysbios_family_arm_m3_Hwi_excReserved__I)
                  0000ae78    00000046     grlib.lib : line.obj (.text:GrLineDrawH)
                  0000aebe    00000046               : line.obj (.text:GrLineDrawV)
                  0000af04    00000046     Kentec320x240x16_ssd2119_spi.obj (.text:Kentec320x240x16_SSD2119PixelDraw)
                  0000af4a    00000046     drivers_tivaware.aem4f : RingBuf.oem4f (.text:RingBuf_put)
                  0000af90    00000046     driverlib.lib : uart.obj (.text:UARTConfigSetExpClk)
                  0000afd6    00000046     ti.targets.arm.rtsarm.aem4f : Core-params.oem4f (.text:xdc_runtime_Core_assignParams__I)
                  0000b01c    00000004                                 : System.oem4f (.text:xdc_runtime_System_printf_va__F)
                  0000b020    00000044     sysbios.aem4f : BIOS.obj (.text:ti_sysbios_family_arm_lm4_Timer_isrStub__E)
                  0000b064    00000004     --HOLE-- [fill = 0]
                  0000b068    00000044                   : BIOS.obj (.text:ti_sysbios_family_arm_m3_Hwi_getStackInfo__E)
                  0000b0ac    00000004     --HOLE-- [fill = 0]
                  0000b0b0    00000044                   : BIOS.obj (.text:ti_sysbios_knl_Swi_post__E)
                  0000b0f4    00000044     ti.targets.arm.rtsarm.aem4f : Error.oem4f (.text:xdc_runtime_Error_setX__E)
                  0000b138    00000044                                 : SysMin.oem4f (.text:xdc_runtime_SysMin_flush__E)
                  0000b17c    00000044                                 : Text.oem4f (.text:xdc_runtime_Text_xprintf__I)
                  0000b1c0    00000042     drivers_tivaware.aem4f : UARTTiva.oem4f (.text:UARTTiva_hwiIntFxn)
                  0000b202    00000042                            : UARTTiva.oem4f (.text:UARTTiva_writePolling)
                  0000b244    00000040     grlib_demo.obj (.text:OnMainMenu)
                  0000b284    00000040     grlib_demo.obj (.text:OnSettingsMain)
                  0000b2c4    00000040     drivers_tivaware.aem4f : RingBuf.oem4f (.text:RingBuf_get)
                  0000b304    00000040                            : UARTTiva.oem4f (.text:UARTTiva_read)
                  0000b344    00000040     rtsv7M4_T_le_v4SPD16_eabi.lib : u_divt2.asm.obj (.text)
                  0000b384    00000040                                   : sprintf.c.obj (.text:sprintf)
                  0000b3c4    00000004     --HOLE-- [fill = 0]
                  0000b3c8    00000040     sysbios.aem4f : BIOS.obj (.text:ti_sysbios_family_arm_lm4_Timer_startup__E)
                  0000b408    0000003e     rtsv7M4_T_le_v4SPD16_eabi.lib : _printfi.c.obj (.text:_fcpy)
                  0000b446    0000003c     driverlib.lib : ssi.obj (.text:SSIConfigSetExpClk)
                  0000b482    00000006                   : gpio.obj (.text:GPIOPinRead)
                  0000b488    0000003c     sysbios.aem4f : BIOS.obj (.text:ti_sysbios_family_arm_m3_Hwi_excSvCall__I)
                  0000b4c4    00000004     --HOLE-- [fill = 0]
                  0000b4c8    0000003c                   : BIOS.obj (.text:ti_sysbios_heaps_HeapMem_init__I)
                  0000b504    00000004     --HOLE-- [fill = 0]
                  0000b508    0000003c                   : BIOS.obj (.text:ti_sysbios_knl_Swi_restore__E)
                  0000b544    0000003a     grlib.lib : string.obj (.text:FontGlyphDataGet)
                  0000b57e    0000003a     drivers_tivaware.aem4f : I2CTiva.oem4f (.text:I2CTiva_completeTransfer)
                  0000b5b8    00000038                            : I2C.oem4f (.text:I2C_init)
                  0000b5f0    00000038                            : PWM.oem4f (.text:PWM_init)
                  0000b628    00000038     driverlib.lib : sysctl.obj (.text:SysCtlPeripheralReady)
                  0000b660    00000038     drivers_tivaware.aem4f : UART.oem4f (.text:UART_init)
                  0000b698    00000038     rtsv7M4_T_le_v4SPD16_eabi.lib : trgmsg.c.obj (.text:__TI_writemsg)
                  0000b6d0    00000038                                   : fs_tod_t2.asm.obj (.text)
                  0000b708    00000038     motorCode.obj (.text:startMotor)
                  0000b740    00000038     sysbios.aem4f : BIOS.obj (.text:ti_sysbios_family_arm_m3_Hwi_excNoIsr__I)
                  0000b778    00000038     empty_pem4f.oem4f (.text:ti_sysbios_knl_Clock_create)
                  0000b7b0    00000038     sysbios.aem4f : BIOS.obj (.text:ti_sysbios_knl_Task_processVitalTaskFlag__I)
                  0000b7e8    00000038     ti.targets.arm.rtsarm.aem4f : SysMin.oem4f (.text:xdc_runtime_SysMin_putch__E)
                  0000b820    00000038                                 : System.oem4f (.text:xdc_runtime_System_atexit__E)
                  0000b858    00000036     grlib.lib : line.obj (.text:GrClipCodeGet)
                  0000b88e    00000036     drivers_tivaware.aem4f : I2CTiva.oem4f (.text:I2CTiva_close)
                  0000b8c4    00000036                            : UARTTiva.oem4f (.text:UARTTiva_readCancel)
                  0000b8fa    00000002     --HOLE-- [fill = 0]
                  0000b8fc    00000034     driverlib.lib : sysctl.obj (.text:SysCtlPeripheralEnable)
                  0000b930    00000034     rtsv7M4_T_le_v4SPD16_eabi.lib : trgmsg.c.obj (.text:__TI_readmsg)
                  0000b964    00000004     --HOLE-- [fill = 0]
                  0000b968    00000034     sysbios.aem4f : BIOS.obj (.text:ti_sysbios_family_arm_m3_Hwi_Instance_finalize__E)
                  0000b99c    00000004     --HOLE-- [fill = 0]
                  0000b9a0    00000034                   : BIOS.obj (.text:ti_sysbios_family_arm_m3_Hwi_excNmi__I)
                  0000b9d4    00000004     --HOLE-- [fill = 0]
                  0000b9d8    00000034                   : BIOS.obj (.text:ti_sysbios_hal_Hwi_checkStack)
                  0000ba0c    00000034     empty_pem4f.oem4f (.text:ti_sysbios_knl_Clock_construct)
                  0000ba40    00000034     ti.targets.arm.rtsarm.aem4f : Core-label.oem4f (.text:xdc_runtime_Core_assignLabel__I)
                  0000ba74    00000033                                 : Text.oem4f (.text:xdc_runtime_Text_printVisFxn__I)
                  0000baa7    00000001     --HOLE-- [fill = 0]
                  0000baa8    00000032     sysbios.aem4f : BIOS.obj (.text:ti_sysbios_hal_Hwi_initStack)
                  0000bada    00000002     --HOLE-- [fill = 0]
                  0000badc    00000030     drivers_tivaware.aem4f : GPIOTiva.oem4f (.text:GPIO_enableInt)
                  0000bb0c    00000030                            : GPIOTiva.oem4f (.text:GPIO_read)
                  0000bb3c    00000030     grlib_demo.obj (.text:OnGraphAcceleration)
                  0000bb6c    00000030     drivers_tivaware.aem4f : PWMTiva.oem4f (.text:PWMTiva_init)
                  0000bb9c    00000030                            : PWM.oem4f (.text:PWM_open)
                  0000bbcc    00000030                            : UART.oem4f (.text:UART_open)
                  0000bbfc    00000030     motorCode.obj (.text:readABC)
                  0000bc2c    00000030     empty_pem4f.oem4f (.text:ti_sysbios_BIOS_atExitFunc__I)
                  0000bc5c    00000004     --HOLE-- [fill = 0]
                  0000bc60    00000030     sysbios.aem4f : BIOS.obj (.text:ti_sysbios_family_arm_lm4_Timer_stop__E)
                  0000bc90    00000030                   : BIOS.obj (.text:ti_sysbios_family_arm_m3_TaskSupport_start__E)
                  0000bcc0    00000030     empty_pem4f.oem4f (.text:ti_sysbios_gates_GateHwi_Object__create__S)
                  0000bcf0    00000030     empty_pem4f.oem4f (.text:ti_sysbios_gates_GateHwi_create)
                  0000bd20    00000030     empty_pem4f.oem4f (.text:ti_sysbios_gates_GateMutex_Object__create__S)
                  0000bd50    00000030     empty_pem4f.oem4f (.text:ti_sysbios_heaps_HeapMem_Object__create__S)
                  0000bd80    00000030     empty_pem4f.oem4f (.text:ti_sysbios_knl_Semaphore_construct)
                  0000bdb0    00000030     sysbios.aem4f : BIOS.obj (.text:ti_sysbios_knl_Semaphore_pendTimeout__I)
                  0000bde0    00000030                   : BIOS.obj (.text:ti_sysbios_knl_Task_unblockI__E)
                  0000be10    00000030     ti.targets.arm.rtsarm.aem4f : SysMin.oem4f (.text:xdc_runtime_SysMin_abort__E)
                  0000be40    00000030                                 : System.oem4f (.text:xdc_runtime_System_processAtExit__E)
                  0000be70    0000002e     grlib.lib : string.obj (.text:GrStringNextCharGet)
                  0000be9e    0000002e     rtsv7M4_T_le_v4SPD16_eabi.lib : i_tofd_t2.asm.obj (.text)
                  0000becc    0000002c     EK_TM4C1294XL.obj (.text:EK_TM4C1294XL_initUART)
                  0000bef8    0000002c     grlib.lib : string.obj (.text:GrFontBaselineGet)
                  0000bf24    0000002c               : string.obj (.text:GrFontHeightGet)
                  0000bf50    0000002c               : pushbutton.obj (.text:RectangularButtonMsgProc)
                  0000bf7c    0000002c               : widget.obj (.text:WidgetIsInTree)
                  0000bfa8    0000002c     empty_pem4f.oem4f (.text:ti_sysbios_knl_Clock_doTick__I)
                  0000bfd4    0000002c     empty_pem4f.oem4f (.text:ti_sysbios_knl_Event_construct)
                  0000c000    0000002c     empty_pem4f.oem4f (.text:ti_sysbios_knl_Queue_construct)
                  0000c02c    00000004     --HOLE-- [fill = 0]
                  0000c030    0000002c     sysbios.aem4f : BIOS.obj (.text:ti_sysbios_knl_Task_restore__E)
                  0000c05c    0000002c     ti.targets.arm.rtsarm.aem4f : Text.oem4f (.text:xdc_runtime_Text_cordText__E)
                  0000c088    0000002a     driverlib.lib : gpio.obj (.text:GPIODirModeSet)
                  0000c0b2    0000002a     ti.targets.arm.rtsarm.aem4f : System.oem4f (.text:xdc_runtime_System_putchar__I)
                  0000c0dc    00000028     Kentec320x240x16_ssd2119_spi.obj (.text:Kentec320x240x16_SSD2119ColorTranslate)
                  0000c104    00000028     grlib_demo.obj (.text:OnGraphSpeed)
                  0000c12c    00000004     --HOLE-- [fill = 0]
                  0000c130    00000028     sysbios.aem4f : BIOS.obj (.text:ti_sysbios_hal_Hwi_Instance_init__E)
                  0000c158    00000028                   : BIOS.obj (.text:ti_sysbios_knl_Swi_Module_startup__E)
                  0000c180    00000026     grlib.lib : string.obj (.text:GrFontInfoGet)
                  0000c1a6    00000026     sysbios.aem4f : m3_Hwi_asm.obj (.text:ti_sysbios_family_arm_m3_Hwi_pendSV__I)
                  0000c1cc    00000026     ti.targets.arm.rtsarm.aem4f : System.oem4f (.text:xdc_runtime_System_avprintf__E)
                  0000c1f2    00000002     --HOLE-- [fill = 0]
                  0000c1f4    00000024     grlib_demo.obj (.text:OnGraphLight)
                  0000c218    00000024     grlib_demo.obj (.text:OnGraphPower)
                  0000c23c    00000024     empty_pem4f.oem4f (.text:ti_sysbios_BIOS_errorRaiseHook__I)
                  0000c260    00000024     empty_pem4f.oem4f (.text:ti_sysbios_BIOS_registerRTSLock__I)
                  0000c284    00000024     empty_pem4f.oem4f (.text:ti_sysbios_BIOS_removeRTSLock__I)
                  0000c2a8    00000024     empty_pem4f.oem4f (.text:ti_sysbios_BIOS_startFunc__I)
                  0000c2cc    00000024     empty_pem4f.oem4f (.text:ti_sysbios_gates_GateMutex_Object__delete__S)
                  0000c2f0    00000024     sysbios.aem4f : BIOS.obj (.text:ti_sysbios_knl_Clock_Module_startup__E)
                  0000c314    00000004     --HOLE-- [fill = 0]
                  0000c318    00000024                   : BIOS.obj (.text:ti_sysbios_knl_Task_restoreHwi__E)
                  0000c33c    00000024     ti.targets.arm.rtsarm.aem4f : System.oem4f (.text:xdc_runtime_System_vprintf__E)
                  0000c360    00000022     grlib.lib : string.obj (.text:GrFontGlyphDataGet)
                  0000c382    00000022     driverlib.lib : pwm.obj (.text:PWMGenConfigure)
                  0000c3a4    00000022     drivers_tivaware.aem4f : PWMTiva.oem4f (.text:PWMTiva_getPeriodCounts)
                  0000c3c6    00000002     --HOLE-- [fill = 0]
                  0000c3c8    00000022     sysbios.aem4f : BIOS.obj (.text:ti_sysbios_family_arm_lm4_Timer_write__I)
                  0000c3ea    00000022     empty_pem4f.oem4f (.text:xdc_runtime_SysMin_output__I)
                  0000c40c    00000020     motorCode.obj (.text:ADCFxn)
                  0000c42c    00000020     drivers_tivaware.aem4f : GPIOTiva.oem4f (.text:GPIO_clearInt)
                  0000c44c    00000020     driverlib.lib : uart.obj (.text:UARTDisable)
                  0000c46c    00000020     Boot.aem4f : Boot_sysctl.oem4f (.text:_SysCtlMemTimingGet)
                  0000c48c    00000020     driverlib.lib : sysctl.obj (.text:_SysCtlMemTimingGet)
                  0000c4ac    00000020     motorCode.obj (.text:setSpeed)
                  0000c4cc    00000020     empty_pem4f.oem4f (.text:ti_sysbios_BIOS_rtsLock__I)
                  0000c4ec    00000020     empty_pem4f.oem4f (.text:ti_sysbios_family_arm_m3_Hwi_Object__delete__S)
                  0000c50c    00000020     sysbios.aem4f : m3_Hwi_asm.obj (.text:ti_sysbios_family_arm_m3_Hwi_excHandlerAsm__I)
                  0000c52c    00000004     --HOLE-- [fill = 0]
                  0000c530    00000020                   : BIOS.obj (.text:ti_sysbios_family_arm_m3_Hwi_excHandler__I)
                  0000c550    00000020     empty_pem4f.oem4f (.text:ti_sysbios_gates_GateHwi_Object__delete__S)
                  0000c570    00000020     empty_pem4f.oem4f (.text:ti_sysbios_heaps_HeapMem_Object__delete__S)
                  0000c590    00000020     empty_pem4f.oem4f (.text:ti_sysbios_knl_Clock_Object__destruct__S)
                  0000c5b0    00000020     sysbios.aem4f : BIOS.obj (.text:ti_sysbios_knl_Idle_run__E)
                  0000c5d0    00000020     empty_pem4f.oem4f (.text:ti_sysbios_knl_Semaphore_Object__destruct__S)
                  0000c5f0    00000020     ti.targets.arm.rtsarm.aem4f : Registry.oem4f (.text:xdc_runtime_Registry_findById__E)
                  0000c610    00000020                                 : SysMin.oem4f (.text:xdc_runtime_SysMin_Module_startup__E)
                  0000c630    0000001e     driverlib.lib : adc.obj (.text:ADCSequenceDataGet)
                  0000c64e    0000001e     grlib.lib : string.obj (.text:GrFontCodepageGet)
                  0000c66c    0000001e     driverlib.lib : pwm.obj (.text:PWMPulseWidthSet)
                  0000c68a    0000001e     drivers_tivaware.aem4f : PWMTiva.oem4f (.text:PWMTiva_getPeriodMicroSecs)
                  0000c6a8    0000001e     grlib.lib : widget.obj (.text:WidgetAdd)
                  0000c6c6    0000001e     sysbios.aem4f : m3_Hwi_asm_switch.obj (.text:ti_sysbios_family_xxx_Hwi_switchAndRunFunc)
                  0000c6e4    0000001c     grlib.lib : widget.obj (.text:WidgetPointerMessage)
                  0000c700    0000001c     drivers_tivaware.aem4f : GPIOTiva.oem4f (.text:getGpioIntIndex)
                  0000c71c    0000001c     rtsv7M4_T_le_v4SPD16_eabi.lib : memccpy.c.obj (.text:memccpy)
                  0000c738    0000001c     empty_pem4f.oem4f (.text:ti_sysbios_family_arm_m3_Hwi_Object__destruct__S)
                  0000c754    00000004     --HOLE-- [fill = 0]
                  0000c758    0000001c     sysbios.aem4f : BIOS.obj (.text:ti_sysbios_gates_GateMutex_Instance_init__E)
                  0000c774    0000001c     empty_pem4f.oem4f (.text:ti_sysbios_hal_Hwi_HwiProxy_create)
                  0000c790    0000001c     empty_pem4f.oem4f (.text:ti_sysbios_knl_Queue_Object__destruct__S)
                  0000c7ac    00000004     --HOLE-- [fill = 0]
                  0000c7b0    0000001c     sysbios.aem4f : BIOS.obj (.text:ti_sysbios_knl_Queue_put__E)
                  0000c7cc    00000004     --HOLE-- [fill = 0]
                  0000c7d0    0000001c                   : BIOS.obj (.text:ti_sysbios_knl_Task_enter__I)
                  0000c7ec    0000001c     ti.targets.arm.rtsarm.aem4f : Error.oem4f (.text:xdc_runtime_Error_raiseX__E)
                  0000c808    0000001c                                 : Memory.oem4f (.text:xdc_runtime_Memory_valloc__E)
                  0000c824    0000001c                                 : SysMin.oem4f (.text:xdc_runtime_SysMin_exit__E)
                  0000c840    0000001c                                 : System.oem4f (.text:xdc_runtime_System_abort__E)
                  0000c85c    0000001a     rtsv7M4_T_le_v4SPD16_eabi.lib : s_copysign.c.obj (.text:copysign)
                  0000c876    0000001a     empty_pem4f.oem4f (.text:ti_sysbios_family_arm_m3_Hwi_Handle__label__S)
                  0000c890    0000001a     empty_pem4f.oem4f (.text:ti_sysbios_gates_GateHwi_Handle__label__S)
                  0000c8aa    0000001a     empty_pem4f.oem4f (.text:ti_sysbios_gates_GateMutex_Handle__label__S)
                  0000c8c4    0000001a     empty_pem4f.oem4f (.text:ti_sysbios_heaps_HeapMem_Handle__label__S)
                  0000c8de    0000001a     empty_pem4f.oem4f (.text:ti_sysbios_knl_Swi_Handle__label__S)
                  0000c8f8    0000001a     empty_pem4f.oem4f (.text:ti_sysbios_knl_Task_Handle__label__S)
                  0000c912    0000001a     empty_pem4f.oem4f (.text:xdc_runtime_System_aprintf__E)
                  0000c92c    0000001a     empty_pem4f.oem4f (.text:xdc_runtime_System_printf__E)
                  0000c946    00000018     driverlib.lib : adc.obj (.text:ADCProcessorTrigger)
                  0000c95e    00000018                   : gpio.obj (.text:GPIOPinTypeGPIOOutput)
                  0000c976    00000018                   : timer.obj (.text:TimerControlLevel)
                  0000c98e    00000002     --HOLE-- [fill = 0]
                  0000c990    00000018                   : timer.obj (.text:TimerDisable)
                  0000c9a8    00000018     drivers_tivaware.aem4f : UART.oem4f (.text:UART_Params_init)
                  0000c9c0    00000018     rtsv7M4_T_le_v4SPD16_eabi.lib : args_main.c.obj (.text:_args_main)
                  0000c9d8    00000018                                   : sprintf.c.obj (.text:_outs)
                  0000c9f0    00000018     empty.obj (.text:heartBeatFxn)
                  0000ca08    00000018     empty_pem4f.oem4f (.text:ti_sysbios_BIOS_rtsUnlock__I)
                  0000ca20    00000018     empty_pem4f.oem4f (.text:ti_sysbios_family_arm_lm4_Timer_Module__startupDone__F)
                  0000ca38    00000018     empty_pem4f.oem4f (.text:ti_sysbios_family_arm_m3_Hwi_Module__startupDone__F)
                  0000ca50    00000018     sysbios.aem4f : m3_TaskSupport_asm.obj (.text:ti_sysbios_family_arm_m3_TaskSupport_swap__E)
                  0000ca68    00000018                   : BIOS.obj (.text:ti_sysbios_gates_GateMutex_leave__E)
                  0000ca80    00000018     ti.targets.arm.rtsarm.aem4f : Error.oem4f (.text:xdc_runtime_Error_check__E)
                  0000ca98    00000018                                 : System.oem4f (.text:xdc_runtime_System_exit__E)
                  0000cab0    00000018                                 : Text.oem4f (.text:xdc_runtime_Text_ropeText__E)
                  0000cac8    00000016     grlib.lib : string.obj (.text:GrStringDraw)
                  0000cade    00000016     driverlib.lib : i2c.obj (.text:I2CMasterErr)
                  0000caf4    00000016     rtsv7M4_T_le_v4SPD16_eabi.lib : strchr.c.obj (.text:strchr)
                  0000cb0a    00000016     empty_pem4f.oem4f (.text:ti_sysbios_BIOS_exitFunc__I)
                  0000cb20    00000016     motorCode.obj (.text:ti_sysbios_gates_GateHwi_Params_init)
                  0000cb36    00000016     motorCode.obj (.text:ti_sysbios_hal_Hwi_Params_init)
                  0000cb4c    00000016     empty.obj (.text:ti_sysbios_knl_Clock_Params_init)
                  0000cb62    00000016     motorCode.obj (.text:ti_sysbios_knl_Clock_Params_init)
                  0000cb78    00000016     motorCode.obj (.text:ti_sysbios_knl_Semaphore_Params_init)
                  0000cb8e    00000014     grlib.lib : canvas.obj (.text:CanvasMsgProc)
                  0000cba2    00000002     --HOLE-- [fill = 0]
                  0000cba4    00000014     Kentec320x240x16_ssd2119_spi.obj (.text:LED_OFF)
                  0000cbb8    00000014     Kentec320x240x16_ssd2119_spi.obj (.text:LED_ON)
                  0000cbcc    00000014     grlib_demo.obj (.text:OnSettingAcceleration)
                  0000cbe0    00000014     grlib_demo.obj (.text:OnSettingCurrent)
                  0000cbf4    00000014     grlib_demo.obj (.text:OnSettingSpeed)
                  0000cc08    00000014     driverlib.lib : pwm.obj (.text:PWMClockSet)
                  0000cc1c    00000014                   : sysctl.obj (.text:SysCtlPWMClockSet)
                  0000cc30    00000014     touch.obj (.text:TouchScreenCallbackSet)
                  0000cc44    00000014     driverlib.lib : uart.obj (.text:UARTEnable)
                  0000cc58    00000014     grlib.lib : widget.obj (.text:WidgetMutexGet)
                  0000cc6c    00000014     motorCode.obj (.text:getSpeed)
                  0000cc80    00000014     rtsv7M4_T_le_v4SPD16_eabi.lib : strlen.c.obj (.text:strlen)
                  0000cc94    00000014     empty_pem4f.oem4f (.text:ti_sysbios_family_arm_m3_Hwi_Object__get__S)
                  0000cca8    00000014     sysbios.aem4f : BIOS.obj (.text:ti_sysbios_family_arm_m3_Hwi_switchFromBootStack__E)
                  0000ccbc    00000014     empty_pem4f.oem4f (.text:ti_sysbios_heaps_HeapMem_Object__get__S)
                  0000ccd0    00000014     sysbios.aem4f : BIOS.obj (.text:ti_sysbios_knl_Event_Instance_init__E)
                  0000cce4    00000014     empty_pem4f.oem4f (.text:ti_sysbios_knl_Swi_Object__get__S)
                  0000ccf8    00000012     driverlib.lib : gpio.obj (.text:GPIOPinTypeADC)
                  0000cd0a    00000012                   : gpio.obj (.text:GPIOPinTypeEthernetLED)
                  0000cd1c    00000012                   : gpio.obj (.text:GPIOPinTypeGPIOInput)
                  0000cd2e    00000012                   : gpio.obj (.text:GPIOPinTypeI2C)
                  0000cd40    00000012                   : gpio.obj (.text:GPIOPinTypeI2CSCL)
                  0000cd52    00000012                   : gpio.obj (.text:GPIOPinTypePWM)
                  0000cd64    00000012                   : gpio.obj (.text:GPIOPinTypeSSI)
                  0000cd76    00000012                   : gpio.obj (.text:GPIOPinTypeTimer)
                  0000cd88    00000012                   : gpio.obj (.text:GPIOPinTypeUART)
                  0000cd9a    00000012                   : gpio.obj (.text:GPIOPinTypeUSBAnalog)
                  0000cdac    00000012                   : gpio.obj (.text:GPIOPinTypeUSBDigital)
                  0000cdbe    00000012                   : pwm.obj (.text:PWMGenPeriodGet)
                  0000cdd0    00000012                   : pwm.obj (.text:PWMOutputInvert)
                  0000cde2    00000012                   : pwm.obj (.text:PWMOutputState)
                  0000cdf4    00000012     drivers_tivaware.aem4f : RingBuf.oem4f (.text:RingBuf_construct)
                  0000ce06    00000012     driverlib.lib : ssi.obj (.text:SSIDataGetNonBlocking)
                  0000ce18    00000012                   : timer.obj (.text:TimerLoadSet)
                  0000ce2a    00000012                   : timer.obj (.text:TimerMatchSet)
                  0000ce3c    00000012                   : timer.obj (.text:TimerPrescaleMatchSet)
                  0000ce4e    00000012                   : timer.obj (.text:TimerPrescaleSet)
                  0000ce60    00000012     sysbios.aem4f : BIOS.obj (.text:ti_sysbios_hal_Hwi_Module_startup__E)
                  0000ce72    00000012     rtsv7M4_T_le_v4SPD16_eabi.lib : wcslen.c.obj (.text:wcslen)
                  0000ce84    00000012     empty_pem4f.oem4f (.text:xdc_runtime_Startup_exec__I)
                  0000ce96    00000002     --HOLE-- [fill = 0]
                  0000ce98    00000010     empty_pem4f.oem4f (.text:.bootCodeSection:ti_catalog_arm_cortexm4_tiva_ce_Boot_init__I)
                  0000cea8    00000010     driverlib.lib : adc.obj (.text:ADCIntEnable)
                  0000ceb8    00000010                   : pwm.obj (.text:PWMGenPeriodSet)
                  0000cec8    00000010     drivers_tivaware.aem4f : PWM.oem4f (.text:PWM_Params_init)
                  0000ced8    00000010                            : UARTTiva.oem4f (.text:readBlockingTimeout)
                  0000cee8    00000010     sysbios.aem4f : BIOS.obj (.text:ti_sysbios_BIOS_getCpuFreq__E)
                  0000cef8    00000010                   : BIOS.obj (.text:ti_sysbios_BIOS_setThreadType__E)
                  0000cf08    00000010                   : BIOS.obj (.text:ti_sysbios_BIOS_start__E)
                  0000cf18    00000010                   : m3_TaskSupport_asm.obj (.text:ti_sysbios_family_arm_m3_TaskSupport_glue)
                  0000cf28    00000010                   : BIOS.obj (.text:ti_sysbios_gates_GateMutex_Instance_finalize__E)
                  0000cf38    00000010     empty_pem4f.oem4f (.text:ti_sysbios_hal_Hwi_HwiProxy_Object__create__S)
                  0000cf48    00000010     sysbios.aem4f : BIOS.obj (.text:ti_sysbios_knl_Semaphore_Instance_finalize__E)
                  0000cf58    00000010                   : BIOS.obj (.text:ti_sysbios_knl_Swi_disable__E)
                  0000cf68    00000010     empty_pem4f.oem4f (.text:ti_sysbios_knl_Task_Object__get__S)
                  0000cf78    00000010     sysbios.aem4f : BIOS.obj (.text:ti_sysbios_knl_Task_disable__E)
                  0000cf88    00000010     ti.targets.arm.rtsarm.aem4f : Gate.oem4f (.text:xdc_runtime_Gate_leaveSystem__E)
                  0000cf98    00000010                                 : Memory.oem4f (.text:xdc_runtime_Memory_free__E)
                  0000cfa8    00000010                                 : SysMin.oem4f (.text:xdc_runtime_SysMin_ready__E)
                  0000cfb8    00000010                                 : System.oem4f (.text:xdc_runtime_System_vsnprintf__E)
                  0000cfc8    00000010     empty_pem4f.oem4f (.text:xdc_runtime_Text_visitRope__I)
                  0000cfd8    0000000e     driverlib.lib : adc.obj (.text:ADCSequenceEnable)
                  0000cfe6    0000000e                   : gpio.obj (.text:GPIOIntStatus)
                  0000cff4    0000000e     grlib.lib : image.obj (.text:GrImageDraw)
                  0000d002    0000000e     driverlib.lib : timer.obj (.text:TimerEnable)
                  0000d010    0000000e                   : uart.obj (.text:UARTCharGetNonBlocking)
                  0000d01e    0000000e                   : uart.obj (.text:UARTCharPutNonBlocking)
                  0000d02c    0000000e     rtsv7M4_T_le_v4SPD16_eabi.lib : copy_decompress_none.c.obj (.text:decompress:none:__TI_decompress_none)
                  0000d03a    00000006     driverlib.lib : gpio.obj (.text:GPIOPinWrite)
                  0000d040    0000000e     sysbios.aem4f : BIOS.obj (.text:ti_sysbios_knl_Idle_loop__E)
                  0000d04e    00000002     --HOLE-- [fill = 0]
                  0000d050    0000000e                   : BIOS.obj (.text:ti_sysbios_knl_Queue_empty__E)
                  0000d05e    0000000c     driverlib.lib : gpio.obj (.text:GPIOIntEnable)
                  0000d06a    0000000c                   : pwm.obj (.text:PWMGenDisable)
                  0000d076    0000000c                   : pwm.obj (.text:PWMGenEnable)
                  0000d082    0000000c     drivers_tivaware.aem4f : RingBuf.oem4f (.text:RingBuf_peek)
                  0000d08e    0000000c     driverlib.lib : uart.obj (.text:UARTFlowControlSet)
                  0000d09a    0000000c     drivers_tivaware.aem4f : UARTTiva.oem4f (.text:UARTTiva_init)
                  0000d0a6    00000002     --HOLE-- [fill = 0]
                  0000d0a8    0000000c     rtsv7M4_T_le_v4SPD16_eabi.lib : _lock.c.obj (.text:_register_lock)
                  0000d0b4    0000000c                                   : _lock.c.obj (.text:_register_unlock)
                  0000d0c0    0000000c                                   : copy_zero_init.c.obj (.text:decompress:ZI:__TI_zero_init)
                  0000d0cc    0000000c     motorCode.obj (.text:getState)
                  0000d0d8    0000000c     sysbios.aem4f : BIOS.obj (.text:ti_sysbios_family_arm_lm4_Timer_getAvailMask__E)
                  0000d0e4    00000004     --HOLE-- [fill = 0]
                  0000d0e8    0000000c                   : BIOS.obj (.text:ti_sysbios_family_arm_lm4_Timer_getMaxTicks__E)
                  0000d0f4    0000000c     empty_pem4f.oem4f (.text:ti_sysbios_family_arm_m3_Hwi_Params__init__S)
                  0000d100    0000000c     sysbios.aem4f : BIOS.obj (.text:ti_sysbios_family_arm_m3_Hwi_disableFxn__E)
                  0000d10c    00000004     --HOLE-- [fill = 0]
                  0000d110    0000000c                   : BIOS.obj (.text:ti_sysbios_family_arm_m3_TaskSupport_checkStack__E)
                  0000d11c    0000000c     empty_pem4f.oem4f (.text:ti_sysbios_gates_GateHwi_Params__init__S)
                  0000d128    0000000c     sysbios.aem4f : BIOS.obj (.text:ti_sysbios_gates_GateHwi_enter__E)
                  0000d134    0000000c     empty_pem4f.oem4f (.text:ti_sysbios_hal_Hwi_Params__init__S)
                  0000d140    0000000c     empty_pem4f.oem4f (.text:ti_sysbios_knl_Clock_Params__init__S)
                  0000d14c    00000004     --HOLE-- [fill = 0]
                  0000d150    0000000c     sysbios.aem4f : BIOS.obj (.text:ti_sysbios_knl_Clock_getTicks__E)
                  0000d15c    0000000c     motorCode.obj (.text:ti_sysbios_knl_Event_handle)
                  0000d168    0000000c     empty_pem4f.oem4f (.text:ti_sysbios_knl_Queue_Object__get__S)
                  0000d174    0000000c     empty_pem4f.oem4f (.text:ti_sysbios_knl_Semaphore_Params__init__S)
                  0000d180    0000000c     motorCode.obj (.text:ti_sysbios_knl_Semaphore_handle)
                  0000d18c    0000000c     empty.obj (.text:updateGraphUI)
                  0000d198    0000000c     ti.targets.arm.rtsarm.aem4f : Error.oem4f (.text:xdc_runtime_Error_init__E)
                  0000d1a4    0000000c                                 : Gate.oem4f (.text:xdc_runtime_Gate_enterSystem__E)
                  0000d1b0    0000000c                                 : Memory.oem4f (.text:xdc_runtime_Memory_calloc__E)
                  0000d1bc    0000000c                                 : Memory.oem4f (.text:xdc_runtime_Memory_getMaxDefaultTypeAlign__E)
                  0000d1c8    0000000a     driverlib.lib : adc.obj (.text:ADCIntClear)
                  0000d1d2    0000000a                   : i2c.obj (.text:I2CMasterDisable)
                  0000d1dc    0000000a                   : i2c.obj (.text:I2CMasterEnable)
                  0000d1e6    0000000a     drivers_tivaware.aem4f : I2CTiva.oem4f (.text:I2CTiva_init)
                  0000d1f0    0000000a     Kentec320x240x16_ssd2119_spi.obj (.text:Kentec320x240x16_SSD2119Flush)
                  0000d1fa    0000000a     drivers_tivaware.aem4f : PWMTimerTiva.oem4f (.text:PWMTimerTiva_getPeriodCounts)
                  0000d204    0000000a                            : PWM.oem4f (.text:PWM_setDuty)
                  0000d20e    0000000a     driverlib.lib : ssi.obj (.text:SSIDataPut)
                  0000d218    0000000a                   : ssi.obj (.text:SSIEnable)
                  0000d222    0000000a                   : uart.obj (.text:UARTCharGet)
                  0000d22c    0000000a                   : uart.obj (.text:UARTCharPut)
                  0000d236    0000000a                   : uart.obj (.text:UARTIntDisable)
                  0000d240    0000000a                   : uart.obj (.text:UARTIntStatus)
                  0000d24a    0000000a     drivers_tivaware.aem4f : UART.oem4f (.text:UART_write)
                  0000d254    0000000a     rtsv7M4_T_le_v4SPD16_eabi.lib : sprintf.c.obj (.text:_outc)
                  0000d25e    00000002     --HOLE-- [fill = 0]
                  0000d260    0000000a     sysbios.aem4f : BIOS.obj (.text:ti_sysbios_hal_Hwi_Instance_finalize__E)
                  0000d26a    0000000a     empty_pem4f.oem4f (.text:xdc_runtime_IHeap_alloc)
                  0000d274    0000000a     empty_pem4f.oem4f (.text:xdc_runtime_IHeap_free)
                  0000d27e    00000008     EK_TM4C1294XL.obj (.text:EK_TM4C1294XL_initGPIO)
                  0000d286    00000008     grlib.lib : charmap.obj (.text:GrMapISO8859_1_Unicode)
                  0000d28e    00000008     driverlib.lib : i2c.obj (.text:I2CMasterIntClear)
                  0000d296    00000008                   : i2c.obj (.text:I2CMasterSlaveAddrSet)
                  0000d29e    00000008     drivers_tivaware.aem4f : I2CTiva.oem4f (.text:I2CTiva_blockingCallback)
                  0000d2a6    00000008                            : PWMTimerTiva.oem4f (.text:PWMTimerTiva_init)
                  0000d2ae    00000008     driverlib.lib : ssi.obj (.text:SSIBusy)
                  0000d2b6    00000008                   : uart.obj (.text:UARTIntEnable)
                  0000d2be    00000008                   : uart.obj (.text:UARTRxErrorGet)
                  0000d2c6    00000002     --HOLE-- [fill = 0]
                  0000d2c8    00000008     rtsv7M4_T_le_v4SPD16_eabi.lib : errno.c.obj (.text:__aeabi_errno_addr)
                  0000d2d0    00000008     drivers_tivaware.aem4f : UARTTiva.oem4f (.text:readSemCallback)
                  0000d2d8    00000008     sysbios.aem4f : BIOS.obj (.text:ti_sysbios_family_arm_lm4_Timer_masterDisable__I)
                  0000d2e0    00000008                   : BIOS.obj (.text:ti_sysbios_family_arm_m3_Hwi_doSwiRestore__I)
                  0000d2e8    00000008                   : BIOS.obj (.text:ti_sysbios_family_arm_m3_Hwi_startup__E)
                  0000d2f0    00000008     drivers_tivaware.aem4f : UARTTiva.oem4f (.text:writeSemCallback)
                  0000d2f8    00000006     grlib.lib : string.obj (.text:GrContextFontSet)
                  0000d2fe    00000006     driverlib.lib : i2c.obj (.text:I2CMasterIntDisable)
                  0000d304    00000006                   : i2c.obj (.text:I2CMasterIntEnable)
                  0000d30a    00000006     drivers_tivaware.aem4f : I2CTiva.oem4f (.text:I2CTiva_control)
                  0000d310    00000006                            : PWMTimerTiva.oem4f (.text:PWMTimerTiva_getPeriodMicroSecs)
                  0000d316    00000006     driverlib.lib : sysctl.obj (.text:SysCtlDelay)
                  0000d31c    00000006                   : uart.obj (.text:UARTFIFOLevelSet)
                  0000d322    00000006                   : uart.obj (.text:UARTRxErrorClear)
                  0000d328    00000006     grlib.lib : widget.obj (.text:WidgetMutexPut)
                  0000d32e    00000002     --HOLE-- [fill = 0]
                  0000d330    00000006     sysbios.aem4f : BIOS.obj (.text:ti_sysbios_family_arm_m3_Hwi_doTaskRestore__I)
                  0000d336    00000002     --HOLE-- [fill = 0]
                  0000d338    00000006                   : BIOS.obj (.text:ti_sysbios_family_arm_m3_Hwi_restoreFxn__E)
                  0000d33e    00000002     --HOLE-- [fill = 0]
                  0000d340    00000006                   : BIOS.obj (.text:ti_sysbios_gates_GateHwi_leave__E)
                  0000d346    00000002     --HOLE-- [fill = 0]
                  0000d348    00000006                   : BIOS.obj (.text:ti_sysbios_heaps_HeapMem_isBlocking__E)
                  0000d34e    00000002     --HOLE-- [fill = 0]
                  0000d350    00000006                   : BIOS.obj (.text:ti_sysbios_knl_Clock_stop__E)
                  0000d356    00000002     --HOLE-- [fill = 0]
                  0000d358    00000006                   : BIOS.obj (.text:ti_sysbios_knl_Queue_Instance_init__E)
                  0000d35e    00000002     --HOLE-- [fill = 0]
                  0000d360    00000006                   : BIOS.obj (.text:ti_sysbios_knl_Swi_startup__E)
                  0000d366    00000006     ti.targets.arm.rtsarm.aem4f : System.oem4f (.text:xdc_runtime_System_Module_startup__E)
                  0000d36c    00000004     --HOLE-- [fill = 0]
                  0000d370    00000004     sysbios.aem4f : BIOS.obj (.text:ti_sysbios_gates_GateHwi_query__E)
                  0000d374    00000004     --HOLE-- [fill = 0]
                  0000d378    00000004                   : BIOS.obj (.text:ti_sysbios_gates_GateMutex_query__E)
                  0000d37c    00000004     --HOLE-- [fill = 0]
                  0000d380    00000004                   : BIOS.obj (.text:ti_sysbios_knl_Task_startup__E)
                  0000d384    00000004     --HOLE-- [fill = 0]
                  0000d388    00000002                   : BIOS.obj (.text:ti_sysbios_gates_GateHwi_Instance_init__E)
                  0000d38a    00000006     --HOLE-- [fill = 0]
                  0000d390    00000002                   : BIOS.obj (.text:ti_sysbios_knl_Clock_logTick__E)

.const     0    0000d394    000039fc     
                  0000d394    00001922     empty_pem4f.oem4f (.const:xdc_runtime_Text_charTab__A)
                  0000ecb6    000007e5     grlib.lib : fontcmss18.obj (.const:.string:g_pui8Cmss18Data)
                  0000f49b    00000782               : fontcmss18b.obj (.const:.string:g_pui8Cmss18bData)
                  0000fc1d    00000001     empty_pem4f.oem4f (.const:xdc_runtime_Error_policy__C)
                  0000fc1e    00000002     empty_pem4f.oem4f (.const:ti_catalog_arm_cortexm4_tiva_ce_Boot_Module__id__C)
                  0000fc20    000001b0     driverlib.lib : sysctl.obj (.const:g_pppui32XTALtoVCO)
                  0000fdd0    00000120     Boot.aem4f : Boot_sysctl.oem4f (.const:g_pppui32XTALtoVCO)
                  0000fef0    00000101     rtsv7M4_T_le_v4SPD16_eabi.lib : ctype.c.obj (.const:.string:_ctypes_)
                  0000fff1    00000001     --HOLE-- [fill = 0]
                  0000fff2    00000002     empty_pem4f.oem4f (.const:ti_sysbios_family_arm_m3_Hwi_Module__id__C)
                  0000fff4    000000c8     grlib.lib : fontcmss18.obj (.const:g_sFontCmss18)
                  000100bc    000000c8               : fontcmss18b.obj (.const:g_sFontCmss18b)
                  00010184    000000c0     empty_pem4f.oem4f (.const:xdc_runtime_Text_nodeTab__A)
                  00010244    0000009e     grlib_demo.obj (.const:.string)
                  000102e2    00000002     empty_pem4f.oem4f (.const:ti_sysbios_gates_GateMutex_Module__id__C)
                  000102e4    00000090     driverlib.lib : gpio.obj (.const:g_pui32GPIOBaseAddrs)
                  00010374    00000070                   : interrupt.obj (.const)
                  000103e4    0000006c     Boot.aem4f : Boot_sysctl.oem4f (.const:g_pui32Xtals)
                  00010450    0000006c     driverlib.lib : sysctl.obj (.const:g_pui32Xtals)
                  000104bc    00000060     MotorLib.lib : motorlib.obj (.const:PWM_config)
                  0001051c    00000058     empty_pem4f.oem4f (.const:.string)
                  00010574    00000054     drivers_tivaware.aem4f : GPIOTiva.oem4f (.const:.string)
                  000105c8    00000054     MotorLib.lib : motorlib.obj (.const:motorLibPWMTivaHWAttrs)
                  0001061c    0000004c     drivers_tivaware.aem4f : UARTTiva.oem4f (.const)
                  00010668    00000048                            : GPIOTiva.oem4f (.const:gpioBaseAddresses)
                  000106b0    00000030     Boot.aem4f : Boot_sysctl.oem4f (.const:g_sXTALtoMEMTIM)
                  000106e0    00000030     driverlib.lib : sysctl.obj (.const:g_sXTALtoMEMTIM)
                  00010710    00000030     empty_pem4f.oem4f (.const:ti_sysbios_family_arm_m3_Hwi_Object__PARAMS__C)
                  00010740    0000002c     empty_pem4f.oem4f (.const:ti_sysbios_hal_Hwi_Object__PARAMS__C)
                  0001076c    00000028     drivers_tivaware.aem4f : UARTTiva.oem4f (.const:UARTTiva_fxnTable)
                  00010794    00000028     Kentec320x240x16_ssd2119_spi.obj (.const:g_sKentec320x240x16_SSD2119)
                  000107bc    00000028     empty_pem4f.oem4f (.const:ti_sysbios_heaps_HeapMem_Module__FXNS__C)
                  000107e4    00000024     EK_TM4C1294XL.obj (.const:I2C_config)
                  00010808    00000024     drivers_tivaware.aem4f : UART.oem4f (.const:UART_defaultParams)
                  0001082c    00000024     empty_pem4f.oem4f (.const:ti_sysbios_gates_GateHwi_Module__FXNS__C)
                  00010850    00000024     empty_pem4f.oem4f (.const:ti_sysbios_gates_GateMutex_Module__FXNS__C)
                  00010874    00000024     empty_pem4f.oem4f (.const:ti_sysbios_heaps_HeapMem_Object__PARAMS__C)
                  00010898    00000024     empty_pem4f.oem4f (.const:ti_sysbios_knl_Clock_Object__PARAMS__C)
                  000108bc    00000024     empty_pem4f.oem4f (.const:ti_sysbios_knl_Semaphore_Object__PARAMS__C)
                  000108e0    00000020     drivers_tivaware.aem4f : PWMTimerTiva.oem4f (.const)
                  00010900    00000020                            : PWMTiva.oem4f (.const)
                  00010920    00000020     empty_pem4f.oem4f (.const:ti_sysbios_family_arm_m3_Hwi_Object__DESC__C)
                  00010940    00000020     empty_pem4f.oem4f (.const:ti_sysbios_gates_GateHwi_Object__DESC__C)
                  00010960    00000020     empty_pem4f.oem4f (.const:ti_sysbios_gates_GateMutex_Object__DESC__C)
                  00010980    00000020     empty_pem4f.oem4f (.const:ti_sysbios_hal_Hwi_Object__DESC__C)
                  000109a0    00000020     empty_pem4f.oem4f (.const:ti_sysbios_heaps_HeapMem_Object__DESC__C)
                  000109c0    00000020     empty_pem4f.oem4f (.const:ti_sysbios_knl_Clock_Object__DESC__C)
                  000109e0    00000020     empty_pem4f.oem4f (.const:ti_sysbios_knl_Event_Object__DESC__C)
                  00010a00    00000020     empty_pem4f.oem4f (.const:ti_sysbios_knl_Queue_Object__DESC__C)
                  00010a20    00000020     empty_pem4f.oem4f (.const:ti_sysbios_knl_Semaphore_Object__DESC__C)
                  00010a40    00000020     empty_pem4f.oem4f (.const:xdc_runtime_Startup_sfxnTab__A)
                  00010a60    0000001c     drivers_tivaware.aem4f : I2CTiva.oem4f (.const)
                  00010a7c    0000001c     touch.obj (.const:g_pi32TouchParameters)
                  00010a98    00000018     EK_TM4C1294XL.obj (.const:UART_config)
                  00010ab0    00000018     EK_TM4C1294XL.obj (.const:i2cTivaHWAttrs)
                  00010ac8    00000018     empty_pem4f.oem4f (.const:ti_sysbios_gates_GateHwi_Object__PARAMS__C)
                  00010ae0    00000018     empty_pem4f.oem4f (.const:ti_sysbios_gates_GateMutex_Object__PARAMS__C)
                  00010af8    00000018     empty_pem4f.oem4f (.const:ti_sysbios_knl_Event_Object__PARAMS__C)
                  00010b10    00000018     empty_pem4f.oem4f (.const:ti_sysbios_knl_Queue_Object__PARAMS__C)
                  00010b28    00000018     EK_TM4C1294XL.obj (.const:uartTivaHWAttrs)
                  00010b40    00000014     EK_TM4C1294XL.obj (.const:GPIOTiva_config)
                  00010b54    00000014     empty_pem4f.oem4f (.const:xdc_runtime_Startup_firstFxns__A)
                  00010b68    00000010     grlib.lib : context.obj (.const)
                  00010b78    00000010     MotorLib.lib : motorlib.obj (.const:motorLibPWMTimerTivaHWAttrs)
                  00010b88    00000010     empty_pem4f.oem4f (.const:xdc_runtime_Startup_sfxnRts__A)
                  00010b98    0000000c     drivers_tivaware.aem4f : PWM.oem4f (.const)
                  00010ba4    00000008     Boot.aem4f : Boot_sysctl.oem4f (.const)
                  00010bac    00000008     driverlib.lib : sysctl.obj (.const)
                  00010bb4    00000008     empty_pem4f.oem4f (.const:ti_sysbios_family_arm_m3_Hwi_excHookFuncs__A)
                  00010bbc    00000008     empty_pem4f.oem4f (.const:ti_sysbios_knl_Idle_funcList__C)
                  00010bc4    00000008     empty_pem4f.oem4f (.const:xdc_runtime_Startup_firstFxns__C)
                  00010bcc    00000008     empty_pem4f.oem4f (.const:xdc_runtime_Startup_lastFxns__C)
                  00010bd4    00000004     empty_pem4f.oem4f (.const:ti_catalog_arm_cortexm4_tiva_ce_Boot_A_mustNotUseEnhancedClockMode__C)
                  00010bd8    00000004     empty_pem4f.oem4f (.const:ti_catalog_arm_cortexm4_tiva_ce_Boot_Module__diagsEnabled__C)
                  00010bdc    00000004     empty_pem4f.oem4f (.const:ti_catalog_arm_cortexm4_tiva_ce_Boot_Module__diagsIncluded__C)
                  00010be0    00000004     empty_pem4f.oem4f (.const:ti_catalog_arm_cortexm4_tiva_ce_Boot_Module__diagsMask__C)
                  00010be4    00000004     empty_pem4f.oem4f (.const:ti_sysbios_family_arm_lm4_Timer_enableFunc__C)
                  00010be8    00000004     empty_pem4f.oem4f (.const:ti_sysbios_family_arm_lm4_Timer_numTimerDevices__C)
                  00010bec    00000004     empty_pem4f.oem4f (.const:ti_sysbios_family_arm_lm4_Timer_startupNeeded__C)
                  00010bf0    00000004     empty_pem4f.oem4f (.const:ti_sysbios_family_arm_m3_Hwi_E_NMI__C)
                  00010bf4    00000004     empty_pem4f.oem4f (.const:ti_sysbios_family_arm_m3_Hwi_E_alreadyDefined__C)
                  00010bf8    00000004     empty_pem4f.oem4f (.const:ti_sysbios_family_arm_m3_Hwi_E_busFault__C)
                  00010bfc    00000004     empty_pem4f.oem4f (.const:ti_sysbios_family_arm_m3_Hwi_E_debugMon__C)
                  00010c00    00000004     empty_pem4f.oem4f (.const:ti_sysbios_family_arm_m3_Hwi_E_hardFault__C)
                  00010c04    00000004     empty_pem4f.oem4f (.const:ti_sysbios_family_arm_m3_Hwi_E_memFault__C)
                  00010c08    00000004     empty_pem4f.oem4f (.const:ti_sysbios_family_arm_m3_Hwi_E_noIsr__C)
                  00010c0c    00000004     empty_pem4f.oem4f (.const:ti_sysbios_family_arm_m3_Hwi_E_reserved__C)
                  00010c10    00000004     empty_pem4f.oem4f (.const:ti_sysbios_family_arm_m3_Hwi_E_svCall__C)
                  00010c14    00000004     empty_pem4f.oem4f (.const:ti_sysbios_family_arm_m3_Hwi_E_usageFault__C)
                  00010c18    00000004     empty_pem4f.oem4f (.const:ti_sysbios_family_arm_m3_Hwi_NUM_INTERRUPTS__C)
                  00010c1c    00000004     empty_pem4f.oem4f (.const:ti_sysbios_family_arm_m3_Hwi_Object__count__C)
                  00010c20    00000004     empty_pem4f.oem4f (.const:ti_sysbios_family_arm_m3_Hwi_ccr__C)
                  00010c24    00000004     empty_pem4f.oem4f (.const:ti_sysbios_family_arm_m3_Hwi_excHandlerFunc__C)
                  00010c28    00000004     empty_pem4f.oem4f (.const:ti_sysbios_family_arm_m3_Hwi_excHookFuncs__C)
                  00010c2c    00000004     empty_pem4f.oem4f (.const:ti_sysbios_family_arm_m3_Hwi_nullIsrFunc__C)
                  00010c30    00000004     empty_pem4f.oem4f (.const:ti_sysbios_family_arm_m3_Hwi_priGroup__C)
                  00010c34    00000004     empty_pem4f.oem4f (.const:ti_sysbios_gates_GateMutex_A_badContext__C)
                  00010c38    00000004     empty_pem4f.oem4f (.const:ti_sysbios_gates_GateMutex_Instance_State_sem__O)
                  00010c3c    00000004     empty_pem4f.oem4f (.const:ti_sysbios_gates_GateMutex_Module__diagsEnabled__C)
                  00010c40    00000004     empty_pem4f.oem4f (.const:ti_sysbios_gates_GateMutex_Module__diagsIncluded__C)
                  00010c44    00000004     empty_pem4f.oem4f (.const:ti_sysbios_gates_GateMutex_Module__diagsMask__C)
                  00010c48    00000004     empty_pem4f.oem4f (.const:ti_sysbios_hal_Hwi_E_stackOverflow__C)
                  00010c4c    00000004     empty_pem4f.oem4f (.const:ti_sysbios_heaps_HeapMem_A_align__C)
                  00010c50    00000004     empty_pem4f.oem4f (.const:ti_sysbios_heaps_HeapMem_A_heapSize__C)
                  00010c54    00000004     empty_pem4f.oem4f (.const:ti_sysbios_heaps_HeapMem_A_invalidFree__C)
                  00010c58    00000004     empty_pem4f.oem4f (.const:ti_sysbios_heaps_HeapMem_A_zeroBlock__C)
                  00010c5c    00000004     empty_pem4f.oem4f (.const:ti_sysbios_heaps_HeapMem_E_memory__C)
                  00010c60    00000004     empty_pem4f.oem4f (.const:ti_sysbios_heaps_HeapMem_Module__diagsEnabled__C)
                  00010c64    00000004     empty_pem4f.oem4f (.const:ti_sysbios_heaps_HeapMem_Module__diagsIncluded__C)
                  00010c68    00000004     empty_pem4f.oem4f (.const:ti_sysbios_heaps_HeapMem_Module__diagsMask__C)
                  00010c6c    00000004     empty_pem4f.oem4f (.const:ti_sysbios_heaps_HeapMem_Module__gateObj__C)
                  00010c70    00000004     empty_pem4f.oem4f (.const:ti_sysbios_heaps_HeapMem_Object__count__C)
                  00010c74    00000004     empty_pem4f.oem4f (.const:ti_sysbios_heaps_HeapMem_reqAlign__C)
                  00010c78    00000004     empty_pem4f.oem4f (.const:ti_sysbios_knl_Clock_A_badThreadType__C)
                  00010c7c    00000004     empty_pem4f.oem4f (.const:ti_sysbios_knl_Clock_Module_State_clockQ__O)
                  00010c80    00000004     empty_pem4f.oem4f (.const:ti_sysbios_knl_Clock_Module__diagsEnabled__C)
                  00010c84    00000004     empty_pem4f.oem4f (.const:ti_sysbios_knl_Clock_Module__diagsIncluded__C)
                  00010c88    00000004     empty_pem4f.oem4f (.const:ti_sysbios_knl_Clock_Module__diagsMask__C)
                  00010c8c    00000004     empty_pem4f.oem4f (.const:ti_sysbios_knl_Event_A_nullEventId__C)
                  00010c90    00000004     empty_pem4f.oem4f (.const:ti_sysbios_knl_Event_Instance_State_pendQ__O)
                  00010c94    00000004     empty_pem4f.oem4f (.const:ti_sysbios_knl_Event_Module__diagsEnabled__C)
                  00010c98    00000004     empty_pem4f.oem4f (.const:ti_sysbios_knl_Event_Module__diagsIncluded__C)
                  00010c9c    00000004     empty_pem4f.oem4f (.const:ti_sysbios_knl_Event_Module__diagsMask__C)
                  00010ca0    00000004     empty_pem4f.oem4f (.const:ti_sysbios_knl_Idle_funcList__A)
                  00010ca4    00000004     empty_pem4f.oem4f (.const:ti_sysbios_knl_Semaphore_A_badContext__C)
                  00010ca8    00000004     empty_pem4f.oem4f (.const:ti_sysbios_knl_Semaphore_A_noEvents__C)
                  00010cac    00000004     empty_pem4f.oem4f (.const:ti_sysbios_knl_Semaphore_A_overflow__C)
                  00010cb0    00000004     empty_pem4f.oem4f (.const:ti_sysbios_knl_Semaphore_A_pendTaskDisabled__C)
                  00010cb4    00000004     empty_pem4f.oem4f (.const:ti_sysbios_knl_Semaphore_Instance_State_pendQ__O)
                  00010cb8    00000004     empty_pem4f.oem4f (.const:ti_sysbios_knl_Semaphore_Module__diagsEnabled__C)
                  00010cbc    00000004     empty_pem4f.oem4f (.const:ti_sysbios_knl_Semaphore_Module__diagsIncluded__C)
                  00010cc0    00000004     empty_pem4f.oem4f (.const:ti_sysbios_knl_Semaphore_Module__diagsMask__C)
                  00010cc4    00000004     empty_pem4f.oem4f (.const:ti_sysbios_knl_Swi_Object__count__C)
                  00010cc8    00000004     empty_pem4f.oem4f (.const:ti_sysbios_knl_Task_E_spOutOfBounds__C)
                  00010ccc    00000004     empty_pem4f.oem4f (.const:ti_sysbios_knl_Task_E_stackOverflow__C)
                  00010cd0    00000004     empty_pem4f.oem4f (.const:ti_sysbios_knl_Task_Module_State_inactiveQ__O)
                  00010cd4    00000004     empty_pem4f.oem4f (.const:ti_sysbios_knl_Task_Object__count__C)
                  00010cd8    00000004     empty_pem4f.oem4f (.const:ti_sysbios_knl_Task_allBlockedFunc__C)
                  00010cdc    00000004     empty_pem4f.oem4f (.const:ti_sysbios_knl_Task_numConstructedTasks__C)
                  00010ce0    00000004     empty_pem4f.oem4f (.const:xdc_runtime_Assert_E_assertFailed__C)
                  00010ce4    00000004     empty_pem4f.oem4f (.const:xdc_runtime_Core_A_initializedParams__C)
                  00010ce8    00000004     empty_pem4f.oem4f (.const:xdc_runtime_Core_Module__diagsEnabled__C)
                  00010cec    00000004     empty_pem4f.oem4f (.const:xdc_runtime_Core_Module__diagsIncluded__C)
                  00010cf0    00000004     empty_pem4f.oem4f (.const:xdc_runtime_Core_Module__diagsMask__C)
                  00010cf4    00000004     empty_pem4f.oem4f (.const:xdc_runtime_Error_E_generic__C)
                  00010cf8    00000004     empty_pem4f.oem4f (.const:xdc_runtime_Error_E_memory__C)
                  00010cfc    00000004     empty_pem4f.oem4f (.const:xdc_runtime_Error_Module__diagsEnabled__C)
                  00010d00    00000004     empty_pem4f.oem4f (.const:xdc_runtime_Error_Module__diagsIncluded__C)
                  00010d04    00000004     empty_pem4f.oem4f (.const:xdc_runtime_Error_Module__diagsMask__C)
                  00010d08    00000004     empty_pem4f.oem4f (.const:xdc_runtime_Error_Module__loggerFxn8__C)
                  00010d0c    00000004     empty_pem4f.oem4f (.const:xdc_runtime_Error_Module__loggerObj__C)
                  00010d10    00000004     empty_pem4f.oem4f (.const:xdc_runtime_Error_policyFxn__C)
                  00010d14    00000004     empty_pem4f.oem4f (.const:xdc_runtime_Error_raiseHook__C)
[...]
00010cc8  ti_sysbios_knl_Task_E_spOutOfBounds__C                               
00010ccc  ti_sysbios_knl_Task_E_stackOverflow__C                               
00010cd0  ti_sysbios_knl_Task_Module_State_inactiveQ__O                        
00010cd4  ti_sysbios_knl_Task_Object__count__C                                 
00010cd8  ti_sysbios_knl_Task_allBlockedFunc__C                                
00010cdc  ti_sysbios_knl_Task_numConstructedTasks__C                           
00010ce0  xdc_runtime_Assert_E_assertFailed__C                                 
00010ce4  xdc_runtime_Core_A_initializedParams__C                              
00010ce8  xdc_runtime_Core_Module__diagsEnabled__C                             
00010cec  xdc_runtime_Core_Module__diagsIncluded__C                            
00010cf0  xdc_runtime_Core_Module__diagsMask__C                                
00010cf4  xdc_runtime_Error_E_generic__C                                       
00010cf8  xdc_runtime_Error_E_memory__C                                        
00010cfc  xdc_runtime_Error_Module__diagsEnabled__C                            
00010d00  xdc_runtime_Error_Module__diagsIncluded__C                           
00010d04  xdc_runtime_Error_Module__diagsMask__C                               
00010d08  xdc_runtime_Error_Module__loggerFxn8__C                              
00010d0c  xdc_runtime_Error_Module__loggerObj__C                               
00010d10  xdc_runtime_Error_policyFxn__C                                       
00010d14  xdc_runtime_Error_raiseHook__C                                       
00010d18  xdc_runtime_IGateProvider_Interface__BASE__C                         
00010d1c  xdc_runtime_IHeap_Interface__BASE__C                                 
00010d20  xdc_runtime_IModule_Interface__BASE__C                               
00010d24  xdc_runtime_Log_L_error__C                                           
00010d28  xdc_runtime_Memory_defaultHeapInstance__C                            
00010d2c  xdc_runtime_Startup_execImpl__C                                      
00010d30  xdc_runtime_Startup_maxPasses__C                                     
00010d34  xdc_runtime_Startup_sfxnRts__C                                       
00010d38  xdc_runtime_Startup_sfxnTab__C                                       
00010d3c  xdc_runtime_SysMin_bufSize__C                                        
00010d40  xdc_runtime_SysMin_outputFunc__C                                     
00010d44  xdc_runtime_System_Module__gateObj__C                                
00010d48  xdc_runtime_System_abortFxn__C                                       
00010d4c  xdc_runtime_System_exitFxn__C                                        
00010d50  xdc_runtime_System_extendFxn__C                                      
00010d54  xdc_runtime_System_maxAtexitHandlers__C                              
00010d58  xdc_runtime_Text_charTab__C                                          
00010d5c  xdc_runtime_Text_nameEmpty__C                                        
00010d60  xdc_runtime_Text_nameStatic__C                                       
00010d64  xdc_runtime_Text_nameUnknown__C                                      
00010d68  xdc_runtime_Text_nodeTab__C                                          
00010d6c  xdc_runtime_Text_visitRopeFxn__C                                     
00010d70  ti_sysbios_hal_Hwi_Module__id__C                                     
00010d72  ti_sysbios_heaps_HeapMem_Module__id__C                               
00010d74  ti_sysbios_knl_Clock_Module__id__C                                   
00010d76  ti_sysbios_knl_Event_Module__id__C                                   
00010d78  ti_sysbios_knl_Semaphore_Module__id__C                               
00010d7a  ti_sysbios_knl_Task_Module__id__C                                    
00010d7c  xdc_runtime_Core_Module__id__C                                       
00010d7e  xdc_runtime_Error_Module__loggerDefined__C                           
00010d80  xdc_runtime_Error_maxDepth__C                                        
00010d82  xdc_runtime_Main_Module__id__C                                       
00010d84  xdc_runtime_Memory_Module__id__C                                     
00010d86  xdc_runtime_SysMin_flushAtExit__C                                    
00010d88  xdc_runtime_Text_charCnt__C                                          
00010d8a  xdc_runtime_Text_isLoaded__C                                         
00010d8c  xdc_runtime_Text_registryModsLastId__C                               
00010d8e  xdc_runtime_Text_unnamedModsLastId__C                                
00010d90  __TI_static_base__                                                   
00011170  __TI_Handler_Table_Base                                              
0001117c  __TI_Handler_Table_Limit                                             
00011190  __TI_CINIT_Base                                                      
000111a8  __TI_CINIT_Limit                                                     
20000000  __start___llvm_prf_cnts                                              
20000000  __stop___llvm_prf_cnts                                               
20000000  ti_sysbios_family_arm_m3_Hwi_ramVectors                              
20000360  ti_sysbios_knl_Task_Instance_State_0_stack__A                        
20000b60  ti_sysbios_knl_Task_Instance_State_1_stack__A                        
20001360  ti_sysbios_knl_Task_Instance_State_2_stack__A                        
20001560  ti_sysbios_heaps_HeapMem_Instance_State_0_buf__A                     
20001960  xdc_runtime_SysMin_Module_State_0_outbuf__A                          
20001d60  ti_sysbios_family_arm_m3_Hwi_dispatchTable                           
20002200  __CIOBUF_                                                            
20002320  i2cTivaObjects                                                       
20002420  uartTivaObjects                                                      
2000257c  motorLibPWMObjects                                                   
200025b4  eb                                                                   
200025e4  sContext                                                             
20002610  clockUpdateGraph                                                     
20002694  maxTime                                                              
200026b4  minTime                                                              
200026d4  uartTivaRingBuffer                                                   
200026f4  semStruct                                                            
20002710  gHwiprms                                                             
20002728  motorLibPWMTimerObjects                                              
20002740  evtStruct                                                            
20002754  valueText                                                            
20002778  pui32ADC0Value                                                       
2000278c  graphMax                                                             
20002794  graphMin                                                             
2000279c  parmbuf                                                              
200027a4  SysTicks                                                             
200027a8  acceleration                                                         
200027ac  acceleration_avg                                                     
200027b0  adc0                                                                 
200027b4  current                                                              
200027b8  data_Graph                                                           
200027bc  delta_rpm                                                            
200027c0  delta_time                                                           
200027c4  error                                                                
200027c8  evtHandle                                                            
200027cc  g_accelerationLimit                                                  
200027d0  g_currentLimit                                                       
200027d4  g_drawingGraph                                                       
200027d8  g_motorSpeed                                                         
200027dc  g_numPlotOverflow                                                    
200027e0  g_numPlotPoints                                                      
200027e4  g_pi32ParmSet                                                        
200027ec  g_sCurrentPanel                                                      
200027f0  g_ui32SysClock                                                       
200027f4  gateHwi                                                              
200027fc  graphIntMax                                                          
20002800  graphIntMin                                                          
20002804  hA                                                                   
20002808  hB                                                                   
2000280c  hC                                                                   
20002810  hallA                                                                
20002814  hallB                                                                
20002818  hallC                                                                
2000281c  output                                                               
20002820  previousPoint                                                        
20002824  rpm_avg                                                              
20002828  rpm_from_UI                                                          
2000282c  semHandle                                                            
20002830  uart                                                                 
20002834  voltage                                                              
20002838  y_graph_step                                                         
2000283c  g_i16TouchX                                                          
2000283e  g_i16TouchY                                                          
20002840  e_event                                                              
20002841  e_stop                                                               
20002842  motorStartedUI                                                       
20002843  motorState                                                           
20002844  print_from_clock                                                     
20002845  running                                                              
20002846  success                                                              
20002847  updateGraph                                                          
20002848  ti_sysbios_knl_Task_Object__table__V                                 
2000292c  ti_sysbios_knl_Swi_Module_State_0_readyQ__A                          
200029ac  motor                                                                
200029b0  prevMotor                                                            
200029b4  prevSysTick                                                          
200029b8  deltaPos                                                             
200029bc  clock_time_mins                                                      
200029c0  clock_time_secs                                                      
200029c4  rpm_actual                                                           
200029c8  acceleration_sum                                                     
200029cc  rpm_prev                                                             
200029d0  integral_error                                                       
200029d4  rpm_desired                                                          
200029d8  rpm_int                                                              
200029dc  jump                                                                 
200029e0  Kp                                                                   
200029e4  Ki                                                                   
200029e8  clock_count                                                          
200029ec  rpm_sum                                                              
200029f0  min_per_sysTick                                                      
200029f4  rotation                                                             
200029f8  rpm_sum_c                                                            
200029fc  dummy                                                                
20002a00  adc_test                                                             
20002a04  vref                                                                 
20002a08  stepVoltage                                                          
20002a0c  shunt                                                                
20002a10  gain                                                                 
20002a14  g_sGraphAcceleration                                                 
20002a64  g_sGraphBack                                                         
20002ab4  g_sGraphExit                                                         
20002b04  g_sGraphLight                                                        
20002b54  g_sGraphOption                                                       
20002ba4  g_sGraphPower                                                        
20002bf4  g_sGraphSpeed                                                        
20002c44  g_sGraphTitle                                                        
20002c94  g_sMotorOption                                                       
20002ce4  g_sSetOption                                                         
20002d34  g_sSettingAcceleration                                               
20002d84  g_sSettingBack                                                       
20002dd4  g_sSettingCurrent                                                    
20002e24  g_sSettingDecrease                                                   
20002e74  g_sSettingExit                                                       
20002ec4  g_sSettingIncrease                                                   
20002f14  g_sSettingSpeed                                                      
20002f64  g_sSettingTitle                                                      
20002fb4  g_sSettingValue                                                      
20003004  ti_sysbios_knl_Task_Module__state__V                                 
20003048  g_sGraph                                                             
20003088  g_sGraphPage                                                         
200030c8  g_sGraphsMainPage                                                    
20003108  g_sMainPage                                                          
20003148  g_sSettingPage                                                       
20003188  g_sSettingsMainPage                                                  
200031c8  ti_sysbios_family_arm_lm4_Timer_Module_State_0_device__A             
20003208  ti_sysbios_family_arm_lm4_Timer_Object__table__V                     
20003248  ti_sysbios_gates_GateMutex_Object__table__V                          
20003280  ti_sysbios_family_arm_m3_Hwi_Module__state__V                        
200032b4  ti_sysbios_family_arm_m3_Hwi_Object__table__V                        
200032e4  ti_sysbios_knl_Swi_Object__table__V                                  
20003314  g_sRoot                                                              
20003342  ti_sysbios_family_arm_m3_Hwi_Module_State_0_excActive__A             
20003344  ti_sysbios_knl_Clock_Module__state__V                                
20003370  ti_sysbios_BIOS_Module__state__V                                     
20003394  ti_sysbios_family_arm_lm4_Timer_Module_State_0_handles__A            
200033b4  ti_sysbios_knl_Task_Module_State_0_readyQ__A                         
200033d4  gpioPinConfigs                                                       
200033f0  ti_sysbios_knl_Swi_Module__state__V                                  
20003424  ti_sysbios_heaps_HeapMem_Object__table__V                            
2000343c  x_graph_step                                                         
20003440  x_graph_start                                                        
20003444  y_graph_start                                                        
20003448  y_graph_max                                                          
2000344c  y_graph_end                                                          
20003450  ti_sysbios_family_arm_lm4_Timer_Module__state__V                     
2000345c  xdc_runtime_SysMin_Module__state__V                                  
20003468  _lock                                                                
2000346c  _unlock                                                              
20003470  gpioCallbackFunctions                                                
20003478  ti_sysbios_family_arm_m3_Hwi_Module__root__V                         
20003480  ti_sysbios_gates_GateHwi_Module__root__V                             
20003488  ti_sysbios_gates_GateMutex_Module__root__V                           
20003490  ti_sysbios_hal_Hwi_Module__root__V                                   
20003498  ti_sysbios_heaps_HeapMem_Module__root__V                             
200034a0  ti_sysbios_knl_Clock_Module__root__V                                 
200034a8  ti_sysbios_knl_Event_Module__root__V                                 
200034b0  ti_sysbios_knl_Queue_Module__root__V                                 
200034b8  ti_sysbios_knl_Semaphore_Module__root__V                             
200034c0  xdc_runtime_Registry_Module__state__V                                
200034c8  xdc_runtime_Startup_Module__state__V                                 
200034d0  xdc_runtime_System_Module_State_0_atexitHandlers__A                  
200034d8  xdc_runtime_System_Module__state__V                                  
200034e6  xdc_runtime_Error_Module__state__V                                   
200034f4  errno                                                                
200034f8  main_func_sp                                                         
200034fc  ti_sysbios_family_arm_m3_Hwi_Module_State_0_excContext__A            
20003500  ti_sysbios_family_arm_m3_Hwi_Module_State_0_excStack__A              
20003504  ti_sysbios_gates_GateHwi_Object__table__V                            
20003508  ti_sysbios_knl_Task_Module_State_0_idleTask__A                       
2000350c  g_i16TouchMin                                                        
20003510  xdc_runtime_Memory_Module__state__V                                  
20003518  __stack                                                              
20003818  __STACK_END                                                          
e000e000  ti_sysbios_family_arm_m3_Hwi_nvic                                    
ffffffff  __TI_pprof_out_hndl                                                  
ffffffff  __TI_prof_data_size                                                  
ffffffff  __TI_prof_data_start                                                 
ffffffff  __binit__                                                            
ffffffff  __c_args__                                                           
ffffffff  binit                                                                
UNDEFED   SHT$$INIT_ARRAY$$Base                                                
UNDEFED   SHT$$INIT_ARRAY$$Limit                                               

[951 symbols]
