******************************************************************************
                  TI ARM Linker PC v20.2.2                     
******************************************************************************
>> Linked Sun May 30 18:56:10 2021

OUTPUT FILE NAME:   <empty_EK_TM4C1294XL_TI.out>
ENTRY POINT SYMBOL: "_c_int00"  address: 0000a9e5


MEMORY CONFIGURATION

         name            origin    length      used     unused   attr    fill
----------------------  --------  ---------  --------  --------  ----  --------
  FLASH                 00000000   00100000  00011b7a  000ee486  R  X
  SRAM                  20000000   00040000  00004345  0003bcbb  RW X


SEGMENT ALLOCATION MAP

run origin  load origin   length   init length attrs members
----------  ----------- ---------- ----------- ----- -------
00000000    00000000    00011b80   00011b80    r-x
  00000000    00000000    0000003c   0000003c    r-- .resetVecs
  00000040    00000040    0000dc92   0000dc92    r-x .text
  0000dcd4    0000dcd4    00003a84   00003a84    r-- .const
  00011758    00011758    00000428   00000428    r-- .cinit
20000000    20000000    00004348   00000000    rw-
  20000000    20000000    00000360   00000000    rw- .vecs
  20000360    20000360    00002fd1   00000000    rw- .bss
  20003334    20003334    00000d14   00000000    rw- .data
  20004048    20004048    00000300   00000000    rw- .stack


SECTION ALLOCATION MAP

 output                                  attributes/
section   page    origin      length       input sections
--------  ----  ----------  ----------   ----------------
.text      0    00000040    0000dc92     
                  00000040    00000a4e     rtsv7M4_T_le_v4SPD16_eabi.lib : _printfi.c.obj (.text:__TI_printfi)
                  00000a8e    00000002     motorCode.obj (.text:ADCFxn)
                  00000a90    000006ac     MotorLib.lib : motorlib.obj (.text)
                  0000113c    00000004     driverlib.lib : i2c.obj (.text:I2CMasterControl)
                  00001140    00000430     sysbios.aem4f : BIOS.obj (.text:ti_sysbios_family_arm_m3_Hwi_excDumpRegs__I)
                  00001570    00000390     grlib_demo.obj (.text:drawGraphPoint)
                  00001900    00000374     grlib.lib : image.obj (.text:InternalImageDraw)
                  00001c74    00000004     driverlib.lib : i2c.obj (.text:I2CMasterDataGet)
                  00001c78    0000034c     sysbios.aem4f : BIOS.obj (.text:ti_sysbios_knl_Event_pend__E)
                  00001fc4    0000034c     ti.targets.arm.rtsarm.aem4f : System.oem4f (.text:xdc_runtime_System_doPrint__I)
                  00002310    000002f8     grlib.lib : image.obj (.text:PixelTransparentDraw)
                  00002608    000002d0     sysbios.aem4f : BIOS.obj (.text:ti_sysbios_knl_Semaphore_pend__E)
                  000028d8    00000270     rtsv7M4_T_le_v4SPD16_eabi.lib : _printfi.c.obj (.text:_pconv_a)
                  00002b48    0000026c     sysbios.aem4f : BIOS.obj (.text:ti_sysbios_heaps_HeapMem_free__E)
                  00002db4    00000268     touch.obj (.text:TouchScreenDebouncer)
                  0000301c    00000254     grlib.lib : string.obj (.text:GrFontGlyphRender)
                  00003270    00000250     sysbios.aem4f : BIOS.obj (.text:ti_sysbios_heaps_HeapMem_alloc__E)
                  000034c0    0000020c     drivers_tivaware.aem4f : UARTTiva.oem4f (.text:UARTTiva_open)
                  000036cc    00000204     Boot.aem4f : Boot_sysctl.oem4f (.text:ti_catalog_arm_cortexm4_tiva_ce_Boot_sysCtlClockFreqSetI__I)
                  000038d0    00000200     driverlib.lib : sysctl.obj (.text:SysCtlClockFreqSet)
                  00003ad0    000001f4     sysbios.aem4f : BIOS.obj (.text:ti_sysbios_family_arm_m3_Hwi_excHandlerMax__I)
                  00003cc4    00000004     driverlib.lib : i2c.obj (.text:I2CMasterDataPut)
                  00003cc8    000001f0     sysbios.aem4f : BIOS.obj (.text:ti_sysbios_knl_Task_sleep__E)
                  00003eb8    000001e4     Kentec320x240x16_ssd2119_spi.obj (.text:Kentec320x240x16_SSD2119Init)
                  0000409c    000001dc     Kentec320x240x16_ssd2119_spi.obj (.text:Kentec320x240x16_SSD2119PixelDrawMultiple)
                  00004278    000001d4     grlib_demo.obj (.text:OnGraphsPage)
                  0000444c    000001d0     rtsv7M4_T_le_v4SPD16_eabi.lib : _printfi.c.obj (.text:_pconv_g)
                  0000461c    000001b6                                   : fd_add_t2.asm.obj (.text)
                  000047d2    00000002                                   : _lock.c.obj (.text:_nop)
                  000047d4    000001a4     pinout.obj (.text:PinoutSet)
                  00004978    00000190     grlib.lib : canvas.obj (.text:CanvasPaint)
                  00004b08    00000180     motorCode.obj (.text:motorFxn)
                  00004c88    0000017e     grlib.lib : pushbutton.obj (.text:RectangularButtonPaint)
                  00004e06    00000002     rtsv7M4_T_le_v4SPD16_eabi.lib : div0.asm.obj (.text)
                  00004e08    00000178     touch.obj (.text:TouchScreenIntHandler)
                  00004f80    00000174     motorCode.obj (.text:initMotor)
                  000050f4    00000004     driverlib.lib : uart.obj (.text:UARTIntClear)
                  000050f8    00000174     sysbios.aem4f : BIOS.obj (.text:ti_sysbios_family_arm_m3_Hwi_excBusFault__I)
                  0000526c    00000170     drivers_tivaware.aem4f : PWMTiva.oem4f (.text:PWMTiva_open)
                  000053dc    00000004     grlib.lib : widget.obj (.text:WidgetDefaultMsgProc)
                  000053e0    00000164     sysbios.aem4f : BIOS.obj (.text:ti_sysbios_family_arm_m3_Hwi_excUsageFault__I)
                  00005544    0000015c     motorCode.obj (.text:initHallABC)
                  000056a0    00000158     grlib_demo.obj (.text:initWidgets)
                  000057f8    00000150     drivers_tivaware.aem4f : GPIOTiva.oem4f (.text:GPIO_setConfig)
                  00005948    00000148     sysbios.aem4f : BIOS.obj (.text:ti_sysbios_family_arm_m3_Hwi_excMemFault__I)
                  00005a90    0000013c     rtsv7M4_T_le_v4SPD16_eabi.lib : _printfi.c.obj (.text:_pconv_e)
                  00005bcc    00000004                                   : exit.c.obj (.text:abort:abort)
                  00005bd0    0000013c     sysbios.aem4f : BIOS.obj (.text:ti_sysbios_heaps_HeapMem_Instance_init__E)
                  00005d0c    00000136     rtsv7M4_T_le_v4SPD16_eabi.lib : fd_div_t2.asm.obj (.text)
                  00005e42    00000132     driverlib.lib : gpio.obj (.text:GPIOPadConfigSet)
                  00005f74    00000124     rtsv7M4_T_le_v4SPD16_eabi.lib : _printfi.c.obj (.text:fcvt)
                  00006098    00000120     sysbios.aem4f : BIOS.obj (.text:ti_sysbios_family_arm_lm4_Timer_start__E)
                  000061b8    0000011c     grlib_demo.obj (.text:OnSettingsPage)
                  000062d4    00000004     empty_pem4f.oem4f (.text:ti_sysbios_BIOS_RtsGateProxy_enter__E)
                  000062d8    0000011c     sysbios.aem4f : BIOS.obj (.text:ti_sysbios_knl_Clock_Instance_init__E)
                  000063f4    00000118     ti.targets.arm.rtsarm.aem4f : Error.oem4f (.text:xdc_runtime_Error_policyDefault__E)
                  0000650c    00000114     drivers_tivaware.aem4f : PWMTimerTiva.oem4f (.text:PWMTimerTiva_open)
                  00006620    00000110     rtsv7M4_T_le_v4SPD16_eabi.lib : s_scalbn.c.obj (.text:scalbn)
                  00006730    0000010c     Kentec320x240x16_ssd2119_spi.obj (.text:Kentec320x240x16_SSD2119RectFill)
                  0000683c    0000010c     touch.obj (.text:TouchScreenInit)
                  00006948    00000106     grlib.lib : line.obj (.text:GrLineDraw)
                  00006a4e    00000002     empty_pem4f.oem4f (.text:ti_sysbios_BIOS_nullFunc__I)
                  00006a50    00000104     motorCode.obj (.text:filterFxn)
                  00006b54    00000004     empty_pem4f.oem4f (.text:ti_sysbios_BIOS_RtsGateProxy_leave__E)
                  00006b58    00000104     sysbios.aem4f : BIOS.obj (.text:ti_sysbios_knl_Event_post__E)
                  00006c5c    00000100     ti.targets.arm.rtsarm.aem4f : Core-mem.oem4f (.text:xdc_runtime_Core_createObject__I)
                  00006d5c    000000fc     rtsv7M4_T_le_v4SPD16_eabi.lib : fd_mul_t2.asm.obj (.text)
                  00006e58    000000f8     ti.targets.arm.rtsarm.aem4f : Startup.oem4f (.text:xdc_runtime_Startup_startMods__I)
                  00006f50    000000f8     empty_pem4f.oem4f (.text:xdc_runtime_System_printfExtend__I)
                  00007048    000000f4     sysbios.aem4f : m3_Hwi_asm.obj (.text:ti_sysbios_family_arm_m3_Hwi_dispatch__I)
                  0000713c    000000f2     grlib.lib : pushbutton.obj (.text:RectangularButtonClick)
                  0000722e    000000f0     drivers_tivaware.aem4f : PWMTiva.oem4f (.text:PWMTiva_setDuty)
                  0000731e    00000002     empty_pem4f.oem4f (.text:xdc_runtime_Startup_reset__I)
                  00007320    000000f0     empty.obj (.text:main)
                  00007410    000000ec     sysbios.aem4f : BIOS.obj (.text:ti_sysbios_knl_Semaphore_post__E)
                  000074fc    000000e8     grlib.lib : widget.obj (.text:WidgetMessageQueueAdd)
                  000075e4    000000e0     drivers_tivaware.aem4f : I2CTiva.oem4f (.text:I2CTiva_open)
                  000076c4    000000e0     sensors_api.obj (.text:initAcceleration)
                  000077a4    000000d6     drivers_tivaware.aem4f : I2CTiva.oem4f (.text:I2CTiva_hwiFxn)
                  0000787a    00000002     --HOLE-- [fill = 0]
                  0000787c    000000d0     motorCode.obj (.text:HallFxn)
                  0000794c    000000cc     ti.targets.arm.rtsarm.aem4f : Core-smem.oem4f (.text:xdc_runtime_Core_constructObject__I)
                  00007a18    000000c2     bmi160.obj (.text:BMI160Init)
                  00007ada    000000c0     grlib.lib : string.obj (.text:GrDefaultStringRenderer)
                  00007b9a    00000006     driverlib.lib : gpio.obj (.text:GPIOIntClear)
                  00007ba0    000000bc     sysbios.aem4f : BIOS.obj (.text:ti_sysbios_family_arm_m3_Hwi_excDebugMon__I)
                  00007c5c    00000004                   : BIOS.obj (.text:ti_sysbios_family_arm_lm4_Timer_masterEnable__I)
                  00007c60    000000bc                   : BIOS.obj (.text:ti_sysbios_family_arm_m3_Hwi_excHardFault__I)
                  00007d1c    000000b8     EK_TM4C1294XL.obj (.text:EK_TM4C1294XL_initGeneral)
                  00007dd4    000000b8     grlib.lib : line.obj (.text:GrLineClip)
                  00007e8c    000000b8     Kentec320x240x16_ssd2119_spi.obj (.text:InitSPILCDInterface)
                  00007f44    000000b8     drivers_tivaware.aem4f : PWMTimerTiva.oem4f (.text:PWMTimerTiva_setDuty)
                  00007ffc    000000b4     grlib_demo.obj (.text:OnDecrease)
                  000080b0    000000b4     grlib.lib : widget.obj (.text:WidgetMessageSendPostOrder)
                  00008164    00000004     empty_pem4f.oem4f (.text:ti_sysbios_family_arm_m3_Hwi_destruct)
                  00008168    000000b4     sysbios.aem4f : BIOS.obj (.text:ti_sysbios_gates_GateMutex_enter__E)
                  0000821c    00000004     empty_pem4f.oem4f (.text:ti_sysbios_family_arm_m3_TaskSupport_Module__startupDone__S)
                  00008220    000000b4     sysbios.aem4f : BIOS.obj (.text:ti_sysbios_knl_Task_checkStacks__E)
                  000082d4    000000b1     rtsv7M4_T_le_v4SPD16_eabi.lib : _printfi.c.obj (.text:_ltostr)
                  00008385    00000003     --HOLE-- [fill = 0]
                  00008388    000000b0     grlib_demo.obj (.text:OnIncrease)
                  00008438    000000b0     sensors_api.obj (.text:initSensors)
                  000084e8    000000ac     drivers_tivaware.aem4f : UARTTiva.oem4f (.text:readTaskBlocking)
                  00008594    00000004     empty_pem4f.oem4f (.text:ti_sysbios_hal_Hwi_HwiProxy_delete)
                  00008598    000000ac     sysbios.aem4f : BIOS.obj (.text:ti_sysbios_family_arm_lm4_Timer_enableTiva__I)
                  00008644    00000004     empty_pem4f.oem4f (.text:ti_sysbios_heaps_HeapMem_Module_GateProxy_enter__E)
                  00008648    000000a8     sysbios.aem4f : BIOS.obj (.text:ti_sysbios_family_arm_lm4_Timer_enableTimers__I)
                  000086f0    000000a4                   : BIOS.obj (.text:ti_sysbios_knl_Clock_Instance_finalize__E)
                  00008794    000000a0     auto_init.aem4f : auto_init.oem4f (.text)
                  00008834    000000a0     ti.targets.arm.rtsarm.aem4f : Text.oem4f (.text:xdc_runtime_Text_putMod__E)
                  000088d4    0000009c     grlib_demo.obj (.text:OnStartMotor)
                  00008970    0000009c     motorCode.obj (.text:PIControlFxn)
                  00008a0c    0000009c     rtsv7M4_T_le_v4SPD16_eabi.lib : memcpy_t2.asm.obj (.text)
                  00008aa8    0000009c     sysbios.aem4f : BIOS.obj (.text:ti_sysbios_knl_Semaphore_Instance_init__E)
                  00008b44    0000009a     ti.targets.arm.rtsarm.aem4f : Text.oem4f (.text:xdc_runtime_Text_putSite__E)
                  00008bde    00000098     drivers_tivaware.aem4f : UARTTiva.oem4f (.text:UARTTiva_readPolling)
                  00008c76    00000002     --HOLE-- [fill = 0]
                  00008c78    00000098     Boot.aem4f : Boot.oem4f (.text:ti_catalog_arm_cortexm4_tiva_ce_Boot_sysCtlClockFreqSet__E)
                  00008d10    00000096     rtsv7M4_T_le_v4SPD16_eabi.lib : ull_div_t2.asm.obj (.text)
                  00008da6    00000094     drivers_tivaware.aem4f : UARTTiva.oem4f (.text:UARTTiva_write)
                  00008e3a    00000006     driverlib.lib : gpio.obj (.text:GPIOPinRead)
                  00008e40    00000094     sysbios.aem4f : BIOS.obj (.text:ti_sysbios_family_arm_m3_Hwi_Instance_init__E)
                  00008ed4    00000004     empty_pem4f.oem4f (.text:ti_sysbios_heaps_HeapMem_Module_GateProxy_leave__E)
                  00008ed8    00000094     sysbios.aem4f : BIOS.obj (.text:ti_sysbios_family_arm_m3_Hwi_initNVIC__E)
                  00008f6c    00000004     empty_pem4f.oem4f (.text:ti_sysbios_knl_Clock_TimerProxy_getMaxTicks__E)
                  00008f70    00000094     sysbios.aem4f : BIOS.obj (.text:ti_sysbios_knl_Task_postInit__I)
                  00009004    0000008c     drivers_tivaware.aem4f : GPIOTiva.oem4f (.text:GPIO_init)
                  00009090    0000008c                            : UARTTiva.oem4f (.text:UARTTiva_control)
                  0000911c    0000008c     motorCode.obj (.text:accelLimitFxn)
                  000091a8    0000008c     sysbios.aem4f : m3_TaskSupport_asm.obj (.text:ti_sysbios_family_arm_m3_TaskSupport_buildTaskStack)
                  00009234    0000008a     drivers_tivaware.aem4f : UARTTiva.oem4f (.text:readIsrTextBlocking)
                  000092be    00000002     --HOLE-- [fill = 0]
                  000092c0    00000088                            : PWMTiva.oem4f (.text:PWMTiva_control)
                  00009348    00000088     grlib_demo.obj (.text:initUI)
                  000093d0    00000086     grlib.lib : rectangle.obj (.text:GrRectFill)
                  00009456    00000086     rtsv7M4_T_le_v4SPD16_eabi.lib : fd_cmp_t2.asm.obj (.text:__aeabi_cdcmple)
                  000094dc    00000086                                   : fd_cmp_t2.asm.obj (.text:__aeabi_cdrcmple)
                  00009562    00000006     driverlib.lib : gpio.obj (.text:GPIOPinWrite)
                  00009568    00000084     sysbios.aem4f : BIOS.obj (.text:ti_sysbios_family_arm_m3_Hwi_postInit__I)
                  000095ec    00000082     drivers_tivaware.aem4f : UARTTiva.oem4f (.text:readIsrTextCallback)
                  0000966e    0000007e                            : I2CTiva.oem4f (.text:I2CTiva_transfer)
                  000096ec    0000007a     driverlib.lib : adc.obj (.text:ADCSequenceStepConfigure)
                  00009766    0000007a     drivers_tivaware.aem4f : UARTTiva.oem4f (.text:readTaskCallback)
                  000097e0    0000007a     rtsv7M4_T_le_v4SPD16_eabi.lib : memset_t2.asm.obj (.text)
                  0000985a    00000006     grlib.lib : string.obj (.text:GrContextFontSet)
                  00009860    00000074     sysbios.aem4f : BIOS.obj (.text:ti_sysbios_knl_Clock_start__E)
                  000098d4    00000004     empty_pem4f.oem4f (.text:ti_sysbios_knl_Clock_destruct)
                  000098d8    00000070     sysbios.aem4f : BIOS.obj (.text:ti_sysbios_knl_Clock_workFunc__E)
                  00009948    00000070                   : BIOS.obj (.text:ti_sysbios_knl_Task_exit__E)
                  000099b8    0000006e     rtsv7M4_T_le_v4SPD16_eabi.lib : _printfi.c.obj (.text:_mcpy)
                  00009a26    00000002     --HOLE-- [fill = 0]
                  00009a28    0000006d     ti.targets.arm.rtsarm.aem4f : System.oem4f (.text:xdc_runtime_System_formatNum__I)
                  00009a95    00000003     --HOLE-- [fill = 0]
                  00009a98    0000006c     drivers_tivaware.aem4f : PWMTimerTiva.oem4f (.text:PWMTimerTiva_control)
                  00009b04    0000006c     empty_pem4f.oem4f (.text:ti_sysbios_family_arm_m3_Hwi_Object__create__S)
                  00009b70    0000006c     sysbios.aem4f : BIOS.obj (.text:ti_sysbios_knl_Swi_restoreHwi__E)
                  00009bdc    0000006c     drivers_tivaware.aem4f : UARTTiva.oem4f (.text:writeData)
                  00009c48    0000006c     ti.targets.arm.rtsarm.aem4f : Error.oem4f (.text:xdc_runtime_Error_print__E)
                  00009cb4    0000006c                                 : Memory.oem4f (.text:xdc_runtime_Memory_alloc__E)
                  00009d20    0000006a     drivers_tivaware.aem4f : PWMTiva.oem4f (.text:PWMTiva_close)
                  00009d8a    00000002     --HOLE-- [fill = 0]
                  00009d8c    00000068     grlib.lib : context.obj (.text:GrContextInit)
                  00009df4    00000068               : string.obj (.text:GrStringWidthGet)
                  00009e5c    00000068     driverlib.lib : interrupt.obj (.text:IntEnable)
                  00009ec4    00000068     Kentec320x240x16_ssd2119_spi.obj (.text:Kentec320x240x16_SSD2119LineDrawH)
                  00009f2c    00000068     Kentec320x240x16_ssd2119_spi.obj (.text:Kentec320x240x16_SSD2119LineDrawV)
                  00009f94    00000068     rtsv7M4_T_le_v4SPD16_eabi.lib : copy_decompress_lzss.c.obj (.text:decompress:lzss:__TI_decompress_lzss)
                  00009ffc    00000066     grlib.lib : context.obj (.text:GrContextClipRegionSet)
                  0000a062    00000066               : rectangle.obj (.text:GrRectDraw)
                  0000a0c8    00000066     ti.targets.arm.rtsarm.aem4f : Core-mem.oem4f (.text:xdc_runtime_Core_deleteObject__I)
                  0000a12e    00000002     --HOLE-- [fill = 0]
                  0000a130    00000064     drivers_tivaware.aem4f : GPIOTiva.oem4f (.text:GPIO_hwiIntFxn)
                  0000a194    00000064     grlib_demo.obj (.text:OnGraphsMain)
                  0000a1f8    00000064     grlib.lib : widget.obj (.text:WidgetMessageQueueProcess)
                  0000a25c    00000064     rtsv7M4_T_le_v4SPD16_eabi.lib : s_frexp.c.obj (.text:frexp)
                  0000a2c0    00000064     sysbios.aem4f : BIOS.obj (.text:ti_sysbios_family_arm_lm4_Timer_Module_startup__E)
                  0000a324    00000064     empty_pem4f.oem4f (.text:ti_sysbios_family_arm_m3_Hwi_create)
                  0000a388    00000064     sysbios.aem4f : BIOS.obj (.text:ti_sysbios_family_arm_m3_Hwi_dispatchC__I)
                  0000a3ec    00000064     empty_pem4f.oem4f (.text:ti_sysbios_hal_Hwi_create)
                  0000a450    00000062     drivers_tivaware.aem4f : I2CTiva.oem4f (.text:I2CTiva_primeTransfer)
                  0000a4b2    00000002     --HOLE-- [fill = 0]
                  0000a4b4    00000060     driverlib.lib : timer.obj (.text:TimerConfigure)
                  0000a514    00000060     Kentec320x240x16_ssd2119_spi.obj (.text:WriteDataSPI)
                  0000a574    00000060     motorCode.obj (.text:statesFxn)
                  0000a5d4    00000004     empty_pem4f.oem4f (.text:ti_sysbios_knl_Queue_destruct)
                  0000a5d8    00000060     sysbios.aem4f : BIOS.obj (.text:ti_sysbios_knl_Task_schedule__I)
                  0000a638    0000005f     bmi160.obj (.text:writeI2C)
                  0000a697    00000001     --HOLE-- [fill = 0]
                  0000a698    0000005e     grlib.lib : widget.obj (.text:WidgetMessageSendPreOrder)
                  0000a6f6    0000005e     drivers_tivaware.aem4f : UARTTiva.oem4f (.text:readIsrBinaryBlocking)
                  0000a754    0000005c     Kentec320x240x16_ssd2119_spi.obj (.text:WriteCommandSPI)
                  0000a7b0    0000005c     sysbios.aem4f : BIOS.obj (.text:ti_sysbios_knl_Swi_run__I)
                  0000a80c    00000004     empty_pem4f.oem4f (.text:ti_sysbios_knl_Semaphore_destruct)
                  0000a810    0000005c     sysbios.aem4f : BIOS.obj (.text:ti_sysbios_knl_Swi_schedule__I)
                  0000a86c    00000004     ti.targets.arm.rtsarm.aem4f : Error.oem4f (.text:xdc_runtime_Error_getSite__E)
                  0000a870    0000005c     sysbios.aem4f : BIOS.obj (.text:ti_sysbios_knl_Task_Module_startup__E)
                  0000a8cc    00000004     empty_pem4f.oem4f (.text:xdc_runtime_System_Module_GateProxy_enter__E)
                  0000a8d0    0000005c     sysbios.aem4f : BIOS.obj (.text:ti_sysbios_knl_Task_startCore__E)
                  0000a92c    0000005b     ti.targets.arm.rtsarm.aem4f : Text.oem4f (.text:xdc_runtime_Text_putLab__E)
                  0000a987    00000001     --HOLE-- [fill = 0]
                  0000a988    0000005a     grlib.lib : string.obj (.text:FontWideGlyphDataGet)
                  0000a9e2    00000002     --HOLE-- [fill = 0]
                  0000a9e4    00000058     boot.aem4f : boot.oem4f (.text)
                  0000aa3c    00000058     rtsv7M4_T_le_v4SPD16_eabi.lib : hostwrite.c.obj (.text:HOSTwrite)
                  0000aa94    00000058     driverlib.lib : timer.obj (.text:TimerControlTrigger)
                  0000aaec    00000058     empty_pem4f.oem4f (.text:ti_sysbios_family_arm_m3_Hwi_construct)
                  0000ab44    00000058     sysbios.aem4f : m3_Hwi_asm_switch.obj (.text:ti_sysbios_family_arm_m3_Hwi_initStacks__E)
                  0000ab9c    00000056     driverlib.lib : gpio.obj (.text:GPIOIntTypeSet)
                  0000abf2    00000056     rtsv7M4_T_le_v4SPD16_eabi.lib : _printfi.c.obj (.text:_pconv_f)
                  0000ac48    00000054     EK_TM4C1294XL.obj (.text:EK_TM4C1294XL_initUART)
                  0000ac9c    00000054     rtsv7M4_T_le_v4SPD16_eabi.lib : _ltoa.c.obj (.text:__TI_ltoa)
                  0000acf0    00000054     drivers_tivaware.aem4f : UARTTiva.oem4f (.text:readIsrBinaryCallback)
                  0000ad44    00000054     ti.targets.arm.rtsarm.aem4f : Assert.oem4f (.text:xdc_runtime_Assert_raise__I)
                  0000ad98    00000052     rtsv7M4_T_le_v4SPD16_eabi.lib : _printfi.c.obj (.text:_ecpy)
                  0000adea    00000002     --HOLE-- [fill = 0]
                  0000adec    00000050     motorCode.obj (.text:ADC0_Init)
                  0000ae3c    00000050     driverlib.lib : adc.obj (.text:ADCSequenceConfigure)
                  0000ae8c    00000050     drivers_tivaware.aem4f : GPIOTiva.oem4f (.text:GPIO_setCallback)
                  0000aedc    00000050                            : GPIOTiva.oem4f (.text:GPIO_write)
                  0000af2c    00000050                            : UARTTiva.oem4f (.text:UARTTiva_writeCancel)
                  0000af7c    00000050     Boot.aem4f : Boot_sysctl.oem4f (.text:_SysCtlFrequencyGet)
                  0000afcc    00000004     empty_pem4f.oem4f (.text:xdc_runtime_System_Module_GateProxy_leave__E)
                  0000afd0    00000050     sysbios.aem4f : BIOS.obj (.text:ti_sysbios_family_arm_m3_Hwi_Module_startup__E)
                  0000b020    00000050     ti.targets.arm.rtsarm.aem4f : Startup.oem4f (.text:xdc_runtime_Startup_exec__E)
                  0000b070    00000050                                 : Text.oem4f (.text:xdc_runtime_Text_visitRope2__I)
                  0000b0c0    0000004c     driverlib.lib : i2c.obj (.text:I2CMasterInitExpClk)
                  0000b10c    0000004c     drivers_tivaware.aem4f : UARTTiva.oem4f (.text:UARTTiva_close)
                  0000b158    0000004c     grlib.lib : widget.obj (.text:WidgetRemove)
                  0000b1a4    0000004c     rtsv7M4_T_le_v4SPD16_eabi.lib : atoi.c.obj (.text:atoi)
                  0000b1f0    0000004c                                   : cpy_tbl.c.obj (.text:copy_in)
                  0000b23c    0000004c     grlib_demo.obj (.text:drawSettingValue)
                  0000b288    0000004c     motorCode.obj (.text:initUART)
                  0000b2d4    00000004     ti.targets.arm.rtsarm.aem4f : System.oem4f (.text:xdc_runtime_System_aprintf_va__F)
                  0000b2d8    0000004c     sysbios.aem4f : BIOS.obj (.text:ti_sysbios_family_arm_lm4_Timer_setAvailMask__E)
                  0000b324    00000004     ti.targets.arm.rtsarm.aem4f : System.oem4f (.text:xdc_runtime_System_printf_va__F)
                  0000b328    0000004c     sysbios.aem4f : BIOS.obj (.text:ti_sysbios_heaps_HeapMem_getStats__E)
                  0000b374    00000004     --HOLE-- [fill = 0]
                  0000b378    0000004c                   : BIOS.obj (.text:ti_sysbios_knl_Swi_runLoop__I)
                  0000b3c4    00000004     --HOLE-- [fill = 0]
                  0000b3c8    0000004c                   : BIOS.obj (.text:ti_sysbios_knl_Task_allBlockedFunction__I)
                  0000b414    0000004a     drivers_tivaware.aem4f : PWMTimerTiva.oem4f (.text:PWMTimerTiva_close)
                  0000b45e    0000004a     grlib.lib : string.obj (.text:UpdateContextCharMapping)
                  0000b4a8    00000048     driverlib.lib : gpio.obj (.text:GPIOPinConfigure)
                  0000b4f0    00000048                   : sysctl.obj (.text:_SysCtlFrequencyGet)
                  0000b538    00000048     bmi160.obj (.text:accelThreshold)
                  0000b580    00000048     rtsv7M4_T_le_v4SPD16_eabi.lib : fd_toi_t2.asm.obj (.text)
                  0000b5c8    00000048     sysbios.aem4f : BIOS.obj (.text:ti_sysbios_family_arm_m3_Hwi_disableInterrupt__E)
                  0000b610    00000048                   : BIOS.obj (.text:ti_sysbios_family_arm_m3_Hwi_enableInterrupt__E)
                  0000b658    00000048                   : BIOS.obj (.text:ti_sysbios_family_arm_m3_Hwi_excReserved__I)
                  0000b6a0    00000046     grlib.lib : line.obj (.text:GrLineDrawH)
                  0000b6e6    00000046               : line.obj (.text:GrLineDrawV)
                  0000b72c    00000046     Kentec320x240x16_ssd2119_spi.obj (.text:Kentec320x240x16_SSD2119PixelDraw)
                  0000b772    00000046     drivers_tivaware.aem4f : RingBuf.oem4f (.text:RingBuf_put)
                  0000b7b8    00000046     driverlib.lib : uart.obj (.text:UARTConfigSetExpClk)
                  0000b7fe    00000046     ti.targets.arm.rtsarm.aem4f : Core-params.oem4f (.text:xdc_runtime_Core_assignParams__I)
                  0000b844    00000004     --HOLE-- [fill = 0]
                  0000b848    00000044     sysbios.aem4f : BIOS.obj (.text:ti_sysbios_family_arm_lm4_Timer_isrStub__E)
                  0000b88c    00000004     --HOLE-- [fill = 0]
                  0000b890    00000044                   : BIOS.obj (.text:ti_sysbios_family_arm_m3_Hwi_getStackInfo__E)
                  0000b8d4    00000004     --HOLE-- [fill = 0]
                  0000b8d8    00000044                   : BIOS.obj (.text:ti_sysbios_knl_Swi_post__E)
                  0000b91c    00000044     ti.targets.arm.rtsarm.aem4f : Error.oem4f (.text:xdc_runtime_Error_setX__E)
                  0000b960    00000044                                 : SysMin.oem4f (.text:xdc_runtime_SysMin_flush__E)
                  0000b9a4    00000044                                 : Text.oem4f (.text:xdc_runtime_Text_xprintf__I)
                  0000b9e8    00000042     drivers_tivaware.aem4f : UARTTiva.oem4f (.text:UARTTiva_hwiIntFxn)
                  0000ba2a    00000042                            : UARTTiva.oem4f (.text:UARTTiva_writePolling)
                  0000ba6c    00000040     grlib_demo.obj (.text:OnMainMenu)
                  0000baac    00000040     grlib_demo.obj (.text:OnSettingsMain)
                  0000baec    00000040     drivers_tivaware.aem4f : RingBuf.oem4f (.text:RingBuf_get)
                  0000bb2c    00000040                            : UARTTiva.oem4f (.text:UARTTiva_read)
                  0000bb6c    00000040     rtsv7M4_T_le_v4SPD16_eabi.lib : u_divt2.asm.obj (.text)
                  0000bbac    00000040                                   : sprintf.c.obj (.text:sprintf)
                  0000bbec    00000004     --HOLE-- [fill = 0]
                  0000bbf0    00000040     sysbios.aem4f : BIOS.obj (.text:ti_sysbios_family_arm_lm4_Timer_startup__E)
                  0000bc30    0000003e     rtsv7M4_T_le_v4SPD16_eabi.lib : _printfi.c.obj (.text:_fcpy)
                  0000bc6e    00000002     --HOLE-- [fill = 0]
                  0000bc70    0000003c     EK_TM4C1294XL.obj (.text:EK_TM4C1294XL_initI2C)
                  0000bcac    0000003c     driverlib.lib : ssi.obj (.text:SSIConfigSetExpClk)
                  0000bce8    0000003c     sysbios.aem4f : BIOS.obj (.text:ti_sysbios_family_arm_m3_Hwi_excSvCall__I)
                  0000bd24    00000004     --HOLE-- [fill = 0]
                  0000bd28    0000003c                   : BIOS.obj (.text:ti_sysbios_heaps_HeapMem_init__I)
                  0000bd64    00000004     --HOLE-- [fill = 0]
                  0000bd68    0000003c                   : BIOS.obj (.text:ti_sysbios_knl_Swi_restore__E)
                  0000bda4    0000003a     grlib.lib : string.obj (.text:FontGlyphDataGet)
                  0000bdde    0000003a     drivers_tivaware.aem4f : I2CTiva.oem4f (.text:I2CTiva_completeTransfer)
                  0000be18    00000038                            : I2C.oem4f (.text:I2C_init)
                  0000be50    00000038                            : PWM.oem4f (.text:PWM_init)
                  0000be88    00000038     driverlib.lib : sysctl.obj (.text:SysCtlPeripheralReady)
                  0000bec0    00000038     drivers_tivaware.aem4f : UART.oem4f (.text:UART_init)
                  0000bef8    00000038     rtsv7M4_T_le_v4SPD16_eabi.lib : trgmsg.c.obj (.text:__TI_writemsg)
                  0000bf30    00000038                                   : fs_tod_t2.asm.obj (.text)
                  0000bf68    00000038     motorCode.obj (.text:startMotor)
                  0000bfa0    00000038     sysbios.aem4f : BIOS.obj (.text:ti_sysbios_family_arm_m3_Hwi_excNoIsr__I)
                  0000bfd8    00000038     empty_pem4f.oem4f (.text:ti_sysbios_knl_Clock_create)
                  0000c010    00000038     sysbios.aem4f : BIOS.obj (.text:ti_sysbios_knl_Task_processVitalTaskFlag__I)
                  0000c048    00000038     ti.targets.arm.rtsarm.aem4f : SysMin.oem4f (.text:xdc_runtime_SysMin_putch__E)
                  0000c080    00000038                                 : System.oem4f (.text:xdc_runtime_System_atexit__E)
                  0000c0b8    00000036     grlib.lib : line.obj (.text:GrClipCodeGet)
                  0000c0ee    00000036     drivers_tivaware.aem4f : I2CTiva.oem4f (.text:I2CTiva_close)
                  0000c124    00000036                            : UARTTiva.oem4f (.text:UARTTiva_readCancel)
                  0000c15a    00000002     --HOLE-- [fill = 0]
                  0000c15c    00000034     driverlib.lib : sysctl.obj (.text:SysCtlPeripheralEnable)
                  0000c190    00000034     rtsv7M4_T_le_v4SPD16_eabi.lib : trgmsg.c.obj (.text:__TI_readmsg)
                  0000c1c4    00000004     --HOLE-- [fill = 0]
                  0000c1c8    00000034     sysbios.aem4f : BIOS.obj (.text:ti_sysbios_family_arm_m3_Hwi_Instance_finalize__E)
                  0000c1fc    00000004     --HOLE-- [fill = 0]
                  0000c200    00000034                   : BIOS.obj (.text:ti_sysbios_family_arm_m3_Hwi_excNmi__I)
                  0000c234    00000004     --HOLE-- [fill = 0]
                  0000c238    00000034                   : BIOS.obj (.text:ti_sysbios_hal_Hwi_checkStack)
                  0000c26c    00000034     empty_pem4f.oem4f (.text:ti_sysbios_knl_Clock_construct)
                  0000c2a0    00000034     ti.targets.arm.rtsarm.aem4f : Core-label.oem4f (.text:xdc_runtime_Core_assignLabel__I)
                  0000c2d4    00000033                                 : Text.oem4f (.text:xdc_runtime_Text_printVisFxn__I)
                  0000c307    00000001     --HOLE-- [fill = 0]
                  0000c308    00000032     sysbios.aem4f : BIOS.obj (.text:ti_sysbios_hal_Hwi_initStack)
                  0000c33a    00000002     --HOLE-- [fill = 0]
                  0000c33c    00000030     drivers_tivaware.aem4f : GPIOTiva.oem4f (.text:GPIO_enableInt)
                  0000c36c    00000030                            : GPIOTiva.oem4f (.text:GPIO_read)
                  0000c39c    00000030                            : I2C.oem4f (.text:I2C_open)
                  0000c3cc    00000030     grlib_demo.obj (.text:OnGraphAcceleration)
                  0000c3fc    00000030     drivers_tivaware.aem4f : PWMTiva.oem4f (.text:PWMTiva_init)
                  0000c42c    00000030                            : PWM.oem4f (.text:PWM_open)
                  0000c45c    00000030                            : UART.oem4f (.text:UART_open)
                  0000c48c    00000030     sensors_api.obj (.text:accelEStopIntterupt)
                  0000c4bc    00000030     motorCode.obj (.text:readABC)
                  0000c4ec    00000030     empty_pem4f.oem4f (.text:ti_sysbios_BIOS_atExitFunc__I)
                  0000c51c    00000004     --HOLE-- [fill = 0]
                  0000c520    00000030     sysbios.aem4f : BIOS.obj (.text:ti_sysbios_family_arm_lm4_Timer_stop__E)
                  0000c550    00000030                   : BIOS.obj (.text:ti_sysbios_family_arm_m3_TaskSupport_start__E)
                  0000c580    00000030     empty_pem4f.oem4f (.text:ti_sysbios_gates_GateHwi_Object__create__S)
                  0000c5b0    00000030     empty_pem4f.oem4f (.text:ti_sysbios_gates_GateHwi_create)
                  0000c5e0    00000030     empty_pem4f.oem4f (.text:ti_sysbios_gates_GateMutex_Object__create__S)
                  0000c610    00000030     empty_pem4f.oem4f (.text:ti_sysbios_heaps_HeapMem_Object__create__S)
                  0000c640    00000030     sysbios.aem4f : BIOS.obj (.text:ti_sysbios_knl_Event_pendTimeout__I)
                  0000c670    00000030     empty_pem4f.oem4f (.text:ti_sysbios_knl_Semaphore_construct)
                  0000c6a0    00000030     sysbios.aem4f : BIOS.obj (.text:ti_sysbios_knl_Semaphore_pendTimeout__I)
                  0000c6d0    00000030                   : BIOS.obj (.text:ti_sysbios_knl_Task_unblockI__E)
                  0000c700    00000030     ti.targets.arm.rtsarm.aem4f : SysMin.oem4f (.text:xdc_runtime_SysMin_abort__E)
                  0000c730    00000030                                 : System.oem4f (.text:xdc_runtime_System_processAtExit__E)
                  0000c760    0000002e     grlib.lib : string.obj (.text:GrStringNextCharGet)
                  0000c78e    0000002e     rtsv7M4_T_le_v4SPD16_eabi.lib : i_tofd_t2.asm.obj (.text)
                  0000c7bc    0000002c     grlib.lib : string.obj (.text:GrFontBaselineGet)
                  0000c7e8    0000002c               : string.obj (.text:GrFontHeightGet)
                  0000c814    0000002c               : pushbutton.obj (.text:RectangularButtonMsgProc)
                  0000c840    0000002c               : widget.obj (.text:WidgetIsInTree)
                  0000c86c    0000002c     empty_pem4f.oem4f (.text:ti_sysbios_knl_Clock_doTick__I)
                  0000c898    0000002c     empty_pem4f.oem4f (.text:ti_sysbios_knl_Event_construct)
                  0000c8c4    0000002c     empty_pem4f.oem4f (.text:ti_sysbios_knl_Queue_construct)
                  0000c8f0    0000002c     sysbios.aem4f : BIOS.obj (.text:ti_sysbios_knl_Task_restore__E)
                  0000c91c    0000002c     ti.targets.arm.rtsarm.aem4f : Text.oem4f (.text:xdc_runtime_Text_cordText__E)
                  0000c948    0000002a     driverlib.lib : gpio.obj (.text:GPIODirModeSet)
                  0000c972    0000002a     ti.targets.arm.rtsarm.aem4f : System.oem4f (.text:xdc_runtime_System_putchar__I)
                  0000c99c    00000028     Kentec320x240x16_ssd2119_spi.obj (.text:Kentec320x240x16_SSD2119ColorTranslate)
                  0000c9c4    00000028     grlib_demo.obj (.text:OnGraphSpeed)
                  0000c9ec    00000004     --HOLE-- [fill = 0]
                  0000c9f0    00000028     sysbios.aem4f : BIOS.obj (.text:ti_sysbios_hal_Hwi_Instance_init__E)
                  0000ca18    00000028                   : BIOS.obj (.text:ti_sysbios_knl_Swi_Module_startup__E)
                  0000ca40    00000026     grlib.lib : string.obj (.text:GrFontInfoGet)
                  0000ca66    00000026     sysbios.aem4f : m3_Hwi_asm.obj (.text:ti_sysbios_family_arm_m3_Hwi_pendSV__I)
                  0000ca8c    00000026     ti.targets.arm.rtsarm.aem4f : System.oem4f (.text:xdc_runtime_System_avprintf__E)
                  0000cab2    00000002     --HOLE-- [fill = 0]
                  0000cab4    00000024     grlib_demo.obj (.text:OnGraphLight)
                  0000cad8    00000024     grlib_demo.obj (.text:OnGraphPower)
                  0000cafc    00000024     sensors_api.obj (.text:setAccelThreshold)
                  0000cb20    00000024     empty_pem4f.oem4f (.text:ti_sysbios_BIOS_errorRaiseHook__I)
                  0000cb44    00000024     empty_pem4f.oem4f (.text:ti_sysbios_BIOS_registerRTSLock__I)
                  0000cb68    00000024     empty_pem4f.oem4f (.text:ti_sysbios_BIOS_removeRTSLock__I)
                  0000cb8c    00000024     empty_pem4f.oem4f (.text:ti_sysbios_BIOS_startFunc__I)
                  0000cbb0    00000024     empty_pem4f.oem4f (.text:ti_sysbios_gates_GateMutex_Object__delete__S)
                  0000cbd4    00000004     --HOLE-- [fill = 0]
                  0000cbd8    00000024     sysbios.aem4f : BIOS.obj (.text:ti_sysbios_knl_Clock_Module_startup__E)
                  0000cbfc    00000004     --HOLE-- [fill = 0]
                  0000cc00    00000024                   : BIOS.obj (.text:ti_sysbios_knl_Task_restoreHwi__E)
                  0000cc24    00000024     ti.targets.arm.rtsarm.aem4f : System.oem4f (.text:xdc_runtime_System_vprintf__E)
                  0000cc48    00000022     grlib.lib : string.obj (.text:GrFontGlyphDataGet)
                  0000cc6a    00000022     driverlib.lib : pwm.obj (.text:PWMGenConfigure)
                  0000cc8c    00000022     drivers_tivaware.aem4f : PWMTiva.oem4f (.text:PWMTiva_getPeriodCounts)
                  0000ccae    00000002     --HOLE-- [fill = 0]
                  0000ccb0    00000022     sysbios.aem4f : BIOS.obj (.text:ti_sysbios_family_arm_lm4_Timer_write__I)
                  0000ccd2    00000022     empty_pem4f.oem4f (.text:xdc_runtime_SysMin_output__I)
                  0000ccf4    00000020     drivers_tivaware.aem4f : GPIOTiva.oem4f (.text:GPIO_clearInt)
                  0000cd14    00000020     driverlib.lib : uart.obj (.text:UARTDisable)
                  0000cd34    00000020     Boot.aem4f : Boot_sysctl.oem4f (.text:_SysCtlMemTimingGet)
                  0000cd54    00000020     driverlib.lib : sysctl.obj (.text:_SysCtlMemTimingGet)
                  0000cd74    00000020     motorCode.obj (.text:setSpeed)
                  0000cd94    00000020     empty_pem4f.oem4f (.text:ti_sysbios_BIOS_rtsLock__I)
                  0000cdb4    00000020     empty_pem4f.oem4f (.text:ti_sysbios_family_arm_m3_Hwi_Object__delete__S)
                  0000cdd4    00000020     sysbios.aem4f : m3_Hwi_asm.obj (.text:ti_sysbios_family_arm_m3_Hwi_excHandlerAsm__I)
                  0000cdf4    00000004     --HOLE-- [fill = 0]
                  0000cdf8    00000020                   : BIOS.obj (.text:ti_sysbios_family_arm_m3_Hwi_excHandler__I)
                  0000ce18    00000020     empty_pem4f.oem4f (.text:ti_sysbios_gates_GateHwi_Object__delete__S)
                  0000ce38    00000020     empty_pem4f.oem4f (.text:ti_sysbios_heaps_HeapMem_Object__delete__S)
                  0000ce58    00000020     empty_pem4f.oem4f (.text:ti_sysbios_knl_Clock_Object__destruct__S)
                  0000ce78    00000020     sysbios.aem4f : BIOS.obj (.text:ti_sysbios_knl_Idle_run__E)
                  0000ce98    00000020     empty_pem4f.oem4f (.text:ti_sysbios_knl_Semaphore_Object__destruct__S)
                  0000ceb8    00000020     ti.targets.arm.rtsarm.aem4f : Registry.oem4f (.text:xdc_runtime_Registry_findById__E)
                  0000ced8    00000020                                 : SysMin.oem4f (.text:xdc_runtime_SysMin_Module_startup__E)
                  0000cef8    0000001e     grlib.lib : string.obj (.text:GrFontCodepageGet)
                  0000cf16    0000001e     driverlib.lib : pwm.obj (.text:PWMPulseWidthSet)
                  0000cf34    0000001e     drivers_tivaware.aem4f : PWMTiva.oem4f (.text:PWMTiva_getPeriodMicroSecs)
                  0000cf52    0000001e     grlib.lib : widget.obj (.text:WidgetAdd)
                  0000cf70    0000001e     sysbios.aem4f : m3_Hwi_asm_switch.obj (.text:ti_sysbios_family_xxx_Hwi_switchAndRunFunc)
                  0000cf8e    00000002     --HOLE-- [fill = 0]
                  0000cf90    0000001c     grlib.lib : widget.obj (.text:WidgetPointerMessage)
                  0000cfac    0000001c     drivers_tivaware.aem4f : GPIOTiva.oem4f (.text:getGpioIntIndex)
                  0000cfc8    0000001c     rtsv7M4_T_le_v4SPD16_eabi.lib : memccpy.c.obj (.text:memccpy)
                  0000cfe4    0000001c     empty_pem4f.oem4f (.text:ti_sysbios_family_arm_m3_Hwi_Object__destruct__S)
                  0000d000    0000001c     sysbios.aem4f : BIOS.obj (.text:ti_sysbios_gates_GateMutex_Instance_init__E)
                  0000d01c    0000001c     empty_pem4f.oem4f (.text:ti_sysbios_hal_Hwi_HwiProxy_create)
                  0000d038    0000001c     empty_pem4f.oem4f (.text:ti_sysbios_knl_Queue_Object__destruct__S)
                  0000d054    00000004     --HOLE-- [fill = 0]
                  0000d058    0000001c     sysbios.aem4f : BIOS.obj (.text:ti_sysbios_knl_Queue_put__E)
                  0000d074    00000004     --HOLE-- [fill = 0]
                  0000d078    0000001c                   : BIOS.obj (.text:ti_sysbios_knl_Task_enter__I)
                  0000d094    0000001c     ti.targets.arm.rtsarm.aem4f : Error.oem4f (.text:xdc_runtime_Error_raiseX__E)
                  0000d0b0    0000001c                                 : Memory.oem4f (.text:xdc_runtime_Memory_valloc__E)
                  0000d0cc    0000001c                                 : SysMin.oem4f (.text:xdc_runtime_SysMin_exit__E)
                  0000d0e8    0000001c                                 : System.oem4f (.text:xdc_runtime_System_abort__E)
                  0000d104    0000001a     rtsv7M4_T_le_v4SPD16_eabi.lib : s_copysign.c.obj (.text:copysign)
                  0000d11e    0000001a     empty_pem4f.oem4f (.text:ti_sysbios_family_arm_m3_Hwi_Handle__label__S)
                  0000d138    0000001a     empty_pem4f.oem4f (.text:ti_sysbios_gates_GateHwi_Handle__label__S)
                  0000d152    0000001a     empty_pem4f.oem4f (.text:ti_sysbios_gates_GateMutex_Handle__label__S)
                  0000d16c    0000001a     empty_pem4f.oem4f (.text:ti_sysbios_heaps_HeapMem_Handle__label__S)
                  0000d186    0000001a     empty_pem4f.oem4f (.text:ti_sysbios_knl_Swi_Handle__label__S)
                  0000d1a0    0000001a     empty_pem4f.oem4f (.text:ti_sysbios_knl_Task_Handle__label__S)
                  0000d1ba    0000001a     empty_pem4f.oem4f (.text:xdc_runtime_System_aprintf__E)
                  0000d1d4    0000001a     empty_pem4f.oem4f (.text:xdc_runtime_System_printf__E)
                  0000d1ee    00000018     driverlib.lib : gpio.obj (.text:GPIOPinTypeGPIOOutput)
                  0000d206    00000018                   : timer.obj (.text:TimerControlLevel)
                  0000d21e    00000002     --HOLE-- [fill = 0]
                  0000d220    00000018                   : timer.obj (.text:TimerDisable)
                  0000d238    00000018     drivers_tivaware.aem4f : UART.oem4f (.text:UART_Params_init)
                  0000d250    00000018     rtsv7M4_T_le_v4SPD16_eabi.lib : args_main.c.obj (.text:_args_main)
                  0000d268    00000018                                   : sprintf.c.obj (.text:_outs)
                  0000d280    00000018     empty.obj (.text:heartBeatFxn)
                  0000d298    00000018     empty_pem4f.oem4f (.text:ti_sysbios_BIOS_rtsUnlock__I)
                  0000d2b0    00000018     empty_pem4f.oem4f (.text:ti_sysbios_family_arm_lm4_Timer_Module__startupDone__F)
                  0000d2c8    00000018     empty_pem4f.oem4f (.text:ti_sysbios_family_arm_m3_Hwi_Module__startupDone__F)
                  0000d2e0    00000018     sysbios.aem4f : m3_TaskSupport_asm.obj (.text:ti_sysbios_family_arm_m3_TaskSupport_swap__E)
                  0000d2f8    00000018                   : BIOS.obj (.text:ti_sysbios_gates_GateMutex_leave__E)
                  0000d310    00000018                   : BIOS.obj (.text:ti_sysbios_knl_Task_sleepTimeout__I)
                  0000d328    00000018     ti.targets.arm.rtsarm.aem4f : Error.oem4f (.text:xdc_runtime_Error_check__E)
                  0000d340    00000018                                 : System.oem4f (.text:xdc_runtime_System_exit__E)
                  0000d358    00000018                                 : Text.oem4f (.text:xdc_runtime_Text_ropeText__E)
                  0000d370    00000016     grlib.lib : string.obj (.text:GrStringDraw)
                  0000d386    00000016     driverlib.lib : i2c.obj (.text:I2CMasterErr)
                  0000d39c    00000016     rtsv7M4_T_le_v4SPD16_eabi.lib : strchr.c.obj (.text:strchr)
                  0000d3b2    00000016     empty_pem4f.oem4f (.text:ti_sysbios_BIOS_exitFunc__I)
                  0000d3c8    00000016     motorCode.obj (.text:ti_sysbios_gates_GateHwi_Params_init)
                  0000d3de    00000016     motorCode.obj (.text:ti_sysbios_hal_Hwi_Params_init)
                  0000d3f4    00000016     empty.obj (.text:ti_sysbios_knl_Clock_Params_init)
                  0000d40a    00000016     motorCode.obj (.text:ti_sysbios_knl_Clock_Params_init)
                  0000d420    00000016     sensors_api.obj (.text:ti_sysbios_knl_Clock_Params_init)
                  0000d436    00000016     motorCode.obj (.text:ti_sysbios_knl_Semaphore_Params_init)
                  0000d44c    00000016     sensors_api.obj (.text:ti_sysbios_knl_Semaphore_Params_init)
                  0000d462    00000016     sensors_api.obj (.text:ti_sysbios_knl_Task_Params_init)
                  0000d478    00000014     grlib.lib : canvas.obj (.text:CanvasMsgProc)
                  0000d48c    00000014     Kentec320x240x16_ssd2119_spi.obj (.text:LED_OFF)
                  0000d4a0    00000014     Kentec320x240x16_ssd2119_spi.obj (.text:LED_ON)
                  0000d4b4    00000014     grlib_demo.obj (.text:OnSettingAcceleration)
                  0000d4c8    00000014     grlib_demo.obj (.text:OnSettingCurrent)
                  0000d4dc    00000014     grlib_demo.obj (.text:OnSettingSpeed)
                  0000d4f0    00000014     driverlib.lib : pwm.obj (.text:PWMClockSet)
                  0000d504    00000014                   : sysctl.obj (.text:SysCtlPWMClockSet)
                  0000d518    00000014     touch.obj (.text:TouchScreenCallbackSet)
                  0000d52c    00000014     driverlib.lib : uart.obj (.text:UARTEnable)
                  0000d540    00000014     grlib.lib : widget.obj (.text:WidgetMutexGet)
                  0000d554    00000014     empty.obj (.text:bmiHeartBeatFxn)
                  0000d568    00000014     motorCode.obj (.text:getSpeed)
                  0000d57c    00000014     rtsv7M4_T_le_v4SPD16_eabi.lib : strlen.c.obj (.text:strlen)
                  0000d590    00000014     empty_pem4f.oem4f (.text:ti_sysbios_family_arm_m3_Hwi_Object__get__S)
                  0000d5a4    00000004     --HOLE-- [fill = 0]
                  0000d5a8    00000014     sysbios.aem4f : BIOS.obj (.text:ti_sysbios_family_arm_m3_Hwi_switchFromBootStack__E)
                  0000d5bc    00000014     empty_pem4f.oem4f (.text:ti_sysbios_heaps_HeapMem_Object__get__S)
                  0000d5d0    00000014     sysbios.aem4f : BIOS.obj (.text:ti_sysbios_knl_Event_Instance_init__E)
                  0000d5e4    00000014     empty_pem4f.oem4f (.text:ti_sysbios_knl_Swi_Object__get__S)
                  0000d5f8    00000014     motorCode.obj (.text:waitFxn)
                  0000d60c    00000012     driverlib.lib : gpio.obj (.text:GPIOPinTypeADC)
                  0000d61e    00000012                   : gpio.obj (.text:GPIOPinTypeEthernetLED)
                  0000d630    00000012                   : gpio.obj (.text:GPIOPinTypeGPIOInput)
                  0000d642    00000012                   : gpio.obj (.text:GPIOPinTypeI2C)
                  0000d654    00000012                   : gpio.obj (.text:GPIOPinTypeI2CSCL)
                  0000d666    00000012                   : gpio.obj (.text:GPIOPinTypePWM)
                  0000d678    00000012                   : gpio.obj (.text:GPIOPinTypeSSI)
                  0000d68a    00000012                   : gpio.obj (.text:GPIOPinTypeTimer)
                  0000d69c    00000012                   : gpio.obj (.text:GPIOPinTypeUART)
                  0000d6ae    00000012                   : gpio.obj (.text:GPIOPinTypeUSBAnalog)
                  0000d6c0    00000012                   : gpio.obj (.text:GPIOPinTypeUSBDigital)
                  0000d6d2    00000012                   : pwm.obj (.text:PWMGenPeriodGet)
                  0000d6e4    00000012                   : pwm.obj (.text:PWMOutputInvert)
                  0000d6f6    00000012                   : pwm.obj (.text:PWMOutputState)
                  0000d708    00000012     drivers_tivaware.aem4f : RingBuf.oem4f (.text:RingBuf_construct)
                  0000d71a    00000012     driverlib.lib : ssi.obj (.text:SSIDataGetNonBlocking)
                  0000d72c    00000012                   : timer.obj (.text:TimerLoadSet)
                  0000d73e    00000012                   : timer.obj (.text:TimerMatchSet)
                  0000d750    00000012                   : timer.obj (.text:TimerPrescaleMatchSet)
                  0000d762    00000012                   : timer.obj (.text:TimerPrescaleSet)
                  0000d774    00000004     --HOLE-- [fill = 0]
                  0000d778    00000012     sysbios.aem4f : BIOS.obj (.text:ti_sysbios_hal_Hwi_Module_startup__E)
                  0000d78a    00000012     rtsv7M4_T_le_v4SPD16_eabi.lib : wcslen.c.obj (.text:wcslen)
                  0000d79c    00000012     empty_pem4f.oem4f (.text:xdc_runtime_Startup_exec__I)
                  0000d7ae    00000002     --HOLE-- [fill = 0]
                  0000d7b0    00000010     empty_pem4f.oem4f (.text:.bootCodeSection:ti_catalog_arm_cortexm4_tiva_ce_Boot_init__I)
                  0000d7c0    00000010     driverlib.lib : adc.obj (.text:ADCIntEnable)
                  0000d7d0    00000010     drivers_tivaware.aem4f : I2C.oem4f (.text:I2C_Params_init)
                  0000d7e0    00000010     driverlib.lib : pwm.obj (.text:PWMGenPeriodSet)
                  0000d7f0    00000010     drivers_tivaware.aem4f : PWM.oem4f (.text:PWM_Params_init)
                  0000d800    00000010                            : UARTTiva.oem4f (.text:readBlockingTimeout)
                  0000d810    00000010     sensors_api.obj (.text:swiAcceleration)
                  0000d820    00000010     sysbios.aem4f : BIOS.obj (.text:ti_sysbios_BIOS_getCpuFreq__E)
                  0000d830    00000010                   : BIOS.obj (.text:ti_sysbios_BIOS_setThreadType__E)
                  0000d840    00000010                   : BIOS.obj (.text:ti_sysbios_BIOS_start__E)
                  0000d850    00000010                   : m3_TaskSupport_asm.obj (.text:ti_sysbios_family_arm_m3_TaskSupport_glue)
                  0000d860    00000010                   : BIOS.obj (.text:ti_sysbios_gates_GateMutex_Instance_finalize__E)
                  0000d870    00000010     empty_pem4f.oem4f (.text:ti_sysbios_hal_Hwi_HwiProxy_Object__create__S)
                  0000d880    00000010     sysbios.aem4f : BIOS.obj (.text:ti_sysbios_knl_Semaphore_Instance_finalize__E)
                  0000d890    00000010                   : BIOS.obj (.text:ti_sysbios_knl_Swi_disable__E)
                  0000d8a0    00000010     empty_pem4f.oem4f (.text:ti_sysbios_knl_Task_Object__get__S)
                  0000d8b0    00000010     sysbios.aem4f : BIOS.obj (.text:ti_sysbios_knl_Task_disable__E)
                  0000d8c0    00000010     ti.targets.arm.rtsarm.aem4f : Gate.oem4f (.text:xdc_runtime_Gate_leaveSystem__E)
                  0000d8d0    00000010                                 : Memory.oem4f (.text:xdc_runtime_Memory_free__E)
                  0000d8e0    00000010                                 : SysMin.oem4f (.text:xdc_runtime_SysMin_ready__E)
                  0000d8f0    00000010                                 : System.oem4f (.text:xdc_runtime_System_vsnprintf__E)
                  0000d900    00000010     empty_pem4f.oem4f (.text:xdc_runtime_Text_visitRope__I)
                  0000d910    0000000e     driverlib.lib : adc.obj (.text:ADCSequenceEnable)
                  0000d91e    0000000e                   : gpio.obj (.text:GPIOIntStatus)
                  0000d92c    0000000e     grlib.lib : image.obj (.text:GrImageDraw)
                  0000d93a    0000000e     driverlib.lib : timer.obj (.text:TimerEnable)
                  0000d948    0000000e                   : uart.obj (.text:UARTCharGetNonBlocking)
                  0000d956    0000000e                   : uart.obj (.text:UARTCharPutNonBlocking)
                  0000d964    0000000e     rtsv7M4_T_le_v4SPD16_eabi.lib : copy_decompress_none.c.obj (.text:decompress:none:__TI_decompress_none)
                  0000d972    00000006     driverlib.lib : i2c.obj (.text:I2CMasterIntDisable)
                  0000d978    0000000e     sysbios.aem4f : BIOS.obj (.text:ti_sysbios_knl_Idle_loop__E)
                  0000d986    00000002     --HOLE-- [fill = 0]
                  0000d988    0000000e                   : BIOS.obj (.text:ti_sysbios_knl_Queue_empty__E)
                  0000d996    0000000c     driverlib.lib : gpio.obj (.text:GPIOIntEnable)
                  0000d9a2    0000000c                   : pwm.obj (.text:PWMGenDisable)
                  0000d9ae    0000000c                   : pwm.obj (.text:PWMGenEnable)
                  0000d9ba    0000000c     drivers_tivaware.aem4f : RingBuf.oem4f (.text:RingBuf_peek)
                  0000d9c6    0000000c     driverlib.lib : uart.obj (.text:UARTFlowControlSet)
                  0000d9d2    0000000c     drivers_tivaware.aem4f : UARTTiva.oem4f (.text:UARTTiva_init)
                  0000d9de    00000002     --HOLE-- [fill = 0]
                  0000d9e0    0000000c     rtsv7M4_T_le_v4SPD16_eabi.lib : _lock.c.obj (.text:_register_lock)
                  0000d9ec    0000000c                                   : _lock.c.obj (.text:_register_unlock)
                  0000d9f8    0000000c                                   : copy_zero_init.c.obj (.text:decompress:ZI:__TI_zero_init)
                  0000da04    0000000c     motorCode.obj (.text:getState)
                  0000da10    0000000c     sysbios.aem4f : BIOS.obj (.text:ti_sysbios_family_arm_lm4_Timer_getAvailMask__E)
                  0000da1c    00000004     --HOLE-- [fill = 0]
                  0000da20    0000000c                   : BIOS.obj (.text:ti_sysbios_family_arm_lm4_Timer_getMaxTicks__E)
                  0000da2c    0000000c     empty_pem4f.oem4f (.text:ti_sysbios_family_arm_m3_Hwi_Params__init__S)
                  0000da38    0000000c     sysbios.aem4f : BIOS.obj (.text:ti_sysbios_family_arm_m3_Hwi_disableFxn__E)
                  0000da44    00000004     --HOLE-- [fill = 0]
                  0000da48    0000000c                   : BIOS.obj (.text:ti_sysbios_family_arm_m3_TaskSupport_checkStack__E)
                  0000da54    0000000c     empty_pem4f.oem4f (.text:ti_sysbios_gates_GateHwi_Params__init__S)
                  0000da60    0000000c     sysbios.aem4f : BIOS.obj (.text:ti_sysbios_gates_GateHwi_enter__E)
                  0000da6c    0000000c     empty_pem4f.oem4f (.text:ti_sysbios_hal_Hwi_Params__init__S)
                  0000da78    0000000c     empty_pem4f.oem4f (.text:ti_sysbios_knl_Clock_Params__init__S)
                  0000da84    00000004     --HOLE-- [fill = 0]
                  0000da88    0000000c     sysbios.aem4f : BIOS.obj (.text:ti_sysbios_knl_Clock_getTicks__E)
                  0000da94    0000000c     motorCode.obj (.text:ti_sysbios_knl_Event_handle)
                  0000daa0    0000000c     empty_pem4f.oem4f (.text:ti_sysbios_knl_Queue_Object__get__S)
                  0000daac    0000000c     empty_pem4f.oem4f (.text:ti_sysbios_knl_Semaphore_Params__init__S)
                  0000dab8    0000000c     motorCode.obj (.text:ti_sysbios_knl_Semaphore_handle)
                  0000dac4    0000000c     sensors_api.obj (.text:ti_sysbios_knl_Semaphore_handle)
                  0000dad0    0000000c     empty_pem4f.oem4f (.text:ti_sysbios_knl_Task_Params__init__S)
                  0000dadc    0000000c     empty.obj (.text:updateGraphUI)
                  0000dae8    0000000c     ti.targets.arm.rtsarm.aem4f : Error.oem4f (.text:xdc_runtime_Error_init__E)
                  0000daf4    0000000c                                 : Gate.oem4f (.text:xdc_runtime_Gate_enterSystem__E)
                  0000db00    0000000c                                 : Memory.oem4f (.text:xdc_runtime_Memory_calloc__E)
                  0000db0c    0000000c                                 : Memory.oem4f (.text:xdc_runtime_Memory_getMaxDefaultTypeAlign__E)
                  0000db18    0000000a     driverlib.lib : adc.obj (.text:ADCIntClear)
                  0000db22    0000000a                   : i2c.obj (.text:I2CMasterDisable)
                  0000db2c    0000000a                   : i2c.obj (.text:I2CMasterEnable)
                  0000db36    0000000a     drivers_tivaware.aem4f : I2CTiva.oem4f (.text:I2CTiva_init)
                  0000db40    0000000a                            : I2C.oem4f (.text:I2C_transfer)
                  0000db4a    0000000a     Kentec320x240x16_ssd2119_spi.obj (.text:Kentec320x240x16_SSD2119Flush)
                  0000db54    0000000a     drivers_tivaware.aem4f : PWMTimerTiva.oem4f (.text:PWMTimerTiva_getPeriodCounts)
                  0000db5e    0000000a                            : PWM.oem4f (.text:PWM_setDuty)
                  0000db68    0000000a     driverlib.lib : ssi.obj (.text:SSIDataPut)
                  0000db72    0000000a                   : ssi.obj (.text:SSIEnable)
                  0000db7c    0000000a                   : uart.obj (.text:UARTCharGet)
                  0000db86    0000000a                   : uart.obj (.text:UARTCharPut)
                  0000db90    0000000a                   : uart.obj (.text:UARTIntDisable)
                  0000db9a    0000000a                   : uart.obj (.text:UARTIntStatus)
                  0000dba4    0000000a     rtsv7M4_T_le_v4SPD16_eabi.lib : sprintf.c.obj (.text:_outc)
                  0000dbae    00000002     --HOLE-- [fill = 0]
                  0000dbb0    0000000a     sysbios.aem4f : BIOS.obj (.text:ti_sysbios_hal_Hwi_Instance_finalize__E)
                  0000dbba    0000000a     empty_pem4f.oem4f (.text:xdc_runtime_IHeap_alloc)
                  0000dbc4    0000000a     empty_pem4f.oem4f (.text:xdc_runtime_IHeap_free)
                  0000dbce    00000008     EK_TM4C1294XL.obj (.text:EK_TM4C1294XL_initGPIO)
                  0000dbd6    00000008     grlib.lib : charmap.obj (.text:GrMapISO8859_1_Unicode)
                  0000dbde    00000008     driverlib.lib : i2c.obj (.text:I2CMasterIntClear)
                  0000dbe6    00000008                   : i2c.obj (.text:I2CMasterSlaveAddrSet)
                  0000dbee    00000008     drivers_tivaware.aem4f : I2CTiva.oem4f (.text:I2CTiva_blockingCallback)
                  0000dbf6    00000008                            : PWMTimerTiva.oem4f (.text:PWMTimerTiva_init)
                  0000dbfe    00000008     driverlib.lib : ssi.obj (.text:SSIBusy)
                  0000dc06    00000008                   : uart.obj (.text:UARTIntEnable)
                  0000dc0e    00000008                   : uart.obj (.text:UARTRxErrorGet)
                  0000dc16    00000002     --HOLE-- [fill = 0]
                  0000dc18    00000008     rtsv7M4_T_le_v4SPD16_eabi.lib : errno.c.obj (.text:__aeabi_errno_addr)
                  0000dc20    00000008     drivers_tivaware.aem4f : UARTTiva.oem4f (.text:readSemCallback)
                  0000dc28    00000008     sysbios.aem4f : BIOS.obj (.text:ti_sysbios_family_arm_lm4_Timer_masterDisable__I)
                  0000dc30    00000008                   : BIOS.obj (.text:ti_sysbios_family_arm_m3_Hwi_doSwiRestore__I)
                  0000dc38    00000008                   : BIOS.obj (.text:ti_sysbios_family_arm_m3_Hwi_startup__E)
                  0000dc40    00000008     drivers_tivaware.aem4f : UARTTiva.oem4f (.text:writeSemCallback)
                  0000dc48    00000006     driverlib.lib : i2c.obj (.text:I2CMasterIntEnable)
                  0000dc4e    00000006     drivers_tivaware.aem4f : I2CTiva.oem4f (.text:I2CTiva_control)
                  0000dc54    00000006                            : PWMTimerTiva.oem4f (.text:PWMTimerTiva_getPeriodMicroSecs)
                  0000dc5a    00000006     driverlib.lib : sysctl.obj (.text:SysCtlDelay)
                  0000dc60    00000006                   : uart.obj (.text:UARTFIFOLevelSet)
                  0000dc66    00000006                   : uart.obj (.text:UARTRxErrorClear)
                  0000dc6c    00000006     grlib.lib : widget.obj (.text:WidgetMutexPut)
                  0000dc72    00000006     ti.targets.arm.rtsarm.aem4f : System.oem4f (.text:xdc_runtime_System_Module_startup__E)
                  0000dc78    00000006     sysbios.aem4f : BIOS.obj (.text:ti_sysbios_family_arm_m3_Hwi_doTaskRestore__I)
                  0000dc7e    00000002     --HOLE-- [fill = 0]
                  0000dc80    00000006                   : BIOS.obj (.text:ti_sysbios_family_arm_m3_Hwi_restoreFxn__E)
                  0000dc86    00000002     --HOLE-- [fill = 0]
                  0000dc88    00000006                   : BIOS.obj (.text:ti_sysbios_gates_GateHwi_leave__E)
                  0000dc8e    00000002     --HOLE-- [fill = 0]
                  0000dc90    00000006                   : BIOS.obj (.text:ti_sysbios_heaps_HeapMem_isBlocking__E)
                  0000dc96    00000002     --HOLE-- [fill = 0]
                  0000dc98    00000006                   : BIOS.obj (.text:ti_sysbios_knl_Clock_stop__E)
                  0000dc9e    00000002     --HOLE-- [fill = 0]
                  0000dca0    00000006                   : BIOS.obj (.text:ti_sysbios_knl_Queue_Instance_init__E)
                  0000dca6    00000002     --HOLE-- [fill = 0]
                  0000dca8    00000006                   : BIOS.obj (.text:ti_sysbios_knl_Swi_startup__E)
                  0000dcae    00000002     --HOLE-- [fill = 0]
                  0000dcb0    00000004                   : BIOS.obj (.text:ti_sysbios_gates_GateHwi_query__E)
                  0000dcb4    00000004     --HOLE-- [fill = 0]
                  0000dcb8    00000004                   : BIOS.obj (.text:ti_sysbios_gates_GateMutex_query__E)
                  0000dcbc    00000004     --HOLE-- [fill = 0]
                  0000dcc0    00000004                   : BIOS.obj (.text:ti_sysbios_knl_Task_startup__E)
                  0000dcc4    00000004     --HOLE-- [fill = 0]
                  0000dcc8    00000002                   : BIOS.obj (.text:ti_sysbios_gates_GateHwi_Instance_init__E)
                  0000dcca    00000006     --HOLE-- [fill = 0]
                  0000dcd0    00000002                   : BIOS.obj (.text:ti_sysbios_knl_Clock_logTick__E)

.const     0    0000dcd4    00003a84     
                  0000dcd4    0000192e     empty_pem4f.oem4f (.const:xdc_runtime_Text_charTab__A)
                  0000f602    000007e5     grlib.lib : fontcmss18.obj (.const:.string:g_pui8Cmss18Data)
                  0000fde7    00000782               : fontcmss18b.obj (.const:.string:g_pui8Cmss18bData)
                  00010569    00000001     empty_pem4f.oem4f (.const:xdc_runtime_Error_policy__C)
                  0001056a    00000002     empty_pem4f.oem4f (.const:ti_catalog_arm_cortexm4_tiva_ce_Boot_Module__id__C)
                  0001056c    000001b0     driverlib.lib : sysctl.obj (.const:g_pppui32XTALtoVCO)
                  0001071c    00000120     Boot.aem4f : Boot_sysctl.oem4f (.const:g_pppui32XTALtoVCO)
                  0001083c    00000101     rtsv7M4_T_le_v4SPD16_eabi.lib : ctype.c.obj (.const:.string:_ctypes_)
                  0001093d    00000001     --HOLE-- [fill = 0]
                  0001093e    00000002     empty_pem4f.oem4f (.const:ti_sysbios_family_arm_m3_Hwi_Module__id__C)
                  00010940    000000c8     grlib.lib : fontcmss18.obj (.const:g_sFontCmss18)
                  00010a08    000000c8               : fontcmss18b.obj (.const:g_sFontCmss18b)
                  00010ad0    000000c0     empty_pem4f.oem4f (.const:xdc_runtime_Text_nodeTab__A)
                  00010b90    0000009e     grlib_demo.obj (.const:.string)
                  00010c2e    00000002     empty_pem4f.oem4f (.const:ti_sysbios_gates_GateMutex_Module__id__C)
                  00010c30    00000090     driverlib.lib : gpio.obj (.const:g_pui32GPIOBaseAddrs)
                  00010cc0    00000070                   : interrupt.obj (.const)
                  00010d30    0000006c     Boot.aem4f : Boot_sysctl.oem4f (.const:g_pui32Xtals)
                  00010d9c    0000006c     driverlib.lib : sysctl.obj (.const:g_pui32Xtals)
                  00010e08    00000060     MotorLib.lib : motorlib.obj (.const:PWM_config)
                  00010e68    00000058     empty_pem4f.oem4f (.const:.string)
                  00010ec0    00000054     drivers_tivaware.aem4f : GPIOTiva.oem4f (.const:.string)
                  00010f14    00000054     MotorLib.lib : motorlib.obj (.const:motorLibPWMTivaHWAttrs)
                  00010f68    0000004c     drivers_tivaware.aem4f : UARTTiva.oem4f (.const)
                  00010fb4    00000048                            : GPIOTiva.oem4f (.const:gpioBaseAddresses)
                  00010ffc    0000003c     empty_pem4f.oem4f (.const:ti_sysbios_knl_Task_Object__PARAMS__C)
                  00011038    00000030     Boot.aem4f : Boot_sysctl.oem4f (.const:g_sXTALtoMEMTIM)
                  00011068    00000030     driverlib.lib : sysctl.obj (.const:g_sXTALtoMEMTIM)
                  00011098    00000030     empty_pem4f.oem4f (.const:ti_sysbios_family_arm_m3_Hwi_Object__PARAMS__C)
                  000110c8    00000030     EK_TM4C1294XL.obj (.const:uartTivaHWAttrs)
                  000110f8    0000002c     empty_pem4f.oem4f (.const:ti_sysbios_hal_Hwi_Object__PARAMS__C)
                  00011124    00000028     drivers_tivaware.aem4f : UARTTiva.oem4f (.const:UARTTiva_fxnTable)
                  0001114c    00000028     Kentec320x240x16_ssd2119_spi.obj (.const:g_sKentec320x240x16_SSD2119)
                  00011174    00000028     empty_pem4f.oem4f (.const:ti_sysbios_heaps_HeapMem_Module__FXNS__C)
                  0001119c    00000024     EK_TM4C1294XL.obj (.const:UART_config)
                  000111c0    00000024     drivers_tivaware.aem4f : UART.oem4f (.const:UART_defaultParams)
                  000111e4    00000024     empty_pem4f.oem4f (.const:ti_sysbios_gates_GateHwi_Module__FXNS__C)
                  00011208    00000024     empty_pem4f.oem4f (.const:ti_sysbios_gates_GateMutex_Module__FXNS__C)
                  0001122c    00000024     empty_pem4f.oem4f (.const:ti_sysbios_heaps_HeapMem_Object__PARAMS__C)
                  00011250    00000024     empty_pem4f.oem4f (.const:ti_sysbios_knl_Clock_Object__PARAMS__C)
                  00011274    00000024     empty_pem4f.oem4f (.const:ti_sysbios_knl_Semaphore_Object__PARAMS__C)
                  00011298    00000020     drivers_tivaware.aem4f : PWMTimerTiva.oem4f (.const)
                  000112b8    00000020                            : PWMTiva.oem4f (.const)
                  000112d8    00000020     empty_pem4f.oem4f (.const:ti_sysbios_family_arm_m3_Hwi_Object__DESC__C)
                  000112f8    00000020     empty_pem4f.oem4f (.const:ti_sysbios_gates_GateHwi_Object__DESC__C)
                  00011318    00000020     empty_pem4f.oem4f (.const:ti_sysbios_gates_GateMutex_Object__DESC__C)
                  00011338    00000020     empty_pem4f.oem4f (.const:ti_sysbios_hal_Hwi_Object__DESC__C)
                  00011358    00000020     empty_pem4f.oem4f (.const:ti_sysbios_heaps_HeapMem_Object__DESC__C)
                  00011378    00000020     empty_pem4f.oem4f (.const:ti_sysbios_knl_Clock_Object__DESC__C)
                  00011398    00000020     empty_pem4f.oem4f (.const:ti_sysbios_knl_Event_Object__DESC__C)
                  000113b8    00000020     empty_pem4f.oem4f (.const:ti_sysbios_knl_Queue_Object__DESC__C)
                  000113d8    00000020     empty_pem4f.oem4f (.const:ti_sysbios_knl_Semaphore_Object__DESC__C)
                  000113f8    00000020     empty_pem4f.oem4f (.const:xdc_runtime_Startup_sfxnTab__A)
                  00011418    0000001c     drivers_tivaware.aem4f : I2CTiva.oem4f (.const)
                  00011434    0000001c     touch.obj (.const:g_pi32TouchParameters)
                  00011450    00000018     EK_TM4C1294XL.obj (.const:I2C_config)
                  00011468    00000018     empty_pem4f.oem4f (.const:ti_sysbios_gates_GateHwi_Object__PARAMS__C)
                  00011480    00000018     empty_pem4f.oem4f (.const:ti_sysbios_gates_GateMutex_Object__PARAMS__C)
                  00011498    00000018     empty_pem4f.oem4f (.const:ti_sysbios_knl_Event_Object__PARAMS__C)
                  000114b0    00000018     empty_pem4f.oem4f (.const:ti_sysbios_knl_Queue_Object__PARAMS__C)
                  000114c8    00000014     EK_TM4C1294XL.obj (.const:GPIOTiva_config)
                  000114dc    00000014     empty_pem4f.oem4f (.const:xdc_runtime_Startup_firstFxns__A)
                  000114f0    00000010     drivers_tivaware.aem4f : I2C.oem4f (.const)
                  00011500    00000010     grlib.lib : context.obj (.const)
                  00011510    00000010     MotorLib.lib : motorlib.obj (.const:motorLibPWMTimerTivaHWAttrs)
                  00011520    00000010     empty_pem4f.oem4f (.const:xdc_runtime_Startup_sfxnRts__A)
                  00011530    0000000c     drivers_tivaware.aem4f : PWM.oem4f (.const)
                  0001153c    0000000c     EK_TM4C1294XL.obj (.const:i2cTivaHWAttrs)
                  00011548    00000008     Boot.aem4f : Boot_sysctl.oem4f (.const)
                  00011550    00000008     driverlib.lib : sysctl.obj (.const)
                  00011558    00000008     empty_pem4f.oem4f (.const:ti_sysbios_family_arm_m3_Hwi_excHookFuncs__A)
                  00011560    00000008     empty_pem4f.oem4f (.const:ti_sysbios_knl_Idle_funcList__C)
                  00011568    00000008     empty_pem4f.oem4f (.const:xdc_runtime_Startup_firstFxns__C)
                  00011570    00000008     empty_pem4f.oem4f (.const:xdc_runtime_Startup_lastFxns__C)
                  00011578    00000004     empty_pem4f.oem4f (.const:ti_catalog_arm_cortexm4_tiva_ce_Boot_A_mustNotUseEnhancedClockMode__C)
                  0001157c    00000004     empty_pem4f.oem4f (.const:ti_catalog_arm_cortexm4_tiva_ce_Boot_Module__diagsEnabled__C)
                  00011580    00000004     empty_pem4f.oem4f (.const:ti_catalog_arm_cortexm4_tiva_ce_Boot_Module__diagsIncluded__C)
                  00011584    00000004     empty_pem4f.oem4f (.const:ti_catalog_arm_cortexm4_tiva_ce_Boot_Module__diagsMask__C)
                  00011588    00000004     empty_pem4f.oem4f (.const:ti_sysbios_family_arm_lm4_Timer_enableFunc__C)
                  0001158c    00000004     empty_pem4f.oem4f (.const:ti_sysbios_family_arm_lm4_Timer_numTimerDevices__C)
                  00011590    00000004     empty_pem4f.oem4f (.const:ti_sysbios_family_arm_lm4_Timer_startupNeeded__C)
                  00011594    00000004     empty_pem4f.oem4f (.const:ti_sysbios_family_arm_m3_Hwi_E_NMI__C)
                  00011598    00000004     empty_pem4f.oem4f (.const:ti_sysbios_family_arm_m3_Hwi_E_alreadyDefined__C)
                  0001159c    00000004     empty_pem4f.oem4f (.const:ti_sysbios_family_arm_m3_Hwi_E_busFault__C)
                  000115a0    00000004     empty_pem4f.oem4f (.const:ti_sysbios_family_arm_m3_Hwi_E_debugMon__C)
                  000115a4    00000004     empty_pem4f.oem4f (.const:ti_sysbios_family_arm_m3_Hwi_E_hardFault__C)
                  000115a8    00000004     empty_pem4f.oem4f (.const:ti_sysbios_family_arm_m3_Hwi_E_memFault__C)
                  000115ac    00000004     empty_pem4f.oem4f (.const:ti_sysbios_family_arm_m3_Hwi_E_noIsr__C)
                  000115b0    00000004     empty_pem4f.oem4f (.const:ti_sysbios_family_arm_m3_Hwi_E_reserved__C)
                  000115b4    00000004     empty_pem4f.oem4f (.const:ti_sysbios_family_arm_m3_Hwi_E_svCall__C)
                  000115b8    00000004     empty_pem4f.oem4f (.const:ti_sysbios_family_arm_m3_Hwi_E_usageFault__C)
                  000115bc    00000004     empty_pem4f.oem4f (.const:ti_sysbios_family_arm_m3_Hwi_NUM_INTERRUPTS__C)
                  000115c0    00000004     empty_pem4f.oem4f (.const:ti_sysbios_family_arm_m3_Hwi_Object__count__C)
                  000115c4    00000004     empty_pem4f.oem4f (.const:ti_sysbios_family_arm_m3_Hwi_ccr__C)
                  000115c8    00000004     empty_pem4f.oem4f (.const:ti_sysbios_family_arm_m3_Hwi_excHandlerFunc__C)
                  000115cc    00000004     empty_pem4f.oem4f (.const:ti_sysbios_family_arm_m3_Hwi_excHookFuncs__C)
                  000115d0    00000004     empty_pem4f.oem4f (.const:ti_sysbios_family_arm_m3_Hwi_nullIsrFunc__C)
                  000115d4    00000004     empty_pem4f.oem4f (.const:ti_sysbios_family_arm_m3_Hwi_priGroup__C)
                  000115d8    00000004     empty_pem4f.oem4f (.const:ti_sysbios_gates_GateMutex_A_badContext__C)
                  000115dc    00000004     empty_pem4f.oem4f (.const:ti_sysbios_gates_GateMutex_Instance_State_sem__O)
                  000115e0    00000004     empty_pem4f.oem4f (.const:ti_sysbios_gates_GateMutex_Module__diagsEnabled__C)
                  000115e4    00000004     empty_pem4f.oem4f (.const:ti_sysbios_gates_GateMutex_Module__diagsIncluded__C)
                  000115e8    00000004     empty_pem4f.oem4f (.const:ti_sysbios_gates_GateMutex_Module__diagsMask__C)
                  000115ec    00000004     empty_pem4f.oem4f (.const:ti_sysbios_hal_Hwi_E_stackOverflow__C)
                  000115f0    00000004     empty_pem4f.oem4f (.const:ti_sysbios_heaps_HeapMem_A_align__C)
                  000115f4    00000004     empty_pem4f.oem4f (.const:ti_sysbios_heaps_HeapMem_A_heapSize__C)
                  000115f8    00000004     empty_pem4f.oem4f (.const:ti_sysbios_heaps_HeapMem_A_invalidFree__C)
                  000115fc    00000004     empty_pem4f.oem4f (.const:ti_sysbios_heaps_HeapMem_A_zeroBlock__C)
                  00011600    00000004     empty_pem4f.oem4f (.const:ti_sysbios_heaps_HeapMem_E_memory__C)
                  00011604    00000004     empty_pem4f.oem4f (.const:ti_sysbios_heaps_HeapMem_Module__diagsEnabled__C)
                  00011608    00000004     empty_pem4f.oem4f (.const:ti_sysbios_heaps_HeapMem_Module__diagsIncluded__C)
                  0001160c    00000004     empty_pem4f.oem4f (.const:ti_sysbios_heaps_HeapMem_Module__diagsMask__C)
                  00011610    00000004     empty_pem4f.oem4f (.const:ti_sysbios_heaps_HeapMem_Module__gateObj__C)
                  00011614    00000004     empty_pem4f.oem4f (.const:ti_sysbios_heaps_HeapMem_Object__count__C)
                  00011618    00000004     empty_pem4f.oem4f (.const:ti_sysbios_heaps_HeapMem_reqAlign__C)
                  0001161c    00000004     empty_pem4f.oem4f (.const:ti_sysbios_knl_Clock_A_badThreadType__C)
                  00011620    00000004     empty_pem4f.oem4f (.const:ti_sysbios_knl_Clock_Module_State_clockQ__O)
                  00011624    00000004     empty_pem4f.oem4f (.const:ti_sysbios_knl_Clock_Module__diagsEnabled__C)
                  00011628    00000004     empty_pem4f.oem4f (.const:ti_sysbios_knl_Clock_Module__diagsIncluded__C)
                  0001162c    00000004     empty_pem4f.oem4f (.const:ti_sysbios_knl_Clock_Module__diagsMask__C)
                  00011630    00000004     empty_pem4f.oem4f (.const:ti_sysbios_knl_Event_A_badContext__C)
                  00011634    00000004     empty_pem4f.oem4f (.const:ti_sysbios_knl_Event_A_eventInUse__C)
                  00011638    00000004     empty_pem4f.oem4f (.const:ti_sysbios_knl_Event_A_nullEventId__C)
                  0001163c    00000004     empty_pem4f.oem4f (.const:ti_sysbios_knl_Event_A_nullEventMasks__C)
                  00011640    00000004     empty_pem4f.oem4f (.const:ti_sysbios_knl_Event_A_pendTaskDisabled__C)
                  00011644    00000004     empty_pem4f.oem4f (.const:ti_sysbios_knl_Event_Instance_State_pendQ__O)
                  00011648    00000004     empty_pem4f.oem4f (.const:ti_sysbios_knl_Event_Module__diagsEnabled__C)
                  0001164c    00000004     empty_pem4f.oem4f (.const:ti_sysbios_knl_Event_Module__diagsIncluded__C)
                  00011650    00000004     empty_pem4f.oem4f (.const:ti_sysbios_knl_Event_Module__diagsMask__C)
                  00011654    00000004     empty_pem4f.oem4f (.const:ti_sysbios_knl_Idle_funcList__A)
                  00011658    00000004     empty_pem4f.oem4f (.const:ti_sysbios_knl_Semaphore_A_badContext__C)
                  0001165c    00000004     empty_pem4f.oem4f (.const:ti_sysbios_knl_Semaphore_A_noEvents__C)
                  00011660    00000004     empty_pem4f.oem4f (.const:ti_sysbios_knl_Semaphore_A_overflow__C)
                  00011664    00000004     empty_pem4f.oem4f (.const:ti_sysbios_knl_Semaphore_A_pendTaskDisabled__C)
                  00011668    00000004     empty_pem4f.oem4f (.const:ti_sysbios_knl_Semaphore_Instance_State_pendQ__O)
                  0001166c    00000004     empty_pem4f.oem4f (.const:ti_sysbios_knl_Semaphore_Module__diagsEnabled__C)
                  00011670    00000004     empty_pem4f.oem4f (.const:ti_sysbios_knl_Semaphore_Module__diagsIncluded__C)
[...]
00011698  ti_sysbios_knl_Task_Module__diagsMask__C                             
0001169c  ti_sysbios_knl_Task_Object__count__C                                 
000116a0  ti_sysbios_knl_Task_allBlockedFunc__C                                
000116a4  ti_sysbios_knl_Task_numConstructedTasks__C                           
000116a8  xdc_runtime_Assert_E_assertFailed__C                                 
000116ac  xdc_runtime_Core_A_initializedParams__C                              
000116b0  xdc_runtime_Core_Module__diagsEnabled__C                             
000116b4  xdc_runtime_Core_Module__diagsIncluded__C                            
000116b8  xdc_runtime_Core_Module__diagsMask__C                                
000116bc  xdc_runtime_Error_E_generic__C                                       
000116c0  xdc_runtime_Error_E_memory__C                                        
000116c4  xdc_runtime_Error_Module__diagsEnabled__C                            
000116c8  xdc_runtime_Error_Module__diagsIncluded__C                           
000116cc  xdc_runtime_Error_Module__diagsMask__C                               
000116d0  xdc_runtime_Error_Module__loggerFxn8__C                              
000116d4  xdc_runtime_Error_Module__loggerObj__C                               
000116d8  xdc_runtime_Error_policyFxn__C                                       
000116dc  xdc_runtime_Error_raiseHook__C                                       
000116e0  xdc_runtime_IGateProvider_Interface__BASE__C                         
000116e4  xdc_runtime_IHeap_Interface__BASE__C                                 
000116e8  xdc_runtime_IModule_Interface__BASE__C                               
000116ec  xdc_runtime_Log_L_error__C                                           
000116f0  xdc_runtime_Memory_defaultHeapInstance__C                            
000116f4  xdc_runtime_Startup_execImpl__C                                      
000116f8  xdc_runtime_Startup_maxPasses__C                                     
000116fc  xdc_runtime_Startup_sfxnRts__C                                       
00011700  xdc_runtime_Startup_sfxnTab__C                                       
00011704  xdc_runtime_SysMin_bufSize__C                                        
00011708  xdc_runtime_SysMin_outputFunc__C                                     
0001170c  xdc_runtime_System_Module__gateObj__C                                
00011710  xdc_runtime_System_abortFxn__C                                       
00011714  xdc_runtime_System_exitFxn__C                                        
00011718  xdc_runtime_System_extendFxn__C                                      
0001171c  xdc_runtime_System_maxAtexitHandlers__C                              
00011720  xdc_runtime_Text_charTab__C                                          
00011724  xdc_runtime_Text_nameEmpty__C                                        
00011728  xdc_runtime_Text_nameStatic__C                                       
0001172c  xdc_runtime_Text_nameUnknown__C                                      
00011730  xdc_runtime_Text_nodeTab__C                                          
00011734  xdc_runtime_Text_visitRopeFxn__C                                     
00011738  ti_sysbios_hal_Hwi_Module__id__C                                     
0001173a  ti_sysbios_heaps_HeapMem_Module__id__C                               
0001173c  ti_sysbios_knl_Clock_Module__id__C                                   
0001173e  ti_sysbios_knl_Event_Module__id__C                                   
00011740  ti_sysbios_knl_Semaphore_Module__id__C                               
00011742  ti_sysbios_knl_Task_Module__id__C                                    
00011744  xdc_runtime_Core_Module__id__C                                       
00011746  xdc_runtime_Error_Module__loggerDefined__C                           
00011748  xdc_runtime_Error_maxDepth__C                                        
0001174a  xdc_runtime_Main_Module__id__C                                       
0001174c  xdc_runtime_Memory_Module__id__C                                     
0001174e  xdc_runtime_SysMin_flushAtExit__C                                    
00011750  xdc_runtime_Text_charCnt__C                                          
00011752  xdc_runtime_Text_isLoaded__C                                         
00011754  xdc_runtime_Text_registryModsLastId__C                               
00011756  xdc_runtime_Text_unnamedModsLastId__C                                
00011758  __TI_static_base__                                                   
00011b48  __TI_Handler_Table_Base                                              
00011b54  __TI_Handler_Table_Limit                                             
00011b68  __TI_CINIT_Base                                                      
00011b80  __TI_CINIT_Limit                                                     
20000000  __start___llvm_prf_cnts                                              
20000000  __stop___llvm_prf_cnts                                               
20000000  ti_sysbios_family_arm_m3_Hwi_ramVectors                              
20000360  ti_sysbios_knl_Task_Instance_State_0_stack__A                        
20000b60  ti_sysbios_knl_Task_Instance_State_1_stack__A                        
20001360  ti_sysbios_knl_Task_Instance_State_2_stack__A                        
20001b60  ti_sysbios_knl_Task_Instance_State_3_stack__A                        
20001d60  ti_sysbios_heaps_HeapMem_Instance_State_0_buf__A                     
20002160  xdc_runtime_SysMin_Module_State_0_outbuf__A                          
20002560  ti_sysbios_family_arm_m3_Hwi_dispatchTable                           
200028c0  taskAccelStack                                                       
20002ac0  uartTivaObjects                                                      
20002d98  __CIOBUF_                                                            
20002f48  i2cTivaObjects                                                       
20002fc8  uartTivaRingBuffer                                                   
20003008  motorLibPWMObjects                                                   
20003040  eb                                                                   
20003070  sContext                                                             
2000309c  clkSensorParams                                                      
200030c0  clockAccelerationStruct                                              
200030e4  clockUpdateGraph                                                     
20003108  uartParams                                                           
2000318c  maxTime                                                              
200031ac  minTime                                                              
200031cc  semAccelStruct                                                       
200031e8  semStruct                                                            
20003204  gHwiprms                                                             
2000321c  motorLibPWMTimerObjects                                              
20003234  evtStruct                                                            
20003248  valueText                                                            
20003274  graphMax                                                             
2000327c  graphMin                                                             
20003284  parmbuf                                                              
2000328c  SysTicks                                                             
20003290  acceleration                                                         
20003294  acceleration_avg                                                     
20003298  adc0                                                                 
2000329c  data_Graph                                                           
200032a0  delta_rpm                                                            
200032a4  delta_time                                                           
200032a8  error                                                                
200032ac  evtHandle                                                            
200032b0  g_accelerationLimit                                                  
200032b4  g_currentLimit                                                       
200032b8  g_drawingGraph                                                       
200032bc  g_motorSpeed                                                         
200032c0  g_numPlotOverflow                                                    
200032c4  g_numPlotPoints                                                      
200032c8  g_pi32ParmSet                                                        
200032d0  g_sCurrentPanel                                                      
200032d4  g_ui32SysClock                                                       
200032d8  gateHwi                                                              
200032e0  graphIntMax                                                          
200032e4  graphIntMin                                                          
200032e8  hA                                                                   
200032ec  hB                                                                   
200032f0  hC                                                                   
200032f4  hallA                                                                
200032f8  hallB                                                                
200032fc  hallC                                                                
20003300  output                                                               
20003304  previousPoint                                                        
20003308  rpm_avg                                                              
2000330c  rpm_from_UI                                                          
20003310  semAccelHandle                                                       
20003314  semHandle                                                            
20003318  sensori2c                                                            
2000331c  uart                                                                 
20003320  y_graph_step                                                         
20003324  g_i16TouchX                                                          
20003326  g_i16TouchY                                                          
20003328  ThresholdAccel                                                       
20003329  e_event                                                              
2000332a  e_stop                                                               
2000332b  motorStartedUI                                                       
2000332c  motorState                                                           
2000332d  print_from_clock                                                     
2000332e  running                                                              
2000332f  success                                                              
20003330  updateGraph                                                          
20003334  ti_sysbios_knl_Task_Object__table__V                                 
20003464  ti_sysbios_knl_Swi_Module_State_0_readyQ__A                          
200034e4  motor                                                                
200034e8  prevMotor                                                            
200034ec  prevSysTick                                                          
200034f0  deltaPos                                                             
200034f4  clock_time_mins                                                      
200034f8  clock_time_secs                                                      
200034fc  rpm_actual                                                           
20003500  acceleration_sum                                                     
20003504  rpm_prev                                                             
20003508  integral_error                                                       
2000350c  rpm_desired                                                          
20003510  rpm_int                                                              
20003514  jump                                                                 
20003518  Kp                                                                   
2000351c  Ki                                                                   
20003520  clock_count                                                          
20003524  rpm_sum                                                              
20003528  min_per_sysTick                                                      
2000352c  rotation                                                             
20003530  rpm_sum_c                                                            
20003534  dummy                                                                
20003538  g_sGraphAcceleration                                                 
20003588  g_sGraphBack                                                         
200035d8  g_sGraphExit                                                         
20003628  g_sGraphLight                                                        
20003678  g_sGraphOption                                                       
200036c8  g_sGraphPower                                                        
20003718  g_sGraphSpeed                                                        
20003768  g_sGraphTitle                                                        
200037b8  g_sMotorOption                                                       
20003808  g_sSetOption                                                         
20003858  g_sSettingAcceleration                                               
200038a8  g_sSettingBack                                                       
200038f8  g_sSettingCurrent                                                    
20003948  g_sSettingDecrease                                                   
20003998  g_sSettingExit                                                       
200039e8  g_sSettingIncrease                                                   
20003a38  g_sSettingSpeed                                                      
20003a88  g_sSettingTitle                                                      
20003ad8  g_sSettingValue                                                      
20003b28  ti_sysbios_knl_Task_Module__state__V                                 
20003b6c  g_sGraph                                                             
20003bac  g_sGraphPage                                                         
20003bec  g_sGraphsMainPage                                                    
20003c2c  g_sMainPage                                                          
20003c6c  g_sSettingPage                                                       
20003cac  g_sSettingsMainPage                                                  
20003cec  ti_sysbios_family_arm_lm4_Timer_Module_State_0_device__A             
20003d2c  ti_sysbios_family_arm_lm4_Timer_Object__table__V                     
20003d6c  ti_sysbios_gates_GateMutex_Object__table__V                          
20003da4  ti_sysbios_family_arm_m3_Hwi_Module__state__V                        
20003dd8  ti_sysbios_family_arm_m3_Hwi_Object__table__V                        
20003e08  ti_sysbios_knl_Swi_Object__table__V                                  
20003e38  g_sRoot                                                              
20003e66  ti_sysbios_family_arm_m3_Hwi_Module_State_0_excActive__A             
20003e68  ti_sysbios_knl_Clock_Module__state__V                                
20003e94  gpioPinConfigs                                                       
20003eb8  ti_sysbios_BIOS_Module__state__V                                     
20003edc  ti_sysbios_family_arm_lm4_Timer_Module_State_0_handles__A            
20003efc  ti_sysbios_knl_Task_Module_State_0_readyQ__A                         
20003f1c  ti_sysbios_knl_Swi_Module__state__V                                  
20003f50  ti_sysbios_heaps_HeapMem_Object__table__V                            
20003f68  x_graph_step                                                         
20003f6c  x_graph_start                                                        
20003f70  y_graph_start                                                        
20003f74  y_graph_max                                                          
20003f78  y_graph_end                                                          
20003f7c  gpioCallbackFunctions                                                
20003f88  ti_sysbios_family_arm_lm4_Timer_Module__state__V                     
20003f94  xdc_runtime_SysMin_Module__state__V                                  
20003fa0  _lock                                                                
20003fa4  _unlock                                                              
20003fa8  ti_sysbios_family_arm_m3_Hwi_Module__root__V                         
20003fb0  ti_sysbios_gates_GateHwi_Module__root__V                             
20003fb8  ti_sysbios_gates_GateMutex_Module__root__V                           
20003fc0  ti_sysbios_hal_Hwi_Module__root__V                                   
20003fc8  ti_sysbios_heaps_HeapMem_Module__root__V                             
20003fd0  ti_sysbios_knl_Clock_Module__root__V                                 
20003fd8  ti_sysbios_knl_Event_Module__root__V                                 
20003fe0  ti_sysbios_knl_Queue_Module__root__V                                 
20003fe8  ti_sysbios_knl_Semaphore_Module__root__V                             
20003ff0  xdc_runtime_Registry_Module__state__V                                
20003ff8  xdc_runtime_Startup_Module__state__V                                 
20004000  xdc_runtime_System_Module_State_0_atexitHandlers__A                  
20004008  xdc_runtime_System_Module__state__V                                  
20004016  xdc_runtime_Error_Module__state__V                                   
20004024  errno                                                                
20004028  main_func_sp                                                         
2000402c  triggerThreshold                                                     
20004030  ti_sysbios_family_arm_m3_Hwi_Module_State_0_excContext__A            
20004034  ti_sysbios_family_arm_m3_Hwi_Module_State_0_excStack__A              
20004038  ti_sysbios_gates_GateHwi_Object__table__V                            
2000403c  ti_sysbios_knl_Task_Module_State_0_idleTask__A                       
20004040  g_i16TouchMin                                                        
20004044  xdc_runtime_Memory_Module__state__V                                  
20004048  __stack                                                              
20004348  __STACK_END                                                          
e000e000  ti_sysbios_family_arm_m3_Hwi_nvic                                    
ffffffff  __TI_pprof_out_hndl                                                  
ffffffff  __TI_prof_data_size                                                  
ffffffff  __TI_prof_data_start                                                 
ffffffff  __binit__                                                            
ffffffff  __c_args__                                                           
ffffffff  binit                                                                
UNDEFED   SHT$$INIT_ARRAY$$Base                                                
UNDEFED   SHT$$INIT_ARRAY$$Limit                                               

[978 symbols]
