******************************************************************************
                  TI ARM Linker PC v20.2.2                     
******************************************************************************
>> Linked Sun May 30 18:29:47 2021

OUTPUT FILE NAME:   <empty_EK_TM4C1294XL_TI.out>
ENTRY POINT SYMBOL: "_c_int00"  address: 0000aed5


MEMORY CONFIGURATION

         name            origin    length      used     unused   attr    fill
----------------------  --------  ---------  --------  --------  ----  --------
  FLASH                 00000000   00100000  00011eb6  000ee14a  R  X
  SRAM                  20000000   00040000  000040dc  0003bf24  RW X


SEGMENT ALLOCATION MAP

run origin  load origin   length   init length attrs members
----------  ----------- ---------- ----------- ----- -------
00000000    00000000    00011ec0   00011ec0    r-x
  00000000    00000000    0000003c   0000003c    r-- .resetVecs
  00000040    00000040    0000e012   0000e012    r-x .text
  0000e058    0000e058    00003a48   00003a48    r-- .const
  00011aa0    00011aa0    00000420   00000420    r-- .cinit
20000000    20000000    000040e0   00000000    rw-
  20000000    20000000    00000360   00000000    rw- .vecs
  20000360    20000360    00002d6c   00000000    rw- .bss
  200030cc    200030cc    00000d10   00000000    rw- .data
  20003de0    20003de0    00000300   00000000    rw- .stack


SECTION ALLOCATION MAP

 output                                  attributes/
section   page    origin      length       input sections
--------  ----  ----------  ----------   ----------------
.text      0    00000040    0000e012     
                  00000040    00000a4e     rtsv7M4_T_le_v4SPD16_eabi.lib : _printfi.c.obj (.text:__TI_printfi)
                  00000a8e    00000002     motorCode.obj (.text:ADCFxn)
                  00000a90    000009c0     rtsv7M4_T_le_v4SPD16_eabi.lib : e_pow.c.obj (.text:pow)
                  00001450    000006ac     MotorLib.lib : motorlib.obj (.text)
                  00001afc    00000004     driverlib.lib : i2c.obj (.text:I2CMasterControl)
                  00001b00    00000430     sysbios.aem4f : BIOS.obj (.text:ti_sysbios_family_arm_m3_Hwi_excDumpRegs__I)
                  00001f30    00000390     grlib_demo.obj (.text:drawGraphPoint)
                  000022c0    00000374     grlib.lib : image.obj (.text:InternalImageDraw)
                  00002634    0000034c     ti.targets.arm.rtsarm.aem4f : System.oem4f (.text:xdc_runtime_System_doPrint__I)
                  00002980    000002f8     grlib.lib : image.obj (.text:PixelTransparentDraw)
                  00002c78    000002d0     sysbios.aem4f : BIOS.obj (.text:ti_sysbios_knl_Semaphore_pend__E)
                  00002f48    00000270     rtsv7M4_T_le_v4SPD16_eabi.lib : _printfi.c.obj (.text:_pconv_a)
                  000031b8    0000026c     sysbios.aem4f : BIOS.obj (.text:ti_sysbios_heaps_HeapMem_free__E)
                  00003424    00000268     touch.obj (.text:TouchScreenDebouncer)
                  0000368c    00000254     grlib.lib : string.obj (.text:GrFontGlyphRender)
                  000038e0    00000250     sysbios.aem4f : BIOS.obj (.text:ti_sysbios_heaps_HeapMem_alloc__E)
                  00003b30    0000020c     drivers_tivaware.aem4f : UARTTiva.oem4f (.text:UARTTiva_open)
                  00003d3c    00000204     Boot.aem4f : Boot_sysctl.oem4f (.text:ti_catalog_arm_cortexm4_tiva_ce_Boot_sysCtlClockFreqSetI__I)
                  00003f40    00000200     driverlib.lib : sysctl.obj (.text:SysCtlClockFreqSet)
                  00004140    000001f4     sysbios.aem4f : BIOS.obj (.text:ti_sysbios_family_arm_m3_Hwi_excHandlerMax__I)
                  00004334    000001e4     Kentec320x240x16_ssd2119_spi.obj (.text:Kentec320x240x16_SSD2119Init)
                  00004518    000001dc     Kentec320x240x16_ssd2119_spi.obj (.text:Kentec320x240x16_SSD2119PixelDrawMultiple)
                  000046f4    000001d4     grlib_demo.obj (.text:OnGraphsPage)
                  000048c8    000001d0     rtsv7M4_T_le_v4SPD16_eabi.lib : _printfi.c.obj (.text:_pconv_g)
                  00004a98    000001b6                                   : fd_add_t2.asm.obj (.text)
                  00004c4e    00000002                                   : _lock.c.obj (.text:_nop)
                  00004c50    000001a4     pinout.obj (.text:PinoutSet)
                  00004df4    00000190     grlib.lib : canvas.obj (.text:CanvasPaint)
                  00004f84    0000017e               : pushbutton.obj (.text:RectangularButtonPaint)
                  00005102    00000002     rtsv7M4_T_le_v4SPD16_eabi.lib : div0.asm.obj (.text)
                  00005104    00000178     touch.obj (.text:TouchScreenIntHandler)
                  0000527c    00000174     motorCode.obj (.text:initMotor)
                  000053f0    00000174     sysbios.aem4f : BIOS.obj (.text:ti_sysbios_family_arm_m3_Hwi_excBusFault__I)
                  00005564    00000170     drivers_tivaware.aem4f : PWMTiva.oem4f (.text:PWMTiva_open)
                  000056d4    00000168     sensors_api.obj (.text:taskAcceleration)
                  0000583c    00000004     driverlib.lib : i2c.obj (.text:I2CMasterDataGet)
                  00005840    00000164     sysbios.aem4f : BIOS.obj (.text:ti_sysbios_family_arm_m3_Hwi_excUsageFault__I)
                  000059a4    0000015c     motorCode.obj (.text:initHallABC)
                  00005b00    00000158     grlib_demo.obj (.text:initWidgets)
                  00005c58    00000158     rtsv7M4_T_le_v4SPD16_eabi.lib : e_sqrt.c.obj (.text:sqrt)
                  00005db0    00000150     drivers_tivaware.aem4f : GPIOTiva.oem4f (.text:GPIO_setConfig)
                  00005f00    00000148     sysbios.aem4f : BIOS.obj (.text:ti_sysbios_family_arm_m3_Hwi_excMemFault__I)
                  00006048    0000013c     rtsv7M4_T_le_v4SPD16_eabi.lib : _printfi.c.obj (.text:_pconv_e)
                  00006184    00000004     driverlib.lib : i2c.obj (.text:I2CMasterDataPut)
                  00006188    0000013c     sysbios.aem4f : BIOS.obj (.text:ti_sysbios_heaps_HeapMem_Instance_init__E)
                  000062c4    00000136     rtsv7M4_T_le_v4SPD16_eabi.lib : fd_div_t2.asm.obj (.text)
                  000063fa    00000132     driverlib.lib : gpio.obj (.text:GPIOPadConfigSet)
                  0000652c    00000124     rtsv7M4_T_le_v4SPD16_eabi.lib : _printfi.c.obj (.text:fcvt)
                  00006650    00000120     sysbios.aem4f : BIOS.obj (.text:ti_sysbios_family_arm_lm4_Timer_start__E)
                  00006770    0000011c     grlib_demo.obj (.text:OnSettingsPage)
                  0000688c    00000004     driverlib.lib : uart.obj (.text:UARTIntClear)
                  00006890    0000011c     sysbios.aem4f : BIOS.obj (.text:ti_sysbios_knl_Clock_Instance_init__E)
                  000069ac    00000118     ti.targets.arm.rtsarm.aem4f : Error.oem4f (.text:xdc_runtime_Error_policyDefault__E)
                  00006ac4    00000114     drivers_tivaware.aem4f : PWMTimerTiva.oem4f (.text:PWMTimerTiva_open)
                  00006bd8    00000110     rtsv7M4_T_le_v4SPD16_eabi.lib : s_scalbn.c.obj (.text:scalbn)
                  00006ce8    0000010c     Kentec320x240x16_ssd2119_spi.obj (.text:Kentec320x240x16_SSD2119RectFill)
                  00006df4    0000010c     touch.obj (.text:TouchScreenInit)
                  00006f00    00000106     grlib.lib : line.obj (.text:GrLineDraw)
                  00007006    00000002     empty_pem4f.oem4f (.text:ti_sysbios_BIOS_nullFunc__I)
                  00007008    00000104     motorCode.obj (.text:filterFxn)
                  0000710c    00000004     grlib.lib : widget.obj (.text:WidgetDefaultMsgProc)
                  00007110    00000104     sysbios.aem4f : BIOS.obj (.text:ti_sysbios_knl_Event_post__E)
                  00007214    00000100     ti.targets.arm.rtsarm.aem4f : Core-mem.oem4f (.text:xdc_runtime_Core_createObject__I)
                  00007314    000000fc     rtsv7M4_T_le_v4SPD16_eabi.lib : fd_mul_t2.asm.obj (.text)
                  00007410    000000f8     bmi160.obj (.text:getAccelVector)
                  00007508    000000f8     ti.targets.arm.rtsarm.aem4f : Startup.oem4f (.text:xdc_runtime_Startup_startMods__I)
                  00007600    000000f8     empty_pem4f.oem4f (.text:xdc_runtime_System_printfExtend__I)
                  000076f8    000000f4     sysbios.aem4f : m3_Hwi_asm.obj (.text:ti_sysbios_family_arm_m3_Hwi_dispatch__I)
                  000077ec    000000f2     grlib.lib : pushbutton.obj (.text:RectangularButtonClick)
                  000078de    000000f0     drivers_tivaware.aem4f : PWMTiva.oem4f (.text:PWMTiva_setDuty)
                  000079ce    00000002     empty_pem4f.oem4f (.text:xdc_runtime_Startup_reset__I)
                  000079d0    000000f0     empty.obj (.text:main)
                  00007ac0    000000ec     sysbios.aem4f : BIOS.obj (.text:ti_sysbios_knl_Semaphore_post__E)
                  00007bac    000000e8     grlib.lib : widget.obj (.text:WidgetMessageQueueAdd)
                  00007c94    000000e0     drivers_tivaware.aem4f : I2CTiva.oem4f (.text:I2CTiva_open)
                  00007d74    000000d6                            : I2CTiva.oem4f (.text:I2CTiva_hwiFxn)
                  00007e4a    00000002     --HOLE-- [fill = 0]
                  00007e4c    000000d0     motorCode.obj (.text:HallFxn)
                  00007f1c    000000cc     ti.targets.arm.rtsarm.aem4f : Core-smem.oem4f (.text:xdc_runtime_Core_constructObject__I)
                  00007fe8    000000c0     grlib.lib : string.obj (.text:GrDefaultStringRenderer)
                  000080a8    000000bc     sysbios.aem4f : BIOS.obj (.text:ti_sysbios_family_arm_m3_Hwi_excDebugMon__I)
                  00008164    00000004     rtsv7M4_T_le_v4SPD16_eabi.lib : exit.c.obj (.text:abort:abort)
                  00008168    000000bc     sysbios.aem4f : BIOS.obj (.text:ti_sysbios_family_arm_m3_Hwi_excHardFault__I)
                  00008224    000000b8     EK_TM4C1294XL.obj (.text:EK_TM4C1294XL_initGeneral)
                  000082dc    000000b8     grlib.lib : line.obj (.text:GrLineClip)
                  00008394    000000b8     Kentec320x240x16_ssd2119_spi.obj (.text:InitSPILCDInterface)
                  0000844c    000000b8     drivers_tivaware.aem4f : PWMTimerTiva.oem4f (.text:PWMTimerTiva_setDuty)
                  00008504    000000b4     grlib_demo.obj (.text:OnDecrease)
                  000085b8    000000b4     grlib.lib : widget.obj (.text:WidgetMessageSendPostOrder)
                  0000866c    00000004     empty_pem4f.oem4f (.text:ti_sysbios_BIOS_RtsGateProxy_enter__E)
                  00008670    000000b4     sysbios.aem4f : BIOS.obj (.text:ti_sysbios_gates_GateMutex_enter__E)
                  00008724    00000004     empty_pem4f.oem4f (.text:ti_sysbios_BIOS_RtsGateProxy_leave__E)
                  00008728    000000b4     sysbios.aem4f : BIOS.obj (.text:ti_sysbios_knl_Task_checkStacks__E)
                  000087dc    000000b1     rtsv7M4_T_le_v4SPD16_eabi.lib : _printfi.c.obj (.text:_ltostr)
                  0000888d    00000003     --HOLE-- [fill = 0]
                  00008890    000000b0     grlib_demo.obj (.text:OnIncrease)
                  00008940    000000ac     drivers_tivaware.aem4f : UARTTiva.oem4f (.text:readTaskBlocking)
                  000089ec    00000004     sysbios.aem4f : BIOS.obj (.text:ti_sysbios_family_arm_lm4_Timer_masterEnable__I)
                  000089f0    000000ac                   : BIOS.obj (.text:ti_sysbios_family_arm_lm4_Timer_enableTiva__I)
                  00008a9c    00000004     empty_pem4f.oem4f (.text:ti_sysbios_family_arm_m3_Hwi_destruct)
                  00008aa0    000000a8     sysbios.aem4f : BIOS.obj (.text:ti_sysbios_family_arm_lm4_Timer_enableTimers__I)
                  00008b48    000000a4                   : BIOS.obj (.text:ti_sysbios_knl_Clock_Instance_finalize__E)
                  00008bec    000000a0     auto_init.aem4f : auto_init.oem4f (.text)
                  00008c8c    000000a0     ti.targets.arm.rtsarm.aem4f : Text.oem4f (.text:xdc_runtime_Text_putMod__E)
                  00008d2c    0000009c     grlib_demo.obj (.text:OnStartMotor)
                  00008dc8    0000009c     motorCode.obj (.text:PIControlFxn)
                  00008e64    0000009c     rtsv7M4_T_le_v4SPD16_eabi.lib : memcpy_t2.asm.obj (.text)
                  00008f00    0000009c     sysbios.aem4f : BIOS.obj (.text:ti_sysbios_knl_Semaphore_Instance_init__E)
                  00008f9c    0000009a     ti.targets.arm.rtsarm.aem4f : Text.oem4f (.text:xdc_runtime_Text_putSite__E)
                  00009036    00000098     drivers_tivaware.aem4f : UARTTiva.oem4f (.text:UARTTiva_readPolling)
                  000090ce    00000002     --HOLE-- [fill = 0]
                  000090d0    00000098     Boot.aem4f : Boot.oem4f (.text:ti_catalog_arm_cortexm4_tiva_ce_Boot_sysCtlClockFreqSet__E)
                  00009168    00000096     rtsv7M4_T_le_v4SPD16_eabi.lib : ull_div_t2.asm.obj (.text)
                  000091fe    00000094     drivers_tivaware.aem4f : UARTTiva.oem4f (.text:UARTTiva_write)
                  00009292    00000006     driverlib.lib : gpio.obj (.text:GPIOIntClear)
                  00009298    00000094     sysbios.aem4f : BIOS.obj (.text:ti_sysbios_family_arm_m3_Hwi_Instance_init__E)
                  0000932c    00000004     empty_pem4f.oem4f (.text:ti_sysbios_family_arm_m3_TaskSupport_Module__startupDone__S)
                  00009330    00000094     sysbios.aem4f : BIOS.obj (.text:ti_sysbios_family_arm_m3_Hwi_initNVIC__E)
                  000093c4    00000004     empty_pem4f.oem4f (.text:ti_sysbios_hal_Hwi_HwiProxy_delete)
                  000093c8    00000094     sysbios.aem4f : BIOS.obj (.text:ti_sysbios_knl_Task_postInit__I)
                  0000945c    0000008c     drivers_tivaware.aem4f : GPIOTiva.oem4f (.text:GPIO_init)
                  000094e8    0000008c                            : UARTTiva.oem4f (.text:UARTTiva_control)
                  00009574    0000008c     motorCode.obj (.text:accelLimitFxn)
                  00009600    0000008c     sysbios.aem4f : m3_TaskSupport_asm.obj (.text:ti_sysbios_family_arm_m3_TaskSupport_buildTaskStack)
                  0000968c    0000008a     drivers_tivaware.aem4f : UARTTiva.oem4f (.text:readIsrTextBlocking)
                  00009716    00000002     --HOLE-- [fill = 0]
                  00009718    00000088                            : PWMTiva.oem4f (.text:PWMTiva_control)
                  000097a0    00000088     grlib_demo.obj (.text:initUI)
                  00009828    00000088     motorCode.obj (.text:motorFxn)
                  000098b0    00000086     grlib.lib : rectangle.obj (.text:GrRectFill)
                  00009936    00000086     rtsv7M4_T_le_v4SPD16_eabi.lib : fd_cmp_t2.asm.obj (.text:__aeabi_cdcmple)
                  000099bc    00000086                                   : fd_cmp_t2.asm.obj (.text:__aeabi_cdrcmple)
                  00009a42    00000006     driverlib.lib : gpio.obj (.text:GPIOPinRead)
                  00009a48    00000084     sysbios.aem4f : BIOS.obj (.text:ti_sysbios_family_arm_m3_Hwi_postInit__I)
                  00009acc    00000082     drivers_tivaware.aem4f : UARTTiva.oem4f (.text:readIsrTextCallback)
                  00009b4e    0000007e                            : I2CTiva.oem4f (.text:I2CTiva_transfer)
                  00009bcc    0000007a     driverlib.lib : adc.obj (.text:ADCSequenceStepConfigure)
                  00009c46    0000007a     drivers_tivaware.aem4f : UARTTiva.oem4f (.text:readTaskCallback)
                  00009cc0    0000007a     rtsv7M4_T_le_v4SPD16_eabi.lib : memset_t2.asm.obj (.text)
                  00009d3a    00000006     driverlib.lib : gpio.obj (.text:GPIOPinWrite)
                  00009d40    00000074     sysbios.aem4f : BIOS.obj (.text:ti_sysbios_knl_Clock_start__E)
                  00009db4    00000004     empty_pem4f.oem4f (.text:ti_sysbios_heaps_HeapMem_Module_GateProxy_enter__E)
                  00009db8    00000070     sysbios.aem4f : BIOS.obj (.text:ti_sysbios_knl_Clock_workFunc__E)
                  00009e28    00000070                   : BIOS.obj (.text:ti_sysbios_knl_Task_exit__E)
                  00009e98    0000006e     rtsv7M4_T_le_v4SPD16_eabi.lib : _printfi.c.obj (.text:_mcpy)
                  00009f06    0000006e                                   : fd_tos_t2.asm.obj (.text)
                  00009f74    0000006d     ti.targets.arm.rtsarm.aem4f : System.oem4f (.text:xdc_runtime_System_formatNum__I)
                  00009fe1    00000003     --HOLE-- [fill = 0]
                  00009fe4    0000006c     drivers_tivaware.aem4f : PWMTimerTiva.oem4f (.text:PWMTimerTiva_control)
                  0000a050    0000006c     empty_pem4f.oem4f (.text:ti_sysbios_family_arm_m3_Hwi_Object__create__S)
                  0000a0bc    00000004     empty_pem4f.oem4f (.text:ti_sysbios_heaps_HeapMem_Module_GateProxy_leave__E)
                  0000a0c0    0000006c     sysbios.aem4f : BIOS.obj (.text:ti_sysbios_knl_Swi_restoreHwi__E)
                  0000a12c    0000006c     drivers_tivaware.aem4f : UARTTiva.oem4f (.text:writeData)
                  0000a198    0000006c     ti.targets.arm.rtsarm.aem4f : Error.oem4f (.text:xdc_runtime_Error_print__E)
                  0000a204    0000006c                                 : Memory.oem4f (.text:xdc_runtime_Memory_alloc__E)
                  0000a270    0000006a     drivers_tivaware.aem4f : PWMTiva.oem4f (.text:PWMTiva_close)
                  0000a2da    00000002     --HOLE-- [fill = 0]
                  0000a2dc    00000068     grlib.lib : context.obj (.text:GrContextInit)
                  0000a344    00000068               : string.obj (.text:GrStringWidthGet)
                  0000a3ac    00000068     driverlib.lib : interrupt.obj (.text:IntEnable)
                  0000a414    00000068     Kentec320x240x16_ssd2119_spi.obj (.text:Kentec320x240x16_SSD2119LineDrawH)
                  0000a47c    00000068     Kentec320x240x16_ssd2119_spi.obj (.text:Kentec320x240x16_SSD2119LineDrawV)
                  0000a4e4    00000068     rtsv7M4_T_le_v4SPD16_eabi.lib : copy_decompress_lzss.c.obj (.text:decompress:lzss:__TI_decompress_lzss)
                  0000a54c    00000066     grlib.lib : context.obj (.text:GrContextClipRegionSet)
                  0000a5b2    00000066               : rectangle.obj (.text:GrRectDraw)
                  0000a618    00000066     ti.targets.arm.rtsarm.aem4f : Core-mem.oem4f (.text:xdc_runtime_Core_deleteObject__I)
                  0000a67e    00000002     --HOLE-- [fill = 0]
                  0000a680    00000064     drivers_tivaware.aem4f : GPIOTiva.oem4f (.text:GPIO_hwiIntFxn)
                  0000a6e4    00000064     grlib_demo.obj (.text:OnGraphsMain)
                  0000a748    00000064     grlib.lib : widget.obj (.text:WidgetMessageQueueProcess)
                  0000a7ac    00000064     rtsv7M4_T_le_v4SPD16_eabi.lib : s_frexp.c.obj (.text:frexp)
                  0000a810    00000064     sysbios.aem4f : BIOS.obj (.text:ti_sysbios_family_arm_lm4_Timer_Module_startup__E)
                  0000a874    00000064     empty_pem4f.oem4f (.text:ti_sysbios_family_arm_m3_Hwi_create)
                  0000a8d8    00000064     sysbios.aem4f : BIOS.obj (.text:ti_sysbios_family_arm_m3_Hwi_dispatchC__I)
                  0000a93c    00000064     empty_pem4f.oem4f (.text:ti_sysbios_hal_Hwi_create)
                  0000a9a0    00000062     drivers_tivaware.aem4f : I2CTiva.oem4f (.text:I2CTiva_primeTransfer)
                  0000aa02    00000002     --HOLE-- [fill = 0]
                  0000aa04    00000060     driverlib.lib : timer.obj (.text:TimerConfigure)
                  0000aa64    00000060     Kentec320x240x16_ssd2119_spi.obj (.text:WriteDataSPI)
                  0000aac4    00000060     motorCode.obj (.text:statesFxn)
                  0000ab24    00000004     empty_pem4f.oem4f (.text:ti_sysbios_knl_Clock_TimerProxy_getMaxTicks__E)
                  0000ab28    00000060     sysbios.aem4f : BIOS.obj (.text:ti_sysbios_knl_Task_schedule__I)
                  0000ab88    0000005e     grlib.lib : widget.obj (.text:WidgetMessageSendPreOrder)
                  0000abe6    0000005e     drivers_tivaware.aem4f : UARTTiva.oem4f (.text:readIsrBinaryBlocking)
                  0000ac44    0000005c     Kentec320x240x16_ssd2119_spi.obj (.text:WriteCommandSPI)
                  0000aca0    0000005c     sysbios.aem4f : BIOS.obj (.text:ti_sysbios_knl_Swi_run__I)
                  0000acfc    00000004     empty_pem4f.oem4f (.text:ti_sysbios_knl_Clock_destruct)
                  0000ad00    0000005c     sysbios.aem4f : BIOS.obj (.text:ti_sysbios_knl_Swi_schedule__I)
                  0000ad5c    00000004     empty_pem4f.oem4f (.text:ti_sysbios_knl_Queue_destruct)
                  0000ad60    0000005c     sysbios.aem4f : BIOS.obj (.text:ti_sysbios_knl_Task_Module_startup__E)
                  0000adbc    00000004     empty_pem4f.oem4f (.text:ti_sysbios_knl_Semaphore_destruct)
                  0000adc0    0000005c     sysbios.aem4f : BIOS.obj (.text:ti_sysbios_knl_Task_startCore__E)
                  0000ae1c    0000005b     ti.targets.arm.rtsarm.aem4f : Text.oem4f (.text:xdc_runtime_Text_putLab__E)
                  0000ae77    00000001     --HOLE-- [fill = 0]
                  0000ae78    0000005a     grlib.lib : string.obj (.text:FontWideGlyphDataGet)
                  0000aed2    00000002     --HOLE-- [fill = 0]
                  0000aed4    00000058     boot.aem4f : boot.oem4f (.text)
                  0000af2c    00000058     rtsv7M4_T_le_v4SPD16_eabi.lib : hostwrite.c.obj (.text:HOSTwrite)
                  0000af84    00000058     driverlib.lib : timer.obj (.text:TimerControlTrigger)
                  0000afdc    00000058     bmi160.obj (.text:readI2C)
                  0000b034    00000058     empty_pem4f.oem4f (.text:ti_sysbios_family_arm_m3_Hwi_construct)
                  0000b08c    00000058     sysbios.aem4f : m3_Hwi_asm_switch.obj (.text:ti_sysbios_family_arm_m3_Hwi_initStacks__E)
                  0000b0e4    00000056     driverlib.lib : gpio.obj (.text:GPIOIntTypeSet)
                  0000b13a    00000056     rtsv7M4_T_le_v4SPD16_eabi.lib : _printfi.c.obj (.text:_pconv_f)
                  0000b190    00000054     EK_TM4C1294XL.obj (.text:EK_TM4C1294XL_initUART)
                  0000b1e4    00000054     rtsv7M4_T_le_v4SPD16_eabi.lib : _ltoa.c.obj (.text:__TI_ltoa)
                  0000b238    00000054     drivers_tivaware.aem4f : UARTTiva.oem4f (.text:readIsrBinaryCallback)
                  0000b28c    00000054     ti.targets.arm.rtsarm.aem4f : Assert.oem4f (.text:xdc_runtime_Assert_raise__I)
                  0000b2e0    00000052     rtsv7M4_T_le_v4SPD16_eabi.lib : _printfi.c.obj (.text:_ecpy)
                  0000b332    00000002     --HOLE-- [fill = 0]
                  0000b334    00000050     motorCode.obj (.text:ADC0_Init)
                  0000b384    00000050     driverlib.lib : adc.obj (.text:ADCSequenceConfigure)
                  0000b3d4    00000050     drivers_tivaware.aem4f : GPIOTiva.oem4f (.text:GPIO_setCallback)
                  0000b424    00000050                            : GPIOTiva.oem4f (.text:GPIO_write)
                  0000b474    00000050                            : UARTTiva.oem4f (.text:UARTTiva_writeCancel)
                  0000b4c4    00000050     Boot.aem4f : Boot_sysctl.oem4f (.text:_SysCtlFrequencyGet)
                  0000b514    00000004     ti.targets.arm.rtsarm.aem4f : Error.oem4f (.text:xdc_runtime_Error_getSite__E)
                  0000b518    00000050     sysbios.aem4f : BIOS.obj (.text:ti_sysbios_family_arm_m3_Hwi_Module_startup__E)
                  0000b568    00000050     ti.targets.arm.rtsarm.aem4f : Startup.oem4f (.text:xdc_runtime_Startup_exec__E)
                  0000b5b8    00000050                                 : Text.oem4f (.text:xdc_runtime_Text_visitRope2__I)
                  0000b608    0000004c     driverlib.lib : i2c.obj (.text:I2CMasterInitExpClk)
                  0000b654    0000004c     drivers_tivaware.aem4f : UARTTiva.oem4f (.text:UARTTiva_close)
                  0000b6a0    0000004c     grlib.lib : widget.obj (.text:WidgetRemove)
                  0000b6ec    0000004c     rtsv7M4_T_le_v4SPD16_eabi.lib : atoi.c.obj (.text:atoi)
                  0000b738    0000004c                                   : cpy_tbl.c.obj (.text:copy_in)
                  0000b784    0000004c     grlib_demo.obj (.text:drawSettingValue)
                  0000b7d0    0000004c     motorCode.obj (.text:initUART)
                  0000b81c    00000004     empty_pem4f.oem4f (.text:xdc_runtime_System_Module_GateProxy_enter__E)
                  0000b820    0000004c     sysbios.aem4f : BIOS.obj (.text:ti_sysbios_family_arm_lm4_Timer_setAvailMask__E)
                  0000b86c    00000004     empty_pem4f.oem4f (.text:xdc_runtime_System_Module_GateProxy_leave__E)
                  0000b870    0000004c     sysbios.aem4f : BIOS.obj (.text:ti_sysbios_heaps_HeapMem_getStats__E)
                  0000b8bc    00000004     ti.targets.arm.rtsarm.aem4f : System.oem4f (.text:xdc_runtime_System_aprintf_va__F)
                  0000b8c0    0000004c     sysbios.aem4f : BIOS.obj (.text:ti_sysbios_knl_Swi_runLoop__I)
                  0000b90c    00000004     ti.targets.arm.rtsarm.aem4f : System.oem4f (.text:xdc_runtime_System_printf_va__F)
                  0000b910    0000004c     sysbios.aem4f : BIOS.obj (.text:ti_sysbios_knl_Task_allBlockedFunction__I)
                  0000b95c    0000004a     drivers_tivaware.aem4f : PWMTimerTiva.oem4f (.text:PWMTimerTiva_close)
                  0000b9a6    0000004a     grlib.lib : string.obj (.text:UpdateContextCharMapping)
                  0000b9f0    00000048     driverlib.lib : gpio.obj (.text:GPIOPinConfigure)
                  0000ba38    00000048                   : sysctl.obj (.text:_SysCtlFrequencyGet)
                  0000ba80    00000048     rtsv7M4_T_le_v4SPD16_eabi.lib : fd_toi_t2.asm.obj (.text)
                  0000bac8    00000048     sysbios.aem4f : BIOS.obj (.text:ti_sysbios_family_arm_m3_Hwi_disableInterrupt__E)
                  0000bb10    00000048                   : BIOS.obj (.text:ti_sysbios_family_arm_m3_Hwi_enableInterrupt__E)
                  0000bb58    00000048                   : BIOS.obj (.text:ti_sysbios_family_arm_m3_Hwi_excReserved__I)
                  0000bba0    00000046     grlib.lib : line.obj (.text:GrLineDrawH)
                  0000bbe6    00000046               : line.obj (.text:GrLineDrawV)
                  0000bc2c    00000046     Kentec320x240x16_ssd2119_spi.obj (.text:Kentec320x240x16_SSD2119PixelDraw)
                  0000bc72    00000046     drivers_tivaware.aem4f : RingBuf.oem4f (.text:RingBuf_put)
                  0000bcb8    00000046     driverlib.lib : uart.obj (.text:UARTConfigSetExpClk)
                  0000bcfe    00000046     ti.targets.arm.rtsarm.aem4f : Core-params.oem4f (.text:xdc_runtime_Core_assignParams__I)
                  0000bd44    00000004     --HOLE-- [fill = 0]
                  0000bd48    00000044     sysbios.aem4f : BIOS.obj (.text:ti_sysbios_family_arm_lm4_Timer_isrStub__E)
                  0000bd8c    00000004     --HOLE-- [fill = 0]
                  0000bd90    00000044                   : BIOS.obj (.text:ti_sysbios_family_arm_m3_Hwi_getStackInfo__E)
                  0000bdd4    00000004     --HOLE-- [fill = 0]
                  0000bdd8    00000044                   : BIOS.obj (.text:ti_sysbios_knl_Swi_post__E)
                  0000be1c    00000044     ti.targets.arm.rtsarm.aem4f : Error.oem4f (.text:xdc_runtime_Error_setX__E)
                  0000be60    00000044                                 : SysMin.oem4f (.text:xdc_runtime_SysMin_flush__E)
                  0000bea4    00000044                                 : Text.oem4f (.text:xdc_runtime_Text_xprintf__I)
                  0000bee8    00000042     drivers_tivaware.aem4f : UARTTiva.oem4f (.text:UARTTiva_hwiIntFxn)
                  0000bf2a    00000042                            : UARTTiva.oem4f (.text:UARTTiva_writePolling)
                  0000bf6c    00000040     grlib_demo.obj (.text:OnMainMenu)
                  0000bfac    00000040     grlib_demo.obj (.text:OnSettingsMain)
                  0000bfec    00000040     drivers_tivaware.aem4f : RingBuf.oem4f (.text:RingBuf_get)
                  0000c02c    00000040                            : UARTTiva.oem4f (.text:UARTTiva_read)
                  0000c06c    00000040     rtsv7M4_T_le_v4SPD16_eabi.lib : u_divt2.asm.obj (.text)
                  0000c0ac    00000040                                   : sprintf.c.obj (.text:sprintf)
                  0000c0ec    00000004     --HOLE-- [fill = 0]
                  0000c0f0    00000040     sysbios.aem4f : BIOS.obj (.text:ti_sysbios_family_arm_lm4_Timer_startup__E)
                  0000c130    0000003e     rtsv7M4_T_le_v4SPD16_eabi.lib : _printfi.c.obj (.text:_fcpy)
                  0000c16e    00000002     --HOLE-- [fill = 0]
                  0000c170    0000003c     EK_TM4C1294XL.obj (.text:EK_TM4C1294XL_initI2C)
                  0000c1ac    0000003c     driverlib.lib : ssi.obj (.text:SSIConfigSetExpClk)
                  0000c1e8    0000003c     sysbios.aem4f : BIOS.obj (.text:ti_sysbios_family_arm_m3_Hwi_excSvCall__I)
                  0000c224    00000004     --HOLE-- [fill = 0]
                  0000c228    0000003c                   : BIOS.obj (.text:ti_sysbios_heaps_HeapMem_init__I)
                  0000c264    00000004     --HOLE-- [fill = 0]
                  0000c268    0000003c                   : BIOS.obj (.text:ti_sysbios_knl_Swi_restore__E)
                  0000c2a4    0000003a     grlib.lib : string.obj (.text:FontGlyphDataGet)
                  0000c2de    0000003a     drivers_tivaware.aem4f : I2CTiva.oem4f (.text:I2CTiva_completeTransfer)
                  0000c318    00000038                            : I2C.oem4f (.text:I2C_init)
                  0000c350    00000038                            : PWM.oem4f (.text:PWM_init)
                  0000c388    00000038     driverlib.lib : sysctl.obj (.text:SysCtlPeripheralReady)
                  0000c3c0    00000038     drivers_tivaware.aem4f : UART.oem4f (.text:UART_init)
                  0000c3f8    00000038     rtsv7M4_T_le_v4SPD16_eabi.lib : trgmsg.c.obj (.text:__TI_writemsg)
                  0000c430    00000038                                   : fs_tod_t2.asm.obj (.text)
                  0000c468    00000038     motorCode.obj (.text:startMotor)
                  0000c4a0    00000038     sysbios.aem4f : BIOS.obj (.text:ti_sysbios_family_arm_m3_Hwi_excNoIsr__I)
                  0000c4d8    00000038     empty_pem4f.oem4f (.text:ti_sysbios_knl_Clock_create)
                  0000c510    00000038     sysbios.aem4f : BIOS.obj (.text:ti_sysbios_knl_Task_processVitalTaskFlag__I)
                  0000c548    00000038     ti.targets.arm.rtsarm.aem4f : SysMin.oem4f (.text:xdc_runtime_SysMin_putch__E)
                  0000c580    00000038                                 : System.oem4f (.text:xdc_runtime_System_atexit__E)
                  0000c5b8    00000036     grlib.lib : line.obj (.text:GrClipCodeGet)
                  0000c5ee    00000036     drivers_tivaware.aem4f : I2CTiva.oem4f (.text:I2CTiva_close)
                  0000c624    00000036                            : UARTTiva.oem4f (.text:UARTTiva_readCancel)
                  0000c65a    00000002     --HOLE-- [fill = 0]
                  0000c65c    00000034     driverlib.lib : sysctl.obj (.text:SysCtlPeripheralEnable)
                  0000c690    00000034     rtsv7M4_T_le_v4SPD16_eabi.lib : trgmsg.c.obj (.text:__TI_readmsg)
                  0000c6c4    00000004     --HOLE-- [fill = 0]
                  0000c6c8    00000034     sysbios.aem4f : BIOS.obj (.text:ti_sysbios_family_arm_m3_Hwi_Instance_finalize__E)
                  0000c6fc    00000004     --HOLE-- [fill = 0]
                  0000c700    00000034                   : BIOS.obj (.text:ti_sysbios_family_arm_m3_Hwi_excNmi__I)
                  0000c734    00000004     --HOLE-- [fill = 0]
                  0000c738    00000034                   : BIOS.obj (.text:ti_sysbios_hal_Hwi_checkStack)
                  0000c76c    00000034     empty_pem4f.oem4f (.text:ti_sysbios_knl_Clock_construct)
                  0000c7a0    00000034     ti.targets.arm.rtsarm.aem4f : Core-label.oem4f (.text:xdc_runtime_Core_assignLabel__I)
                  0000c7d4    00000033                                 : Text.oem4f (.text:xdc_runtime_Text_printVisFxn__I)
                  0000c807    00000001     --HOLE-- [fill = 0]
                  0000c808    00000032     sysbios.aem4f : BIOS.obj (.text:ti_sysbios_hal_Hwi_initStack)
                  0000c83a    00000002     --HOLE-- [fill = 0]
                  0000c83c    00000030     drivers_tivaware.aem4f : GPIOTiva.oem4f (.text:GPIO_enableInt)
                  0000c86c    00000030                            : GPIOTiva.oem4f (.text:GPIO_read)
                  0000c89c    00000030     grlib_demo.obj (.text:OnGraphAcceleration)
                  0000c8cc    00000030     drivers_tivaware.aem4f : PWMTiva.oem4f (.text:PWMTiva_init)
                  0000c8fc    00000030                            : PWM.oem4f (.text:PWM_open)
                  0000c92c    00000030                            : UART.oem4f (.text:UART_open)
                  0000c95c    00000030     empty_pem4f.oem4f (.text:ti_sysbios_BIOS_atExitFunc__I)
                  0000c98c    00000004     --HOLE-- [fill = 0]
                  0000c990    00000030     sysbios.aem4f : BIOS.obj (.text:ti_sysbios_family_arm_lm4_Timer_stop__E)
                  0000c9c0    00000030                   : BIOS.obj (.text:ti_sysbios_family_arm_m3_TaskSupport_start__E)
                  0000c9f0    00000030     empty_pem4f.oem4f (.text:ti_sysbios_gates_GateHwi_Object__create__S)
                  0000ca20    00000030     empty_pem4f.oem4f (.text:ti_sysbios_gates_GateHwi_create)
                  0000ca50    00000030     empty_pem4f.oem4f (.text:ti_sysbios_gates_GateMutex_Object__create__S)
                  0000ca80    00000030     empty_pem4f.oem4f (.text:ti_sysbios_heaps_HeapMem_Object__create__S)
                  0000cab0    00000030     empty_pem4f.oem4f (.text:ti_sysbios_knl_Semaphore_construct)
                  0000cae0    00000030     sysbios.aem4f : BIOS.obj (.text:ti_sysbios_knl_Semaphore_pendTimeout__I)
                  0000cb10    00000030                   : BIOS.obj (.text:ti_sysbios_knl_Task_unblockI__E)
                  0000cb40    00000030     ti.targets.arm.rtsarm.aem4f : SysMin.oem4f (.text:xdc_runtime_SysMin_abort__E)
                  0000cb70    00000030                                 : System.oem4f (.text:xdc_runtime_System_processAtExit__E)
                  0000cba0    0000002e     grlib.lib : string.obj (.text:GrStringNextCharGet)
                  0000cbce    0000002e     rtsv7M4_T_le_v4SPD16_eabi.lib : i_tofd_t2.asm.obj (.text)
                  0000cbfc    0000002c     grlib.lib : string.obj (.text:GrFontBaselineGet)
                  0000cc28    0000002c               : string.obj (.text:GrFontHeightGet)
                  0000cc54    0000002c               : pushbutton.obj (.text:RectangularButtonMsgProc)
                  0000cc80    0000002c               : widget.obj (.text:WidgetIsInTree)
                  0000ccac    0000002c     empty_pem4f.oem4f (.text:ti_sysbios_knl_Clock_doTick__I)
                  0000ccd8    0000002c     empty_pem4f.oem4f (.text:ti_sysbios_knl_Event_construct)
                  0000cd04    0000002c     empty_pem4f.oem4f (.text:ti_sysbios_knl_Queue_construct)
                  0000cd30    0000002c     sysbios.aem4f : BIOS.obj (.text:ti_sysbios_knl_Task_restore__E)
                  0000cd5c    0000002c     ti.targets.arm.rtsarm.aem4f : Text.oem4f (.text:xdc_runtime_Text_cordText__E)
                  0000cd88    0000002a     driverlib.lib : gpio.obj (.text:GPIODirModeSet)
                  0000cdb2    0000002a     ti.targets.arm.rtsarm.aem4f : System.oem4f (.text:xdc_runtime_System_putchar__I)
                  0000cddc    00000028     Kentec320x240x16_ssd2119_spi.obj (.text:Kentec320x240x16_SSD2119ColorTranslate)
                  0000ce04    00000028     grlib_demo.obj (.text:OnGraphSpeed)
                  0000ce2c    00000004     --HOLE-- [fill = 0]
                  0000ce30    00000028     sysbios.aem4f : BIOS.obj (.text:ti_sysbios_hal_Hwi_Instance_init__E)
                  0000ce58    00000028                   : BIOS.obj (.text:ti_sysbios_knl_Swi_Module_startup__E)
                  0000ce80    00000026     grlib.lib : string.obj (.text:GrFontInfoGet)
                  0000cea6    00000026     sysbios.aem4f : m3_Hwi_asm.obj (.text:ti_sysbios_family_arm_m3_Hwi_pendSV__I)
                  0000cecc    00000026     ti.targets.arm.rtsarm.aem4f : System.oem4f (.text:xdc_runtime_System_avprintf__E)
                  0000cef2    00000002     --HOLE-- [fill = 0]
                  0000cef4    00000024     grlib_demo.obj (.text:OnGraphLight)
                  0000cf18    00000024     grlib_demo.obj (.text:OnGraphPower)
                  0000cf3c    00000024     empty_pem4f.oem4f (.text:ti_sysbios_BIOS_errorRaiseHook__I)
                  0000cf60    00000024     empty_pem4f.oem4f (.text:ti_sysbios_BIOS_registerRTSLock__I)
                  0000cf84    00000024     empty_pem4f.oem4f (.text:ti_sysbios_BIOS_removeRTSLock__I)
                  0000cfa8    00000024     empty_pem4f.oem4f (.text:ti_sysbios_BIOS_startFunc__I)
                  0000cfcc    00000024     empty_pem4f.oem4f (.text:ti_sysbios_gates_GateMutex_Object__delete__S)
                  0000cff0    00000024     sysbios.aem4f : BIOS.obj (.text:ti_sysbios_knl_Clock_Module_startup__E)
                  0000d014    00000004     --HOLE-- [fill = 0]
                  0000d018    00000024                   : BIOS.obj (.text:ti_sysbios_knl_Task_restoreHwi__E)
                  0000d03c    00000024     ti.targets.arm.rtsarm.aem4f : System.oem4f (.text:xdc_runtime_System_vprintf__E)
                  0000d060    00000022     grlib.lib : string.obj (.text:GrFontGlyphDataGet)
                  0000d082    00000022     driverlib.lib : pwm.obj (.text:PWMGenConfigure)
                  0000d0a4    00000022     drivers_tivaware.aem4f : PWMTiva.oem4f (.text:PWMTiva_getPeriodCounts)
                  0000d0c6    00000002     --HOLE-- [fill = 0]
                  0000d0c8    00000022     sysbios.aem4f : BIOS.obj (.text:ti_sysbios_family_arm_lm4_Timer_write__I)
                  0000d0ea    00000022     empty_pem4f.oem4f (.text:xdc_runtime_SysMin_output__I)
                  0000d10c    00000020     drivers_tivaware.aem4f : GPIOTiva.oem4f (.text:GPIO_clearInt)
                  0000d12c    00000020     driverlib.lib : uart.obj (.text:UARTDisable)
                  0000d14c    00000020     Boot.aem4f : Boot_sysctl.oem4f (.text:_SysCtlMemTimingGet)
                  0000d16c    00000020     driverlib.lib : sysctl.obj (.text:_SysCtlMemTimingGet)
                  0000d18c    00000020     motorCode.obj (.text:setSpeed)
                  0000d1ac    00000020     empty_pem4f.oem4f (.text:ti_sysbios_BIOS_rtsLock__I)
                  0000d1cc    00000020     empty_pem4f.oem4f (.text:ti_sysbios_family_arm_m3_Hwi_Object__delete__S)
                  0000d1ec    00000020     sysbios.aem4f : m3_Hwi_asm.obj (.text:ti_sysbios_family_arm_m3_Hwi_excHandlerAsm__I)
                  0000d20c    00000004     --HOLE-- [fill = 0]
                  0000d210    00000020                   : BIOS.obj (.text:ti_sysbios_family_arm_m3_Hwi_excHandler__I)
                  0000d230    00000020     empty_pem4f.oem4f (.text:ti_sysbios_gates_GateHwi_Object__delete__S)
                  0000d250    00000020     empty_pem4f.oem4f (.text:ti_sysbios_heaps_HeapMem_Object__delete__S)
                  0000d270    00000020     empty_pem4f.oem4f (.text:ti_sysbios_knl_Clock_Object__destruct__S)
                  0000d290    00000020     sysbios.aem4f : BIOS.obj (.text:ti_sysbios_knl_Idle_run__E)
                  0000d2b0    00000020     empty_pem4f.oem4f (.text:ti_sysbios_knl_Semaphore_Object__destruct__S)
                  0000d2d0    00000020     ti.targets.arm.rtsarm.aem4f : Registry.oem4f (.text:xdc_runtime_Registry_findById__E)
                  0000d2f0    00000020                                 : SysMin.oem4f (.text:xdc_runtime_SysMin_Module_startup__E)
                  0000d310    0000001e     grlib.lib : string.obj (.text:GrFontCodepageGet)
                  0000d32e    0000001e     driverlib.lib : pwm.obj (.text:PWMPulseWidthSet)
                  0000d34c    0000001e     drivers_tivaware.aem4f : PWMTiva.oem4f (.text:PWMTiva_getPeriodMicroSecs)
                  0000d36a    0000001e     grlib.lib : widget.obj (.text:WidgetAdd)
                  0000d388    0000001e     sysbios.aem4f : m3_Hwi_asm_switch.obj (.text:ti_sysbios_family_xxx_Hwi_switchAndRunFunc)
                  0000d3a6    00000002     --HOLE-- [fill = 0]
                  0000d3a8    0000001c     grlib.lib : widget.obj (.text:WidgetPointerMessage)
                  0000d3c4    0000001c     drivers_tivaware.aem4f : GPIOTiva.oem4f (.text:getGpioIntIndex)
                  0000d3e0    0000001c     rtsv7M4_T_le_v4SPD16_eabi.lib : memccpy.c.obj (.text:memccpy)
                  0000d3fc    0000001c     empty_pem4f.oem4f (.text:ti_sysbios_family_arm_m3_Hwi_Object__destruct__S)
                  0000d418    0000001c     sysbios.aem4f : BIOS.obj (.text:ti_sysbios_gates_GateMutex_Instance_init__E)
                  0000d434    0000001c     empty_pem4f.oem4f (.text:ti_sysbios_hal_Hwi_HwiProxy_create)
                  0000d450    0000001c     empty_pem4f.oem4f (.text:ti_sysbios_knl_Queue_Object__destruct__S)
                  0000d46c    00000004     --HOLE-- [fill = 0]
                  0000d470    0000001c     sysbios.aem4f : BIOS.obj (.text:ti_sysbios_knl_Queue_put__E)
                  0000d48c    00000004     --HOLE-- [fill = 0]
                  0000d490    0000001c                   : BIOS.obj (.text:ti_sysbios_knl_Task_enter__I)
                  0000d4ac    0000001c     ti.targets.arm.rtsarm.aem4f : Error.oem4f (.text:xdc_runtime_Error_raiseX__E)
                  0000d4c8    0000001c                                 : Memory.oem4f (.text:xdc_runtime_Memory_valloc__E)
                  0000d4e4    0000001c                                 : SysMin.oem4f (.text:xdc_runtime_SysMin_exit__E)
                  0000d500    0000001c                                 : System.oem4f (.text:xdc_runtime_System_abort__E)
                  0000d51c    0000001a     rtsv7M4_T_le_v4SPD16_eabi.lib : s_copysign.c.obj (.text:copysign)
                  0000d536    0000001a     empty_pem4f.oem4f (.text:ti_sysbios_family_arm_m3_Hwi_Handle__label__S)
                  0000d550    0000001a     empty_pem4f.oem4f (.text:ti_sysbios_gates_GateHwi_Handle__label__S)
                  0000d56a    0000001a     empty_pem4f.oem4f (.text:ti_sysbios_gates_GateMutex_Handle__label__S)
                  0000d584    0000001a     empty_pem4f.oem4f (.text:ti_sysbios_heaps_HeapMem_Handle__label__S)
                  0000d59e    0000001a     empty_pem4f.oem4f (.text:ti_sysbios_knl_Swi_Handle__label__S)
                  0000d5b8    0000001a     empty_pem4f.oem4f (.text:ti_sysbios_knl_Task_Handle__label__S)
                  0000d5d2    0000001a     empty_pem4f.oem4f (.text:xdc_runtime_System_aprintf__E)
                  0000d5ec    0000001a     empty_pem4f.oem4f (.text:xdc_runtime_System_printf__E)
                  0000d606    00000018     driverlib.lib : gpio.obj (.text:GPIOPinTypeGPIOOutput)
                  0000d61e    00000018                   : timer.obj (.text:TimerControlLevel)
                  0000d636    00000002     --HOLE-- [fill = 0]
                  0000d638    00000018                   : timer.obj (.text:TimerDisable)
                  0000d650    00000018     drivers_tivaware.aem4f : UART.oem4f (.text:UART_Params_init)
                  0000d668    00000018     rtsv7M4_T_le_v4SPD16_eabi.lib : args_main.c.obj (.text:_args_main)
                  0000d680    00000018                                   : sprintf.c.obj (.text:_outs)
                  0000d698    00000018     empty.obj (.text:heartBeatFxn)
                  0000d6b0    00000018     empty_pem4f.oem4f (.text:ti_sysbios_BIOS_rtsUnlock__I)
                  0000d6c8    00000018     empty_pem4f.oem4f (.text:ti_sysbios_family_arm_lm4_Timer_Module__startupDone__F)
                  0000d6e0    00000018     empty_pem4f.oem4f (.text:ti_sysbios_family_arm_m3_Hwi_Module__startupDone__F)
                  0000d6f8    00000018     sysbios.aem4f : m3_TaskSupport_asm.obj (.text:ti_sysbios_family_arm_m3_TaskSupport_swap__E)
                  0000d710    00000018                   : BIOS.obj (.text:ti_sysbios_gates_GateMutex_leave__E)
                  0000d728    00000018     ti.targets.arm.rtsarm.aem4f : Error.oem4f (.text:xdc_runtime_Error_check__E)
                  0000d740    00000018                                 : System.oem4f (.text:xdc_runtime_System_exit__E)
                  0000d758    00000018                                 : Text.oem4f (.text:xdc_runtime_Text_ropeText__E)
                  0000d770    00000016     grlib.lib : string.obj (.text:GrStringDraw)
                  0000d786    00000016     driverlib.lib : i2c.obj (.text:I2CMasterErr)
                  0000d79c    00000016     rtsv7M4_T_le_v4SPD16_eabi.lib : strchr.c.obj (.text:strchr)
                  0000d7b2    00000016     empty_pem4f.oem4f (.text:ti_sysbios_BIOS_exitFunc__I)
                  0000d7c8    00000016     motorCode.obj (.text:ti_sysbios_gates_GateHwi_Params_init)
                  0000d7de    00000016     motorCode.obj (.text:ti_sysbios_hal_Hwi_Params_init)
                  0000d7f4    00000016     empty.obj (.text:ti_sysbios_knl_Clock_Params_init)
                  0000d80a    00000016     motorCode.obj (.text:ti_sysbios_knl_Clock_Params_init)
                  0000d820    00000016     motorCode.obj (.text:ti_sysbios_knl_Semaphore_Params_init)
                  0000d836    00000014     grlib.lib : canvas.obj (.text:CanvasMsgProc)
                  0000d84a    00000002     --HOLE-- [fill = 0]
                  0000d84c    00000014     Kentec320x240x16_ssd2119_spi.obj (.text:LED_OFF)
                  0000d860    00000014     Kentec320x240x16_ssd2119_spi.obj (.text:LED_ON)
                  0000d874    00000014     grlib_demo.obj (.text:OnSettingAcceleration)
                  0000d888    00000014     grlib_demo.obj (.text:OnSettingCurrent)
                  0000d89c    00000014     grlib_demo.obj (.text:OnSettingSpeed)
                  0000d8b0    00000014     driverlib.lib : pwm.obj (.text:PWMClockSet)
                  0000d8c4    00000014                   : sysctl.obj (.text:SysCtlPWMClockSet)
                  0000d8d8    00000014     touch.obj (.text:TouchScreenCallbackSet)
                  0000d8ec    00000014     driverlib.lib : uart.obj (.text:UARTEnable)
                  0000d900    00000014     grlib.lib : widget.obj (.text:WidgetMutexGet)
                  0000d914    00000014     motorCode.obj (.text:getSpeed)
                  0000d928    00000014     rtsv7M4_T_le_v4SPD16_eabi.lib : strlen.c.obj (.text:strlen)
                  0000d93c    00000014     empty_pem4f.oem4f (.text:ti_sysbios_family_arm_m3_Hwi_Object__get__S)
                  0000d950    00000014     sysbios.aem4f : BIOS.obj (.text:ti_sysbios_family_arm_m3_Hwi_switchFromBootStack__E)
                  0000d964    00000014     empty_pem4f.oem4f (.text:ti_sysbios_heaps_HeapMem_Object__get__S)
                  0000d978    00000014     sysbios.aem4f : BIOS.obj (.text:ti_sysbios_knl_Event_Instance_init__E)
                  0000d98c    00000014     empty_pem4f.oem4f (.text:ti_sysbios_knl_Swi_Object__get__S)
                  0000d9a0    00000014     motorCode.obj (.text:waitFxn)
                  0000d9b4    00000012     driverlib.lib : gpio.obj (.text:GPIOPinTypeADC)
                  0000d9c6    00000012                   : gpio.obj (.text:GPIOPinTypeEthernetLED)
                  0000d9d8    00000012                   : gpio.obj (.text:GPIOPinTypeGPIOInput)
                  0000d9ea    00000012                   : gpio.obj (.text:GPIOPinTypeI2C)
                  0000d9fc    00000012                   : gpio.obj (.text:GPIOPinTypeI2CSCL)
                  0000da0e    00000012                   : gpio.obj (.text:GPIOPinTypePWM)
                  0000da20    00000012                   : gpio.obj (.text:GPIOPinTypeSSI)
                  0000da32    00000012                   : gpio.obj (.text:GPIOPinTypeTimer)
                  0000da44    00000012                   : gpio.obj (.text:GPIOPinTypeUART)
                  0000da56    00000012                   : gpio.obj (.text:GPIOPinTypeUSBAnalog)
                  0000da68    00000012                   : gpio.obj (.text:GPIOPinTypeUSBDigital)
                  0000da7a    00000012                   : pwm.obj (.text:PWMGenPeriodGet)
                  0000da8c    00000012                   : pwm.obj (.text:PWMOutputInvert)
                  0000da9e    00000012                   : pwm.obj (.text:PWMOutputState)
                  0000dab0    00000012     drivers_tivaware.aem4f : RingBuf.oem4f (.text:RingBuf_construct)
                  0000dac2    00000012     driverlib.lib : ssi.obj (.text:SSIDataGetNonBlocking)
                  0000dad4    00000012                   : timer.obj (.text:TimerLoadSet)
                  0000dae6    00000012                   : timer.obj (.text:TimerMatchSet)
                  0000daf8    00000012                   : timer.obj (.text:TimerPrescaleMatchSet)
                  0000db0a    00000012                   : timer.obj (.text:TimerPrescaleSet)
                  0000db1c    00000004     --HOLE-- [fill = 0]
                  0000db20    00000012     sysbios.aem4f : BIOS.obj (.text:ti_sysbios_hal_Hwi_Module_startup__E)
                  0000db32    00000012     rtsv7M4_T_le_v4SPD16_eabi.lib : wcslen.c.obj (.text:wcslen)
                  0000db44    00000012     empty_pem4f.oem4f (.text:xdc_runtime_Startup_exec__I)
                  0000db56    00000002     --HOLE-- [fill = 0]
                  0000db58    00000010     empty_pem4f.oem4f (.text:.bootCodeSection:ti_catalog_arm_cortexm4_tiva_ce_Boot_init__I)
                  0000db68    00000010     driverlib.lib : adc.obj (.text:ADCIntEnable)
                  0000db78    00000010                   : pwm.obj (.text:PWMGenPeriodSet)
                  0000db88    00000010     drivers_tivaware.aem4f : PWM.oem4f (.text:PWM_Params_init)
                  0000db98    00000010                            : UARTTiva.oem4f (.text:readBlockingTimeout)
                  0000dba8    00000010     sysbios.aem4f : BIOS.obj (.text:ti_sysbios_BIOS_getCpuFreq__E)
                  0000dbb8    00000010                   : BIOS.obj (.text:ti_sysbios_BIOS_setThreadType__E)
                  0000dbc8    00000010                   : BIOS.obj (.text:ti_sysbios_BIOS_start__E)
                  0000dbd8    00000010                   : m3_TaskSupport_asm.obj (.text:ti_sysbios_family_arm_m3_TaskSupport_glue)
                  0000dbe8    00000010                   : BIOS.obj (.text:ti_sysbios_gates_GateMutex_Instance_finalize__E)
                  0000dbf8    00000010     empty_pem4f.oem4f (.text:ti_sysbios_hal_Hwi_HwiProxy_Object__create__S)
                  0000dc08    00000010     sysbios.aem4f : BIOS.obj (.text:ti_sysbios_knl_Semaphore_Instance_finalize__E)
                  0000dc18    00000010                   : BIOS.obj (.text:ti_sysbios_knl_Swi_disable__E)
                  0000dc28    00000010     empty_pem4f.oem4f (.text:ti_sysbios_knl_Task_Object__get__S)
                  0000dc38    00000010     sysbios.aem4f : BIOS.obj (.text:ti_sysbios_knl_Task_disable__E)
                  0000dc48    00000010     ti.targets.arm.rtsarm.aem4f : Gate.oem4f (.text:xdc_runtime_Gate_leaveSystem__E)
                  0000dc58    00000010                                 : Memory.oem4f (.text:xdc_runtime_Memory_free__E)
                  0000dc68    00000010                                 : SysMin.oem4f (.text:xdc_runtime_SysMin_ready__E)
                  0000dc78    00000010                                 : System.oem4f (.text:xdc_runtime_System_vsnprintf__E)
                  0000dc88    00000010     empty_pem4f.oem4f (.text:xdc_runtime_Text_visitRope__I)
                  0000dc98    0000000e     driverlib.lib : adc.obj (.text:ADCSequenceEnable)
                  0000dca6    0000000e                   : gpio.obj (.text:GPIOIntStatus)
                  0000dcb4    0000000e     grlib.lib : image.obj (.text:GrImageDraw)
                  0000dcc2    0000000e     driverlib.lib : timer.obj (.text:TimerEnable)
                  0000dcd0    0000000e                   : uart.obj (.text:UARTCharGetNonBlocking)
                  0000dcde    0000000e                   : uart.obj (.text:UARTCharPutNonBlocking)
                  0000dcec    0000000e     rtsv7M4_T_le_v4SPD16_eabi.lib : copy_decompress_none.c.obj (.text:decompress:none:__TI_decompress_none)
                  0000dcfa    00000006     grlib.lib : string.obj (.text:GrContextFontSet)
                  0000dd00    0000000e     sysbios.aem4f : BIOS.obj (.text:ti_sysbios_knl_Idle_loop__E)
                  0000dd0e    00000002     --HOLE-- [fill = 0]
                  0000dd10    0000000e                   : BIOS.obj (.text:ti_sysbios_knl_Queue_empty__E)
                  0000dd1e    0000000c     driverlib.lib : gpio.obj (.text:GPIOIntEnable)
                  0000dd2a    0000000c                   : pwm.obj (.text:PWMGenDisable)
                  0000dd36    0000000c                   : pwm.obj (.text:PWMGenEnable)
                  0000dd42    0000000c     drivers_tivaware.aem4f : RingBuf.oem4f (.text:RingBuf_peek)
                  0000dd4e    0000000c     driverlib.lib : uart.obj (.text:UARTFlowControlSet)
                  0000dd5a    0000000c     drivers_tivaware.aem4f : UARTTiva.oem4f (.text:UARTTiva_init)
                  0000dd66    00000002     --HOLE-- [fill = 0]
                  0000dd68    0000000c     rtsv7M4_T_le_v4SPD16_eabi.lib : _lock.c.obj (.text:_register_lock)
                  0000dd74    0000000c                                   : _lock.c.obj (.text:_register_unlock)
                  0000dd80    0000000c                                   : copy_zero_init.c.obj (.text:decompress:ZI:__TI_zero_init)
                  0000dd8c    0000000c     motorCode.obj (.text:getState)
                  0000dd98    0000000c     sysbios.aem4f : BIOS.obj (.text:ti_sysbios_family_arm_lm4_Timer_getAvailMask__E)
                  0000dda4    00000004     --HOLE-- [fill = 0]
                  0000dda8    0000000c                   : BIOS.obj (.text:ti_sysbios_family_arm_lm4_Timer_getMaxTicks__E)
                  0000ddb4    0000000c     empty_pem4f.oem4f (.text:ti_sysbios_family_arm_m3_Hwi_Params__init__S)
                  0000ddc0    0000000c     sysbios.aem4f : BIOS.obj (.text:ti_sysbios_family_arm_m3_Hwi_disableFxn__E)
                  0000ddcc    00000004     --HOLE-- [fill = 0]
                  0000ddd0    0000000c                   : BIOS.obj (.text:ti_sysbios_family_arm_m3_TaskSupport_checkStack__E)
                  0000dddc    0000000c     empty_pem4f.oem4f (.text:ti_sysbios_gates_GateHwi_Params__init__S)
                  0000dde8    0000000c     sysbios.aem4f : BIOS.obj (.text:ti_sysbios_gates_GateHwi_enter__E)
                  0000ddf4    0000000c     empty_pem4f.oem4f (.text:ti_sysbios_hal_Hwi_Params__init__S)
                  0000de00    0000000c     empty_pem4f.oem4f (.text:ti_sysbios_knl_Clock_Params__init__S)
                  0000de0c    00000004     --HOLE-- [fill = 0]
                  0000de10    0000000c     sysbios.aem4f : BIOS.obj (.text:ti_sysbios_knl_Clock_getTicks__E)
                  0000de1c    0000000c     motorCode.obj (.text:ti_sysbios_knl_Event_handle)
                  0000de28    0000000c     empty_pem4f.oem4f (.text:ti_sysbios_knl_Queue_Object__get__S)
                  0000de34    0000000c     empty_pem4f.oem4f (.text:ti_sysbios_knl_Semaphore_Params__init__S)
                  0000de40    0000000c     motorCode.obj (.text:ti_sysbios_knl_Semaphore_handle)
                  0000de4c    0000000c     empty.obj (.text:updateGraphUI)
                  0000de58    0000000c     ti.targets.arm.rtsarm.aem4f : Error.oem4f (.text:xdc_runtime_Error_init__E)
                  0000de64    0000000c                                 : Gate.oem4f (.text:xdc_runtime_Gate_enterSystem__E)
                  0000de70    0000000c                                 : Memory.oem4f (.text:xdc_runtime_Memory_calloc__E)
                  0000de7c    0000000c                                 : Memory.oem4f (.text:xdc_runtime_Memory_getMaxDefaultTypeAlign__E)
                  0000de88    0000000a     driverlib.lib : adc.obj (.text:ADCIntClear)
                  0000de92    0000000a                   : i2c.obj (.text:I2CMasterDisable)
                  0000de9c    0000000a                   : i2c.obj (.text:I2CMasterEnable)
                  0000dea6    0000000a     drivers_tivaware.aem4f : I2CTiva.oem4f (.text:I2CTiva_init)
                  0000deb0    0000000a                            : I2C.oem4f (.text:I2C_transfer)
                  0000deba    0000000a     Kentec320x240x16_ssd2119_spi.obj (.text:Kentec320x240x16_SSD2119Flush)
                  0000dec4    0000000a     drivers_tivaware.aem4f : PWMTimerTiva.oem4f (.text:PWMTimerTiva_getPeriodCounts)
                  0000dece    0000000a                            : PWM.oem4f (.text:PWM_setDuty)
                  0000ded8    0000000a     driverlib.lib : ssi.obj (.text:SSIDataPut)
                  0000dee2    0000000a                   : ssi.obj (.text:SSIEnable)
                  0000deec    0000000a                   : uart.obj (.text:UARTCharGet)
                  0000def6    0000000a                   : uart.obj (.text:UARTCharPut)
                  0000df00    0000000a                   : uart.obj (.text:UARTIntDisable)
                  0000df0a    0000000a                   : uart.obj (.text:UARTIntStatus)
                  0000df14    0000000a     drivers_tivaware.aem4f : UART.oem4f (.text:UART_write)
                  0000df1e    0000000a     rtsv7M4_T_le_v4SPD16_eabi.lib : sprintf.c.obj (.text:_outc)
                  0000df28    0000000a     sysbios.aem4f : BIOS.obj (.text:ti_sysbios_hal_Hwi_Instance_finalize__E)
                  0000df32    0000000a     empty_pem4f.oem4f (.text:xdc_runtime_IHeap_alloc)
                  0000df3c    0000000a     empty_pem4f.oem4f (.text:xdc_runtime_IHeap_free)
                  0000df46    00000008     EK_TM4C1294XL.obj (.text:EK_TM4C1294XL_initGPIO)
                  0000df4e    00000008     grlib.lib : charmap.obj (.text:GrMapISO8859_1_Unicode)
                  0000df56    00000008     driverlib.lib : i2c.obj (.text:I2CMasterIntClear)
                  0000df5e    00000008                   : i2c.obj (.text:I2CMasterSlaveAddrSet)
                  0000df66    00000008     drivers_tivaware.aem4f : I2CTiva.oem4f (.text:I2CTiva_blockingCallback)
                  0000df6e    00000008                            : PWMTimerTiva.oem4f (.text:PWMTimerTiva_init)
                  0000df76    00000008     driverlib.lib : ssi.obj (.text:SSIBusy)
                  0000df7e    00000008                   : uart.obj (.text:UARTIntEnable)
                  0000df86    00000008                   : uart.obj (.text:UARTRxErrorGet)
                  0000df8e    00000002     --HOLE-- [fill = 0]
                  0000df90    00000008     rtsv7M4_T_le_v4SPD16_eabi.lib : errno.c.obj (.text:__aeabi_errno_addr)
                  0000df98    00000008     drivers_tivaware.aem4f : UARTTiva.oem4f (.text:readSemCallback)
                  0000dfa0    00000008     sysbios.aem4f : BIOS.obj (.text:ti_sysbios_family_arm_lm4_Timer_masterDisable__I)
                  0000dfa8    00000008                   : BIOS.obj (.text:ti_sysbios_family_arm_m3_Hwi_doSwiRestore__I)
                  0000dfb0    00000008                   : BIOS.obj (.text:ti_sysbios_family_arm_m3_Hwi_startup__E)
                  0000dfb8    00000008     drivers_tivaware.aem4f : UARTTiva.oem4f (.text:writeSemCallback)
                  0000dfc0    00000006     driverlib.lib : i2c.obj (.text:I2CMasterIntDisable)
                  0000dfc6    00000006                   : i2c.obj (.text:I2CMasterIntEnable)
                  0000dfcc    00000006     drivers_tivaware.aem4f : I2CTiva.oem4f (.text:I2CTiva_control)
                  0000dfd2    00000006                            : PWMTimerTiva.oem4f (.text:PWMTimerTiva_getPeriodMicroSecs)
                  0000dfd8    00000006     driverlib.lib : sysctl.obj (.text:SysCtlDelay)
                  0000dfde    00000006                   : uart.obj (.text:UARTFIFOLevelSet)
                  0000dfe4    00000006                   : uart.obj (.text:UARTRxErrorClear)
                  0000dfea    00000006     grlib.lib : widget.obj (.text:WidgetMutexPut)
                  0000dff0    00000006     sysbios.aem4f : BIOS.obj (.text:ti_sysbios_family_arm_m3_Hwi_doTaskRestore__I)
                  0000dff6    00000002     --HOLE-- [fill = 0]
                  0000dff8    00000006                   : BIOS.obj (.text:ti_sysbios_family_arm_m3_Hwi_restoreFxn__E)
                  0000dffe    00000002     --HOLE-- [fill = 0]
                  0000e000    00000006                   : BIOS.obj (.text:ti_sysbios_gates_GateHwi_leave__E)
                  0000e006    00000002     --HOLE-- [fill = 0]
                  0000e008    00000006                   : BIOS.obj (.text:ti_sysbios_heaps_HeapMem_isBlocking__E)
                  0000e00e    00000002     --HOLE-- [fill = 0]
                  0000e010    00000006                   : BIOS.obj (.text:ti_sysbios_knl_Clock_stop__E)
                  0000e016    00000002     --HOLE-- [fill = 0]
                  0000e018    00000006                   : BIOS.obj (.text:ti_sysbios_knl_Queue_Instance_init__E)
                  0000e01e    00000002     --HOLE-- [fill = 0]
                  0000e020    00000006                   : BIOS.obj (.text:ti_sysbios_knl_Swi_startup__E)
                  0000e026    00000006     ti.targets.arm.rtsarm.aem4f : System.oem4f (.text:xdc_runtime_System_Module_startup__E)
                  0000e02c    00000004     --HOLE-- [fill = 0]
                  0000e030    00000004     sysbios.aem4f : BIOS.obj (.text:ti_sysbios_gates_GateHwi_query__E)
                  0000e034    00000004     --HOLE-- [fill = 0]
                  0000e038    00000004                   : BIOS.obj (.text:ti_sysbios_gates_GateMutex_query__E)
                  0000e03c    00000004     --HOLE-- [fill = 0]
                  0000e040    00000004                   : BIOS.obj (.text:ti_sysbios_knl_Task_startup__E)
                  0000e044    00000004     --HOLE-- [fill = 0]
                  0000e048    00000002                   : BIOS.obj (.text:ti_sysbios_gates_GateHwi_Instance_init__E)
                  0000e04a    00000006     --HOLE-- [fill = 0]
                  0000e050    00000002                   : BIOS.obj (.text:ti_sysbios_knl_Clock_logTick__E)

.const     0    0000e058    00003a48     
                  0000e058    0000192e     empty_pem4f.oem4f (.const:xdc_runtime_Text_charTab__A)
                  0000f986    000007e5     grlib.lib : fontcmss18.obj (.const:.string:g_pui8Cmss18Data)
                  0001016b    00000782               : fontcmss18b.obj (.const:.string:g_pui8Cmss18bData)
                  000108ed    00000001     empty_pem4f.oem4f (.const:xdc_runtime_Error_policy__C)
                  000108ee    00000002     empty_pem4f.oem4f (.const:ti_catalog_arm_cortexm4_tiva_ce_Boot_Module__id__C)
                  000108f0    000001b0     driverlib.lib : sysctl.obj (.const:g_pppui32XTALtoVCO)
                  00010aa0    00000120     Boot.aem4f : Boot_sysctl.oem4f (.const:g_pppui32XTALtoVCO)
                  00010bc0    00000101     rtsv7M4_T_le_v4SPD16_eabi.lib : ctype.c.obj (.const:.string:_ctypes_)
                  00010cc1    00000001     --HOLE-- [fill = 0]
                  00010cc2    00000002     empty_pem4f.oem4f (.const:ti_sysbios_family_arm_m3_Hwi_Module__id__C)
                  00010cc4    000000c8     grlib.lib : fontcmss18.obj (.const:g_sFontCmss18)
                  00010d8c    000000c8               : fontcmss18b.obj (.const:g_sFontCmss18b)
                  00010e54    000000c0     empty_pem4f.oem4f (.const:xdc_runtime_Text_nodeTab__A)
                  00010f14    0000009e     grlib_demo.obj (.const:.string)
                  00010fb2    00000002     empty_pem4f.oem4f (.const:ti_sysbios_gates_GateMutex_Module__id__C)
                  00010fb4    00000090     driverlib.lib : gpio.obj (.const:g_pui32GPIOBaseAddrs)
                  00011044    00000070                   : interrupt.obj (.const)
                  000110b4    0000006c     Boot.aem4f : Boot_sysctl.oem4f (.const:g_pui32Xtals)
                  00011120    0000006c     driverlib.lib : sysctl.obj (.const:g_pui32Xtals)
                  0001118c    00000060     MotorLib.lib : motorlib.obj (.const:PWM_config)
                  000111ec    00000058     empty_pem4f.oem4f (.const:.string)
                  00011244    00000054     drivers_tivaware.aem4f : GPIOTiva.oem4f (.const:.string)
                  00011298    00000054     MotorLib.lib : motorlib.obj (.const:motorLibPWMTivaHWAttrs)
                  000112ec    0000004c     drivers_tivaware.aem4f : UARTTiva.oem4f (.const)
                  00011338    00000048                            : GPIOTiva.oem4f (.const:gpioBaseAddresses)
                  00011380    00000030     rtsv7M4_T_le_v4SPD16_eabi.lib : e_pow.c.obj (.const:$O1$$)
                  000113b0    00000030     Boot.aem4f : Boot_sysctl.oem4f (.const:g_sXTALtoMEMTIM)
                  000113e0    00000030     driverlib.lib : sysctl.obj (.const:g_sXTALtoMEMTIM)
                  00011410    00000030     empty_pem4f.oem4f (.const:ti_sysbios_family_arm_m3_Hwi_Object__PARAMS__C)
                  00011440    00000030     EK_TM4C1294XL.obj (.const:uartTivaHWAttrs)
                  00011470    0000002c     empty_pem4f.oem4f (.const:ti_sysbios_hal_Hwi_Object__PARAMS__C)
                  0001149c    00000028     drivers_tivaware.aem4f : UARTTiva.oem4f (.const:UARTTiva_fxnTable)
                  000114c4    00000028     Kentec320x240x16_ssd2119_spi.obj (.const:g_sKentec320x240x16_SSD2119)
                  000114ec    00000028     empty_pem4f.oem4f (.const:ti_sysbios_heaps_HeapMem_Module__FXNS__C)
                  00011514    00000024     EK_TM4C1294XL.obj (.const:UART_config)
                  00011538    00000024     drivers_tivaware.aem4f : UART.oem4f (.const:UART_defaultParams)
                  0001155c    00000024     empty_pem4f.oem4f (.const:ti_sysbios_gates_GateHwi_Module__FXNS__C)
                  00011580    00000024     empty_pem4f.oem4f (.const:ti_sysbios_gates_GateMutex_Module__FXNS__C)
                  000115a4    00000024     empty_pem4f.oem4f (.const:ti_sysbios_heaps_HeapMem_Object__PARAMS__C)
                  000115c8    00000024     empty_pem4f.oem4f (.const:ti_sysbios_knl_Clock_Object__PARAMS__C)
                  000115ec    00000024     empty_pem4f.oem4f (.const:ti_sysbios_knl_Semaphore_Object__PARAMS__C)
                  00011610    00000020     drivers_tivaware.aem4f : PWMTimerTiva.oem4f (.const)
                  00011630    00000020                            : PWMTiva.oem4f (.const)
                  00011650    00000020     empty_pem4f.oem4f (.const:ti_sysbios_family_arm_m3_Hwi_Object__DESC__C)
                  00011670    00000020     empty_pem4f.oem4f (.const:ti_sysbios_gates_GateHwi_Object__DESC__C)
                  00011690    00000020     empty_pem4f.oem4f (.const:ti_sysbios_gates_GateMutex_Object__DESC__C)
                  000116b0    00000020     empty_pem4f.oem4f (.const:ti_sysbios_hal_Hwi_Object__DESC__C)
                  000116d0    00000020     empty_pem4f.oem4f (.const:ti_sysbios_heaps_HeapMem_Object__DESC__C)
                  000116f0    00000020     empty_pem4f.oem4f (.const:ti_sysbios_knl_Clock_Object__DESC__C)
                  00011710    00000020     empty_pem4f.oem4f (.const:ti_sysbios_knl_Event_Object__DESC__C)
                  00011730    00000020     empty_pem4f.oem4f (.const:ti_sysbios_knl_Queue_Object__DESC__C)
                  00011750    00000020     empty_pem4f.oem4f (.const:ti_sysbios_knl_Semaphore_Object__DESC__C)
                  00011770    00000020     empty_pem4f.oem4f (.const:xdc_runtime_Startup_sfxnTab__A)
                  00011790    0000001c     drivers_tivaware.aem4f : I2CTiva.oem4f (.const)
                  000117ac    0000001c     touch.obj (.const:g_pi32TouchParameters)
                  000117c8    00000018     EK_TM4C1294XL.obj (.const:I2C_config)
                  000117e0    00000018     empty_pem4f.oem4f (.const:ti_sysbios_gates_GateHwi_Object__PARAMS__C)
                  000117f8    00000018     empty_pem4f.oem4f (.const:ti_sysbios_gates_GateMutex_Object__PARAMS__C)
                  00011810    00000018     empty_pem4f.oem4f (.const:ti_sysbios_knl_Event_Object__PARAMS__C)
                  00011828    00000018     empty_pem4f.oem4f (.const:ti_sysbios_knl_Queue_Object__PARAMS__C)
                  00011840    00000014     EK_TM4C1294XL.obj (.const:GPIOTiva_config)
                  00011854    00000014     empty_pem4f.oem4f (.const:xdc_runtime_Startup_firstFxns__A)
                  00011868    00000010     grlib.lib : context.obj (.const)
                  00011878    00000010     MotorLib.lib : motorlib.obj (.const:motorLibPWMTimerTivaHWAttrs)
                  00011888    00000010     empty_pem4f.oem4f (.const:xdc_runtime_Startup_sfxnRts__A)
                  00011898    0000000c     drivers_tivaware.aem4f : PWM.oem4f (.const)
                  000118a4    0000000c     EK_TM4C1294XL.obj (.const:i2cTivaHWAttrs)
                  000118b0    00000008     Boot.aem4f : Boot_sysctl.oem4f (.const)
                  000118b8    00000008     driverlib.lib : sysctl.obj (.const)
                  000118c0    00000008     empty_pem4f.oem4f (.const:ti_sysbios_family_arm_m3_Hwi_excHookFuncs__A)
                  000118c8    00000008     empty_pem4f.oem4f (.const:ti_sysbios_knl_Idle_funcList__C)
                  000118d0    00000008     empty_pem4f.oem4f (.const:xdc_runtime_Startup_firstFxns__C)
                  000118d8    00000008     empty_pem4f.oem4f (.const:xdc_runtime_Startup_lastFxns__C)
                  000118e0    00000004     bmi160.obj (.const)
                  000118e4    00000004     empty_pem4f.oem4f (.const:ti_catalog_arm_cortexm4_tiva_ce_Boot_A_mustNotUseEnhancedClockMode__C)
                  000118e8    00000004     empty_pem4f.oem4f (.const:ti_catalog_arm_cortexm4_tiva_ce_Boot_Module__diagsEnabled__C)
                  000118ec    00000004     empty_pem4f.oem4f (.const:ti_catalog_arm_cortexm4_tiva_ce_Boot_Module__diagsIncluded__C)
                  000118f0    00000004     empty_pem4f.oem4f (.const:ti_catalog_arm_cortexm4_tiva_ce_Boot_Module__diagsMask__C)
                  000118f4    00000004     empty_pem4f.oem4f (.const:ti_sysbios_family_arm_lm4_Timer_enableFunc__C)
                  000118f8    00000004     empty_pem4f.oem4f (.const:ti_sysbios_family_arm_lm4_Timer_numTimerDevices__C)
                  000118fc    00000004     empty_pem4f.oem4f (.const:ti_sysbios_family_arm_lm4_Timer_startupNeeded__C)
                  00011900    00000004     empty_pem4f.oem4f (.const:ti_sysbios_family_arm_m3_Hwi_E_NMI__C)
                  00011904    00000004     empty_pem4f.oem4f (.const:ti_sysbios_family_arm_m3_Hwi_E_alreadyDefined__C)
                  00011908    00000004     empty_pem4f.oem4f (.const:ti_sysbios_family_arm_m3_Hwi_E_busFault__C)
                  0001190c    00000004     empty_pem4f.oem4f (.const:ti_sysbios_family_arm_m3_Hwi_E_debugMon__C)
                  00011910    00000004     empty_pem4f.oem4f (.const:ti_sysbios_family_arm_m3_Hwi_E_hardFault__C)
                  00011914    00000004     empty_pem4f.oem4f (.const:ti_sysbios_family_arm_m3_Hwi_E_memFault__C)
                  00011918    00000004     empty_pem4f.oem4f (.const:ti_sysbios_family_arm_m3_Hwi_E_noIsr__C)
                  0001191c    00000004     empty_pem4f.oem4f (.const:ti_sysbios_family_arm_m3_Hwi_E_reserved__C)
                  00011920    00000004     empty_pem4f.oem4f (.const:ti_sysbios_family_arm_m3_Hwi_E_svCall__C)
                  00011924    00000004     empty_pem4f.oem4f (.const:ti_sysbios_family_arm_m3_Hwi_E_usageFault__C)
                  00011928    00000004     empty_pem4f.oem4f (.const:ti_sysbios_family_arm_m3_Hwi_NUM_INTERRUPTS__C)
                  0001192c    00000004     empty_pem4f.oem4f (.const:ti_sysbios_family_arm_m3_Hwi_Object__count__C)
                  00011930    00000004     empty_pem4f.oem4f (.const:ti_sysbios_family_arm_m3_Hwi_ccr__C)
                  00011934    00000004     empty_pem4f.oem4f (.const:ti_sysbios_family_arm_m3_Hwi_excHandlerFunc__C)
                  00011938    00000004     empty_pem4f.oem4f (.const:ti_sysbios_family_arm_m3_Hwi_excHookFuncs__C)
                  0001193c    00000004     empty_pem4f.oem4f (.const:ti_sysbios_family_arm_m3_Hwi_nullIsrFunc__C)
                  00011940    00000004     empty_pem4f.oem4f (.const:ti_sysbios_family_arm_m3_Hwi_priGroup__C)
                  00011944    00000004     empty_pem4f.oem4f (.const:ti_sysbios_gates_GateMutex_A_badContext__C)
                  00011948    00000004     empty_pem4f.oem4f (.const:ti_sysbios_gates_GateMutex_Instance_State_sem__O)
                  0001194c    00000004     empty_pem4f.oem4f (.const:ti_sysbios_gates_GateMutex_Module__diagsEnabled__C)
                  00011950    00000004     empty_pem4f.oem4f (.const:ti_sysbios_gates_GateMutex_Module__diagsIncluded__C)
                  00011954    00000004     empty_pem4f.oem4f (.const:ti_sysbios_gates_GateMutex_Module__diagsMask__C)
                  00011958    00000004     empty_pem4f.oem4f (.const:ti_sysbios_hal_Hwi_E_stackOverflow__C)
                  0001195c    00000004     empty_pem4f.oem4f (.const:ti_sysbios_heaps_HeapMem_A_align__C)
                  00011960    00000004     empty_pem4f.oem4f (.const:ti_sysbios_heaps_HeapMem_A_heapSize__C)
                  00011964    00000004     empty_pem4f.oem4f (.const:ti_sysbios_heaps_HeapMem_A_invalidFree__C)
                  00011968    00000004     empty_pem4f.oem4f (.const:ti_sysbios_heaps_HeapMem_A_zeroBlock__C)
                  0001196c    00000004     empty_pem4f.oem4f (.const:ti_sysbios_heaps_HeapMem_E_memory__C)
                  00011970    00000004     empty_pem4f.oem4f (.const:ti_sysbios_heaps_HeapMem_Module__diagsEnabled__C)
                  00011974    00000004     empty_pem4f.oem4f (.const:ti_sysbios_heaps_HeapMem_Module__diagsIncluded__C)
                  00011978    00000004     empty_pem4f.oem4f (.const:ti_sysbios_heaps_HeapMem_Module__diagsMask__C)
                  0001197c    00000004     empty_pem4f.oem4f (.const:ti_sysbios_heaps_HeapMem_Module__gateObj__C)
                  00011980    00000004     empty_pem4f.oem4f (.const:ti_sysbios_heaps_HeapMem_Object__count__C)
                  00011984    00000004     empty_pem4f.oem4f (.const:ti_sysbios_heaps_HeapMem_reqAlign__C)
                  00011988    00000004     empty_pem4f.oem4f (.const:ti_sysbios_knl_Clock_A_badThreadType__C)
                  0001198c    00000004     empty_pem4f.oem4f (.const:ti_sysbios_knl_Clock_Module_State_clockQ__O)
                  00011990    00000004     empty_pem4f.oem4f (.const:ti_sysbios_knl_Clock_Module__diagsEnabled__C)
                  00011994    00000004     empty_pem4f.oem4f (.const:ti_sysbios_knl_Clock_Module__diagsIncluded__C)
                  00011998    00000004     empty_pem4f.oem4f (.const:ti_sysbios_knl_Clock_Module__diagsMask__C)
                  0001199c    00000004     empty_pem4f.oem4f (.const:ti_sysbios_knl_Event_A_nullEventId__C)
                  000119a0    00000004     empty_pem4f.oem4f (.const:ti_sysbios_knl_Event_Instance_State_pendQ__O)
                  000119a4    00000004     empty_pem4f.oem4f (.const:ti_sysbios_knl_Event_Module__diagsEnabled__C)
                  000119a8    00000004     empty_pem4f.oem4f (.const:ti_sysbios_knl_Event_Module__diagsIncluded__C)
                  000119ac    00000004     empty_pem4f.oem4f (.const:ti_sysbios_knl_Event_Module__diagsMask__C)
                  000119b0    00000004     empty_pem4f.oem4f (.const:ti_sysbios_knl_Idle_funcList__A)
                  000119b4    00000004     empty_pem4f.oem4f (.const:ti_sysbios_knl_Semaphore_A_badContext__C)
                  000119b8    00000004     empty_pem4f.oem4f (.const:ti_sysbios_knl_Semaphore_A_noEvents__C)
                  000119bc    00000004     empty_pem4f.oem4f (.const:ti_sysbios_knl_Semaphore_A_overflow__C)
                  000119c0    00000004     empty_pem4f.oem4f (.const:ti_sysbios_knl_Semaphore_A_pendTaskDisabled__C)
                  000119c4    00000004     empty_pem4f.oem4f (.const:ti_sysbios_knl_Semaphore_Instance_State_pendQ__O)
                  000119c8    00000004     empty_pem4f.oem4f (.const:ti_sysbios_knl_Semaphore_Module__diagsEnabled__C)
                  000119cc    00000004     empty_pem4f.oem4f (.const:ti_sysbios_knl_Semaphore_Module__diagsIncluded__C)
                  000119d0    00000004     empty_pem4f.oem4f (.const:ti_sysbios_knl_Semaphore_Module__diagsMask__C)
                  000119d4    00000004     empty_pem4f.oem4f (.const:ti_sysbios_knl_Swi_Object__count__C)
                  000119d8    00000004     empty_pem4f.oem4f (.const:ti_sysbios_knl_Task_E_spOutOfBounds__C)
                  000119dc    00000004     empty_pem4f.oem4f (.const:ti_sysbios_knl_Task_E_stackOverflow__C)
                  000119e0    00000004     empty_pem4f.oem4f (.const:ti_sysbios_knl_Task_Module_State_inactiveQ__O)
                  000119e4    00000004     empty_pem4f.oem4f (.const:ti_sysbios_knl_Task_Object__count__C)
                  000119e8    00000004     empty_pem4f.oem4f (.const:ti_sysbios_knl_Task_allBlockedFunc__C)
                  000119ec    00000004     empty_pem4f.oem4f (.const:ti_sysbios_knl_Task_numConstructedTasks__C)
                  000119f0    00000004     empty_pem4f.oem4f (.const:xdc_runtime_Assert_E_assertFailed__C)
                  000119f4    00000004     empty_pem4f.oem4f (.const:xdc_runtime_Core_A_initializedParams__C)
                  000119f8    00000004     empty_pem4f.oem4f (.const:xdc_runtime_Core_Module__diagsEnabled__C)
                  000119fc    00000004     empty_pem4f.oem4f (.const:xdc_runtime_Core_Module__diagsIncluded__C)
                  00011a00    00000004     empty_pem4f.oem4f (.const:xdc_runtime_Core_Module__diagsMask__C)
                  00011a04    00000004     empty_pem4f.oem4f (.const:xdc_runtime_Error_E_generic__C)
                  00011a08    00000004     empty_pem4f.oem4f (.const:xdc_runtime_Error_E_memory__C)
                  00011a0c    00000004     empty_pem4f.oem4f (.const:xdc_runtime_Error_Module__diagsEnabled__C)
                  00011a10    00000004     empty_pem4f.oem4f (.const:xdc_runtime_Error_Module__diagsIncluded__C)
                  00011a14    00000004     empty_pem4f.oem4f (.const:xdc_runtime_Error_Module__diagsMask__C)
                  00011a18    00000004     empty_pem4f.oem4f (.const:xdc_runtime_Error_Module__loggerFxn8__C)
                  00011a1c    00000004     empty_pem4f.oem4f (.const:xdc_runtime_Error_Module__loggerObj__C)
[...]
000119d0  ti_sysbios_knl_Semaphore_Module__diagsMask__C                        
000119d4  ti_sysbios_knl_Swi_Object__count__C                                  
000119d8  ti_sysbios_knl_Task_E_spOutOfBounds__C                               
000119dc  ti_sysbios_knl_Task_E_stackOverflow__C                               
000119e0  ti_sysbios_knl_Task_Module_State_inactiveQ__O                        
000119e4  ti_sysbios_knl_Task_Object__count__C                                 
000119e8  ti_sysbios_knl_Task_allBlockedFunc__C                                
000119ec  ti_sysbios_knl_Task_numConstructedTasks__C                           
000119f0  xdc_runtime_Assert_E_assertFailed__C                                 
000119f4  xdc_runtime_Core_A_initializedParams__C                              
000119f8  xdc_runtime_Core_Module__diagsEnabled__C                             
000119fc  xdc_runtime_Core_Module__diagsIncluded__C                            
00011a00  xdc_runtime_Core_Module__diagsMask__C                                
00011a04  xdc_runtime_Error_E_generic__C                                       
00011a08  xdc_runtime_Error_E_memory__C                                        
00011a0c  xdc_runtime_Error_Module__diagsEnabled__C                            
00011a10  xdc_runtime_Error_Module__diagsIncluded__C                           
00011a14  xdc_runtime_Error_Module__diagsMask__C                               
00011a18  xdc_runtime_Error_Module__loggerFxn8__C                              
00011a1c  xdc_runtime_Error_Module__loggerObj__C                               
00011a20  xdc_runtime_Error_policyFxn__C                                       
00011a24  xdc_runtime_Error_raiseHook__C                                       
00011a28  xdc_runtime_IGateProvider_Interface__BASE__C                         
00011a2c  xdc_runtime_IHeap_Interface__BASE__C                                 
00011a30  xdc_runtime_IModule_Interface__BASE__C                               
00011a34  xdc_runtime_Log_L_error__C                                           
00011a38  xdc_runtime_Memory_defaultHeapInstance__C                            
00011a3c  xdc_runtime_Startup_execImpl__C                                      
00011a40  xdc_runtime_Startup_maxPasses__C                                     
00011a44  xdc_runtime_Startup_sfxnRts__C                                       
00011a48  xdc_runtime_Startup_sfxnTab__C                                       
00011a4c  xdc_runtime_SysMin_bufSize__C                                        
00011a50  xdc_runtime_SysMin_outputFunc__C                                     
00011a54  xdc_runtime_System_Module__gateObj__C                                
00011a58  xdc_runtime_System_abortFxn__C                                       
00011a5c  xdc_runtime_System_exitFxn__C                                        
00011a60  xdc_runtime_System_extendFxn__C                                      
00011a64  xdc_runtime_System_maxAtexitHandlers__C                              
00011a68  xdc_runtime_Text_charTab__C                                          
00011a6c  xdc_runtime_Text_nameEmpty__C                                        
00011a70  xdc_runtime_Text_nameStatic__C                                       
00011a74  xdc_runtime_Text_nameUnknown__C                                      
00011a78  xdc_runtime_Text_nodeTab__C                                          
00011a7c  xdc_runtime_Text_visitRopeFxn__C                                     
00011a80  ti_sysbios_hal_Hwi_Module__id__C                                     
00011a82  ti_sysbios_heaps_HeapMem_Module__id__C                               
00011a84  ti_sysbios_knl_Clock_Module__id__C                                   
00011a86  ti_sysbios_knl_Event_Module__id__C                                   
00011a88  ti_sysbios_knl_Semaphore_Module__id__C                               
00011a8a  ti_sysbios_knl_Task_Module__id__C                                    
00011a8c  xdc_runtime_Core_Module__id__C                                       
00011a8e  xdc_runtime_Error_Module__loggerDefined__C                           
00011a90  xdc_runtime_Error_maxDepth__C                                        
00011a92  xdc_runtime_Main_Module__id__C                                       
00011a94  xdc_runtime_Memory_Module__id__C                                     
00011a96  xdc_runtime_SysMin_flushAtExit__C                                    
00011a98  xdc_runtime_Text_charCnt__C                                          
00011a9a  xdc_runtime_Text_isLoaded__C                                         
00011a9c  xdc_runtime_Text_registryModsLastId__C                               
00011a9e  xdc_runtime_Text_unnamedModsLastId__C                                
00011aa0  __TI_static_base__                                                   
00011e88  __TI_Handler_Table_Base                                              
00011e94  __TI_Handler_Table_Limit                                             
00011ea8  __TI_CINIT_Base                                                      
00011ec0  __TI_CINIT_Limit                                                     
20000000  __start___llvm_prf_cnts                                              
20000000  __stop___llvm_prf_cnts                                               
20000000  ti_sysbios_family_arm_m3_Hwi_ramVectors                              
20000360  ti_sysbios_knl_Task_Instance_State_0_stack__A                        
20000b60  ti_sysbios_knl_Task_Instance_State_1_stack__A                        
20001360  ti_sysbios_knl_Task_Instance_State_2_stack__A                        
20001b60  ti_sysbios_knl_Task_Instance_State_3_stack__A                        
20001d60  ti_sysbios_heaps_HeapMem_Instance_State_0_buf__A                     
20002160  xdc_runtime_SysMin_Module_State_0_outbuf__A                          
20002560  ti_sysbios_family_arm_m3_Hwi_dispatchTable                           
200028c0  uartTivaObjects                                                      
20002b98  __CIOBUF_                                                            
20002d48  i2cTivaObjects                                                       
20002dc8  uartTivaRingBuffer                                                   
20002e08  motorLibPWMObjects                                                   
20002e40  eb                                                                   
20002e70  sContext                                                             
20002e9c  clockUpdateGraph                                                     
20002f20  maxTime                                                              
20002f40  minTime                                                              
20002f60  semStruct                                                            
20002f7c  gHwiprms                                                             
20002f94  motorLibPWMTimerObjects                                              
20002fac  accelerationBuffer                                                   
20002fc0  evtStruct                                                            
20002fd4  valueText                                                            
20002ff8  av                                                                   
2000300c  graphMax                                                             
20003014  graphMin                                                             
2000301c  parmbuf                                                              
20003024  SysTicks                                                             
20003028  accel_mag                                                            
2000302c  acceleration                                                         
20003030  acceleration_avg                                                     
20003034  adc0                                                                 
20003038  data_Graph                                                           
2000303c  delta_rpm                                                            
20003040  delta_time                                                           
20003044  error                                                                
20003048  evtHandle                                                            
2000304c  g_accelerationLimit                                                  
20003050  g_currentLimit                                                       
20003054  g_drawingGraph                                                       
20003058  g_motorSpeed                                                         
2000305c  g_numPlotOverflow                                                    
20003060  g_numPlotPoints                                                      
20003064  g_pi32ParmSet                                                        
2000306c  g_sCurrentPanel                                                      
20003070  g_ui32SysClock                                                       
20003074  gateHwi                                                              
2000307c  graphIntMax                                                          
20003080  graphIntMin                                                          
20003084  hA                                                                   
20003088  hB                                                                   
2000308c  hC                                                                   
20003090  hallA                                                                
20003094  hallB                                                                
20003098  hallC                                                                
2000309c  output                                                               
200030a0  previousPoint                                                        
200030a4  rpm_avg                                                              
200030a8  rpm_from_UI                                                          
200030ac  semAccelHandle                                                       
200030b0  semHandle                                                            
200030b4  sensori2c                                                            
200030b8  uart                                                                 
200030bc  y_graph_step                                                         
200030c0  g_i16TouchX                                                          
200030c2  g_i16TouchY                                                          
200030c4  e_event                                                              
200030c5  e_stop                                                               
200030c6  motorStartedUI                                                       
200030c7  motorState                                                           
200030c8  print_from_clock                                                     
200030c9  running                                                              
200030ca  success                                                              
200030cb  updateGraph                                                          
200030cc  ti_sysbios_knl_Task_Object__table__V                                 
200031fc  ti_sysbios_knl_Swi_Module_State_0_readyQ__A                          
2000327c  motor                                                                
20003280  prevMotor                                                            
20003284  prevSysTick                                                          
20003288  deltaPos                                                             
2000328c  clock_time_mins                                                      
20003290  clock_time_secs                                                      
20003294  rpm_actual                                                           
20003298  acceleration_sum                                                     
2000329c  rpm_prev                                                             
200032a0  integral_error                                                       
200032a4  rpm_desired                                                          
200032a8  rpm_int                                                              
200032ac  jump                                                                 
200032b0  Kp                                                                   
200032b4  Ki                                                                   
200032b8  clock_count                                                          
200032bc  rpm_sum                                                              
200032c0  min_per_sysTick                                                      
200032c4  rotation                                                             
200032c8  rpm_sum_c                                                            
200032cc  dummy                                                                
200032d0  g_sGraphAcceleration                                                 
20003320  g_sGraphBack                                                         
20003370  g_sGraphExit                                                         
200033c0  g_sGraphLight                                                        
20003410  g_sGraphOption                                                       
20003460  g_sGraphPower                                                        
200034b0  g_sGraphSpeed                                                        
20003500  g_sGraphTitle                                                        
20003550  g_sMotorOption                                                       
200035a0  g_sSetOption                                                         
200035f0  g_sSettingAcceleration                                               
20003640  g_sSettingBack                                                       
20003690  g_sSettingCurrent                                                    
200036e0  g_sSettingDecrease                                                   
20003730  g_sSettingExit                                                       
20003780  g_sSettingIncrease                                                   
200037d0  g_sSettingSpeed                                                      
20003820  g_sSettingTitle                                                      
20003870  g_sSettingValue                                                      
200038c0  ti_sysbios_knl_Task_Module__state__V                                 
20003904  g_sGraph                                                             
20003944  g_sGraphPage                                                         
20003984  g_sGraphsMainPage                                                    
200039c4  g_sMainPage                                                          
20003a04  g_sSettingPage                                                       
20003a44  g_sSettingsMainPage                                                  
20003a84  ti_sysbios_family_arm_lm4_Timer_Module_State_0_device__A             
20003ac4  ti_sysbios_family_arm_lm4_Timer_Object__table__V                     
20003b04  ti_sysbios_gates_GateMutex_Object__table__V                          
20003b3c  ti_sysbios_family_arm_m3_Hwi_Module__state__V                        
20003b70  ti_sysbios_family_arm_m3_Hwi_Object__table__V                        
20003ba0  ti_sysbios_knl_Swi_Object__table__V                                  
20003bd0  g_sRoot                                                              
20003bfe  ti_sysbios_family_arm_m3_Hwi_Module_State_0_excActive__A             
20003c00  ti_sysbios_knl_Clock_Module__state__V                                
20003c2c  gpioPinConfigs                                                       
20003c50  ti_sysbios_BIOS_Module__state__V                                     
20003c74  ti_sysbios_family_arm_lm4_Timer_Module_State_0_handles__A            
20003c94  ti_sysbios_knl_Task_Module_State_0_readyQ__A                         
20003cb4  ti_sysbios_knl_Swi_Module__state__V                                  
20003ce8  ti_sysbios_heaps_HeapMem_Object__table__V                            
20003d00  x_graph_step                                                         
20003d04  x_graph_start                                                        
20003d08  y_graph_start                                                        
20003d0c  y_graph_max                                                          
20003d10  y_graph_end                                                          
20003d14  gpioCallbackFunctions                                                
20003d20  ti_sysbios_family_arm_lm4_Timer_Module__state__V                     
20003d2c  xdc_runtime_SysMin_Module__state__V                                  
20003d38  _lock                                                                
20003d3c  _unlock                                                              
20003d40  ti_sysbios_family_arm_m3_Hwi_Module__root__V                         
20003d48  ti_sysbios_gates_GateHwi_Module__root__V                             
20003d50  ti_sysbios_gates_GateMutex_Module__root__V                           
20003d58  ti_sysbios_hal_Hwi_Module__root__V                                   
20003d60  ti_sysbios_heaps_HeapMem_Module__root__V                             
20003d68  ti_sysbios_knl_Clock_Module__root__V                                 
20003d70  ti_sysbios_knl_Event_Module__root__V                                 
20003d78  ti_sysbios_knl_Queue_Module__root__V                                 
20003d80  ti_sysbios_knl_Semaphore_Module__root__V                             
20003d88  xdc_runtime_Registry_Module__state__V                                
20003d90  xdc_runtime_Startup_Module__state__V                                 
20003d98  xdc_runtime_System_Module_State_0_atexitHandlers__A                  
20003da0  xdc_runtime_System_Module__state__V                                  
20003dae  xdc_runtime_Error_Module__state__V                                   
20003dbc  errno                                                                
20003dc0  main_func_sp                                                         
20003dc4  ti_sysbios_family_arm_m3_Hwi_Module_State_0_excContext__A            
20003dc8  ti_sysbios_family_arm_m3_Hwi_Module_State_0_excStack__A              
20003dcc  ti_sysbios_gates_GateHwi_Object__table__V                            
20003dd0  ti_sysbios_knl_Task_Module_State_0_idleTask__A                       
20003dd4  g_i16TouchMin                                                        
20003dd8  xdc_runtime_Memory_Module__state__V                                  
20003de0  __stack                                                              
200040e0  __STACK_END                                                          
e000e000  ti_sysbios_family_arm_m3_Hwi_nvic                                    
ffffffff  __TI_pprof_out_hndl                                                  
ffffffff  __TI_prof_data_size                                                  
ffffffff  __TI_prof_data_start                                                 
ffffffff  __binit__                                                            
ffffffff  __c_args__                                                           
ffffffff  binit                                                                
UNDEFED   SHT$$INIT_ARRAY$$Base                                                
UNDEFED   SHT$$INIT_ARRAY$$Limit                                               

[956 symbols]
