******************************************************************************
                  TI ARM Linker PC v20.2.4                     
******************************************************************************
>> Linked Sun May 30 11:12:39 2021

OUTPUT FILE NAME:   <empty_EK_TM4C1294XL_TI.out>
ENTRY POINT SYMBOL: "_c_int00"  address: 0000a43d


MEMORY CONFIGURATION

         name            origin    length      used     unused   attr    fill
----------------------  --------  ---------  --------  --------  ----  --------
  FLASH                 00000000   00100000  00011362  000eec9e  R  X
  SRAM                  20000000   00040000  000037e9  0003c817  RW X


SEGMENT ALLOCATION MAP

run origin  load origin   length   init length attrs members
----------  ----------- ---------- ----------- ----- -------
00000000    00000000    00011368   00011368    r-x
  00000000    00000000    0000003c   0000003c    r-- .resetVecs
  00000040    00000040    0000d512   0000d512    r-x .text
  0000d554    0000d554    00003a0c   00003a0c    r-- .const
  00010f60    00010f60    00000408   00000408    r-- .cinit
20000000    20000000    000037f0   00000000    rw-
  20000000    20000000    00000360   00000000    rw- .vecs
  20000360    20000360    000024cd   00000000    rw- .bss
  20002830    20002830    00000cbc   00000000    rw- .data
  200034f0    200034f0    00000300   00000000    rw- .stack


SECTION ALLOCATION MAP

 output                                  attributes/
section   page    origin      length       input sections
--------  ----  ----------  ----------   ----------------
.text      0    00000040    0000d512     
                  00000040    00000a4e     rtsv7M4_T_le_v4SPD16_eabi.lib : _printfi.c.obj (.text:__TI_printfi)
                  00000a8e    00000002     motorCode.obj (.text:ADCFxn)
                  00000a90    000006ac     MotorLib.lib : motorlib.obj (.text)
                  0000113c    00000004     driverlib.lib : i2c.obj (.text:I2CMasterControl)
                  00001140    00000430     sysbios.aem4f : BIOS.obj (.text:ti_sysbios_family_arm_m3_Hwi_excDumpRegs__I)
                  00001570    00000390     grlib_demo.obj (.text:drawGraphPoint)
                  00001900    00000374     grlib.lib : image.obj (.text:InternalImageDraw)
                  00001c74    00000004     driverlib.lib : i2c.obj (.text:I2CMasterDataGet)
                  00001c78    0000034c     sysbios.aem4f : BIOS.obj (.text:ti_sysbios_knl_Event_pend__E)
                  00001fc4    0000034c     ti.targets.arm.rtsarm.aem4f : System.oem4f (.text:xdc_runtime_System_doPrint__I)
                  00002310    000002f8     grlib.lib : image.obj (.text:PixelTransparentDraw)
                  00002608    000002d0     sysbios.aem4f : BIOS.obj (.text:ti_sysbios_knl_Semaphore_pend__E)
                  000028d8    00000270     rtsv7M4_T_le_v4SPD16_eabi.lib : _printfi.c.obj (.text:_pconv_a)
                  00002b48    0000026c     sysbios.aem4f : BIOS.obj (.text:ti_sysbios_heaps_HeapMem_free__E)
                  00002db4    00000268     touch.obj (.text:TouchScreenDebouncer)
                  0000301c    00000254     grlib.lib : string.obj (.text:GrFontGlyphRender)
                  00003270    00000250     sysbios.aem4f : BIOS.obj (.text:ti_sysbios_heaps_HeapMem_alloc__E)
                  000034c0    0000020c     drivers_tivaware.aem4f : UARTTiva.oem4f (.text:UARTTiva_open)
                  000036cc    00000204     Boot.aem4f : Boot_sysctl.oem4f (.text:ti_catalog_arm_cortexm4_tiva_ce_Boot_sysCtlClockFreqSetI__I)
                  000038d0    00000200     driverlib.lib : sysctl.obj (.text:SysCtlClockFreqSet)
                  00003ad0    000001f4     sysbios.aem4f : BIOS.obj (.text:ti_sysbios_family_arm_m3_Hwi_excHandlerMax__I)
                  00003cc4    000001e4     Kentec320x240x16_ssd2119_spi.obj (.text:Kentec320x240x16_SSD2119Init)
                  00003ea8    000001dc     Kentec320x240x16_ssd2119_spi.obj (.text:Kentec320x240x16_SSD2119PixelDrawMultiple)
                  00004084    000001d4     grlib_demo.obj (.text:OnGraphsPage)
                  00004258    000001d0     rtsv7M4_T_le_v4SPD16_eabi.lib : _printfi.c.obj (.text:_pconv_g)
                  00004428    000001b6                                   : fd_add_t2.asm.obj (.text)
                  000045de    00000002                                   : _lock.c.obj (.text:_nop)
                  000045e0    000001a4     pinout.obj (.text:PinoutSet)
                  00004784    00000190     grlib.lib : canvas.obj (.text:CanvasPaint)
                  00004914    0000017e               : pushbutton.obj (.text:RectangularButtonPaint)
                  00004a92    00000002     rtsv7M4_T_le_v4SPD16_eabi.lib : div0.asm.obj (.text)
                  00004a94    00000178     touch.obj (.text:TouchScreenIntHandler)
                  00004c0c    00000174     motorCode.obj (.text:initMotor)
                  00004d80    00000174     sysbios.aem4f : BIOS.obj (.text:ti_sysbios_family_arm_m3_Hwi_excBusFault__I)
                  00004ef4    00000170     drivers_tivaware.aem4f : PWMTiva.oem4f (.text:PWMTiva_open)
                  00005064    00000004     driverlib.lib : i2c.obj (.text:I2CMasterDataPut)
                  00005068    00000164     sysbios.aem4f : BIOS.obj (.text:ti_sysbios_family_arm_m3_Hwi_excUsageFault__I)
                  000051cc    0000015c     motorCode.obj (.text:initHallABC)
                  00005328    00000158     grlib_demo.obj (.text:initWidgets)
                  00005480    00000150     drivers_tivaware.aem4f : GPIOTiva.oem4f (.text:GPIO_setConfig)
                  000055d0    00000148     sysbios.aem4f : BIOS.obj (.text:ti_sysbios_family_arm_m3_Hwi_excMemFault__I)
                  00005718    0000013c     rtsv7M4_T_le_v4SPD16_eabi.lib : _printfi.c.obj (.text:_pconv_e)
                  00005854    00000004     driverlib.lib : uart.obj (.text:UARTIntClear)
                  00005858    0000013c     sysbios.aem4f : BIOS.obj (.text:ti_sysbios_heaps_HeapMem_Instance_init__E)
                  00005994    00000136     rtsv7M4_T_le_v4SPD16_eabi.lib : fd_div_t2.asm.obj (.text)
                  00005aca    00000132     driverlib.lib : gpio.obj (.text:GPIOPadConfigSet)
                  00005bfc    00000124     rtsv7M4_T_le_v4SPD16_eabi.lib : _printfi.c.obj (.text:fcvt)
                  00005d20    00000120     sysbios.aem4f : BIOS.obj (.text:ti_sysbios_family_arm_lm4_Timer_start__E)
                  00005e40    0000011c     grlib_demo.obj (.text:OnSettingsPage)
                  00005f5c    00000004     grlib.lib : widget.obj (.text:WidgetDefaultMsgProc)
                  00005f60    0000011c     sysbios.aem4f : BIOS.obj (.text:ti_sysbios_knl_Clock_Instance_init__E)
                  0000607c    00000118     ti.targets.arm.rtsarm.aem4f : Error.oem4f (.text:xdc_runtime_Error_policyDefault__E)
                  00006194    00000114     drivers_tivaware.aem4f : PWMTimerTiva.oem4f (.text:PWMTimerTiva_open)
                  000062a8    00000110     rtsv7M4_T_le_v4SPD16_eabi.lib : s_scalbn.c.obj (.text:scalbn)
                  000063b8    0000010c     Kentec320x240x16_ssd2119_spi.obj (.text:Kentec320x240x16_SSD2119RectFill)
                  000064c4    0000010c     touch.obj (.text:TouchScreenInit)
                  000065d0    00000106     grlib.lib : line.obj (.text:GrLineDraw)
                  000066d6    00000002     empty_pem4f.oem4f (.text:ti_sysbios_BIOS_nullFunc__I)
                  000066d8    00000104     motorCode.obj (.text:filterFxn)
                  000067dc    00000004     rtsv7M4_T_le_v4SPD16_eabi.lib : exit.c.obj (.text:abort:abort)
                  000067e0    00000104     sysbios.aem4f : BIOS.obj (.text:ti_sysbios_knl_Event_post__E)
                  000068e4    00000100     ti.targets.arm.rtsarm.aem4f : Core-mem.oem4f (.text:xdc_runtime_Core_createObject__I)
                  000069e4    000000fc     rtsv7M4_T_le_v4SPD16_eabi.lib : fd_mul_t2.asm.obj (.text)
                  00006ae0    000000f8     ti.targets.arm.rtsarm.aem4f : Startup.oem4f (.text:xdc_runtime_Startup_startMods__I)
                  00006bd8    000000f8     empty_pem4f.oem4f (.text:xdc_runtime_System_printfExtend__I)
                  00006cd0    000000f4     motorCode.obj (.text:motorFxn)
                  00006dc4    000000f4     sysbios.aem4f : m3_Hwi_asm.obj (.text:ti_sysbios_family_arm_m3_Hwi_dispatch__I)
                  00006eb8    000000f2     grlib.lib : pushbutton.obj (.text:RectangularButtonClick)
                  00006faa    000000f0     drivers_tivaware.aem4f : PWMTiva.oem4f (.text:PWMTiva_setDuty)
                  0000709a    00000002     empty_pem4f.oem4f (.text:xdc_runtime_Startup_reset__I)
                  0000709c    000000f0     empty.obj (.text:main)
                  0000718c    00000004     empty_pem4f.oem4f (.text:ti_sysbios_BIOS_RtsGateProxy_enter__E)
                  00007190    000000ec     sysbios.aem4f : BIOS.obj (.text:ti_sysbios_knl_Semaphore_post__E)
                  0000727c    000000e8     grlib.lib : widget.obj (.text:WidgetMessageQueueAdd)
                  00007364    000000e0     drivers_tivaware.aem4f : I2CTiva.oem4f (.text:I2CTiva_open)
                  00007444    000000d6                            : I2CTiva.oem4f (.text:I2CTiva_hwiFxn)
                  0000751a    00000002     --HOLE-- [fill = 0]
                  0000751c    000000d0     motorCode.obj (.text:HallFxn)
                  000075ec    000000cc     ti.targets.arm.rtsarm.aem4f : Core-smem.oem4f (.text:xdc_runtime_Core_constructObject__I)
                  000076b8    000000c0     grlib.lib : string.obj (.text:GrDefaultStringRenderer)
                  00007778    000000bc     sysbios.aem4f : BIOS.obj (.text:ti_sysbios_family_arm_m3_Hwi_excDebugMon__I)
                  00007834    00000004     empty_pem4f.oem4f (.text:ti_sysbios_BIOS_RtsGateProxy_leave__E)
                  00007838    000000bc     sysbios.aem4f : BIOS.obj (.text:ti_sysbios_family_arm_m3_Hwi_excHardFault__I)
                  000078f4    000000b8     EK_TM4C1294XL.obj (.text:EK_TM4C1294XL_initGeneral)
                  000079ac    000000b8     grlib.lib : line.obj (.text:GrLineClip)
                  00007a64    000000b8     Kentec320x240x16_ssd2119_spi.obj (.text:InitSPILCDInterface)
                  00007b1c    000000b8     drivers_tivaware.aem4f : PWMTimerTiva.oem4f (.text:PWMTimerTiva_setDuty)
                  00007bd4    000000b4     grlib.lib : widget.obj (.text:WidgetMessageSendPostOrder)
                  00007c88    000000b4     sysbios.aem4f : BIOS.obj (.text:ti_sysbios_gates_GateMutex_enter__E)
                  00007d3c    00000004                   : BIOS.obj (.text:ti_sysbios_family_arm_lm4_Timer_masterEnable__I)
                  00007d40    000000b4                   : BIOS.obj (.text:ti_sysbios_knl_Task_checkStacks__E)
                  00007df4    000000b1     rtsv7M4_T_le_v4SPD16_eabi.lib : _printfi.c.obj (.text:_ltostr)
                  00007ea5    00000001     --HOLE-- [fill = 0]
                  00007ea6    000000ac     drivers_tivaware.aem4f : UARTTiva.oem4f (.text:readTaskBlocking)
                  00007f52    00000006     driverlib.lib : gpio.obj (.text:GPIOIntClear)
                  00007f58    000000ac     sysbios.aem4f : BIOS.obj (.text:ti_sysbios_family_arm_lm4_Timer_enableTiva__I)
                  00008004    00000004     empty_pem4f.oem4f (.text:ti_sysbios_family_arm_m3_Hwi_destruct)
                  00008008    000000a8     sysbios.aem4f : BIOS.obj (.text:ti_sysbios_family_arm_lm4_Timer_enableTimers__I)
                  000080b0    000000a4                   : BIOS.obj (.text:ti_sysbios_knl_Clock_Instance_finalize__E)
                  00008154    000000a0     auto_init.aem4f : auto_init.oem4f (.text)
                  000081f4    000000a0     ti.targets.arm.rtsarm.aem4f : Text.oem4f (.text:xdc_runtime_Text_putMod__E)
                  00008294    0000009c     grlib_demo.obj (.text:OnStartMotor)
                  00008330    0000009c     motorCode.obj (.text:PIControlFxn)
                  000083cc    0000009c     rtsv7M4_T_le_v4SPD16_eabi.lib : memcpy_t2.asm.obj (.text)
                  00008468    0000009c     sysbios.aem4f : BIOS.obj (.text:ti_sysbios_knl_Semaphore_Instance_init__E)
                  00008504    0000009a     ti.targets.arm.rtsarm.aem4f : Text.oem4f (.text:xdc_runtime_Text_putSite__E)
                  0000859e    00000098     drivers_tivaware.aem4f : UARTTiva.oem4f (.text:UARTTiva_readPolling)
                  00008636    00000002     --HOLE-- [fill = 0]
                  00008638    00000098     Boot.aem4f : Boot.oem4f (.text:ti_catalog_arm_cortexm4_tiva_ce_Boot_sysCtlClockFreqSet__E)
                  000086d0    00000096     rtsv7M4_T_le_v4SPD16_eabi.lib : ull_div_t2.asm.obj (.text)
                  00008766    00000002     --HOLE-- [fill = 0]
                  00008768    00000094     grlib_demo.obj (.text:OnIncrease)
                  000087fc    00000094     drivers_tivaware.aem4f : UARTTiva.oem4f (.text:UARTTiva_write)
                  00008890    00000094     sysbios.aem4f : BIOS.obj (.text:ti_sysbios_family_arm_m3_Hwi_Instance_init__E)
                  00008924    00000004     empty_pem4f.oem4f (.text:ti_sysbios_family_arm_m3_TaskSupport_Module__startupDone__S)
                  00008928    00000094     sysbios.aem4f : BIOS.obj (.text:ti_sysbios_family_arm_m3_Hwi_initNVIC__E)
                  000089bc    00000004     empty_pem4f.oem4f (.text:ti_sysbios_hal_Hwi_HwiProxy_delete)
                  000089c0    00000094     sysbios.aem4f : BIOS.obj (.text:ti_sysbios_knl_Task_postInit__I)
                  00008a54    0000008c     drivers_tivaware.aem4f : GPIOTiva.oem4f (.text:GPIO_init)
                  00008ae0    0000008c                            : UARTTiva.oem4f (.text:UARTTiva_control)
                  00008b6c    0000008c     sysbios.aem4f : m3_TaskSupport_asm.obj (.text:ti_sysbios_family_arm_m3_TaskSupport_buildTaskStack)
                  00008bf8    0000008a     drivers_tivaware.aem4f : UARTTiva.oem4f (.text:readIsrTextBlocking)
                  00008c82    00000002     --HOLE-- [fill = 0]
                  00008c84    00000088     grlib_demo.obj (.text:OnDecrease)
                  00008d0c    00000088     drivers_tivaware.aem4f : PWMTiva.oem4f (.text:PWMTiva_control)
                  00008d94    00000088     grlib_demo.obj (.text:initUI)
                  00008e1c    00000086     grlib.lib : rectangle.obj (.text:GrRectFill)
                  00008ea2    00000086     rtsv7M4_T_le_v4SPD16_eabi.lib : fd_cmp_t2.asm.obj (.text:__aeabi_cdcmple)
                  00008f28    00000086                                   : fd_cmp_t2.asm.obj (.text:__aeabi_cdrcmple)
                  00008fae    00000002     --HOLE-- [fill = 0]
                  00008fb0    00000084     sysbios.aem4f : BIOS.obj (.text:ti_sysbios_family_arm_m3_Hwi_postInit__I)
                  00009034    00000082     drivers_tivaware.aem4f : UARTTiva.oem4f (.text:readIsrTextCallback)
                  000090b6    0000007e                            : I2CTiva.oem4f (.text:I2CTiva_transfer)
                  00009134    0000007a     driverlib.lib : adc.obj (.text:ADCSequenceStepConfigure)
                  000091ae    0000007a     drivers_tivaware.aem4f : UARTTiva.oem4f (.text:readTaskCallback)
                  00009228    0000007a     rtsv7M4_T_le_v4SPD16_eabi.lib : memset_t2.asm.obj (.text)
                  000092a2    00000006     driverlib.lib : gpio.obj (.text:GPIOPinRead)
                  000092a8    00000074     sysbios.aem4f : BIOS.obj (.text:ti_sysbios_knl_Clock_start__E)
                  0000931c    00000004     empty_pem4f.oem4f (.text:ti_sysbios_heaps_HeapMem_Module_GateProxy_enter__E)
                  00009320    00000070     sysbios.aem4f : BIOS.obj (.text:ti_sysbios_knl_Clock_workFunc__E)
                  00009390    00000070                   : BIOS.obj (.text:ti_sysbios_knl_Task_exit__E)
                  00009400    0000006e     rtsv7M4_T_le_v4SPD16_eabi.lib : _printfi.c.obj (.text:_mcpy)
                  0000946e    00000002     --HOLE-- [fill = 0]
                  00009470    0000006d     ti.targets.arm.rtsarm.aem4f : System.oem4f (.text:xdc_runtime_System_formatNum__I)
                  000094dd    00000003     --HOLE-- [fill = 0]
                  000094e0    0000006c     drivers_tivaware.aem4f : PWMTimerTiva.oem4f (.text:PWMTimerTiva_control)
                  0000954c    0000006c     empty_pem4f.oem4f (.text:ti_sysbios_family_arm_m3_Hwi_Object__create__S)
                  000095b8    0000006c     sysbios.aem4f : BIOS.obj (.text:ti_sysbios_knl_Swi_restoreHwi__E)
                  00009624    0000006c     drivers_tivaware.aem4f : UARTTiva.oem4f (.text:writeData)
                  00009690    0000006c     ti.targets.arm.rtsarm.aem4f : Error.oem4f (.text:xdc_runtime_Error_print__E)
                  000096fc    0000006c                                 : Memory.oem4f (.text:xdc_runtime_Memory_alloc__E)
                  00009768    0000006a     drivers_tivaware.aem4f : PWMTiva.oem4f (.text:PWMTiva_close)
                  000097d2    00000002     --HOLE-- [fill = 0]
                  000097d4    00000068     EK_TM4C1294XL.obj (.text:EK_TM4C1294XL_initI2C)
                  0000983c    00000068     grlib.lib : context.obj (.text:GrContextInit)
                  000098a4    00000068               : string.obj (.text:GrStringWidthGet)
                  0000990c    00000068     driverlib.lib : interrupt.obj (.text:IntEnable)
                  00009974    00000068     Kentec320x240x16_ssd2119_spi.obj (.text:Kentec320x240x16_SSD2119LineDrawH)
                  000099dc    00000068     Kentec320x240x16_ssd2119_spi.obj (.text:Kentec320x240x16_SSD2119LineDrawV)
                  00009a44    00000068     motorCode.obj (.text:accelLimitFxn)
                  00009aac    00000068     rtsv7M4_T_le_v4SPD16_eabi.lib : copy_decompress_lzss.c.obj (.text:decompress:lzss:__TI_decompress_lzss)
                  00009b14    00000066     grlib.lib : context.obj (.text:GrContextClipRegionSet)
                  00009b7a    00000066               : rectangle.obj (.text:GrRectDraw)
                  00009be0    00000066     ti.targets.arm.rtsarm.aem4f : Core-mem.oem4f (.text:xdc_runtime_Core_deleteObject__I)
                  00009c46    00000002     --HOLE-- [fill = 0]
                  00009c48    00000064     drivers_tivaware.aem4f : GPIOTiva.oem4f (.text:GPIO_hwiIntFxn)
                  00009cac    00000064     grlib_demo.obj (.text:OnGraphsMain)
                  00009d10    00000064     grlib.lib : widget.obj (.text:WidgetMessageQueueProcess)
                  00009d74    00000064     rtsv7M4_T_le_v4SPD16_eabi.lib : s_frexp.c.obj (.text:frexp)
                  00009dd8    00000064     sysbios.aem4f : BIOS.obj (.text:ti_sysbios_family_arm_lm4_Timer_Module_startup__E)
                  00009e3c    00000064     empty_pem4f.oem4f (.text:ti_sysbios_family_arm_m3_Hwi_create)
                  00009ea0    00000064     sysbios.aem4f : BIOS.obj (.text:ti_sysbios_family_arm_m3_Hwi_dispatchC__I)
                  00009f04    00000064     empty_pem4f.oem4f (.text:ti_sysbios_hal_Hwi_create)
                  00009f68    00000062     drivers_tivaware.aem4f : I2CTiva.oem4f (.text:I2CTiva_primeTransfer)
                  00009fca    00000002     --HOLE-- [fill = 0]
                  00009fcc    00000060     driverlib.lib : timer.obj (.text:TimerConfigure)
                  0000a02c    00000060     Kentec320x240x16_ssd2119_spi.obj (.text:WriteDataSPI)
                  0000a08c    00000004     empty_pem4f.oem4f (.text:ti_sysbios_heaps_HeapMem_Module_GateProxy_leave__E)
                  0000a090    00000060     sysbios.aem4f : BIOS.obj (.text:ti_sysbios_knl_Task_schedule__I)
                  0000a0f0    0000005e     grlib.lib : widget.obj (.text:WidgetMessageSendPreOrder)
                  0000a14e    0000005e     drivers_tivaware.aem4f : UARTTiva.oem4f (.text:readIsrBinaryBlocking)
                  0000a1ac    0000005c     Kentec320x240x16_ssd2119_spi.obj (.text:WriteCommandSPI)
                  0000a208    0000005c     sysbios.aem4f : BIOS.obj (.text:ti_sysbios_knl_Swi_run__I)
                  0000a264    00000004     empty_pem4f.oem4f (.text:ti_sysbios_knl_Clock_TimerProxy_getMaxTicks__E)
                  0000a268    0000005c     sysbios.aem4f : BIOS.obj (.text:ti_sysbios_knl_Swi_schedule__I)
                  0000a2c4    00000004     empty_pem4f.oem4f (.text:ti_sysbios_knl_Clock_destruct)
                  0000a2c8    0000005c     sysbios.aem4f : BIOS.obj (.text:ti_sysbios_knl_Task_Module_startup__E)
                  0000a324    00000004     empty_pem4f.oem4f (.text:ti_sysbios_knl_Queue_destruct)
                  0000a328    0000005c     sysbios.aem4f : BIOS.obj (.text:ti_sysbios_knl_Task_startCore__E)
                  0000a384    0000005b     ti.targets.arm.rtsarm.aem4f : Text.oem4f (.text:xdc_runtime_Text_putLab__E)
                  0000a3df    00000001     --HOLE-- [fill = 0]
                  0000a3e0    0000005a     grlib.lib : string.obj (.text:FontWideGlyphDataGet)
                  0000a43a    00000002     --HOLE-- [fill = 0]
                  0000a43c    00000058     boot.aem4f : boot.oem4f (.text)
                  0000a494    00000058     rtsv7M4_T_le_v4SPD16_eabi.lib : hostwrite.c.obj (.text:HOSTwrite)
                  0000a4ec    00000058     driverlib.lib : timer.obj (.text:TimerControlTrigger)
                  0000a544    00000058     empty_pem4f.oem4f (.text:ti_sysbios_family_arm_m3_Hwi_construct)
                  0000a59c    00000058     sysbios.aem4f : m3_Hwi_asm_switch.obj (.text:ti_sysbios_family_arm_m3_Hwi_initStacks__E)
                  0000a5f4    00000056     driverlib.lib : gpio.obj (.text:GPIOIntTypeSet)
                  0000a64a    00000056     rtsv7M4_T_le_v4SPD16_eabi.lib : _printfi.c.obj (.text:_pconv_f)
                  0000a6a0    00000054                                   : _ltoa.c.obj (.text:__TI_ltoa)
                  0000a6f4    00000054     drivers_tivaware.aem4f : UARTTiva.oem4f (.text:readIsrBinaryCallback)
                  0000a748    00000054     ti.targets.arm.rtsarm.aem4f : Assert.oem4f (.text:xdc_runtime_Assert_raise__I)
                  0000a79c    00000052     rtsv7M4_T_le_v4SPD16_eabi.lib : _printfi.c.obj (.text:_ecpy)
                  0000a7ee    00000002     --HOLE-- [fill = 0]
                  0000a7f0    00000050     motorCode.obj (.text:ADC0_Init)
                  0000a840    00000050     driverlib.lib : adc.obj (.text:ADCSequenceConfigure)
                  0000a890    00000050     drivers_tivaware.aem4f : GPIOTiva.oem4f (.text:GPIO_setCallback)
                  0000a8e0    00000050                            : GPIOTiva.oem4f (.text:GPIO_write)
                  0000a930    00000050                            : UARTTiva.oem4f (.text:UARTTiva_writeCancel)
                  0000a980    00000050     Boot.aem4f : Boot_sysctl.oem4f (.text:_SysCtlFrequencyGet)
                  0000a9d0    00000050     sysbios.aem4f : BIOS.obj (.text:ti_sysbios_family_arm_m3_Hwi_Module_startup__E)
                  0000aa20    00000050     ti.targets.arm.rtsarm.aem4f : Startup.oem4f (.text:xdc_runtime_Startup_exec__E)
                  0000aa70    00000050                                 : Text.oem4f (.text:xdc_runtime_Text_visitRope2__I)
                  0000aac0    0000004c     driverlib.lib : i2c.obj (.text:I2CMasterInitExpClk)
                  0000ab0c    0000004c     drivers_tivaware.aem4f : UARTTiva.oem4f (.text:UARTTiva_close)
                  0000ab58    0000004c     grlib.lib : widget.obj (.text:WidgetRemove)
                  0000aba4    0000004c     rtsv7M4_T_le_v4SPD16_eabi.lib : atoi.c.obj (.text:atoi)
                  0000abf0    0000004c                                   : cpy_tbl.c.obj (.text:copy_in)
                  0000ac3c    0000004c     grlib_demo.obj (.text:drawSettingValue)
                  0000ac88    0000004c     motorCode.obj (.text:initUART)
                  0000acd4    00000004     empty_pem4f.oem4f (.text:ti_sysbios_knl_Semaphore_destruct)
                  0000acd8    0000004c     sysbios.aem4f : BIOS.obj (.text:ti_sysbios_family_arm_lm4_Timer_setAvailMask__E)
                  0000ad24    00000004     ti.targets.arm.rtsarm.aem4f : Error.oem4f (.text:xdc_runtime_Error_getSite__E)
                  0000ad28    0000004c     sysbios.aem4f : BIOS.obj (.text:ti_sysbios_heaps_HeapMem_getStats__E)
                  0000ad74    00000004     empty_pem4f.oem4f (.text:xdc_runtime_System_Module_GateProxy_enter__E)
                  0000ad78    0000004c     sysbios.aem4f : BIOS.obj (.text:ti_sysbios_knl_Swi_runLoop__I)
                  0000adc4    00000004     empty_pem4f.oem4f (.text:xdc_runtime_System_Module_GateProxy_leave__E)
                  0000adc8    0000004c     sysbios.aem4f : BIOS.obj (.text:ti_sysbios_knl_Task_allBlockedFunction__I)
                  0000ae14    0000004a     drivers_tivaware.aem4f : PWMTimerTiva.oem4f (.text:PWMTimerTiva_close)
                  0000ae5e    0000004a     grlib.lib : string.obj (.text:UpdateContextCharMapping)
                  0000aea8    00000048     driverlib.lib : gpio.obj (.text:GPIOPinConfigure)
                  0000aef0    00000048                   : sysctl.obj (.text:_SysCtlFrequencyGet)
                  0000af38    00000048     rtsv7M4_T_le_v4SPD16_eabi.lib : fd_toi_t2.asm.obj (.text)
                  0000af80    00000048     sysbios.aem4f : BIOS.obj (.text:ti_sysbios_family_arm_m3_Hwi_disableInterrupt__E)
                  0000afc8    00000048                   : BIOS.obj (.text:ti_sysbios_family_arm_m3_Hwi_enableInterrupt__E)
                  0000b010    00000048                   : BIOS.obj (.text:ti_sysbios_family_arm_m3_Hwi_excReserved__I)
                  0000b058    00000046     grlib.lib : line.obj (.text:GrLineDrawH)
                  0000b09e    00000046               : line.obj (.text:GrLineDrawV)
                  0000b0e4    00000046     Kentec320x240x16_ssd2119_spi.obj (.text:Kentec320x240x16_SSD2119PixelDraw)
                  0000b12a    00000046     drivers_tivaware.aem4f : RingBuf.oem4f (.text:RingBuf_put)
                  0000b170    00000046     driverlib.lib : uart.obj (.text:UARTConfigSetExpClk)
                  0000b1b6    00000046     ti.targets.arm.rtsarm.aem4f : Core-params.oem4f (.text:xdc_runtime_Core_assignParams__I)
                  0000b1fc    00000004                                 : System.oem4f (.text:xdc_runtime_System_aprintf_va__F)
                  0000b200    00000044     sysbios.aem4f : BIOS.obj (.text:ti_sysbios_family_arm_lm4_Timer_isrStub__E)
                  0000b244    00000004     ti.targets.arm.rtsarm.aem4f : System.oem4f (.text:xdc_runtime_System_printf_va__F)
                  0000b248    00000044     sysbios.aem4f : BIOS.obj (.text:ti_sysbios_family_arm_m3_Hwi_getStackInfo__E)
                  0000b28c    00000004     --HOLE-- [fill = 0]
                  0000b290    00000044                   : BIOS.obj (.text:ti_sysbios_knl_Swi_post__E)
                  0000b2d4    00000044     ti.targets.arm.rtsarm.aem4f : Error.oem4f (.text:xdc_runtime_Error_setX__E)
                  0000b318    00000044                                 : SysMin.oem4f (.text:xdc_runtime_SysMin_flush__E)
                  0000b35c    00000044                                 : Text.oem4f (.text:xdc_runtime_Text_xprintf__I)
                  0000b3a0    00000042     drivers_tivaware.aem4f : UARTTiva.oem4f (.text:UARTTiva_hwiIntFxn)
                  0000b3e2    00000042                            : UARTTiva.oem4f (.text:UARTTiva_writePolling)
                  0000b424    00000040     grlib_demo.obj (.text:OnMainMenu)
                  0000b464    00000040     grlib_demo.obj (.text:OnSettingsMain)
                  0000b4a4    00000040     drivers_tivaware.aem4f : RingBuf.oem4f (.text:RingBuf_get)
                  0000b4e4    00000040                            : UARTTiva.oem4f (.text:UARTTiva_read)
                  0000b524    00000040     rtsv7M4_T_le_v4SPD16_eabi.lib : u_divt2.asm.obj (.text)
                  0000b564    00000040                                   : sprintf.c.obj (.text:sprintf)
                  0000b5a4    00000004     --HOLE-- [fill = 0]
                  0000b5a8    00000040     sysbios.aem4f : BIOS.obj (.text:ti_sysbios_family_arm_lm4_Timer_startup__E)
                  0000b5e8    0000003e     rtsv7M4_T_le_v4SPD16_eabi.lib : _printfi.c.obj (.text:_fcpy)
                  0000b626    0000003c     driverlib.lib : ssi.obj (.text:SSIConfigSetExpClk)
                  0000b662    00000006                   : gpio.obj (.text:GPIOPinWrite)
                  0000b668    0000003c     sysbios.aem4f : BIOS.obj (.text:ti_sysbios_family_arm_m3_Hwi_excSvCall__I)
                  0000b6a4    00000004     --HOLE-- [fill = 0]
                  0000b6a8    0000003c                   : BIOS.obj (.text:ti_sysbios_heaps_HeapMem_init__I)
                  0000b6e4    00000004     --HOLE-- [fill = 0]
                  0000b6e8    0000003c                   : BIOS.obj (.text:ti_sysbios_knl_Swi_restore__E)
                  0000b724    0000003a     grlib.lib : string.obj (.text:FontGlyphDataGet)
                  0000b75e    0000003a     drivers_tivaware.aem4f : I2CTiva.oem4f (.text:I2CTiva_completeTransfer)
                  0000b798    00000038                            : I2C.oem4f (.text:I2C_init)
                  0000b7d0    00000038                            : PWM.oem4f (.text:PWM_init)
                  0000b808    00000038     driverlib.lib : sysctl.obj (.text:SysCtlPeripheralReady)
                  0000b840    00000038     drivers_tivaware.aem4f : UART.oem4f (.text:UART_init)
                  0000b878    00000038     rtsv7M4_T_le_v4SPD16_eabi.lib : trgmsg.c.obj (.text:__TI_writemsg)
                  0000b8b0    00000038                                   : fs_tod_t2.asm.obj (.text)
                  0000b8e8    00000038     sysbios.aem4f : BIOS.obj (.text:ti_sysbios_family_arm_m3_Hwi_excNoIsr__I)
                  0000b920    00000038     empty_pem4f.oem4f (.text:ti_sysbios_knl_Clock_create)
                  0000b958    00000038     sysbios.aem4f : BIOS.obj (.text:ti_sysbios_knl_Task_processVitalTaskFlag__I)
                  0000b990    00000038     ti.targets.arm.rtsarm.aem4f : SysMin.oem4f (.text:xdc_runtime_SysMin_putch__E)
                  0000b9c8    00000038                                 : System.oem4f (.text:xdc_runtime_System_atexit__E)
                  0000ba00    00000036     grlib.lib : line.obj (.text:GrClipCodeGet)
                  0000ba36    00000036     drivers_tivaware.aem4f : I2CTiva.oem4f (.text:I2CTiva_close)
                  0000ba6c    00000036                            : UARTTiva.oem4f (.text:UARTTiva_readCancel)
                  0000baa2    00000002     --HOLE-- [fill = 0]
                  0000baa4    00000034     driverlib.lib : sysctl.obj (.text:SysCtlPeripheralEnable)
                  0000bad8    00000034     rtsv7M4_T_le_v4SPD16_eabi.lib : trgmsg.c.obj (.text:__TI_readmsg)
                  0000bb0c    00000004     --HOLE-- [fill = 0]
                  0000bb10    00000034     sysbios.aem4f : BIOS.obj (.text:ti_sysbios_family_arm_m3_Hwi_Instance_finalize__E)
                  0000bb44    00000004     --HOLE-- [fill = 0]
                  0000bb48    00000034                   : BIOS.obj (.text:ti_sysbios_family_arm_m3_Hwi_excNmi__I)
                  0000bb7c    00000004     --HOLE-- [fill = 0]
                  0000bb80    00000034                   : BIOS.obj (.text:ti_sysbios_hal_Hwi_checkStack)
                  0000bbb4    00000034     empty_pem4f.oem4f (.text:ti_sysbios_knl_Clock_construct)
                  0000bbe8    00000034     ti.targets.arm.rtsarm.aem4f : Core-label.oem4f (.text:xdc_runtime_Core_assignLabel__I)
                  0000bc1c    00000033                                 : Text.oem4f (.text:xdc_runtime_Text_printVisFxn__I)
                  0000bc4f    00000001     --HOLE-- [fill = 0]
                  0000bc50    00000032     sysbios.aem4f : BIOS.obj (.text:ti_sysbios_hal_Hwi_initStack)
                  0000bc82    00000002     --HOLE-- [fill = 0]
                  0000bc84    00000030     drivers_tivaware.aem4f : GPIOTiva.oem4f (.text:GPIO_enableInt)
                  0000bcb4    00000030                            : GPIOTiva.oem4f (.text:GPIO_read)
                  0000bce4    00000030     grlib_demo.obj (.text:OnGraphAcceleration)
                  0000bd14    00000030     drivers_tivaware.aem4f : PWMTiva.oem4f (.text:PWMTiva_init)
                  0000bd44    00000030                            : PWM.oem4f (.text:PWM_open)
                  0000bd74    00000030                            : UART.oem4f (.text:UART_open)
                  0000bda4    00000030     motorCode.obj (.text:readABC)
                  0000bdd4    00000030     empty_pem4f.oem4f (.text:ti_sysbios_BIOS_atExitFunc__I)
                  0000be04    00000004     --HOLE-- [fill = 0]
                  0000be08    00000030     sysbios.aem4f : BIOS.obj (.text:ti_sysbios_family_arm_lm4_Timer_stop__E)
                  0000be38    00000030                   : BIOS.obj (.text:ti_sysbios_family_arm_m3_TaskSupport_start__E)
                  0000be68    00000030     empty_pem4f.oem4f (.text:ti_sysbios_gates_GateHwi_Object__create__S)
                  0000be98    00000030     empty_pem4f.oem4f (.text:ti_sysbios_gates_GateHwi_create)
                  0000bec8    00000030     empty_pem4f.oem4f (.text:ti_sysbios_gates_GateMutex_Object__create__S)
                  0000bef8    00000030     empty_pem4f.oem4f (.text:ti_sysbios_heaps_HeapMem_Object__create__S)
                  0000bf28    00000030     sysbios.aem4f : BIOS.obj (.text:ti_sysbios_knl_Event_pendTimeout__I)
                  0000bf58    00000030     empty_pem4f.oem4f (.text:ti_sysbios_knl_Semaphore_construct)
                  0000bf88    00000030     sysbios.aem4f : BIOS.obj (.text:ti_sysbios_knl_Semaphore_pendTimeout__I)
                  0000bfb8    00000030                   : BIOS.obj (.text:ti_sysbios_knl_Task_unblockI__E)
                  0000bfe8    00000030     ti.targets.arm.rtsarm.aem4f : SysMin.oem4f (.text:xdc_runtime_SysMin_abort__E)
                  0000c018    00000030                                 : System.oem4f (.text:xdc_runtime_System_processAtExit__E)
                  0000c048    0000002e     grlib.lib : string.obj (.text:GrStringNextCharGet)
                  0000c076    0000002e     rtsv7M4_T_le_v4SPD16_eabi.lib : i_tofd_t2.asm.obj (.text)
                  0000c0a4    0000002c     EK_TM4C1294XL.obj (.text:EK_TM4C1294XL_initUART)
                  0000c0d0    0000002c     grlib.lib : string.obj (.text:GrFontBaselineGet)
                  0000c0fc    0000002c               : string.obj (.text:GrFontHeightGet)
                  0000c128    0000002c               : pushbutton.obj (.text:RectangularButtonMsgProc)
                  0000c154    0000002c               : widget.obj (.text:WidgetIsInTree)
                  0000c180    0000002c     empty_pem4f.oem4f (.text:ti_sysbios_knl_Clock_doTick__I)
                  0000c1ac    0000002c     empty_pem4f.oem4f (.text:ti_sysbios_knl_Event_construct)
                  0000c1d8    0000002c     empty_pem4f.oem4f (.text:ti_sysbios_knl_Queue_construct)
                  0000c204    00000004     --HOLE-- [fill = 0]
                  0000c208    0000002c     sysbios.aem4f : BIOS.obj (.text:ti_sysbios_knl_Task_restore__E)
                  0000c234    0000002c     ti.targets.arm.rtsarm.aem4f : Text.oem4f (.text:xdc_runtime_Text_cordText__E)
                  0000c260    0000002a     driverlib.lib : gpio.obj (.text:GPIODirModeSet)
                  0000c28a    0000002a     ti.targets.arm.rtsarm.aem4f : System.oem4f (.text:xdc_runtime_System_putchar__I)
                  0000c2b4    00000028     Kentec320x240x16_ssd2119_spi.obj (.text:Kentec320x240x16_SSD2119ColorTranslate)
                  0000c2dc    00000028     grlib_demo.obj (.text:OnGraphSpeed)
                  0000c304    00000028     motorCode.obj (.text:statesFxn)
                  0000c32c    00000004     --HOLE-- [fill = 0]
                  0000c330    00000028     sysbios.aem4f : BIOS.obj (.text:ti_sysbios_hal_Hwi_Instance_init__E)
                  0000c358    00000028                   : BIOS.obj (.text:ti_sysbios_knl_Swi_Module_startup__E)
                  0000c380    00000026     grlib.lib : string.obj (.text:GrFontInfoGet)
                  0000c3a6    00000026     sysbios.aem4f : m3_Hwi_asm.obj (.text:ti_sysbios_family_arm_m3_Hwi_pendSV__I)
                  0000c3cc    00000026     ti.targets.arm.rtsarm.aem4f : System.oem4f (.text:xdc_runtime_System_avprintf__E)
                  0000c3f2    00000002     --HOLE-- [fill = 0]
                  0000c3f4    00000024     grlib_demo.obj (.text:OnGraphLight)
                  0000c418    00000024     grlib_demo.obj (.text:OnGraphPower)
                  0000c43c    00000024     empty_pem4f.oem4f (.text:ti_sysbios_BIOS_errorRaiseHook__I)
                  0000c460    00000024     empty_pem4f.oem4f (.text:ti_sysbios_BIOS_registerRTSLock__I)
                  0000c484    00000024     empty_pem4f.oem4f (.text:ti_sysbios_BIOS_removeRTSLock__I)
                  0000c4a8    00000024     empty_pem4f.oem4f (.text:ti_sysbios_BIOS_startFunc__I)
                  0000c4cc    00000024     empty_pem4f.oem4f (.text:ti_sysbios_gates_GateMutex_Object__delete__S)
                  0000c4f0    00000024     sysbios.aem4f : BIOS.obj (.text:ti_sysbios_knl_Clock_Module_startup__E)
                  0000c514    00000004     --HOLE-- [fill = 0]
                  0000c518    00000024                   : BIOS.obj (.text:ti_sysbios_knl_Task_restoreHwi__E)
                  0000c53c    00000024     ti.targets.arm.rtsarm.aem4f : System.oem4f (.text:xdc_runtime_System_vprintf__E)
                  0000c560    00000022     grlib.lib : string.obj (.text:GrFontGlyphDataGet)
                  0000c582    00000022     driverlib.lib : pwm.obj (.text:PWMGenConfigure)
                  0000c5a4    00000022     drivers_tivaware.aem4f : PWMTiva.oem4f (.text:PWMTiva_getPeriodCounts)
                  0000c5c6    00000002     --HOLE-- [fill = 0]
                  0000c5c8    00000022     sysbios.aem4f : BIOS.obj (.text:ti_sysbios_family_arm_lm4_Timer_write__I)
                  0000c5ea    00000022     empty_pem4f.oem4f (.text:xdc_runtime_SysMin_output__I)
                  0000c60c    00000020     drivers_tivaware.aem4f : GPIOTiva.oem4f (.text:GPIO_clearInt)
                  0000c62c    00000020     driverlib.lib : uart.obj (.text:UARTDisable)
                  0000c64c    00000020     Boot.aem4f : Boot_sysctl.oem4f (.text:_SysCtlMemTimingGet)
                  0000c66c    00000020     driverlib.lib : sysctl.obj (.text:_SysCtlMemTimingGet)
                  0000c68c    00000020     motorCode.obj (.text:setSpeed)
                  0000c6ac    00000020     empty_pem4f.oem4f (.text:ti_sysbios_BIOS_rtsLock__I)
                  0000c6cc    00000020     empty_pem4f.oem4f (.text:ti_sysbios_family_arm_m3_Hwi_Object__delete__S)
                  0000c6ec    00000020     sysbios.aem4f : m3_Hwi_asm.obj (.text:ti_sysbios_family_arm_m3_Hwi_excHandlerAsm__I)
                  0000c70c    00000004     --HOLE-- [fill = 0]
                  0000c710    00000020                   : BIOS.obj (.text:ti_sysbios_family_arm_m3_Hwi_excHandler__I)
                  0000c730    00000020     empty_pem4f.oem4f (.text:ti_sysbios_gates_GateHwi_Object__delete__S)
                  0000c750    00000020     empty_pem4f.oem4f (.text:ti_sysbios_heaps_HeapMem_Object__delete__S)
                  0000c770    00000020     empty_pem4f.oem4f (.text:ti_sysbios_knl_Clock_Object__destruct__S)
                  0000c790    00000020     sysbios.aem4f : BIOS.obj (.text:ti_sysbios_knl_Idle_run__E)
                  0000c7b0    00000020     empty_pem4f.oem4f (.text:ti_sysbios_knl_Semaphore_Object__destruct__S)
                  0000c7d0    00000020     ti.targets.arm.rtsarm.aem4f : Registry.oem4f (.text:xdc_runtime_Registry_findById__E)
                  0000c7f0    00000020                                 : SysMin.oem4f (.text:xdc_runtime_SysMin_Module_startup__E)
                  0000c810    0000001e     grlib.lib : string.obj (.text:GrFontCodepageGet)
                  0000c82e    0000001e     driverlib.lib : pwm.obj (.text:PWMPulseWidthSet)
                  0000c84c    0000001e     drivers_tivaware.aem4f : PWMTiva.oem4f (.text:PWMTiva_getPeriodMicroSecs)
                  0000c86a    0000001e     grlib.lib : widget.obj (.text:WidgetAdd)
                  0000c888    0000001e     sysbios.aem4f : m3_Hwi_asm_switch.obj (.text:ti_sysbios_family_xxx_Hwi_switchAndRunFunc)
                  0000c8a6    00000002     --HOLE-- [fill = 0]
                  0000c8a8    0000001c     grlib.lib : widget.obj (.text:WidgetPointerMessage)
                  0000c8c4    0000001c     drivers_tivaware.aem4f : GPIOTiva.oem4f (.text:getGpioIntIndex)
                  0000c8e0    0000001c     rtsv7M4_T_le_v4SPD16_eabi.lib : memccpy.c.obj (.text:memccpy)
                  0000c8fc    0000001c     empty_pem4f.oem4f (.text:ti_sysbios_family_arm_m3_Hwi_Object__destruct__S)
                  0000c918    0000001c     sysbios.aem4f : BIOS.obj (.text:ti_sysbios_gates_GateMutex_Instance_init__E)
                  0000c934    0000001c     empty_pem4f.oem4f (.text:ti_sysbios_hal_Hwi_HwiProxy_create)
                  0000c950    0000001c     empty_pem4f.oem4f (.text:ti_sysbios_knl_Queue_Object__destruct__S)
                  0000c96c    00000004     --HOLE-- [fill = 0]
                  0000c970    0000001c     sysbios.aem4f : BIOS.obj (.text:ti_sysbios_knl_Queue_put__E)
                  0000c98c    00000004     --HOLE-- [fill = 0]
                  0000c990    0000001c                   : BIOS.obj (.text:ti_sysbios_knl_Task_enter__I)
                  0000c9ac    0000001c     ti.targets.arm.rtsarm.aem4f : Error.oem4f (.text:xdc_runtime_Error_raiseX__E)
                  0000c9c8    0000001c                                 : Memory.oem4f (.text:xdc_runtime_Memory_valloc__E)
                  0000c9e4    0000001c                                 : SysMin.oem4f (.text:xdc_runtime_SysMin_exit__E)
                  0000ca00    0000001c                                 : System.oem4f (.text:xdc_runtime_System_abort__E)
                  0000ca1c    0000001a     rtsv7M4_T_le_v4SPD16_eabi.lib : s_copysign.c.obj (.text:copysign)
                  0000ca36    0000001a     empty_pem4f.oem4f (.text:ti_sysbios_family_arm_m3_Hwi_Handle__label__S)
                  0000ca50    0000001a     empty_pem4f.oem4f (.text:ti_sysbios_gates_GateHwi_Handle__label__S)
                  0000ca6a    0000001a     empty_pem4f.oem4f (.text:ti_sysbios_gates_GateMutex_Handle__label__S)
                  0000ca84    0000001a     empty_pem4f.oem4f (.text:ti_sysbios_heaps_HeapMem_Handle__label__S)
                  0000ca9e    0000001a     empty_pem4f.oem4f (.text:ti_sysbios_knl_Swi_Handle__label__S)
                  0000cab8    0000001a     empty_pem4f.oem4f (.text:ti_sysbios_knl_Task_Handle__label__S)
                  0000cad2    0000001a     empty_pem4f.oem4f (.text:xdc_runtime_System_aprintf__E)
                  0000caec    0000001a     empty_pem4f.oem4f (.text:xdc_runtime_System_printf__E)
                  0000cb06    00000018     driverlib.lib : gpio.obj (.text:GPIOPinTypeGPIOOutput)
                  0000cb1e    00000018                   : timer.obj (.text:TimerControlLevel)
                  0000cb36    00000002     --HOLE-- [fill = 0]
                  0000cb38    00000018                   : timer.obj (.text:TimerDisable)
                  0000cb50    00000018     drivers_tivaware.aem4f : UART.oem4f (.text:UART_Params_init)
                  0000cb68    00000018     rtsv7M4_T_le_v4SPD16_eabi.lib : args_main.c.obj (.text:_args_main)
                  0000cb80    00000018                                   : sprintf.c.obj (.text:_outs)
                  0000cb98    00000018     empty.obj (.text:heartBeatFxn)
                  0000cbb0    00000018     motorCode.obj (.text:startMotor)
                  0000cbc8    00000018     empty_pem4f.oem4f (.text:ti_sysbios_BIOS_rtsUnlock__I)
                  0000cbe0    00000018     empty_pem4f.oem4f (.text:ti_sysbios_family_arm_lm4_Timer_Module__startupDone__F)
                  0000cbf8    00000018     empty_pem4f.oem4f (.text:ti_sysbios_family_arm_m3_Hwi_Module__startupDone__F)
                  0000cc10    00000018     sysbios.aem4f : m3_TaskSupport_asm.obj (.text:ti_sysbios_family_arm_m3_TaskSupport_swap__E)
                  0000cc28    00000018                   : BIOS.obj (.text:ti_sysbios_gates_GateMutex_leave__E)
                  0000cc40    00000018     ti.targets.arm.rtsarm.aem4f : Error.oem4f (.text:xdc_runtime_Error_check__E)
                  0000cc58    00000018                                 : System.oem4f (.text:xdc_runtime_System_exit__E)
                  0000cc70    00000018                                 : Text.oem4f (.text:xdc_runtime_Text_ropeText__E)
                  0000cc88    00000016     grlib.lib : string.obj (.text:GrStringDraw)
                  0000cc9e    00000016     driverlib.lib : i2c.obj (.text:I2CMasterErr)
                  0000ccb4    00000016     rtsv7M4_T_le_v4SPD16_eabi.lib : strchr.c.obj (.text:strchr)
                  0000ccca    00000016     empty_pem4f.oem4f (.text:ti_sysbios_BIOS_exitFunc__I)
                  0000cce0    00000016     motorCode.obj (.text:ti_sysbios_gates_GateHwi_Params_init)
                  0000ccf6    00000016     motorCode.obj (.text:ti_sysbios_hal_Hwi_Params_init)
                  0000cd0c    00000016     empty.obj (.text:ti_sysbios_knl_Clock_Params_init)
                  0000cd22    00000016     motorCode.obj (.text:ti_sysbios_knl_Clock_Params_init)
                  0000cd38    00000016     motorCode.obj (.text:ti_sysbios_knl_Semaphore_Params_init)
                  0000cd4e    00000014     grlib.lib : canvas.obj (.text:CanvasMsgProc)
                  0000cd62    00000002     --HOLE-- [fill = 0]
                  0000cd64    00000014     Kentec320x240x16_ssd2119_spi.obj (.text:LED_OFF)
                  0000cd78    00000014     Kentec320x240x16_ssd2119_spi.obj (.text:LED_ON)
                  0000cd8c    00000014     grlib_demo.obj (.text:OnSettingAcceleration)
                  0000cda0    00000014     grlib_demo.obj (.text:OnSettingCurrent)
                  0000cdb4    00000014     grlib_demo.obj (.text:OnSettingSpeed)
                  0000cdc8    00000014     driverlib.lib : pwm.obj (.text:PWMClockSet)
                  0000cddc    00000014                   : sysctl.obj (.text:SysCtlPWMClockSet)
                  0000cdf0    00000014     touch.obj (.text:TouchScreenCallbackSet)
                  0000ce04    00000014     driverlib.lib : uart.obj (.text:UARTEnable)
                  0000ce18    00000014     grlib.lib : widget.obj (.text:WidgetMutexGet)
                  0000ce2c    00000014     motorCode.obj (.text:getSpeed)
                  0000ce40    00000014     rtsv7M4_T_le_v4SPD16_eabi.lib : strlen.c.obj (.text:strlen)
                  0000ce54    00000014     empty_pem4f.oem4f (.text:ti_sysbios_family_arm_m3_Hwi_Object__get__S)
                  0000ce68    00000014     sysbios.aem4f : BIOS.obj (.text:ti_sysbios_family_arm_m3_Hwi_switchFromBootStack__E)
                  0000ce7c    00000014     empty_pem4f.oem4f (.text:ti_sysbios_heaps_HeapMem_Object__get__S)
                  0000ce90    00000014     sysbios.aem4f : BIOS.obj (.text:ti_sysbios_knl_Event_Instance_init__E)
                  0000cea4    00000014     empty_pem4f.oem4f (.text:ti_sysbios_knl_Swi_Object__get__S)
                  0000ceb8    00000014     motorCode.obj (.text:waitFxn)
                  0000cecc    00000012     driverlib.lib : gpio.obj (.text:GPIOPinTypeADC)
                  0000cede    00000012                   : gpio.obj (.text:GPIOPinTypeEthernetLED)
                  0000cef0    00000012                   : gpio.obj (.text:GPIOPinTypeGPIOInput)
                  0000cf02    00000012                   : gpio.obj (.text:GPIOPinTypeI2C)
                  0000cf14    00000012                   : gpio.obj (.text:GPIOPinTypeI2CSCL)
                  0000cf26    00000012                   : gpio.obj (.text:GPIOPinTypePWM)
                  0000cf38    00000012                   : gpio.obj (.text:GPIOPinTypeSSI)
                  0000cf4a    00000012                   : gpio.obj (.text:GPIOPinTypeTimer)
                  0000cf5c    00000012                   : gpio.obj (.text:GPIOPinTypeUART)
                  0000cf6e    00000012                   : gpio.obj (.text:GPIOPinTypeUSBAnalog)
                  0000cf80    00000012                   : gpio.obj (.text:GPIOPinTypeUSBDigital)
                  0000cf92    00000012                   : pwm.obj (.text:PWMGenPeriodGet)
                  0000cfa4    00000012                   : pwm.obj (.text:PWMOutputInvert)
                  0000cfb6    00000012                   : pwm.obj (.text:PWMOutputState)
                  0000cfc8    00000012     drivers_tivaware.aem4f : RingBuf.oem4f (.text:RingBuf_construct)
                  0000cfda    00000012     driverlib.lib : ssi.obj (.text:SSIDataGetNonBlocking)
                  0000cfec    00000012                   : timer.obj (.text:TimerLoadSet)
                  0000cffe    00000012                   : timer.obj (.text:TimerMatchSet)
                  0000d010    00000012                   : timer.obj (.text:TimerPrescaleMatchSet)
                  0000d022    00000012                   : timer.obj (.text:TimerPrescaleSet)
                  0000d034    00000004     --HOLE-- [fill = 0]
                  0000d038    00000012     sysbios.aem4f : BIOS.obj (.text:ti_sysbios_hal_Hwi_Module_startup__E)
                  0000d04a    00000012     rtsv7M4_T_le_v4SPD16_eabi.lib : wcslen.c.obj (.text:wcslen)
                  0000d05c    00000012     empty_pem4f.oem4f (.text:xdc_runtime_Startup_exec__I)
                  0000d06e    00000002     --HOLE-- [fill = 0]
                  0000d070    00000010     empty_pem4f.oem4f (.text:.bootCodeSection:ti_catalog_arm_cortexm4_tiva_ce_Boot_init__I)
                  0000d080    00000010     driverlib.lib : adc.obj (.text:ADCIntEnable)
                  0000d090    00000010                   : pwm.obj (.text:PWMGenPeriodSet)
                  0000d0a0    00000010     drivers_tivaware.aem4f : PWM.oem4f (.text:PWM_Params_init)
                  0000d0b0    00000010                            : UARTTiva.oem4f (.text:readBlockingTimeout)
                  0000d0c0    00000010     sysbios.aem4f : BIOS.obj (.text:ti_sysbios_BIOS_getCpuFreq__E)
                  0000d0d0    00000010                   : BIOS.obj (.text:ti_sysbios_BIOS_setThreadType__E)
                  0000d0e0    00000010                   : BIOS.obj (.text:ti_sysbios_BIOS_start__E)
                  0000d0f0    00000010                   : m3_TaskSupport_asm.obj (.text:ti_sysbios_family_arm_m3_TaskSupport_glue)
                  0000d100    00000010                   : BIOS.obj (.text:ti_sysbios_gates_GateMutex_Instance_finalize__E)
                  0000d110    00000010     empty_pem4f.oem4f (.text:ti_sysbios_hal_Hwi_HwiProxy_Object__create__S)
                  0000d120    00000010     sysbios.aem4f : BIOS.obj (.text:ti_sysbios_knl_Semaphore_Instance_finalize__E)
                  0000d130    00000010                   : BIOS.obj (.text:ti_sysbios_knl_Swi_disable__E)
                  0000d140    00000010     empty_pem4f.oem4f (.text:ti_sysbios_knl_Task_Object__get__S)
                  0000d150    00000010     sysbios.aem4f : BIOS.obj (.text:ti_sysbios_knl_Task_disable__E)
                  0000d160    00000010     ti.targets.arm.rtsarm.aem4f : Gate.oem4f (.text:xdc_runtime_Gate_leaveSystem__E)
                  0000d170    00000010                                 : Memory.oem4f (.text:xdc_runtime_Memory_free__E)
                  0000d180    00000010                                 : SysMin.oem4f (.text:xdc_runtime_SysMin_ready__E)
                  0000d190    00000010                                 : System.oem4f (.text:xdc_runtime_System_vsnprintf__E)
                  0000d1a0    00000010     empty_pem4f.oem4f (.text:xdc_runtime_Text_visitRope__I)
                  0000d1b0    0000000e     driverlib.lib : adc.obj (.text:ADCSequenceEnable)
                  0000d1be    0000000e                   : gpio.obj (.text:GPIOIntStatus)
                  0000d1cc    0000000e     grlib.lib : image.obj (.text:GrImageDraw)
                  0000d1da    0000000e     driverlib.lib : timer.obj (.text:TimerEnable)
                  0000d1e8    0000000e                   : uart.obj (.text:UARTCharGetNonBlocking)
                  0000d1f6    0000000e                   : uart.obj (.text:UARTCharPutNonBlocking)
                  0000d204    0000000e     rtsv7M4_T_le_v4SPD16_eabi.lib : copy_decompress_none.c.obj (.text:decompress:none:__TI_decompress_none)
                  0000d212    00000006     grlib.lib : string.obj (.text:GrContextFontSet)
                  0000d218    0000000e     sysbios.aem4f : BIOS.obj (.text:ti_sysbios_knl_Idle_loop__E)
                  0000d226    00000002     --HOLE-- [fill = 0]
                  0000d228    0000000e                   : BIOS.obj (.text:ti_sysbios_knl_Queue_empty__E)
                  0000d236    0000000c     driverlib.lib : gpio.obj (.text:GPIOIntEnable)
                  0000d242    0000000c                   : pwm.obj (.text:PWMGenDisable)
                  0000d24e    0000000c                   : pwm.obj (.text:PWMGenEnable)
                  0000d25a    0000000c     drivers_tivaware.aem4f : RingBuf.oem4f (.text:RingBuf_peek)
                  0000d266    0000000c     driverlib.lib : uart.obj (.text:UARTFlowControlSet)
                  0000d272    0000000c     drivers_tivaware.aem4f : UARTTiva.oem4f (.text:UARTTiva_init)
                  0000d27e    00000002     --HOLE-- [fill = 0]
                  0000d280    0000000c     rtsv7M4_T_le_v4SPD16_eabi.lib : _lock.c.obj (.text:_register_lock)
                  0000d28c    0000000c                                   : _lock.c.obj (.text:_register_unlock)
                  0000d298    0000000c                                   : copy_zero_init.c.obj (.text:decompress:ZI:__TI_zero_init)
                  0000d2a4    00000004     --HOLE-- [fill = 0]
                  0000d2a8    0000000c     sysbios.aem4f : BIOS.obj (.text:ti_sysbios_family_arm_lm4_Timer_getAvailMask__E)
                  0000d2b4    00000004     --HOLE-- [fill = 0]
                  0000d2b8    0000000c                   : BIOS.obj (.text:ti_sysbios_family_arm_lm4_Timer_getMaxTicks__E)
                  0000d2c4    0000000c     empty_pem4f.oem4f (.text:ti_sysbios_family_arm_m3_Hwi_Params__init__S)
                  0000d2d0    0000000c     sysbios.aem4f : BIOS.obj (.text:ti_sysbios_family_arm_m3_Hwi_disableFxn__E)
                  0000d2dc    00000004     --HOLE-- [fill = 0]
                  0000d2e0    0000000c                   : BIOS.obj (.text:ti_sysbios_family_arm_m3_TaskSupport_checkStack__E)
                  0000d2ec    0000000c     empty_pem4f.oem4f (.text:ti_sysbios_gates_GateHwi_Params__init__S)
                  0000d2f8    0000000c     sysbios.aem4f : BIOS.obj (.text:ti_sysbios_gates_GateHwi_enter__E)
                  0000d304    0000000c     empty_pem4f.oem4f (.text:ti_sysbios_hal_Hwi_Params__init__S)
                  0000d310    0000000c     empty_pem4f.oem4f (.text:ti_sysbios_knl_Clock_Params__init__S)
                  0000d31c    00000004     --HOLE-- [fill = 0]
                  0000d320    0000000c     sysbios.aem4f : BIOS.obj (.text:ti_sysbios_knl_Clock_getTicks__E)
                  0000d32c    0000000c     motorCode.obj (.text:ti_sysbios_knl_Event_handle)
                  0000d338    0000000c     empty_pem4f.oem4f (.text:ti_sysbios_knl_Queue_Object__get__S)
                  0000d344    0000000c     empty_pem4f.oem4f (.text:ti_sysbios_knl_Semaphore_Params__init__S)
                  0000d350    0000000c     motorCode.obj (.text:ti_sysbios_knl_Semaphore_handle)
                  0000d35c    0000000c     empty.obj (.text:updateGraphUI)
                  0000d368    0000000c     ti.targets.arm.rtsarm.aem4f : Error.oem4f (.text:xdc_runtime_Error_init__E)
                  0000d374    0000000c                                 : Gate.oem4f (.text:xdc_runtime_Gate_enterSystem__E)
                  0000d380    0000000c                                 : Memory.oem4f (.text:xdc_runtime_Memory_calloc__E)
                  0000d38c    0000000c                                 : Memory.oem4f (.text:xdc_runtime_Memory_getMaxDefaultTypeAlign__E)
                  0000d398    0000000a     driverlib.lib : adc.obj (.text:ADCIntClear)
                  0000d3a2    0000000a                   : i2c.obj (.text:I2CMasterDisable)
                  0000d3ac    0000000a                   : i2c.obj (.text:I2CMasterEnable)
                  0000d3b6    0000000a     drivers_tivaware.aem4f : I2CTiva.oem4f (.text:I2CTiva_init)
                  0000d3c0    0000000a     Kentec320x240x16_ssd2119_spi.obj (.text:Kentec320x240x16_SSD2119Flush)
                  0000d3ca    0000000a     drivers_tivaware.aem4f : PWMTimerTiva.oem4f (.text:PWMTimerTiva_getPeriodCounts)
                  0000d3d4    0000000a                            : PWM.oem4f (.text:PWM_setDuty)
                  0000d3de    0000000a     driverlib.lib : ssi.obj (.text:SSIDataPut)
                  0000d3e8    0000000a                   : ssi.obj (.text:SSIEnable)
                  0000d3f2    0000000a                   : uart.obj (.text:UARTCharGet)
                  0000d3fc    0000000a                   : uart.obj (.text:UARTCharPut)
                  0000d406    0000000a                   : uart.obj (.text:UARTIntDisable)
                  0000d410    0000000a                   : uart.obj (.text:UARTIntStatus)
                  0000d41a    0000000a     rtsv7M4_T_le_v4SPD16_eabi.lib : sprintf.c.obj (.text:_outc)
                  0000d424    00000004     --HOLE-- [fill = 0]
                  0000d428    0000000a     sysbios.aem4f : BIOS.obj (.text:ti_sysbios_hal_Hwi_Instance_finalize__E)
                  0000d432    0000000a     empty_pem4f.oem4f (.text:xdc_runtime_IHeap_alloc)
                  0000d43c    0000000a     empty_pem4f.oem4f (.text:xdc_runtime_IHeap_free)
                  0000d446    00000008     EK_TM4C1294XL.obj (.text:EK_TM4C1294XL_initGPIO)
                  0000d44e    00000008     grlib.lib : charmap.obj (.text:GrMapISO8859_1_Unicode)
                  0000d456    00000008     driverlib.lib : i2c.obj (.text:I2CMasterIntClear)
                  0000d45e    00000008                   : i2c.obj (.text:I2CMasterSlaveAddrSet)
                  0000d466    00000008     drivers_tivaware.aem4f : I2CTiva.oem4f (.text:I2CTiva_blockingCallback)
                  0000d46e    00000008                            : PWMTimerTiva.oem4f (.text:PWMTimerTiva_init)
                  0000d476    00000008     driverlib.lib : ssi.obj (.text:SSIBusy)
                  0000d47e    00000008                   : uart.obj (.text:UARTIntEnable)
                  0000d486    00000008                   : uart.obj (.text:UARTRxErrorGet)
                  0000d48e    00000002     --HOLE-- [fill = 0]
                  0000d490    00000008     rtsv7M4_T_le_v4SPD16_eabi.lib : errno.c.obj (.text:__aeabi_errno_addr)
                  0000d498    00000008     drivers_tivaware.aem4f : UARTTiva.oem4f (.text:readSemCallback)
                  0000d4a0    00000008     sysbios.aem4f : BIOS.obj (.text:ti_sysbios_family_arm_lm4_Timer_masterDisable__I)
                  0000d4a8    00000008                   : BIOS.obj (.text:ti_sysbios_family_arm_m3_Hwi_doSwiRestore__I)
                  0000d4b0    00000008                   : BIOS.obj (.text:ti_sysbios_family_arm_m3_Hwi_startup__E)
                  0000d4b8    00000008     drivers_tivaware.aem4f : UARTTiva.oem4f (.text:writeSemCallback)
                  0000d4c0    00000006     driverlib.lib : i2c.obj (.text:I2CMasterIntDisable)
                  0000d4c6    00000006                   : i2c.obj (.text:I2CMasterIntEnable)
                  0000d4cc    00000006     drivers_tivaware.aem4f : I2CTiva.oem4f (.text:I2CTiva_control)
                  0000d4d2    00000006                            : PWMTimerTiva.oem4f (.text:PWMTimerTiva_getPeriodMicroSecs)
                  0000d4d8    00000006     driverlib.lib : sysctl.obj (.text:SysCtlDelay)
                  0000d4de    00000006                   : uart.obj (.text:UARTFIFOLevelSet)
                  0000d4e4    00000006                   : uart.obj (.text:UARTRxErrorClear)
                  0000d4ea    00000006     grlib.lib : widget.obj (.text:WidgetMutexPut)
                  0000d4f0    00000006     sysbios.aem4f : BIOS.obj (.text:ti_sysbios_family_arm_m3_Hwi_doTaskRestore__I)
                  0000d4f6    00000002     --HOLE-- [fill = 0]
                  0000d4f8    00000006                   : BIOS.obj (.text:ti_sysbios_family_arm_m3_Hwi_restoreFxn__E)
                  0000d4fe    00000002     --HOLE-- [fill = 0]
                  0000d500    00000006                   : BIOS.obj (.text:ti_sysbios_gates_GateHwi_leave__E)
                  0000d506    00000002     --HOLE-- [fill = 0]
                  0000d508    00000006                   : BIOS.obj (.text:ti_sysbios_heaps_HeapMem_isBlocking__E)
                  0000d50e    00000002     --HOLE-- [fill = 0]
                  0000d510    00000006                   : BIOS.obj (.text:ti_sysbios_knl_Clock_stop__E)
                  0000d516    00000002     --HOLE-- [fill = 0]
                  0000d518    00000006                   : BIOS.obj (.text:ti_sysbios_knl_Queue_Instance_init__E)
                  0000d51e    00000002     --HOLE-- [fill = 0]
                  0000d520    00000006                   : BIOS.obj (.text:ti_sysbios_knl_Swi_startup__E)
                  0000d526    00000006     ti.targets.arm.rtsarm.aem4f : System.oem4f (.text:xdc_runtime_System_Module_startup__E)
                  0000d52c    00000004     --HOLE-- [fill = 0]
                  0000d530    00000004     sysbios.aem4f : BIOS.obj (.text:ti_sysbios_gates_GateHwi_query__E)
                  0000d534    00000004     --HOLE-- [fill = 0]
                  0000d538    00000004                   : BIOS.obj (.text:ti_sysbios_gates_GateMutex_query__E)
                  0000d53c    00000004     --HOLE-- [fill = 0]
                  0000d540    00000004                   : BIOS.obj (.text:ti_sysbios_knl_Task_startup__E)
                  0000d544    00000004     --HOLE-- [fill = 0]
                  0000d548    00000002                   : BIOS.obj (.text:ti_sysbios_gates_GateHwi_Instance_init__E)
                  0000d54a    00000006     --HOLE-- [fill = 0]
                  0000d550    00000002                   : BIOS.obj (.text:ti_sysbios_knl_Clock_logTick__E)

.const     0    0000d554    00003a0c     
                  0000d554    00001922     empty_pem4f.oem4f (.const:xdc_runtime_Text_charTab__A)
                  0000ee76    000007e5     grlib.lib : fontcmss18.obj (.const:.string:g_pui8Cmss18Data)
                  0000f65b    00000782               : fontcmss18b.obj (.const:.string:g_pui8Cmss18bData)
                  0000fddd    00000001     empty_pem4f.oem4f (.const:xdc_runtime_Error_policy__C)
                  0000fdde    00000002     empty_pem4f.oem4f (.const:ti_catalog_arm_cortexm4_tiva_ce_Boot_Module__id__C)
                  0000fde0    000001b0     driverlib.lib : sysctl.obj (.const:g_pppui32XTALtoVCO)
                  0000ff90    00000120     Boot.aem4f : Boot_sysctl.oem4f (.const:g_pppui32XTALtoVCO)
                  000100b0    00000101     rtsv7M4_T_le_v4SPD16_eabi.lib : ctype.c.obj (.const:.string:_ctypes_)
                  000101b1    00000001     --HOLE-- [fill = 0]
                  000101b2    00000002     empty_pem4f.oem4f (.const:ti_sysbios_family_arm_m3_Hwi_Module__id__C)
                  000101b4    000000c8     grlib.lib : fontcmss18.obj (.const:g_sFontCmss18)
                  0001027c    000000c8               : fontcmss18b.obj (.const:g_sFontCmss18b)
                  00010344    000000c0     empty_pem4f.oem4f (.const:xdc_runtime_Text_nodeTab__A)
                  00010404    0000009e     grlib_demo.obj (.const:.string)
                  000104a2    00000002     empty_pem4f.oem4f (.const:ti_sysbios_gates_GateMutex_Module__id__C)
                  000104a4    00000090     driverlib.lib : gpio.obj (.const:g_pui32GPIOBaseAddrs)
                  00010534    00000070                   : interrupt.obj (.const)
                  000105a4    0000006c     Boot.aem4f : Boot_sysctl.oem4f (.const:g_pui32Xtals)
                  00010610    0000006c     driverlib.lib : sysctl.obj (.const:g_pui32Xtals)
                  0001067c    00000060     MotorLib.lib : motorlib.obj (.const:PWM_config)
                  000106dc    00000058     empty_pem4f.oem4f (.const:.string)
                  00010734    00000054     drivers_tivaware.aem4f : GPIOTiva.oem4f (.const:.string)
                  00010788    00000054     MotorLib.lib : motorlib.obj (.const:motorLibPWMTivaHWAttrs)
                  000107dc    0000004c     drivers_tivaware.aem4f : UARTTiva.oem4f (.const)
                  00010828    00000048                            : GPIOTiva.oem4f (.const:gpioBaseAddresses)
                  00010870    00000030     Boot.aem4f : Boot_sysctl.oem4f (.const:g_sXTALtoMEMTIM)
                  000108a0    00000030     driverlib.lib : sysctl.obj (.const:g_sXTALtoMEMTIM)
                  000108d0    00000030     empty_pem4f.oem4f (.const:ti_sysbios_family_arm_m3_Hwi_Object__PARAMS__C)
                  00010900    0000002c     empty_pem4f.oem4f (.const:ti_sysbios_hal_Hwi_Object__PARAMS__C)
                  0001092c    00000028     drivers_tivaware.aem4f : UARTTiva.oem4f (.const:UARTTiva_fxnTable)
                  00010954    00000028     Kentec320x240x16_ssd2119_spi.obj (.const:g_sKentec320x240x16_SSD2119)
                  0001097c    00000028     empty_pem4f.oem4f (.const:ti_sysbios_heaps_HeapMem_Module__FXNS__C)
                  000109a4    00000024     EK_TM4C1294XL.obj (.const:I2C_config)
                  000109c8    00000024     drivers_tivaware.aem4f : UART.oem4f (.const:UART_defaultParams)
                  000109ec    00000024     empty_pem4f.oem4f (.const:ti_sysbios_gates_GateHwi_Module__FXNS__C)
                  00010a10    00000024     empty_pem4f.oem4f (.const:ti_sysbios_gates_GateMutex_Module__FXNS__C)
                  00010a34    00000024     empty_pem4f.oem4f (.const:ti_sysbios_heaps_HeapMem_Object__PARAMS__C)
                  00010a58    00000024     empty_pem4f.oem4f (.const:ti_sysbios_knl_Clock_Object__PARAMS__C)
                  00010a7c    00000024     empty_pem4f.oem4f (.const:ti_sysbios_knl_Semaphore_Object__PARAMS__C)
                  00010aa0    00000020     drivers_tivaware.aem4f : PWMTimerTiva.oem4f (.const)
                  00010ac0    00000020                            : PWMTiva.oem4f (.const)
                  00010ae0    00000020     empty_pem4f.oem4f (.const:ti_sysbios_family_arm_m3_Hwi_Object__DESC__C)
                  00010b00    00000020     empty_pem4f.oem4f (.const:ti_sysbios_gates_GateHwi_Object__DESC__C)
                  00010b20    00000020     empty_pem4f.oem4f (.const:ti_sysbios_gates_GateMutex_Object__DESC__C)
                  00010b40    00000020     empty_pem4f.oem4f (.const:ti_sysbios_hal_Hwi_Object__DESC__C)
                  00010b60    00000020     empty_pem4f.oem4f (.const:ti_sysbios_heaps_HeapMem_Object__DESC__C)
                  00010b80    00000020     empty_pem4f.oem4f (.const:ti_sysbios_knl_Clock_Object__DESC__C)
                  00010ba0    00000020     empty_pem4f.oem4f (.const:ti_sysbios_knl_Event_Object__DESC__C)
                  00010bc0    00000020     empty_pem4f.oem4f (.const:ti_sysbios_knl_Queue_Object__DESC__C)
                  00010be0    00000020     empty_pem4f.oem4f (.const:ti_sysbios_knl_Semaphore_Object__DESC__C)
                  00010c00    00000020     empty_pem4f.oem4f (.const:xdc_runtime_Startup_sfxnTab__A)
                  00010c20    0000001c     drivers_tivaware.aem4f : I2CTiva.oem4f (.const)
                  00010c3c    0000001c     touch.obj (.const:g_pi32TouchParameters)
                  00010c58    00000018     EK_TM4C1294XL.obj (.const:UART_config)
                  00010c70    00000018     EK_TM4C1294XL.obj (.const:i2cTivaHWAttrs)
                  00010c88    00000018     empty_pem4f.oem4f (.const:ti_sysbios_gates_GateHwi_Object__PARAMS__C)
                  00010ca0    00000018     empty_pem4f.oem4f (.const:ti_sysbios_gates_GateMutex_Object__PARAMS__C)
                  00010cb8    00000018     empty_pem4f.oem4f (.const:ti_sysbios_knl_Event_Object__PARAMS__C)
                  00010cd0    00000018     empty_pem4f.oem4f (.const:ti_sysbios_knl_Queue_Object__PARAMS__C)
                  00010ce8    00000018     EK_TM4C1294XL.obj (.const:uartTivaHWAttrs)
                  00010d00    00000014     EK_TM4C1294XL.obj (.const:GPIOTiva_config)
                  00010d14    00000014     empty_pem4f.oem4f (.const:xdc_runtime_Startup_firstFxns__A)
                  00010d28    00000010     grlib.lib : context.obj (.const)
                  00010d38    00000010     MotorLib.lib : motorlib.obj (.const:motorLibPWMTimerTivaHWAttrs)
                  00010d48    00000010     empty_pem4f.oem4f (.const:xdc_runtime_Startup_sfxnRts__A)
                  00010d58    0000000c     drivers_tivaware.aem4f : PWM.oem4f (.const)
                  00010d64    00000008     Boot.aem4f : Boot_sysctl.oem4f (.const)
                  00010d6c    00000008     driverlib.lib : sysctl.obj (.const)
                  00010d74    00000008     empty_pem4f.oem4f (.const:ti_sysbios_family_arm_m3_Hwi_excHookFuncs__A)
                  00010d7c    00000008     empty_pem4f.oem4f (.const:ti_sysbios_knl_Idle_funcList__C)
                  00010d84    00000008     empty_pem4f.oem4f (.const:xdc_runtime_Startup_firstFxns__C)
                  00010d8c    00000008     empty_pem4f.oem4f (.const:xdc_runtime_Startup_lastFxns__C)
                  00010d94    00000004     empty_pem4f.oem4f (.const:ti_catalog_arm_cortexm4_tiva_ce_Boot_A_mustNotUseEnhancedClockMode__C)
                  00010d98    00000004     empty_pem4f.oem4f (.const:ti_catalog_arm_cortexm4_tiva_ce_Boot_Module__diagsEnabled__C)
                  00010d9c    00000004     empty_pem4f.oem4f (.const:ti_catalog_arm_cortexm4_tiva_ce_Boot_Module__diagsIncluded__C)
                  00010da0    00000004     empty_pem4f.oem4f (.const:ti_catalog_arm_cortexm4_tiva_ce_Boot_Module__diagsMask__C)
                  00010da4    00000004     empty_pem4f.oem4f (.const:ti_sysbios_family_arm_lm4_Timer_enableFunc__C)
                  00010da8    00000004     empty_pem4f.oem4f (.const:ti_sysbios_family_arm_lm4_Timer_numTimerDevices__C)
                  00010dac    00000004     empty_pem4f.oem4f (.const:ti_sysbios_family_arm_lm4_Timer_startupNeeded__C)
                  00010db0    00000004     empty_pem4f.oem4f (.const:ti_sysbios_family_arm_m3_Hwi_E_NMI__C)
                  00010db4    00000004     empty_pem4f.oem4f (.const:ti_sysbios_family_arm_m3_Hwi_E_alreadyDefined__C)
                  00010db8    00000004     empty_pem4f.oem4f (.const:ti_sysbios_family_arm_m3_Hwi_E_busFault__C)
                  00010dbc    00000004     empty_pem4f.oem4f (.const:ti_sysbios_family_arm_m3_Hwi_E_debugMon__C)
                  00010dc0    00000004     empty_pem4f.oem4f (.const:ti_sysbios_family_arm_m3_Hwi_E_hardFault__C)
                  00010dc4    00000004     empty_pem4f.oem4f (.const:ti_sysbios_family_arm_m3_Hwi_E_memFault__C)
                  00010dc8    00000004     empty_pem4f.oem4f (.const:ti_sysbios_family_arm_m3_Hwi_E_noIsr__C)
                  00010dcc    00000004     empty_pem4f.oem4f (.const:ti_sysbios_family_arm_m3_Hwi_E_reserved__C)
                  00010dd0    00000004     empty_pem4f.oem4f (.const:ti_sysbios_family_arm_m3_Hwi_E_svCall__C)
                  00010dd4    00000004     empty_pem4f.oem4f (.const:ti_sysbios_family_arm_m3_Hwi_E_usageFault__C)
                  00010dd8    00000004     empty_pem4f.oem4f (.const:ti_sysbios_family_arm_m3_Hwi_NUM_INTERRUPTS__C)
                  00010ddc    00000004     empty_pem4f.oem4f (.const:ti_sysbios_family_arm_m3_Hwi_Object__count__C)
                  00010de0    00000004     empty_pem4f.oem4f (.const:ti_sysbios_family_arm_m3_Hwi_ccr__C)
                  00010de4    00000004     empty_pem4f.oem4f (.const:ti_sysbios_family_arm_m3_Hwi_excHandlerFunc__C)
                  00010de8    00000004     empty_pem4f.oem4f (.const:ti_sysbios_family_arm_m3_Hwi_excHookFuncs__C)
                  00010dec    00000004     empty_pem4f.oem4f (.const:ti_sysbios_family_arm_m3_Hwi_nullIsrFunc__C)
                  00010df0    00000004     empty_pem4f.oem4f (.const:ti_sysbios_family_arm_m3_Hwi_priGroup__C)
                  00010df4    00000004     empty_pem4f.oem4f (.const:ti_sysbios_gates_GateMutex_A_badContext__C)
                  00010df8    00000004     empty_pem4f.oem4f (.const:ti_sysbios_gates_GateMutex_Instance_State_sem__O)
                  00010dfc    00000004     empty_pem4f.oem4f (.const:ti_sysbios_gates_GateMutex_Module__diagsEnabled__C)
                  00010e00    00000004     empty_pem4f.oem4f (.const:ti_sysbios_gates_GateMutex_Module__diagsIncluded__C)
                  00010e04    00000004     empty_pem4f.oem4f (.const:ti_sysbios_gates_GateMutex_Module__diagsMask__C)
                  00010e08    00000004     empty_pem4f.oem4f (.const:ti_sysbios_hal_Hwi_E_stackOverflow__C)
                  00010e0c    00000004     empty_pem4f.oem4f (.const:ti_sysbios_heaps_HeapMem_A_align__C)
                  00010e10    00000004     empty_pem4f.oem4f (.const:ti_sysbios_heaps_HeapMem_A_heapSize__C)
                  00010e14    00000004     empty_pem4f.oem4f (.const:ti_sysbios_heaps_HeapMem_A_invalidFree__C)
                  00010e18    00000004     empty_pem4f.oem4f (.const:ti_sysbios_heaps_HeapMem_A_zeroBlock__C)
                  00010e1c    00000004     empty_pem4f.oem4f (.const:ti_sysbios_heaps_HeapMem_E_memory__C)
                  00010e20    00000004     empty_pem4f.oem4f (.const:ti_sysbios_heaps_HeapMem_Module__diagsEnabled__C)
                  00010e24    00000004     empty_pem4f.oem4f (.const:ti_sysbios_heaps_HeapMem_Module__diagsIncluded__C)
                  00010e28    00000004     empty_pem4f.oem4f (.const:ti_sysbios_heaps_HeapMem_Module__diagsMask__C)
                  00010e2c    00000004     empty_pem4f.oem4f (.const:ti_sysbios_heaps_HeapMem_Module__gateObj__C)
                  00010e30    00000004     empty_pem4f.oem4f (.const:ti_sysbios_heaps_HeapMem_Object__count__C)
                  00010e34    00000004     empty_pem4f.oem4f (.const:ti_sysbios_heaps_HeapMem_reqAlign__C)
                  00010e38    00000004     empty_pem4f.oem4f (.const:ti_sysbios_knl_Clock_A_badThreadType__C)
                  00010e3c    00000004     empty_pem4f.oem4f (.const:ti_sysbios_knl_Clock_Module_State_clockQ__O)
                  00010e40    00000004     empty_pem4f.oem4f (.const:ti_sysbios_knl_Clock_Module__diagsEnabled__C)
                  00010e44    00000004     empty_pem4f.oem4f (.const:ti_sysbios_knl_Clock_Module__diagsIncluded__C)
                  00010e48    00000004     empty_pem4f.oem4f (.const:ti_sysbios_knl_Clock_Module__diagsMask__C)
                  00010e4c    00000004     empty_pem4f.oem4f (.const:ti_sysbios_knl_Event_A_badContext__C)
                  00010e50    00000004     empty_pem4f.oem4f (.const:ti_sysbios_knl_Event_A_eventInUse__C)
                  00010e54    00000004     empty_pem4f.oem4f (.const:ti_sysbios_knl_Event_A_nullEventId__C)
                  00010e58    00000004     empty_pem4f.oem4f (.const:ti_sysbios_knl_Event_A_nullEventMasks__C)
                  00010e5c    00000004     empty_pem4f.oem4f (.const:ti_sysbios_knl_Event_A_pendTaskDisabled__C)
                  00010e60    00000004     empty_pem4f.oem4f (.const:ti_sysbios_knl_Event_Instance_State_pendQ__O)
                  00010e64    00000004     empty_pem4f.oem4f (.const:ti_sysbios_knl_Event_Module__diagsEnabled__C)
                  00010e68    00000004     empty_pem4f.oem4f (.const:ti_sysbios_knl_Event_Module__diagsIncluded__C)
                  00010e6c    00000004     empty_pem4f.oem4f (.const:ti_sysbios_knl_Event_Module__diagsMask__C)
                  00010e70    00000004     empty_pem4f.oem4f (.const:ti_sysbios_knl_Idle_funcList__A)
                  00010e74    00000004     empty_pem4f.oem4f (.const:ti_sysbios_knl_Semaphore_A_badContext__C)
                  00010e78    00000004     empty_pem4f.oem4f (.const:ti_sysbios_knl_Semaphore_A_noEvents__C)
                  00010e7c    00000004     empty_pem4f.oem4f (.const:ti_sysbios_knl_Semaphore_A_overflow__C)
                  00010e80    00000004     empty_pem4f.oem4f (.const:ti_sysbios_knl_Semaphore_A_pendTaskDisabled__C)
                  00010e84    00000004     empty_pem4f.oem4f (.const:ti_sysbios_knl_Semaphore_Instance_State_pendQ__O)
                  00010e88    00000004     empty_pem4f.oem4f (.const:ti_sysbios_knl_Semaphore_Module__diagsEnabled__C)
                  00010e8c    00000004     empty_pem4f.oem4f (.const:ti_sysbios_knl_Semaphore_Module__diagsIncluded__C)
                  00010e90    00000004     empty_pem4f.oem4f (.const:ti_sysbios_knl_Semaphore_Module__diagsMask__C)
                  00010e94    00000004     empty_pem4f.oem4f (.const:ti_sysbios_knl_Swi_Object__count__C)
                  00010e98    00000004     empty_pem4f.oem4f (.const:ti_sysbios_knl_Task_E_spOutOfBounds__C)
                  00010e9c    00000004     empty_pem4f.oem4f (.const:ti_sysbios_knl_Task_E_stackOverflow__C)
                  00010ea0    00000004     empty_pem4f.oem4f (.const:ti_sysbios_knl_Task_Module_State_inactiveQ__O)
                  00010ea4    00000004     empty_pem4f.oem4f (.const:ti_sysbios_knl_Task_Object__count__C)
                  00010ea8    00000004     empty_pem4f.oem4f (.const:ti_sysbios_knl_Task_allBlockedFunc__C)
                  00010eac    00000004     empty_pem4f.oem4f (.const:ti_sysbios_knl_Task_numConstructedTasks__C)
                  00010eb0    00000004     empty_pem4f.oem4f (.const:xdc_runtime_Assert_E_assertFailed__C)
                  00010eb4    00000004     empty_pem4f.oem4f (.const:xdc_runtime_Core_A_initializedParams__C)
                  00010eb8    00000004     empty_pem4f.oem4f (.const:xdc_runtime_Core_Module__diagsEnabled__C)
                  00010ebc    00000004     empty_pem4f.oem4f (.const:xdc_runtime_Core_Module__diagsIncluded__C)
                  00010ec0    00000004     empty_pem4f.oem4f (.const:xdc_runtime_Core_Module__diagsMask__C)
                  00010ec4    00000004     empty_pem4f.oem4f (.const:xdc_runtime_Error_E_generic__C)
                  00010ec8    00000004     empty_pem4f.oem4f (.const:xdc_runtime_Error_E_memory__C)
                  00010ecc    00000004     empty_pem4f.oem4f (.const:xdc_runtime_Error_Module__diagsEnabled__C)
                  00010ed0    00000004     empty_pem4f.oem4f (.const:xdc_runtime_Error_Module__diagsIncluded__C)
                  00010ed4    00000004     empty_pem4f.oem4f (.const:xdc_runtime_Error_Module__diagsMask__C)
                  00010ed8    00000004     empty_pem4f.oem4f (.const:xdc_runtime_Error_Module__loggerFxn8__C)
                  00010edc    00000004     empty_pem4f.oem4f (.const:xdc_runtime_Error_Module__loggerObj__C)
[...]
00010e68  ti_sysbios_knl_Event_Module__diagsIncluded__C                        
00010e6c  ti_sysbios_knl_Event_Module__diagsMask__C                            
00010e70  ti_sysbios_knl_Idle_funcList__A                                      
00010e74  ti_sysbios_knl_Semaphore_A_badContext__C                             
00010e78  ti_sysbios_knl_Semaphore_A_noEvents__C                               
00010e7c  ti_sysbios_knl_Semaphore_A_overflow__C                               
00010e80  ti_sysbios_knl_Semaphore_A_pendTaskDisabled__C                       
00010e84  ti_sysbios_knl_Semaphore_Instance_State_pendQ__O                     
00010e88  ti_sysbios_knl_Semaphore_Module__diagsEnabled__C                     
00010e8c  ti_sysbios_knl_Semaphore_Module__diagsIncluded__C                    
00010e90  ti_sysbios_knl_Semaphore_Module__diagsMask__C                        
00010e94  ti_sysbios_knl_Swi_Object__count__C                                  
00010e98  ti_sysbios_knl_Task_E_spOutOfBounds__C                               
00010e9c  ti_sysbios_knl_Task_E_stackOverflow__C                               
00010ea0  ti_sysbios_knl_Task_Module_State_inactiveQ__O                        
00010ea4  ti_sysbios_knl_Task_Object__count__C                                 
00010ea8  ti_sysbios_knl_Task_allBlockedFunc__C                                
00010eac  ti_sysbios_knl_Task_numConstructedTasks__C                           
00010eb0  xdc_runtime_Assert_E_assertFailed__C                                 
00010eb4  xdc_runtime_Core_A_initializedParams__C                              
00010eb8  xdc_runtime_Core_Module__diagsEnabled__C                             
00010ebc  xdc_runtime_Core_Module__diagsIncluded__C                            
00010ec0  xdc_runtime_Core_Module__diagsMask__C                                
00010ec4  xdc_runtime_Error_E_generic__C                                       
00010ec8  xdc_runtime_Error_E_memory__C                                        
00010ecc  xdc_runtime_Error_Module__diagsEnabled__C                            
00010ed0  xdc_runtime_Error_Module__diagsIncluded__C                           
00010ed4  xdc_runtime_Error_Module__diagsMask__C                               
00010ed8  xdc_runtime_Error_Module__loggerFxn8__C                              
00010edc  xdc_runtime_Error_Module__loggerObj__C                               
00010ee0  xdc_runtime_Error_policyFxn__C                                       
00010ee4  xdc_runtime_Error_raiseHook__C                                       
00010ee8  xdc_runtime_IGateProvider_Interface__BASE__C                         
00010eec  xdc_runtime_IHeap_Interface__BASE__C                                 
00010ef0  xdc_runtime_IModule_Interface__BASE__C                               
00010ef4  xdc_runtime_Log_L_error__C                                           
00010ef8  xdc_runtime_Memory_defaultHeapInstance__C                            
00010efc  xdc_runtime_Startup_execImpl__C                                      
00010f00  xdc_runtime_Startup_maxPasses__C                                     
00010f04  xdc_runtime_Startup_sfxnRts__C                                       
00010f08  xdc_runtime_Startup_sfxnTab__C                                       
00010f0c  xdc_runtime_SysMin_bufSize__C                                        
00010f10  xdc_runtime_SysMin_outputFunc__C                                     
00010f14  xdc_runtime_System_Module__gateObj__C                                
00010f18  xdc_runtime_System_abortFxn__C                                       
00010f1c  xdc_runtime_System_exitFxn__C                                        
00010f20  xdc_runtime_System_extendFxn__C                                      
00010f24  xdc_runtime_System_maxAtexitHandlers__C                              
00010f28  xdc_runtime_Text_charTab__C                                          
00010f2c  xdc_runtime_Text_nameEmpty__C                                        
00010f30  xdc_runtime_Text_nameStatic__C                                       
00010f34  xdc_runtime_Text_nameUnknown__C                                      
00010f38  xdc_runtime_Text_nodeTab__C                                          
00010f3c  xdc_runtime_Text_visitRopeFxn__C                                     
00010f40  ti_sysbios_hal_Hwi_Module__id__C                                     
00010f42  ti_sysbios_heaps_HeapMem_Module__id__C                               
00010f44  ti_sysbios_knl_Clock_Module__id__C                                   
00010f46  ti_sysbios_knl_Event_Module__id__C                                   
00010f48  ti_sysbios_knl_Semaphore_Module__id__C                               
00010f4a  ti_sysbios_knl_Task_Module__id__C                                    
00010f4c  xdc_runtime_Core_Module__id__C                                       
00010f4e  xdc_runtime_Error_Module__loggerDefined__C                           
00010f50  xdc_runtime_Error_maxDepth__C                                        
00010f52  xdc_runtime_Main_Module__id__C                                       
00010f54  xdc_runtime_Memory_Module__id__C                                     
00010f56  xdc_runtime_SysMin_flushAtExit__C                                    
00010f58  xdc_runtime_Text_charCnt__C                                          
00010f5a  xdc_runtime_Text_isLoaded__C                                         
00010f5c  xdc_runtime_Text_registryModsLastId__C                               
00010f5e  xdc_runtime_Text_unnamedModsLastId__C                                
00010f60  __TI_static_base__                                                   
00011330  __TI_Handler_Table_Base                                              
0001133c  __TI_Handler_Table_Limit                                             
00011350  __TI_CINIT_Base                                                      
00011368  __TI_CINIT_Limit                                                     
20000000  __start___llvm_prf_cnts                                              
20000000  __stop___llvm_prf_cnts                                               
20000000  ti_sysbios_family_arm_m3_Hwi_ramVectors                              
20000360  ti_sysbios_knl_Task_Instance_State_0_stack__A                        
20000b60  ti_sysbios_knl_Task_Instance_State_1_stack__A                        
20001360  ti_sysbios_knl_Task_Instance_State_2_stack__A                        
20001560  ti_sysbios_heaps_HeapMem_Instance_State_0_buf__A                     
20001960  xdc_runtime_SysMin_Module_State_0_outbuf__A                          
20001d60  ti_sysbios_family_arm_m3_Hwi_dispatchTable                           
20002200  __CIOBUF_                                                            
20002320  i2cTivaObjects                                                       
20002420  uartTivaObjects                                                      
2000257c  motorLibPWMObjects                                                   
200025b4  eb                                                                   
200025e4  sContext                                                             
20002610  clockUpdateGraph                                                     
20002694  maxTime                                                              
200026b4  minTime                                                              
200026d4  uartTivaRingBuffer                                                   
200026f4  semStruct                                                            
20002710  gHwiprms                                                             
20002728  motorLibPWMTimerObjects                                              
20002740  evtStruct                                                            
20002754  valueText                                                            
20002780  graphMax                                                             
20002788  graphMin                                                             
20002790  parmbuf                                                              
20002798  SysTicks                                                             
2000279c  acceleration                                                         
200027a0  acceleration_avg                                                     
200027a4  adc0                                                                 
200027a8  data_Graph                                                           
200027ac  delta_rpm                                                            
200027b0  delta_time                                                           
200027b4  error                                                                
200027b8  evtHandle                                                            
200027bc  g_accelerationLimit                                                  
200027c0  g_currentLimit                                                       
200027c4  g_drawingGraph                                                       
200027c8  g_motorSpeed                                                         
200027cc  g_numPlotOverflow                                                    
200027d0  g_numPlotPoints                                                      
200027d4  g_pi32ParmSet                                                        
200027dc  g_sCurrentPanel                                                      
200027e0  g_ui32SysClock                                                       
200027e4  gateHwi                                                              
200027ec  graphIntMax                                                          
200027f0  graphIntMin                                                          
200027f4  hA                                                                   
200027f8  hB                                                                   
200027fc  hC                                                                   
20002800  hallA                                                                
20002804  hallB                                                                
20002808  hallC                                                                
2000280c  output                                                               
20002810  previousPoint                                                        
20002814  rpm_avg                                                              
20002818  semHandle                                                            
2000281c  uart                                                                 
20002820  y_graph_step                                                         
20002824  g_i16TouchX                                                          
20002826  g_i16TouchY                                                          
20002828  motorRunning                                                         
20002829  motorStartedUI                                                       
2000282a  print_from_clock                                                     
2000282b  success                                                              
2000282c  updateGraph                                                          
20002830  ti_sysbios_knl_Task_Object__table__V                                 
20002914  ti_sysbios_knl_Swi_Module_State_0_readyQ__A                          
20002994  motor                                                                
20002998  prevMotor                                                            
2000299c  prevSysTick                                                          
200029a0  deltaPos                                                             
200029a4  clock_time_mins                                                      
200029a8  clock_time_secs                                                      
200029ac  rpm_actual                                                           
200029b0  acceleration_sum                                                     
200029b4  rpm_prev                                                             
200029b8  integral_error                                                       
200029bc  rpm_desired                                                          
200029c0  rpm_int                                                              
200029c4  jump                                                                 
200029c8  Kp                                                                   
200029cc  Ki                                                                   
200029d0  clock_count                                                          
200029d4  rpm_sum                                                              
200029d8  min_per_sysTick                                                      
200029dc  rotation                                                             
200029e0  rpm_sum_c                                                            
200029e4  dummy                                                                
200029e8  g_sGraphAcceleration                                                 
20002a38  g_sGraphBack                                                         
20002a88  g_sGraphExit                                                         
20002ad8  g_sGraphLight                                                        
20002b28  g_sGraphOption                                                       
20002b78  g_sGraphPower                                                        
20002bc8  g_sGraphSpeed                                                        
20002c18  g_sGraphTitle                                                        
20002c68  g_sMotorOption                                                       
20002cb8  g_sSetOption                                                         
20002d08  g_sSettingAcceleration                                               
20002d58  g_sSettingBack                                                       
20002da8  g_sSettingCurrent                                                    
20002df8  g_sSettingDecrease                                                   
20002e48  g_sSettingExit                                                       
20002e98  g_sSettingIncrease                                                   
20002ee8  g_sSettingSpeed                                                      
20002f38  g_sSettingTitle                                                      
20002f88  g_sSettingValue                                                      
20002fd8  ti_sysbios_knl_Task_Module__state__V                                 
2000301c  g_sGraph                                                             
2000305c  g_sGraphPage                                                         
2000309c  g_sGraphsMainPage                                                    
200030dc  g_sMainPage                                                          
2000311c  g_sSettingPage                                                       
2000315c  g_sSettingsMainPage                                                  
2000319c  ti_sysbios_family_arm_lm4_Timer_Module_State_0_device__A             
200031dc  ti_sysbios_family_arm_lm4_Timer_Object__table__V                     
2000321c  ti_sysbios_gates_GateMutex_Object__table__V                          
20003254  ti_sysbios_family_arm_m3_Hwi_Module__state__V                        
20003288  ti_sysbios_family_arm_m3_Hwi_Object__table__V                        
200032b8  ti_sysbios_knl_Swi_Object__table__V                                  
200032e8  g_sRoot                                                              
20003316  ti_sysbios_family_arm_m3_Hwi_Module_State_0_excActive__A             
20003318  ti_sysbios_knl_Clock_Module__state__V                                
20003344  ti_sysbios_BIOS_Module__state__V                                     
20003368  gpioPinConfigs                                                       
20003388  ti_sysbios_family_arm_lm4_Timer_Module_State_0_handles__A            
200033a8  ti_sysbios_knl_Task_Module_State_0_readyQ__A                         
200033c8  ti_sysbios_knl_Swi_Module__state__V                                  
200033fc  ti_sysbios_heaps_HeapMem_Object__table__V                            
20003414  x_graph_step                                                         
20003418  x_graph_start                                                        
2000341c  y_graph_start                                                        
20003420  y_graph_max                                                          
20003424  y_graph_end                                                          
20003428  ti_sysbios_family_arm_lm4_Timer_Module__state__V                     
20003434  xdc_runtime_SysMin_Module__state__V                                  
20003440  _lock                                                                
20003444  _unlock                                                              
20003448  gpioCallbackFunctions                                                
20003450  ti_sysbios_family_arm_m3_Hwi_Module__root__V                         
20003458  ti_sysbios_gates_GateHwi_Module__root__V                             
20003460  ti_sysbios_gates_GateMutex_Module__root__V                           
20003468  ti_sysbios_hal_Hwi_Module__root__V                                   
20003470  ti_sysbios_heaps_HeapMem_Module__root__V                             
20003478  ti_sysbios_knl_Clock_Module__root__V                                 
20003480  ti_sysbios_knl_Event_Module__root__V                                 
20003488  ti_sysbios_knl_Queue_Module__root__V                                 
20003490  ti_sysbios_knl_Semaphore_Module__root__V                             
20003498  xdc_runtime_Registry_Module__state__V                                
200034a0  xdc_runtime_Startup_Module__state__V                                 
200034a8  xdc_runtime_System_Module_State_0_atexitHandlers__A                  
200034b0  xdc_runtime_System_Module__state__V                                  
200034be  xdc_runtime_Error_Module__state__V                                   
200034cc  errno                                                                
200034d0  main_func_sp                                                         
200034d4  ti_sysbios_family_arm_m3_Hwi_Module_State_0_excContext__A            
200034d8  ti_sysbios_family_arm_m3_Hwi_Module_State_0_excStack__A              
200034dc  ti_sysbios_gates_GateHwi_Object__table__V                            
200034e0  ti_sysbios_knl_Task_Module_State_0_idleTask__A                       
200034e4  g_i16TouchMin                                                        
200034e8  xdc_runtime_Memory_Module__state__V                                  
200034f0  __stack                                                              
200037f0  __STACK_END                                                          
e000e000  ti_sysbios_family_arm_m3_Hwi_nvic                                    
ffffffff  __TI_pprof_out_hndl                                                  
ffffffff  __TI_prof_data_size                                                  
ffffffff  __TI_prof_data_start                                                 
ffffffff  __binit__                                                            
ffffffff  __c_args__                                                           
ffffffff  binit                                                                
UNDEFED   SHT$$INIT_ARRAY$$Base                                                
UNDEFED   SHT$$INIT_ARRAY$$Limit                                               

[941 symbols]
