******************************************************************************
                  TI ARM Linker PC v20.2.4                     
******************************************************************************
>> Linked Sun May 30 21:31:02 2021

OUTPUT FILE NAME:   <empty_EK_TM4C1294XL_TI.out>
ENTRY POINT SYMBOL: "_c_int00"  address: 0000a305


MEMORY CONFIGURATION

         name            origin    length      used     unused   attr    fill
----------------------  --------  ---------  --------  --------  ----  --------
  FLASH                 00000000   00100000  000112aa  000eed56  R  X
  SRAM                  20000000   00040000  0000381c  0003c7e4  RW X


SEGMENT ALLOCATION MAP

run origin  load origin   length   init length attrs members
----------  ----------- ---------- ----------- ----- -------
00000000    00000000    000112b0   000112b0    r-x
  00000000    00000000    0000003c   0000003c    r-- .resetVecs
  00000040    00000040    0000d45a   0000d45a    r-x .text
  0000d49c    0000d49c    000039fc   000039fc    r-- .const
  00010e98    00010e98    00000418   00000418    r-- .cinit
20000000    20000000    00003820   00000000    rw-
  20000000    20000000    00000360   00000000    rw- .vecs
  20000360    20000360    000024f0   00000000    rw- .bss
  20002850    20002850    00000ccc   00000000    rw- .data
  20003520    20003520    00000300   00000000    rw- .stack


SECTION ALLOCATION MAP

 output                                  attributes/
section   page    origin      length       input sections
--------  ----  ----------  ----------   ----------------
.text      0    00000040    0000d45a     
                  00000040    00000a4e     rtsv7M4_T_le_v4SPD16_eabi.lib : _printfi.c.obj (.text:__TI_printfi)
                  00000a8e    00000002                                   : _lock.c.obj (.text:_nop)
                  00000a90    000006ac     MotorLib.lib : motorlib.obj (.text)
                  0000113c    00000004     driverlib.lib : i2c.obj (.text:I2CMasterControl)
                  00001140    00000430     sysbios.aem4f : BIOS.obj (.text:ti_sysbios_family_arm_m3_Hwi_excDumpRegs__I)
                  00001570    00000390     grlib_demo.obj (.text:drawGraphPoint)
                  00001900    00000374     grlib.lib : image.obj (.text:InternalImageDraw)
                  00001c74    0000034c     ti.targets.arm.rtsarm.aem4f : System.oem4f (.text:xdc_runtime_System_doPrint__I)
                  00001fc0    000002f8     grlib.lib : image.obj (.text:PixelTransparentDraw)
                  000022b8    000002d0     sysbios.aem4f : BIOS.obj (.text:ti_sysbios_knl_Semaphore_pend__E)
                  00002588    00000270     rtsv7M4_T_le_v4SPD16_eabi.lib : _printfi.c.obj (.text:_pconv_a)
                  000027f8    0000026c     sysbios.aem4f : BIOS.obj (.text:ti_sysbios_heaps_HeapMem_free__E)
                  00002a64    00000268     touch.obj (.text:TouchScreenDebouncer)
                  00002ccc    00000254     grlib.lib : string.obj (.text:GrFontGlyphRender)
                  00002f20    00000250     sysbios.aem4f : BIOS.obj (.text:ti_sysbios_heaps_HeapMem_alloc__E)
                  00003170    0000020c     drivers_tivaware.aem4f : UARTTiva.oem4f (.text:UARTTiva_open)
                  0000337c    00000204     Boot.aem4f : Boot_sysctl.oem4f (.text:ti_catalog_arm_cortexm4_tiva_ce_Boot_sysCtlClockFreqSetI__I)
                  00003580    00000200     driverlib.lib : sysctl.obj (.text:SysCtlClockFreqSet)
                  00003780    000001f4     sysbios.aem4f : BIOS.obj (.text:ti_sysbios_family_arm_m3_Hwi_excHandlerMax__I)
                  00003974    000001e4     Kentec320x240x16_ssd2119_spi.obj (.text:Kentec320x240x16_SSD2119Init)
                  00003b58    000001dc     Kentec320x240x16_ssd2119_spi.obj (.text:Kentec320x240x16_SSD2119PixelDrawMultiple)
                  00003d34    000001d4     grlib_demo.obj (.text:OnGraphsPage)
                  00003f08    000001d0     rtsv7M4_T_le_v4SPD16_eabi.lib : _printfi.c.obj (.text:_pconv_g)
                  000040d8    000001b6                                   : fd_add_t2.asm.obj (.text)
                  0000428e    00000002                                   : div0.asm.obj (.text)
                  00004290    000001a4     pinout.obj (.text:PinoutSet)
                  00004434    00000190     grlib.lib : canvas.obj (.text:CanvasPaint)
                  000045c4    0000017e               : pushbutton.obj (.text:RectangularButtonPaint)
                  00004742    00000002     empty_pem4f.oem4f (.text:ti_sysbios_BIOS_nullFunc__I)
                  00004744    00000178     touch.obj (.text:TouchScreenIntHandler)
                  000048bc    00000178     motorCode.obj (.text:initMotor)
                  00004a34    00000004     driverlib.lib : i2c.obj (.text:I2CMasterDataGet)
                  00004a38    00000174     sysbios.aem4f : BIOS.obj (.text:ti_sysbios_family_arm_m3_Hwi_excBusFault__I)
                  00004bac    00000170     drivers_tivaware.aem4f : PWMTiva.oem4f (.text:PWMTiva_open)
                  00004d1c    00000170     motorCode.obj (.text:initHallABC)
                  00004e8c    00000004     driverlib.lib : i2c.obj (.text:I2CMasterDataPut)
                  00004e90    00000164     sysbios.aem4f : BIOS.obj (.text:ti_sysbios_family_arm_m3_Hwi_excUsageFault__I)
                  00004ff4    00000158     grlib_demo.obj (.text:initWidgets)
                  0000514c    00000150     drivers_tivaware.aem4f : GPIOTiva.oem4f (.text:GPIO_setConfig)
                  0000529c    00000004     driverlib.lib : uart.obj (.text:UARTIntClear)
                  000052a0    00000148     sysbios.aem4f : BIOS.obj (.text:ti_sysbios_family_arm_m3_Hwi_excMemFault__I)
                  000053e8    0000013c     rtsv7M4_T_le_v4SPD16_eabi.lib : _printfi.c.obj (.text:_pconv_e)
                  00005524    00000004     grlib.lib : widget.obj (.text:WidgetDefaultMsgProc)
                  00005528    0000013c     sysbios.aem4f : BIOS.obj (.text:ti_sysbios_heaps_HeapMem_Instance_init__E)
                  00005664    00000136     rtsv7M4_T_le_v4SPD16_eabi.lib : fd_div_t2.asm.obj (.text)
                  0000579a    00000132     driverlib.lib : gpio.obj (.text:GPIOPadConfigSet)
                  000058cc    0000012c     motorCode.obj (.text:motorFxn)
                  000059f8    00000124     rtsv7M4_T_le_v4SPD16_eabi.lib : _printfi.c.obj (.text:fcvt)
                  00005b1c    00000004                                   : exit.c.obj (.text:abort:abort)
                  00005b20    00000120     sysbios.aem4f : BIOS.obj (.text:ti_sysbios_family_arm_lm4_Timer_start__E)
                  00005c40    0000011c     grlib_demo.obj (.text:OnSettingsPage)
                  00005d5c    00000004     empty_pem4f.oem4f (.text:ti_sysbios_BIOS_RtsGateProxy_enter__E)
                  00005d60    0000011c     sysbios.aem4f : BIOS.obj (.text:ti_sysbios_knl_Clock_Instance_init__E)
                  00005e7c    00000118     ti.targets.arm.rtsarm.aem4f : Error.oem4f (.text:xdc_runtime_Error_policyDefault__E)
                  00005f94    00000114     drivers_tivaware.aem4f : PWMTimerTiva.oem4f (.text:PWMTimerTiva_open)
                  000060a8    00000110     rtsv7M4_T_le_v4SPD16_eabi.lib : s_scalbn.c.obj (.text:scalbn)
                  000061b8    0000010c     Kentec320x240x16_ssd2119_spi.obj (.text:Kentec320x240x16_SSD2119RectFill)
                  000062c4    0000010c     touch.obj (.text:TouchScreenInit)
                  000063d0    00000106     grlib.lib : line.obj (.text:GrLineDraw)
                  000064d6    00000002     empty_pem4f.oem4f (.text:xdc_runtime_Startup_reset__I)
                  000064d8    00000104     motorCode.obj (.text:filterFxn)
                  000065dc    00000004     empty_pem4f.oem4f (.text:ti_sysbios_BIOS_RtsGateProxy_leave__E)
                  000065e0    00000104     sysbios.aem4f : BIOS.obj (.text:ti_sysbios_knl_Event_post__E)
                  000066e4    00000100     ti.targets.arm.rtsarm.aem4f : Core-mem.oem4f (.text:xdc_runtime_Core_createObject__I)
                  000067e4    000000fc     rtsv7M4_T_le_v4SPD16_eabi.lib : fd_mul_t2.asm.obj (.text)
                  000068e0    000000f8     ti.targets.arm.rtsarm.aem4f : Startup.oem4f (.text:xdc_runtime_Startup_startMods__I)
                  000069d8    000000f8     empty_pem4f.oem4f (.text:xdc_runtime_System_printfExtend__I)
                  00006ad0    000000f4     sysbios.aem4f : m3_Hwi_asm.obj (.text:ti_sysbios_family_arm_m3_Hwi_dispatch__I)
                  00006bc4    000000f2     grlib.lib : pushbutton.obj (.text:RectangularButtonClick)
                  00006cb6    000000f0     drivers_tivaware.aem4f : PWMTiva.oem4f (.text:PWMTiva_setDuty)
                  00006da6    00000002     --HOLE-- [fill = 0]
                  00006da8    000000f0     empty.obj (.text:main)
                  00006e98    000000ec     sysbios.aem4f : BIOS.obj (.text:ti_sysbios_knl_Semaphore_post__E)
                  00006f84    000000e8     grlib.lib : widget.obj (.text:WidgetMessageQueueAdd)
                  0000706c    000000e4     motorCode.obj (.text:ADCTriggerFxn)
                  00007150    000000e0     drivers_tivaware.aem4f : I2CTiva.oem4f (.text:I2CTiva_open)
                  00007230    000000d6                            : I2CTiva.oem4f (.text:I2CTiva_hwiFxn)
                  00007306    00000002     --HOLE-- [fill = 0]
                  00007308    000000d0     motorCode.obj (.text:HallFxn)
                  000073d8    000000cc     ti.targets.arm.rtsarm.aem4f : Core-smem.oem4f (.text:xdc_runtime_Core_constructObject__I)
                  000074a4    000000c0     grlib.lib : string.obj (.text:GrDefaultStringRenderer)
                  00007564    00000004     sysbios.aem4f : BIOS.obj (.text:ti_sysbios_family_arm_lm4_Timer_masterEnable__I)
                  00007568    000000bc                   : BIOS.obj (.text:ti_sysbios_family_arm_m3_Hwi_excDebugMon__I)
                  00007624    00000004     empty_pem4f.oem4f (.text:ti_sysbios_family_arm_m3_Hwi_destruct)
                  00007628    000000bc     sysbios.aem4f : BIOS.obj (.text:ti_sysbios_family_arm_m3_Hwi_excHardFault__I)
                  000076e4    000000b8     EK_TM4C1294XL.obj (.text:EK_TM4C1294XL_initGeneral)
                  0000779c    000000b8     grlib.lib : line.obj (.text:GrLineClip)
                  00007854    000000b8     Kentec320x240x16_ssd2119_spi.obj (.text:InitSPILCDInterface)
                  0000790c    000000b8     drivers_tivaware.aem4f : PWMTimerTiva.oem4f (.text:PWMTimerTiva_setDuty)
                  000079c4    000000b4     grlib_demo.obj (.text:OnDecrease)
                  00007a78    000000b4     grlib.lib : widget.obj (.text:WidgetMessageSendPostOrder)
                  00007b2c    00000004     empty_pem4f.oem4f (.text:ti_sysbios_family_arm_m3_TaskSupport_Module__startupDone__S)
                  00007b30    000000b4     sysbios.aem4f : BIOS.obj (.text:ti_sysbios_gates_GateMutex_enter__E)
                  00007be4    00000004     empty_pem4f.oem4f (.text:ti_sysbios_hal_Hwi_HwiProxy_delete)
                  00007be8    000000b4     sysbios.aem4f : BIOS.obj (.text:ti_sysbios_knl_Task_checkStacks__E)
                  00007c9c    000000b1     rtsv7M4_T_le_v4SPD16_eabi.lib : _printfi.c.obj (.text:_ltostr)
                  00007d4d    00000003     --HOLE-- [fill = 0]
                  00007d50    000000b0     grlib_demo.obj (.text:OnIncrease)
                  00007e00    000000ac     drivers_tivaware.aem4f : UARTTiva.oem4f (.text:readTaskBlocking)
                  00007eac    00000004     empty_pem4f.oem4f (.text:ti_sysbios_heaps_HeapMem_Module_GateProxy_enter__E)
                  00007eb0    000000ac     sysbios.aem4f : BIOS.obj (.text:ti_sysbios_family_arm_lm4_Timer_enableTiva__I)
                  00007f5c    00000004     empty_pem4f.oem4f (.text:ti_sysbios_heaps_HeapMem_Module_GateProxy_leave__E)
                  00007f60    000000a8     sysbios.aem4f : BIOS.obj (.text:ti_sysbios_family_arm_lm4_Timer_enableTimers__I)
                  00008008    000000a4                   : BIOS.obj (.text:ti_sysbios_knl_Clock_Instance_finalize__E)
                  000080ac    000000a0     auto_init.aem4f : auto_init.oem4f (.text)
                  0000814c    000000a0     ti.targets.arm.rtsarm.aem4f : Text.oem4f (.text:xdc_runtime_Text_putMod__E)
                  000081ec    0000009c     grlib_demo.obj (.text:OnStartMotor)
                  00008288    0000009c     motorCode.obj (.text:PIControlFxn)
                  00008324    0000009c     rtsv7M4_T_le_v4SPD16_eabi.lib : memcpy_t2.asm.obj (.text)
                  000083c0    0000009c     sysbios.aem4f : BIOS.obj (.text:ti_sysbios_knl_Semaphore_Instance_init__E)
                  0000845c    0000009a     ti.targets.arm.rtsarm.aem4f : Text.oem4f (.text:xdc_runtime_Text_putSite__E)
                  000084f6    00000098     drivers_tivaware.aem4f : UARTTiva.oem4f (.text:UARTTiva_readPolling)
                  0000858e    00000002     --HOLE-- [fill = 0]
                  00008590    00000098     Boot.aem4f : Boot.oem4f (.text:ti_catalog_arm_cortexm4_tiva_ce_Boot_sysCtlClockFreqSet__E)
                  00008628    00000096     rtsv7M4_T_le_v4SPD16_eabi.lib : ull_div_t2.asm.obj (.text)
                  000086be    00000094     drivers_tivaware.aem4f : UARTTiva.oem4f (.text:UARTTiva_write)
                  00008752    00000006     driverlib.lib : gpio.obj (.text:GPIOIntClear)
                  00008758    00000094     sysbios.aem4f : BIOS.obj (.text:ti_sysbios_family_arm_m3_Hwi_Instance_init__E)
                  000087ec    00000004     empty_pem4f.oem4f (.text:ti_sysbios_knl_Clock_TimerProxy_getMaxTicks__E)
                  000087f0    00000094     sysbios.aem4f : BIOS.obj (.text:ti_sysbios_family_arm_m3_Hwi_initNVIC__E)
                  00008884    00000004     empty_pem4f.oem4f (.text:ti_sysbios_knl_Clock_destruct)
                  00008888    00000094     sysbios.aem4f : BIOS.obj (.text:ti_sysbios_knl_Task_postInit__I)
                  0000891c    00000090     motorCode.obj (.text:accelLimitFxn)
                  000089ac    0000008c     drivers_tivaware.aem4f : GPIOTiva.oem4f (.text:GPIO_init)
                  00008a38    0000008c                            : UARTTiva.oem4f (.text:UARTTiva_control)
                  00008ac4    0000008c     sysbios.aem4f : m3_TaskSupport_asm.obj (.text:ti_sysbios_family_arm_m3_TaskSupport_buildTaskStack)
                  00008b50    0000008a     drivers_tivaware.aem4f : UARTTiva.oem4f (.text:readIsrTextBlocking)
                  00008bda    00000002     --HOLE-- [fill = 0]
                  00008bdc    00000088                            : PWMTiva.oem4f (.text:PWMTiva_control)
                  00008c64    00000088     grlib_demo.obj (.text:initUI)
                  00008cec    00000086     grlib.lib : rectangle.obj (.text:GrRectFill)
                  00008d72    00000086     rtsv7M4_T_le_v4SPD16_eabi.lib : fd_cmp_t2.asm.obj (.text:__aeabi_cdcmple)
                  00008df8    00000086                                   : fd_cmp_t2.asm.obj (.text:__aeabi_cdrcmple)
                  00008e7e    00000002     --HOLE-- [fill = 0]
                  00008e80    00000084     sysbios.aem4f : BIOS.obj (.text:ti_sysbios_family_arm_m3_Hwi_postInit__I)
                  00008f04    00000082     drivers_tivaware.aem4f : UARTTiva.oem4f (.text:readIsrTextCallback)
                  00008f86    0000007e                            : I2CTiva.oem4f (.text:I2CTiva_transfer)
                  00009004    0000007a     driverlib.lib : adc.obj (.text:ADCSequenceStepConfigure)
                  0000907e    0000007a     drivers_tivaware.aem4f : UARTTiva.oem4f (.text:readTaskCallback)
                  000090f8    0000007a     rtsv7M4_T_le_v4SPD16_eabi.lib : memset_t2.asm.obj (.text)
                  00009172    00000006     driverlib.lib : gpio.obj (.text:GPIOPinRead)
                  00009178    00000074     sysbios.aem4f : BIOS.obj (.text:ti_sysbios_knl_Clock_start__E)
                  000091ec    00000004     empty_pem4f.oem4f (.text:ti_sysbios_knl_Queue_destruct)
                  000091f0    00000070     sysbios.aem4f : BIOS.obj (.text:ti_sysbios_knl_Clock_workFunc__E)
                  00009260    00000070                   : BIOS.obj (.text:ti_sysbios_knl_Task_exit__E)
                  000092d0    0000006e     rtsv7M4_T_le_v4SPD16_eabi.lib : _printfi.c.obj (.text:_mcpy)
                  0000933e    00000002     --HOLE-- [fill = 0]
                  00009340    0000006d     ti.targets.arm.rtsarm.aem4f : System.oem4f (.text:xdc_runtime_System_formatNum__I)
                  000093ad    00000003     --HOLE-- [fill = 0]
                  000093b0    0000006c     drivers_tivaware.aem4f : PWMTimerTiva.oem4f (.text:PWMTimerTiva_control)
                  0000941c    0000006c     empty_pem4f.oem4f (.text:ti_sysbios_family_arm_m3_Hwi_Object__create__S)
                  00009488    0000006c     sysbios.aem4f : BIOS.obj (.text:ti_sysbios_knl_Swi_restoreHwi__E)
                  000094f4    0000006c     drivers_tivaware.aem4f : UARTTiva.oem4f (.text:writeData)
                  00009560    0000006c     ti.targets.arm.rtsarm.aem4f : Error.oem4f (.text:xdc_runtime_Error_print__E)
                  000095cc    0000006c                                 : Memory.oem4f (.text:xdc_runtime_Memory_alloc__E)
                  00009638    0000006a     drivers_tivaware.aem4f : PWMTiva.oem4f (.text:PWMTiva_close)
                  000096a2    00000002     --HOLE-- [fill = 0]
                  000096a4    00000068     EK_TM4C1294XL.obj (.text:EK_TM4C1294XL_initI2C)
                  0000970c    00000068     grlib.lib : context.obj (.text:GrContextInit)
                  00009774    00000068               : string.obj (.text:GrStringWidthGet)
                  000097dc    00000068     driverlib.lib : interrupt.obj (.text:IntEnable)
                  00009844    00000068     Kentec320x240x16_ssd2119_spi.obj (.text:Kentec320x240x16_SSD2119LineDrawH)
                  000098ac    00000068     Kentec320x240x16_ssd2119_spi.obj (.text:Kentec320x240x16_SSD2119LineDrawV)
                  00009914    00000068     rtsv7M4_T_le_v4SPD16_eabi.lib : copy_decompress_lzss.c.obj (.text:decompress:lzss:__TI_decompress_lzss)
                  0000997c    00000066     grlib.lib : context.obj (.text:GrContextClipRegionSet)
                  000099e2    00000066               : rectangle.obj (.text:GrRectDraw)
                  00009a48    00000066     ti.targets.arm.rtsarm.aem4f : Core-mem.oem4f (.text:xdc_runtime_Core_deleteObject__I)
                  00009aae    00000002     --HOLE-- [fill = 0]
                  00009ab0    00000064     drivers_tivaware.aem4f : GPIOTiva.oem4f (.text:GPIO_hwiIntFxn)
                  00009b14    00000064     grlib_demo.obj (.text:OnGraphsMain)
                  00009b78    00000064     grlib.lib : widget.obj (.text:WidgetMessageQueueProcess)
                  00009bdc    00000064     rtsv7M4_T_le_v4SPD16_eabi.lib : s_frexp.c.obj (.text:frexp)
                  00009c40    00000064     sysbios.aem4f : BIOS.obj (.text:ti_sysbios_family_arm_lm4_Timer_Module_startup__E)
                  00009ca4    00000064     empty_pem4f.oem4f (.text:ti_sysbios_family_arm_m3_Hwi_create)
                  00009d08    00000064     sysbios.aem4f : BIOS.obj (.text:ti_sysbios_family_arm_m3_Hwi_dispatchC__I)
                  00009d6c    00000064     empty_pem4f.oem4f (.text:ti_sysbios_hal_Hwi_create)
                  00009dd0    00000062     drivers_tivaware.aem4f : I2CTiva.oem4f (.text:I2CTiva_primeTransfer)
                  00009e32    00000002     --HOLE-- [fill = 0]
                  00009e34    00000060     driverlib.lib : timer.obj (.text:TimerConfigure)
                  00009e94    00000060     Kentec320x240x16_ssd2119_spi.obj (.text:WriteDataSPI)
                  00009ef4    00000060     motorCode.obj (.text:statesFxn)
                  00009f54    00000004     empty_pem4f.oem4f (.text:ti_sysbios_knl_Semaphore_destruct)
                  00009f58    00000060     sysbios.aem4f : BIOS.obj (.text:ti_sysbios_knl_Task_schedule__I)
                  00009fb8    0000005e     grlib.lib : widget.obj (.text:WidgetMessageSendPreOrder)
                  0000a016    0000005e     drivers_tivaware.aem4f : UARTTiva.oem4f (.text:readIsrBinaryBlocking)
                  0000a074    0000005c     Kentec320x240x16_ssd2119_spi.obj (.text:WriteCommandSPI)
                  0000a0d0    0000005c     sysbios.aem4f : BIOS.obj (.text:ti_sysbios_knl_Swi_run__I)
                  0000a12c    00000004     ti.targets.arm.rtsarm.aem4f : Error.oem4f (.text:xdc_runtime_Error_getSite__E)
                  0000a130    0000005c     sysbios.aem4f : BIOS.obj (.text:ti_sysbios_knl_Swi_schedule__I)
                  0000a18c    00000004     empty_pem4f.oem4f (.text:xdc_runtime_System_Module_GateProxy_enter__E)
                  0000a190    0000005c     sysbios.aem4f : BIOS.obj (.text:ti_sysbios_knl_Task_Module_startup__E)
                  0000a1ec    00000004     empty_pem4f.oem4f (.text:xdc_runtime_System_Module_GateProxy_leave__E)
                  0000a1f0    0000005c     sysbios.aem4f : BIOS.obj (.text:ti_sysbios_knl_Task_startCore__E)
                  0000a24c    0000005b     ti.targets.arm.rtsarm.aem4f : Text.oem4f (.text:xdc_runtime_Text_putLab__E)
                  0000a2a7    00000001     --HOLE-- [fill = 0]
                  0000a2a8    0000005a     grlib.lib : string.obj (.text:FontWideGlyphDataGet)
                  0000a302    00000002     --HOLE-- [fill = 0]
                  0000a304    00000058     boot.aem4f : boot.oem4f (.text)
                  0000a35c    00000058     rtsv7M4_T_le_v4SPD16_eabi.lib : hostwrite.c.obj (.text:HOSTwrite)
                  0000a3b4    00000058     driverlib.lib : timer.obj (.text:TimerControlTrigger)
                  0000a40c    00000058     empty_pem4f.oem4f (.text:ti_sysbios_family_arm_m3_Hwi_construct)
                  0000a464    00000058     sysbios.aem4f : m3_Hwi_asm_switch.obj (.text:ti_sysbios_family_arm_m3_Hwi_initStacks__E)
                  0000a4bc    00000056     driverlib.lib : gpio.obj (.text:GPIOIntTypeSet)
                  0000a512    00000056     rtsv7M4_T_le_v4SPD16_eabi.lib : _printfi.c.obj (.text:_pconv_f)
                  0000a568    00000054                                   : _ltoa.c.obj (.text:__TI_ltoa)
                  0000a5bc    00000054     drivers_tivaware.aem4f : UARTTiva.oem4f (.text:readIsrBinaryCallback)
                  0000a610    00000054     ti.targets.arm.rtsarm.aem4f : Assert.oem4f (.text:xdc_runtime_Assert_raise__I)
                  0000a664    00000052     rtsv7M4_T_le_v4SPD16_eabi.lib : _printfi.c.obj (.text:_ecpy)
                  0000a6b6    00000002     --HOLE-- [fill = 0]
                  0000a6b8    00000050     motorCode.obj (.text:ADC0_Init)
                  0000a708    00000050     motorCode.obj (.text:ADC1_Init)
                  0000a758    00000050     driverlib.lib : adc.obj (.text:ADCSequenceConfigure)
                  0000a7a8    00000050     drivers_tivaware.aem4f : GPIOTiva.oem4f (.text:GPIO_setCallback)
                  0000a7f8    00000050                            : GPIOTiva.oem4f (.text:GPIO_write)
                  0000a848    00000050                            : UARTTiva.oem4f (.text:UARTTiva_writeCancel)
                  0000a898    00000050     Boot.aem4f : Boot_sysctl.oem4f (.text:_SysCtlFrequencyGet)
                  0000a8e8    00000050     sysbios.aem4f : BIOS.obj (.text:ti_sysbios_family_arm_m3_Hwi_Module_startup__E)
                  0000a938    00000050     ti.targets.arm.rtsarm.aem4f : Startup.oem4f (.text:xdc_runtime_Startup_exec__E)
                  0000a988    00000050                                 : Text.oem4f (.text:xdc_runtime_Text_visitRope2__I)
                  0000a9d8    0000004c     driverlib.lib : i2c.obj (.text:I2CMasterInitExpClk)
                  0000aa24    0000004c     drivers_tivaware.aem4f : UARTTiva.oem4f (.text:UARTTiva_close)
                  0000aa70    0000004c     grlib.lib : widget.obj (.text:WidgetRemove)
                  0000aabc    0000004c     rtsv7M4_T_le_v4SPD16_eabi.lib : atoi.c.obj (.text:atoi)
                  0000ab08    0000004c                                   : cpy_tbl.c.obj (.text:copy_in)
                  0000ab54    0000004c     grlib_demo.obj (.text:drawSettingValue)
                  0000aba0    0000004c     motorCode.obj (.text:initUART)
                  0000abec    00000004     ti.targets.arm.rtsarm.aem4f : System.oem4f (.text:xdc_runtime_System_aprintf_va__F)
                  0000abf0    0000004c     sysbios.aem4f : BIOS.obj (.text:ti_sysbios_family_arm_lm4_Timer_setAvailMask__E)
                  0000ac3c    00000004     ti.targets.arm.rtsarm.aem4f : System.oem4f (.text:xdc_runtime_System_printf_va__F)
                  0000ac40    0000004c     sysbios.aem4f : BIOS.obj (.text:ti_sysbios_heaps_HeapMem_getStats__E)
                  0000ac8c    00000004     --HOLE-- [fill = 0]
                  0000ac90    0000004c                   : BIOS.obj (.text:ti_sysbios_knl_Swi_runLoop__I)
                  0000acdc    00000004     --HOLE-- [fill = 0]
                  0000ace0    0000004c                   : BIOS.obj (.text:ti_sysbios_knl_Task_allBlockedFunction__I)
                  0000ad2c    0000004a     drivers_tivaware.aem4f : PWMTimerTiva.oem4f (.text:PWMTimerTiva_close)
                  0000ad76    0000004a     grlib.lib : string.obj (.text:UpdateContextCharMapping)
                  0000adc0    00000048     driverlib.lib : gpio.obj (.text:GPIOPinConfigure)
                  0000ae08    00000048                   : sysctl.obj (.text:_SysCtlFrequencyGet)
                  0000ae50    00000048     rtsv7M4_T_le_v4SPD16_eabi.lib : fd_toi_t2.asm.obj (.text)
                  0000ae98    00000048     sysbios.aem4f : BIOS.obj (.text:ti_sysbios_family_arm_m3_Hwi_disableInterrupt__E)
                  0000aee0    00000048                   : BIOS.obj (.text:ti_sysbios_family_arm_m3_Hwi_enableInterrupt__E)
                  0000af28    00000048                   : BIOS.obj (.text:ti_sysbios_family_arm_m3_Hwi_excReserved__I)
                  0000af70    00000046     grlib.lib : line.obj (.text:GrLineDrawH)
                  0000afb6    00000046               : line.obj (.text:GrLineDrawV)
                  0000affc    00000046     Kentec320x240x16_ssd2119_spi.obj (.text:Kentec320x240x16_SSD2119PixelDraw)
                  0000b042    00000046     drivers_tivaware.aem4f : RingBuf.oem4f (.text:RingBuf_put)
                  0000b088    00000046     driverlib.lib : uart.obj (.text:UARTConfigSetExpClk)
                  0000b0ce    00000046     ti.targets.arm.rtsarm.aem4f : Core-params.oem4f (.text:xdc_runtime_Core_assignParams__I)
                  0000b114    00000004     --HOLE-- [fill = 0]
                  0000b118    00000044     sysbios.aem4f : BIOS.obj (.text:ti_sysbios_family_arm_lm4_Timer_isrStub__E)
                  0000b15c    00000004     --HOLE-- [fill = 0]
                  0000b160    00000044                   : BIOS.obj (.text:ti_sysbios_family_arm_m3_Hwi_getStackInfo__E)
                  0000b1a4    00000004     --HOLE-- [fill = 0]
                  0000b1a8    00000044                   : BIOS.obj (.text:ti_sysbios_knl_Swi_post__E)
                  0000b1ec    00000044     ti.targets.arm.rtsarm.aem4f : Error.oem4f (.text:xdc_runtime_Error_setX__E)
                  0000b230    00000044                                 : SysMin.oem4f (.text:xdc_runtime_SysMin_flush__E)
                  0000b274    00000044                                 : Text.oem4f (.text:xdc_runtime_Text_xprintf__I)
                  0000b2b8    00000042     drivers_tivaware.aem4f : UARTTiva.oem4f (.text:UARTTiva_hwiIntFxn)
                  0000b2fa    00000042                            : UARTTiva.oem4f (.text:UARTTiva_writePolling)
                  0000b33c    00000040     grlib_demo.obj (.text:OnMainMenu)
                  0000b37c    00000040     grlib_demo.obj (.text:OnSettingsMain)
                  0000b3bc    00000040     drivers_tivaware.aem4f : RingBuf.oem4f (.text:RingBuf_get)
                  0000b3fc    00000040                            : UARTTiva.oem4f (.text:UARTTiva_read)
                  0000b43c    00000040     rtsv7M4_T_le_v4SPD16_eabi.lib : u_divt2.asm.obj (.text)
                  0000b47c    00000040                                   : sprintf.c.obj (.text:sprintf)
                  0000b4bc    00000004     --HOLE-- [fill = 0]
                  0000b4c0    00000040     sysbios.aem4f : BIOS.obj (.text:ti_sysbios_family_arm_lm4_Timer_startup__E)
                  0000b500    0000003e     rtsv7M4_T_le_v4SPD16_eabi.lib : _printfi.c.obj (.text:_fcpy)
                  0000b53e    0000003c     driverlib.lib : ssi.obj (.text:SSIConfigSetExpClk)
                  0000b57a    00000006                   : gpio.obj (.text:GPIOPinWrite)
                  0000b580    0000003c     sysbios.aem4f : BIOS.obj (.text:ti_sysbios_family_arm_m3_Hwi_excSvCall__I)
                  0000b5bc    00000004     --HOLE-- [fill = 0]
                  0000b5c0    0000003c                   : BIOS.obj (.text:ti_sysbios_heaps_HeapMem_init__I)
                  0000b5fc    00000004     --HOLE-- [fill = 0]
                  0000b600    0000003c                   : BIOS.obj (.text:ti_sysbios_knl_Swi_restore__E)
                  0000b63c    0000003a     grlib.lib : string.obj (.text:FontGlyphDataGet)
                  0000b676    0000003a     drivers_tivaware.aem4f : I2CTiva.oem4f (.text:I2CTiva_completeTransfer)
                  0000b6b0    00000038     motorCode.obj (.text:ADCFxn)
                  0000b6e8    00000038     drivers_tivaware.aem4f : I2C.oem4f (.text:I2C_init)
                  0000b720    00000038                            : PWM.oem4f (.text:PWM_init)
                  0000b758    00000038     driverlib.lib : sysctl.obj (.text:SysCtlPeripheralReady)
                  0000b790    00000038     drivers_tivaware.aem4f : UART.oem4f (.text:UART_init)
                  0000b7c8    00000038     rtsv7M4_T_le_v4SPD16_eabi.lib : trgmsg.c.obj (.text:__TI_writemsg)
                  0000b800    00000038                                   : fs_tod_t2.asm.obj (.text)
                  0000b838    00000038     motorCode.obj (.text:startMotor)
                  0000b870    00000038     sysbios.aem4f : BIOS.obj (.text:ti_sysbios_family_arm_m3_Hwi_excNoIsr__I)
                  0000b8a8    00000038     empty_pem4f.oem4f (.text:ti_sysbios_knl_Clock_create)
                  0000b8e0    00000038     sysbios.aem4f : BIOS.obj (.text:ti_sysbios_knl_Task_processVitalTaskFlag__I)
                  0000b918    00000038     ti.targets.arm.rtsarm.aem4f : SysMin.oem4f (.text:xdc_runtime_SysMin_putch__E)
                  0000b950    00000038                                 : System.oem4f (.text:xdc_runtime_System_atexit__E)
                  0000b988    00000036     grlib.lib : line.obj (.text:GrClipCodeGet)
                  0000b9be    00000036     drivers_tivaware.aem4f : I2CTiva.oem4f (.text:I2CTiva_close)
                  0000b9f4    00000036                            : UARTTiva.oem4f (.text:UARTTiva_readCancel)
                  0000ba2a    00000002     --HOLE-- [fill = 0]
                  0000ba2c    00000034     driverlib.lib : sysctl.obj (.text:SysCtlPeripheralEnable)
                  0000ba60    00000034     rtsv7M4_T_le_v4SPD16_eabi.lib : trgmsg.c.obj (.text:__TI_readmsg)
                  0000ba94    00000004     --HOLE-- [fill = 0]
                  0000ba98    00000034     sysbios.aem4f : BIOS.obj (.text:ti_sysbios_family_arm_m3_Hwi_Instance_finalize__E)
                  0000bacc    00000004     --HOLE-- [fill = 0]
                  0000bad0    00000034                   : BIOS.obj (.text:ti_sysbios_family_arm_m3_Hwi_excNmi__I)
                  0000bb04    00000004     --HOLE-- [fill = 0]
                  0000bb08    00000034                   : BIOS.obj (.text:ti_sysbios_hal_Hwi_checkStack)
                  0000bb3c    00000034     empty_pem4f.oem4f (.text:ti_sysbios_knl_Clock_construct)
                  0000bb70    00000034     ti.targets.arm.rtsarm.aem4f : Core-label.oem4f (.text:xdc_runtime_Core_assignLabel__I)
                  0000bba4    00000033                                 : Text.oem4f (.text:xdc_runtime_Text_printVisFxn__I)
                  0000bbd7    00000001     --HOLE-- [fill = 0]
                  0000bbd8    00000032     sysbios.aem4f : BIOS.obj (.text:ti_sysbios_hal_Hwi_initStack)
                  0000bc0a    00000002     --HOLE-- [fill = 0]
                  0000bc0c    00000030     drivers_tivaware.aem4f : GPIOTiva.oem4f (.text:GPIO_enableInt)
                  0000bc3c    00000030                            : GPIOTiva.oem4f (.text:GPIO_read)
                  0000bc6c    00000030     grlib_demo.obj (.text:OnGraphAcceleration)
                  0000bc9c    00000030     drivers_tivaware.aem4f : PWMTiva.oem4f (.text:PWMTiva_init)
                  0000bccc    00000030                            : PWM.oem4f (.text:PWM_open)
                  0000bcfc    00000030                            : UART.oem4f (.text:UART_open)
                  0000bd2c    00000030     motorCode.obj (.text:readABC)
                  0000bd5c    00000030     empty_pem4f.oem4f (.text:ti_sysbios_BIOS_atExitFunc__I)
                  0000bd8c    00000004     --HOLE-- [fill = 0]
                  0000bd90    00000030     sysbios.aem4f : BIOS.obj (.text:ti_sysbios_family_arm_lm4_Timer_stop__E)
                  0000bdc0    00000030                   : BIOS.obj (.text:ti_sysbios_family_arm_m3_TaskSupport_start__E)
                  0000bdf0    00000030     empty_pem4f.oem4f (.text:ti_sysbios_gates_GateHwi_Object__create__S)
                  0000be20    00000030     empty_pem4f.oem4f (.text:ti_sysbios_gates_GateHwi_create)
                  0000be50    00000030     empty_pem4f.oem4f (.text:ti_sysbios_gates_GateMutex_Object__create__S)
                  0000be80    00000030     empty_pem4f.oem4f (.text:ti_sysbios_heaps_HeapMem_Object__create__S)
                  0000beb0    00000030     empty_pem4f.oem4f (.text:ti_sysbios_knl_Semaphore_construct)
                  0000bee0    00000030     sysbios.aem4f : BIOS.obj (.text:ti_sysbios_knl_Semaphore_pendTimeout__I)
                  0000bf10    00000030                   : BIOS.obj (.text:ti_sysbios_knl_Task_unblockI__E)
                  0000bf40    00000030     ti.targets.arm.rtsarm.aem4f : SysMin.oem4f (.text:xdc_runtime_SysMin_abort__E)
                  0000bf70    00000030                                 : System.oem4f (.text:xdc_runtime_System_processAtExit__E)
                  0000bfa0    0000002e     grlib.lib : string.obj (.text:GrStringNextCharGet)
                  0000bfce    0000002e     rtsv7M4_T_le_v4SPD16_eabi.lib : i_tofd_t2.asm.obj (.text)
                  0000bffc    0000002c     EK_TM4C1294XL.obj (.text:EK_TM4C1294XL_initUART)
                  0000c028    0000002c     grlib.lib : string.obj (.text:GrFontBaselineGet)
                  0000c054    0000002c               : string.obj (.text:GrFontHeightGet)
                  0000c080    0000002c               : pushbutton.obj (.text:RectangularButtonMsgProc)
                  0000c0ac    0000002c               : widget.obj (.text:WidgetIsInTree)
                  0000c0d8    0000002c     empty_pem4f.oem4f (.text:ti_sysbios_knl_Clock_doTick__I)
                  0000c104    0000002c     empty_pem4f.oem4f (.text:ti_sysbios_knl_Event_construct)
                  0000c130    0000002c     empty_pem4f.oem4f (.text:ti_sysbios_knl_Queue_construct)
                  0000c15c    00000004     --HOLE-- [fill = 0]
                  0000c160    0000002c     sysbios.aem4f : BIOS.obj (.text:ti_sysbios_knl_Task_restore__E)
                  0000c18c    0000002c     ti.targets.arm.rtsarm.aem4f : Text.oem4f (.text:xdc_runtime_Text_cordText__E)
                  0000c1b8    0000002a     driverlib.lib : gpio.obj (.text:GPIODirModeSet)
                  0000c1e2    0000002a     ti.targets.arm.rtsarm.aem4f : System.oem4f (.text:xdc_runtime_System_putchar__I)
                  0000c20c    00000028     Kentec320x240x16_ssd2119_spi.obj (.text:Kentec320x240x16_SSD2119ColorTranslate)
                  0000c234    00000028     grlib_demo.obj (.text:OnGraphSpeed)
                  0000c25c    00000004     --HOLE-- [fill = 0]
                  0000c260    00000028     sysbios.aem4f : BIOS.obj (.text:ti_sysbios_hal_Hwi_Instance_init__E)
                  0000c288    00000028                   : BIOS.obj (.text:ti_sysbios_knl_Swi_Module_startup__E)
                  0000c2b0    00000026     grlib.lib : string.obj (.text:GrFontInfoGet)
                  0000c2d6    00000026     sysbios.aem4f : m3_Hwi_asm.obj (.text:ti_sysbios_family_arm_m3_Hwi_pendSV__I)
                  0000c2fc    00000026     ti.targets.arm.rtsarm.aem4f : System.oem4f (.text:xdc_runtime_System_avprintf__E)
                  0000c322    00000002     --HOLE-- [fill = 0]
                  0000c324    00000024     grlib_demo.obj (.text:OnGraphLight)
                  0000c348    00000024     grlib_demo.obj (.text:OnGraphPower)
                  0000c36c    00000024     empty_pem4f.oem4f (.text:ti_sysbios_BIOS_errorRaiseHook__I)
                  0000c390    00000024     empty_pem4f.oem4f (.text:ti_sysbios_BIOS_registerRTSLock__I)
                  0000c3b4    00000024     empty_pem4f.oem4f (.text:ti_sysbios_BIOS_removeRTSLock__I)
                  0000c3d8    00000024     empty_pem4f.oem4f (.text:ti_sysbios_BIOS_startFunc__I)
                  0000c3fc    00000024     empty_pem4f.oem4f (.text:ti_sysbios_gates_GateMutex_Object__delete__S)
                  0000c420    00000024     sysbios.aem4f : BIOS.obj (.text:ti_sysbios_knl_Clock_Module_startup__E)
                  0000c444    00000004     --HOLE-- [fill = 0]
                  0000c448    00000024                   : BIOS.obj (.text:ti_sysbios_knl_Task_restoreHwi__E)
                  0000c46c    00000024     ti.targets.arm.rtsarm.aem4f : System.oem4f (.text:xdc_runtime_System_vprintf__E)
                  0000c490    00000022     grlib.lib : string.obj (.text:GrFontGlyphDataGet)
                  0000c4b2    00000022     driverlib.lib : pwm.obj (.text:PWMGenConfigure)
                  0000c4d4    00000022     drivers_tivaware.aem4f : PWMTiva.oem4f (.text:PWMTiva_getPeriodCounts)
                  0000c4f6    00000002     --HOLE-- [fill = 0]
                  0000c4f8    00000022     sysbios.aem4f : BIOS.obj (.text:ti_sysbios_family_arm_lm4_Timer_write__I)
                  0000c51a    00000022     empty_pem4f.oem4f (.text:xdc_runtime_SysMin_output__I)
                  0000c53c    00000020     drivers_tivaware.aem4f : GPIOTiva.oem4f (.text:GPIO_clearInt)
                  0000c55c    00000020     driverlib.lib : uart.obj (.text:UARTDisable)
                  0000c57c    00000020     Boot.aem4f : Boot_sysctl.oem4f (.text:_SysCtlMemTimingGet)
                  0000c59c    00000020     driverlib.lib : sysctl.obj (.text:_SysCtlMemTimingGet)
                  0000c5bc    00000020     motorCode.obj (.text:setSpeed)
                  0000c5dc    00000020     empty_pem4f.oem4f (.text:ti_sysbios_BIOS_rtsLock__I)
                  0000c5fc    00000020     empty_pem4f.oem4f (.text:ti_sysbios_family_arm_m3_Hwi_Object__delete__S)
                  0000c61c    00000020     sysbios.aem4f : m3_Hwi_asm.obj (.text:ti_sysbios_family_arm_m3_Hwi_excHandlerAsm__I)
                  0000c63c    00000004     --HOLE-- [fill = 0]
                  0000c640    00000020                   : BIOS.obj (.text:ti_sysbios_family_arm_m3_Hwi_excHandler__I)
                  0000c660    00000020     empty_pem4f.oem4f (.text:ti_sysbios_gates_GateHwi_Object__delete__S)
                  0000c680    00000020     empty_pem4f.oem4f (.text:ti_sysbios_heaps_HeapMem_Object__delete__S)
                  0000c6a0    00000020     empty_pem4f.oem4f (.text:ti_sysbios_knl_Clock_Object__destruct__S)
                  0000c6c0    00000020     sysbios.aem4f : BIOS.obj (.text:ti_sysbios_knl_Idle_run__E)
                  0000c6e0    00000020     empty_pem4f.oem4f (.text:ti_sysbios_knl_Semaphore_Object__destruct__S)
                  0000c700    00000020     ti.targets.arm.rtsarm.aem4f : Registry.oem4f (.text:xdc_runtime_Registry_findById__E)
                  0000c720    00000020                                 : SysMin.oem4f (.text:xdc_runtime_SysMin_Module_startup__E)
                  0000c740    0000001e     driverlib.lib : adc.obj (.text:ADCSequenceDataGet)
                  0000c75e    0000001e     grlib.lib : string.obj (.text:GrFontCodepageGet)
                  0000c77c    0000001e     driverlib.lib : pwm.obj (.text:PWMPulseWidthSet)
                  0000c79a    0000001e     drivers_tivaware.aem4f : PWMTiva.oem4f (.text:PWMTiva_getPeriodMicroSecs)
                  0000c7b8    0000001e     grlib.lib : widget.obj (.text:WidgetAdd)
                  0000c7d6    0000001e     sysbios.aem4f : m3_Hwi_asm_switch.obj (.text:ti_sysbios_family_xxx_Hwi_switchAndRunFunc)
                  0000c7f4    0000001c     grlib.lib : widget.obj (.text:WidgetPointerMessage)
                  0000c810    0000001c     drivers_tivaware.aem4f : GPIOTiva.oem4f (.text:getGpioIntIndex)
                  0000c82c    0000001c     rtsv7M4_T_le_v4SPD16_eabi.lib : memccpy.c.obj (.text:memccpy)
                  0000c848    0000001c     empty_pem4f.oem4f (.text:ti_sysbios_family_arm_m3_Hwi_Object__destruct__S)
                  0000c864    00000004     --HOLE-- [fill = 0]
                  0000c868    0000001c     sysbios.aem4f : BIOS.obj (.text:ti_sysbios_gates_GateMutex_Instance_init__E)
                  0000c884    0000001c     empty_pem4f.oem4f (.text:ti_sysbios_hal_Hwi_HwiProxy_create)
                  0000c8a0    0000001c     empty_pem4f.oem4f (.text:ti_sysbios_knl_Queue_Object__destruct__S)
                  0000c8bc    00000004     --HOLE-- [fill = 0]
                  0000c8c0    0000001c     sysbios.aem4f : BIOS.obj (.text:ti_sysbios_knl_Queue_put__E)
                  0000c8dc    00000004     --HOLE-- [fill = 0]
                  0000c8e0    0000001c                   : BIOS.obj (.text:ti_sysbios_knl_Task_enter__I)
                  0000c8fc    0000001c     ti.targets.arm.rtsarm.aem4f : Error.oem4f (.text:xdc_runtime_Error_raiseX__E)
                  0000c918    0000001c                                 : Memory.oem4f (.text:xdc_runtime_Memory_valloc__E)
                  0000c934    0000001c                                 : SysMin.oem4f (.text:xdc_runtime_SysMin_exit__E)
                  0000c950    0000001c                                 : System.oem4f (.text:xdc_runtime_System_abort__E)
                  0000c96c    0000001a     rtsv7M4_T_le_v4SPD16_eabi.lib : s_copysign.c.obj (.text:copysign)
                  0000c986    0000001a     empty_pem4f.oem4f (.text:ti_sysbios_family_arm_m3_Hwi_Handle__label__S)
                  0000c9a0    0000001a     empty_pem4f.oem4f (.text:ti_sysbios_gates_GateHwi_Handle__label__S)
                  0000c9ba    0000001a     empty_pem4f.oem4f (.text:ti_sysbios_gates_GateMutex_Handle__label__S)
                  0000c9d4    0000001a     empty_pem4f.oem4f (.text:ti_sysbios_heaps_HeapMem_Handle__label__S)
                  0000c9ee    0000001a     empty_pem4f.oem4f (.text:ti_sysbios_knl_Swi_Handle__label__S)
                  0000ca08    0000001a     empty_pem4f.oem4f (.text:ti_sysbios_knl_Task_Handle__label__S)
                  0000ca22    0000001a     empty_pem4f.oem4f (.text:xdc_runtime_System_aprintf__E)
                  0000ca3c    0000001a     empty_pem4f.oem4f (.text:xdc_runtime_System_printf__E)
                  0000ca56    00000018     driverlib.lib : adc.obj (.text:ADCProcessorTrigger)
                  0000ca6e    00000018                   : gpio.obj (.text:GPIOPinTypeGPIOOutput)
                  0000ca86    00000018                   : timer.obj (.text:TimerControlLevel)
                  0000ca9e    00000002     --HOLE-- [fill = 0]
                  0000caa0    00000018                   : timer.obj (.text:TimerDisable)
                  0000cab8    00000018     drivers_tivaware.aem4f : UART.oem4f (.text:UART_Params_init)
                  0000cad0    00000018     rtsv7M4_T_le_v4SPD16_eabi.lib : args_main.c.obj (.text:_args_main)
                  0000cae8    00000018                                   : sprintf.c.obj (.text:_outs)
                  0000cb00    00000018     empty.obj (.text:heartBeatFxn)
                  0000cb18    00000018     empty_pem4f.oem4f (.text:ti_sysbios_BIOS_rtsUnlock__I)
                  0000cb30    00000018     empty_pem4f.oem4f (.text:ti_sysbios_family_arm_lm4_Timer_Module__startupDone__F)
                  0000cb48    00000018     empty_pem4f.oem4f (.text:ti_sysbios_family_arm_m3_Hwi_Module__startupDone__F)
                  0000cb60    00000018     sysbios.aem4f : m3_TaskSupport_asm.obj (.text:ti_sysbios_family_arm_m3_TaskSupport_swap__E)
                  0000cb78    00000018                   : BIOS.obj (.text:ti_sysbios_gates_GateMutex_leave__E)
                  0000cb90    00000018     ti.targets.arm.rtsarm.aem4f : Error.oem4f (.text:xdc_runtime_Error_check__E)
                  0000cba8    00000018                                 : System.oem4f (.text:xdc_runtime_System_exit__E)
                  0000cbc0    00000018                                 : Text.oem4f (.text:xdc_runtime_Text_ropeText__E)
                  0000cbd8    00000016     grlib.lib : string.obj (.text:GrStringDraw)
                  0000cbee    00000016     driverlib.lib : i2c.obj (.text:I2CMasterErr)
                  0000cc04    00000016     rtsv7M4_T_le_v4SPD16_eabi.lib : strchr.c.obj (.text:strchr)
                  0000cc1a    00000016     empty_pem4f.oem4f (.text:ti_sysbios_BIOS_exitFunc__I)
                  0000cc30    00000016     motorCode.obj (.text:ti_sysbios_gates_GateHwi_Params_init)
                  0000cc46    00000016     motorCode.obj (.text:ti_sysbios_hal_Hwi_Params_init)
                  0000cc5c    00000016     empty.obj (.text:ti_sysbios_knl_Clock_Params_init)
                  0000cc72    00000016     motorCode.obj (.text:ti_sysbios_knl_Clock_Params_init)
                  0000cc88    00000016     motorCode.obj (.text:ti_sysbios_knl_Semaphore_Params_init)
                  0000cc9e    00000014     grlib.lib : canvas.obj (.text:CanvasMsgProc)
                  0000ccb2    00000002     --HOLE-- [fill = 0]
                  0000ccb4    00000014     Kentec320x240x16_ssd2119_spi.obj (.text:LED_OFF)
                  0000ccc8    00000014     Kentec320x240x16_ssd2119_spi.obj (.text:LED_ON)
                  0000ccdc    00000014     grlib_demo.obj (.text:OnSettingAcceleration)
                  0000ccf0    00000014     grlib_demo.obj (.text:OnSettingCurrent)
                  0000cd04    00000014     grlib_demo.obj (.text:OnSettingSpeed)
                  0000cd18    00000014     driverlib.lib : pwm.obj (.text:PWMClockSet)
                  0000cd2c    00000014                   : sysctl.obj (.text:SysCtlPWMClockSet)
                  0000cd40    00000014     touch.obj (.text:TouchScreenCallbackSet)
                  0000cd54    00000014     driverlib.lib : uart.obj (.text:UARTEnable)
                  0000cd68    00000014     grlib.lib : widget.obj (.text:WidgetMutexGet)
                  0000cd7c    00000014     motorCode.obj (.text:getSpeed)
                  0000cd90    00000014     rtsv7M4_T_le_v4SPD16_eabi.lib : strlen.c.obj (.text:strlen)
                  0000cda4    00000014     empty_pem4f.oem4f (.text:ti_sysbios_family_arm_m3_Hwi_Object__get__S)
                  0000cdb8    00000014     sysbios.aem4f : BIOS.obj (.text:ti_sysbios_family_arm_m3_Hwi_switchFromBootStack__E)
                  0000cdcc    00000014     empty_pem4f.oem4f (.text:ti_sysbios_heaps_HeapMem_Object__get__S)
                  0000cde0    00000014     sysbios.aem4f : BIOS.obj (.text:ti_sysbios_knl_Event_Instance_init__E)
                  0000cdf4    00000014     empty_pem4f.oem4f (.text:ti_sysbios_knl_Swi_Object__get__S)
                  0000ce08    00000012     driverlib.lib : gpio.obj (.text:GPIOPinTypeADC)
                  0000ce1a    00000012                   : gpio.obj (.text:GPIOPinTypeEthernetLED)
                  0000ce2c    00000012                   : gpio.obj (.text:GPIOPinTypeGPIOInput)
                  0000ce3e    00000012                   : gpio.obj (.text:GPIOPinTypeI2C)
                  0000ce50    00000012                   : gpio.obj (.text:GPIOPinTypeI2CSCL)
                  0000ce62    00000012                   : gpio.obj (.text:GPIOPinTypePWM)
                  0000ce74    00000012                   : gpio.obj (.text:GPIOPinTypeSSI)
                  0000ce86    00000012                   : gpio.obj (.text:GPIOPinTypeTimer)
                  0000ce98    00000012                   : gpio.obj (.text:GPIOPinTypeUART)
                  0000ceaa    00000012                   : gpio.obj (.text:GPIOPinTypeUSBAnalog)
                  0000cebc    00000012                   : gpio.obj (.text:GPIOPinTypeUSBDigital)
                  0000cece    00000012                   : pwm.obj (.text:PWMGenPeriodGet)
                  0000cee0    00000012                   : pwm.obj (.text:PWMOutputInvert)
                  0000cef2    00000012                   : pwm.obj (.text:PWMOutputState)
                  0000cf04    00000012     drivers_tivaware.aem4f : RingBuf.oem4f (.text:RingBuf_construct)
                  0000cf16    00000012     driverlib.lib : ssi.obj (.text:SSIDataGetNonBlocking)
                  0000cf28    00000012                   : timer.obj (.text:TimerLoadSet)
                  0000cf3a    00000012                   : timer.obj (.text:TimerMatchSet)
                  0000cf4c    00000012                   : timer.obj (.text:TimerPrescaleMatchSet)
                  0000cf5e    00000012                   : timer.obj (.text:TimerPrescaleSet)
                  0000cf70    00000012     sysbios.aem4f : BIOS.obj (.text:ti_sysbios_hal_Hwi_Module_startup__E)
                  0000cf82    00000012     rtsv7M4_T_le_v4SPD16_eabi.lib : wcslen.c.obj (.text:wcslen)
                  0000cf94    00000012     empty_pem4f.oem4f (.text:xdc_runtime_Startup_exec__I)
                  0000cfa6    00000002     --HOLE-- [fill = 0]
                  0000cfa8    00000010     empty_pem4f.oem4f (.text:.bootCodeSection:ti_catalog_arm_cortexm4_tiva_ce_Boot_init__I)
                  0000cfb8    00000010     driverlib.lib : adc.obj (.text:ADCIntEnable)
                  0000cfc8    00000010                   : pwm.obj (.text:PWMGenPeriodSet)
                  0000cfd8    00000010     drivers_tivaware.aem4f : PWM.oem4f (.text:PWM_Params_init)
                  0000cfe8    00000010                            : UARTTiva.oem4f (.text:readBlockingTimeout)
                  0000cff8    00000010     sysbios.aem4f : BIOS.obj (.text:ti_sysbios_BIOS_getCpuFreq__E)
                  0000d008    00000010                   : BIOS.obj (.text:ti_sysbios_BIOS_setThreadType__E)
                  0000d018    00000010                   : BIOS.obj (.text:ti_sysbios_BIOS_start__E)
                  0000d028    00000010                   : m3_TaskSupport_asm.obj (.text:ti_sysbios_family_arm_m3_TaskSupport_glue)
                  0000d038    00000010                   : BIOS.obj (.text:ti_sysbios_gates_GateMutex_Instance_finalize__E)
                  0000d048    00000010     empty_pem4f.oem4f (.text:ti_sysbios_hal_Hwi_HwiProxy_Object__create__S)
                  0000d058    00000010     sysbios.aem4f : BIOS.obj (.text:ti_sysbios_knl_Semaphore_Instance_finalize__E)
                  0000d068    00000010                   : BIOS.obj (.text:ti_sysbios_knl_Swi_disable__E)
                  0000d078    00000010     empty_pem4f.oem4f (.text:ti_sysbios_knl_Task_Object__get__S)
                  0000d088    00000010     sysbios.aem4f : BIOS.obj (.text:ti_sysbios_knl_Task_disable__E)
                  0000d098    00000010     ti.targets.arm.rtsarm.aem4f : Gate.oem4f (.text:xdc_runtime_Gate_leaveSystem__E)
                  0000d0a8    00000010                                 : Memory.oem4f (.text:xdc_runtime_Memory_free__E)
                  0000d0b8    00000010                                 : SysMin.oem4f (.text:xdc_runtime_SysMin_ready__E)
                  0000d0c8    00000010                                 : System.oem4f (.text:xdc_runtime_System_vsnprintf__E)
                  0000d0d8    00000010     empty_pem4f.oem4f (.text:xdc_runtime_Text_visitRope__I)
                  0000d0e8    0000000e     driverlib.lib : adc.obj (.text:ADCSequenceEnable)
                  0000d0f6    0000000e                   : gpio.obj (.text:GPIOIntStatus)
                  0000d104    0000000e     grlib.lib : image.obj (.text:GrImageDraw)
                  0000d112    0000000e     driverlib.lib : timer.obj (.text:TimerEnable)
                  0000d120    0000000e                   : uart.obj (.text:UARTCharGetNonBlocking)
                  0000d12e    0000000e                   : uart.obj (.text:UARTCharPutNonBlocking)
                  0000d13c    0000000e     rtsv7M4_T_le_v4SPD16_eabi.lib : copy_decompress_none.c.obj (.text:decompress:none:__TI_decompress_none)
                  0000d14a    00000006     grlib.lib : string.obj (.text:GrContextFontSet)
                  0000d150    0000000e     sysbios.aem4f : BIOS.obj (.text:ti_sysbios_knl_Idle_loop__E)
                  0000d15e    00000002     --HOLE-- [fill = 0]
                  0000d160    0000000e                   : BIOS.obj (.text:ti_sysbios_knl_Queue_empty__E)
                  0000d16e    0000000c     driverlib.lib : gpio.obj (.text:GPIOIntEnable)
                  0000d17a    0000000c                   : pwm.obj (.text:PWMGenDisable)
                  0000d186    0000000c                   : pwm.obj (.text:PWMGenEnable)
                  0000d192    0000000c     drivers_tivaware.aem4f : RingBuf.oem4f (.text:RingBuf_peek)
                  0000d19e    0000000c     driverlib.lib : uart.obj (.text:UARTFlowControlSet)
                  0000d1aa    0000000c     drivers_tivaware.aem4f : UARTTiva.oem4f (.text:UARTTiva_init)
                  0000d1b6    00000002     --HOLE-- [fill = 0]
                  0000d1b8    0000000c     rtsv7M4_T_le_v4SPD16_eabi.lib : _lock.c.obj (.text:_register_lock)
                  0000d1c4    0000000c                                   : _lock.c.obj (.text:_register_unlock)
                  0000d1d0    0000000c                                   : copy_zero_init.c.obj (.text:decompress:ZI:__TI_zero_init)
                  0000d1dc    0000000c     motorCode.obj (.text:getState)
                  0000d1e8    0000000c     sysbios.aem4f : BIOS.obj (.text:ti_sysbios_family_arm_lm4_Timer_getAvailMask__E)
                  0000d1f4    00000004     --HOLE-- [fill = 0]
                  0000d1f8    0000000c                   : BIOS.obj (.text:ti_sysbios_family_arm_lm4_Timer_getMaxTicks__E)
                  0000d204    0000000c     empty_pem4f.oem4f (.text:ti_sysbios_family_arm_m3_Hwi_Params__init__S)
                  0000d210    0000000c     sysbios.aem4f : BIOS.obj (.text:ti_sysbios_family_arm_m3_Hwi_disableFxn__E)
                  0000d21c    00000004     --HOLE-- [fill = 0]
                  0000d220    0000000c                   : BIOS.obj (.text:ti_sysbios_family_arm_m3_TaskSupport_checkStack__E)
                  0000d22c    0000000c     empty_pem4f.oem4f (.text:ti_sysbios_gates_GateHwi_Params__init__S)
                  0000d238    0000000c     sysbios.aem4f : BIOS.obj (.text:ti_sysbios_gates_GateHwi_enter__E)
                  0000d244    0000000c     empty_pem4f.oem4f (.text:ti_sysbios_hal_Hwi_Params__init__S)
                  0000d250    0000000c     empty_pem4f.oem4f (.text:ti_sysbios_knl_Clock_Params__init__S)
                  0000d25c    00000004     --HOLE-- [fill = 0]
                  0000d260    0000000c     sysbios.aem4f : BIOS.obj (.text:ti_sysbios_knl_Clock_getTicks__E)
                  0000d26c    0000000c     motorCode.obj (.text:ti_sysbios_knl_Event_handle)
                  0000d278    0000000c     empty_pem4f.oem4f (.text:ti_sysbios_knl_Queue_Object__get__S)
                  0000d284    0000000c     empty_pem4f.oem4f (.text:ti_sysbios_knl_Semaphore_Params__init__S)
                  0000d290    0000000c     motorCode.obj (.text:ti_sysbios_knl_Semaphore_handle)
                  0000d29c    0000000c     empty.obj (.text:updateGraphUI)
                  0000d2a8    0000000c     ti.targets.arm.rtsarm.aem4f : Error.oem4f (.text:xdc_runtime_Error_init__E)
                  0000d2b4    0000000c                                 : Gate.oem4f (.text:xdc_runtime_Gate_enterSystem__E)
                  0000d2c0    0000000c                                 : Memory.oem4f (.text:xdc_runtime_Memory_calloc__E)
                  0000d2cc    0000000c                                 : Memory.oem4f (.text:xdc_runtime_Memory_getMaxDefaultTypeAlign__E)
                  0000d2d8    0000000a     driverlib.lib : adc.obj (.text:ADCIntClear)
                  0000d2e2    0000000a                   : i2c.obj (.text:I2CMasterDisable)
                  0000d2ec    0000000a                   : i2c.obj (.text:I2CMasterEnable)
                  0000d2f6    0000000a     drivers_tivaware.aem4f : I2CTiva.oem4f (.text:I2CTiva_init)
                  0000d300    0000000a     Kentec320x240x16_ssd2119_spi.obj (.text:Kentec320x240x16_SSD2119Flush)
                  0000d30a    0000000a     drivers_tivaware.aem4f : PWMTimerTiva.oem4f (.text:PWMTimerTiva_getPeriodCounts)
                  0000d314    0000000a                            : PWM.oem4f (.text:PWM_setDuty)
                  0000d31e    0000000a     driverlib.lib : ssi.obj (.text:SSIDataPut)
                  0000d328    0000000a                   : ssi.obj (.text:SSIEnable)
                  0000d332    0000000a                   : uart.obj (.text:UARTCharGet)
                  0000d33c    0000000a                   : uart.obj (.text:UARTCharPut)
                  0000d346    0000000a                   : uart.obj (.text:UARTIntDisable)
                  0000d350    0000000a                   : uart.obj (.text:UARTIntStatus)
                  0000d35a    0000000a     drivers_tivaware.aem4f : UART.oem4f (.text:UART_write)
                  0000d364    0000000a     rtsv7M4_T_le_v4SPD16_eabi.lib : sprintf.c.obj (.text:_outc)
                  0000d36e    00000002     --HOLE-- [fill = 0]
                  0000d370    0000000a     sysbios.aem4f : BIOS.obj (.text:ti_sysbios_hal_Hwi_Instance_finalize__E)
                  0000d37a    0000000a     empty_pem4f.oem4f (.text:xdc_runtime_IHeap_alloc)
                  0000d384    0000000a     empty_pem4f.oem4f (.text:xdc_runtime_IHeap_free)
                  0000d38e    00000008     EK_TM4C1294XL.obj (.text:EK_TM4C1294XL_initGPIO)
                  0000d396    00000008     grlib.lib : charmap.obj (.text:GrMapISO8859_1_Unicode)
                  0000d39e    00000008     driverlib.lib : i2c.obj (.text:I2CMasterIntClear)
                  0000d3a6    00000008                   : i2c.obj (.text:I2CMasterSlaveAddrSet)
                  0000d3ae    00000008     drivers_tivaware.aem4f : I2CTiva.oem4f (.text:I2CTiva_blockingCallback)
                  0000d3b6    00000008                            : PWMTimerTiva.oem4f (.text:PWMTimerTiva_init)
                  0000d3be    00000008     driverlib.lib : ssi.obj (.text:SSIBusy)
                  0000d3c6    00000008                   : uart.obj (.text:UARTIntEnable)
                  0000d3ce    00000008                   : uart.obj (.text:UARTRxErrorGet)
                  0000d3d6    00000002     --HOLE-- [fill = 0]
                  0000d3d8    00000008     rtsv7M4_T_le_v4SPD16_eabi.lib : errno.c.obj (.text:__aeabi_errno_addr)
                  0000d3e0    00000008     drivers_tivaware.aem4f : UARTTiva.oem4f (.text:readSemCallback)
                  0000d3e8    00000008     sysbios.aem4f : BIOS.obj (.text:ti_sysbios_family_arm_lm4_Timer_masterDisable__I)
                  0000d3f0    00000008                   : BIOS.obj (.text:ti_sysbios_family_arm_m3_Hwi_doSwiRestore__I)
                  0000d3f8    00000008                   : BIOS.obj (.text:ti_sysbios_family_arm_m3_Hwi_startup__E)
                  0000d400    00000008     drivers_tivaware.aem4f : UARTTiva.oem4f (.text:writeSemCallback)
                  0000d408    00000006     driverlib.lib : i2c.obj (.text:I2CMasterIntDisable)
                  0000d40e    00000006                   : i2c.obj (.text:I2CMasterIntEnable)
                  0000d414    00000006     drivers_tivaware.aem4f : I2CTiva.oem4f (.text:I2CTiva_control)
                  0000d41a    00000006                            : PWMTimerTiva.oem4f (.text:PWMTimerTiva_getPeriodMicroSecs)
                  0000d420    00000006     driverlib.lib : sysctl.obj (.text:SysCtlDelay)
                  0000d426    00000006                   : uart.obj (.text:UARTFIFOLevelSet)
                  0000d42c    00000006                   : uart.obj (.text:UARTRxErrorClear)
                  0000d432    00000006     grlib.lib : widget.obj (.text:WidgetMutexPut)
                  0000d438    00000006     sysbios.aem4f : BIOS.obj (.text:ti_sysbios_family_arm_m3_Hwi_doTaskRestore__I)
                  0000d43e    00000002     --HOLE-- [fill = 0]
                  0000d440    00000006                   : BIOS.obj (.text:ti_sysbios_family_arm_m3_Hwi_restoreFxn__E)
                  0000d446    00000002     --HOLE-- [fill = 0]
                  0000d448    00000006                   : BIOS.obj (.text:ti_sysbios_gates_GateHwi_leave__E)
                  0000d44e    00000002     --HOLE-- [fill = 0]
                  0000d450    00000006                   : BIOS.obj (.text:ti_sysbios_heaps_HeapMem_isBlocking__E)
                  0000d456    00000002     --HOLE-- [fill = 0]
                  0000d458    00000006                   : BIOS.obj (.text:ti_sysbios_knl_Clock_stop__E)
                  0000d45e    00000002     --HOLE-- [fill = 0]
                  0000d460    00000006                   : BIOS.obj (.text:ti_sysbios_knl_Queue_Instance_init__E)
                  0000d466    00000002     --HOLE-- [fill = 0]
                  0000d468    00000006                   : BIOS.obj (.text:ti_sysbios_knl_Swi_startup__E)
                  0000d46e    00000006     ti.targets.arm.rtsarm.aem4f : System.oem4f (.text:xdc_runtime_System_Module_startup__E)
                  0000d474    00000004     --HOLE-- [fill = 0]
                  0000d478    00000004     sysbios.aem4f : BIOS.obj (.text:ti_sysbios_gates_GateHwi_query__E)
                  0000d47c    00000004     --HOLE-- [fill = 0]
                  0000d480    00000004                   : BIOS.obj (.text:ti_sysbios_gates_GateMutex_query__E)
                  0000d484    00000004     --HOLE-- [fill = 0]
                  0000d488    00000004                   : BIOS.obj (.text:ti_sysbios_knl_Task_startup__E)
                  0000d48c    00000004     --HOLE-- [fill = 0]
                  0000d490    00000002                   : BIOS.obj (.text:ti_sysbios_gates_GateHwi_Instance_init__E)
                  0000d492    00000006     --HOLE-- [fill = 0]
                  0000d498    00000002                   : BIOS.obj (.text:ti_sysbios_knl_Clock_logTick__E)

.const     0    0000d49c    000039fc     
                  0000d49c    00001922     empty_pem4f.oem4f (.const:xdc_runtime_Text_charTab__A)
                  0000edbe    000007e5     grlib.lib : fontcmss18.obj (.const:.string:g_pui8Cmss18Data)
                  0000f5a3    00000782               : fontcmss18b.obj (.const:.string:g_pui8Cmss18bData)
                  0000fd25    00000001     empty_pem4f.oem4f (.const:xdc_runtime_Error_policy__C)
                  0000fd26    00000002     empty_pem4f.oem4f (.const:ti_catalog_arm_cortexm4_tiva_ce_Boot_Module__id__C)
                  0000fd28    000001b0     driverlib.lib : sysctl.obj (.const:g_pppui32XTALtoVCO)
                  0000fed8    00000120     Boot.aem4f : Boot_sysctl.oem4f (.const:g_pppui32XTALtoVCO)
                  0000fff8    00000101     rtsv7M4_T_le_v4SPD16_eabi.lib : ctype.c.obj (.const:.string:_ctypes_)
                  000100f9    00000001     --HOLE-- [fill = 0]
                  000100fa    00000002     empty_pem4f.oem4f (.const:ti_sysbios_family_arm_m3_Hwi_Module__id__C)
                  000100fc    000000c8     grlib.lib : fontcmss18.obj (.const:g_sFontCmss18)
                  000101c4    000000c8               : fontcmss18b.obj (.const:g_sFontCmss18b)
                  0001028c    000000c0     empty_pem4f.oem4f (.const:xdc_runtime_Text_nodeTab__A)
                  0001034c    0000009e     grlib_demo.obj (.const:.string)
                  000103ea    00000002     empty_pem4f.oem4f (.const:ti_sysbios_gates_GateMutex_Module__id__C)
                  000103ec    00000090     driverlib.lib : gpio.obj (.const:g_pui32GPIOBaseAddrs)
                  0001047c    00000070                   : interrupt.obj (.const)
                  000104ec    0000006c     Boot.aem4f : Boot_sysctl.oem4f (.const:g_pui32Xtals)
                  00010558    0000006c     driverlib.lib : sysctl.obj (.const:g_pui32Xtals)
                  000105c4    00000060     MotorLib.lib : motorlib.obj (.const:PWM_config)
                  00010624    00000058     empty_pem4f.oem4f (.const:.string)
                  0001067c    00000054     drivers_tivaware.aem4f : GPIOTiva.oem4f (.const:.string)
                  000106d0    00000054     MotorLib.lib : motorlib.obj (.const:motorLibPWMTivaHWAttrs)
                  00010724    0000004c     drivers_tivaware.aem4f : UARTTiva.oem4f (.const)
                  00010770    00000048                            : GPIOTiva.oem4f (.const:gpioBaseAddresses)
                  000107b8    00000030     Boot.aem4f : Boot_sysctl.oem4f (.const:g_sXTALtoMEMTIM)
                  000107e8    00000030     driverlib.lib : sysctl.obj (.const:g_sXTALtoMEMTIM)
                  00010818    00000030     empty_pem4f.oem4f (.const:ti_sysbios_family_arm_m3_Hwi_Object__PARAMS__C)
                  00010848    0000002c     empty_pem4f.oem4f (.const:ti_sysbios_hal_Hwi_Object__PARAMS__C)
                  00010874    00000028     drivers_tivaware.aem4f : UARTTiva.oem4f (.const:UARTTiva_fxnTable)
                  0001089c    00000028     Kentec320x240x16_ssd2119_spi.obj (.const:g_sKentec320x240x16_SSD2119)
                  000108c4    00000028     empty_pem4f.oem4f (.const:ti_sysbios_heaps_HeapMem_Module__FXNS__C)
                  000108ec    00000024     EK_TM4C1294XL.obj (.const:I2C_config)
                  00010910    00000024     drivers_tivaware.aem4f : UART.oem4f (.const:UART_defaultParams)
                  00010934    00000024     empty_pem4f.oem4f (.const:ti_sysbios_gates_GateHwi_Module__FXNS__C)
                  00010958    00000024     empty_pem4f.oem4f (.const:ti_sysbios_gates_GateMutex_Module__FXNS__C)
                  0001097c    00000024     empty_pem4f.oem4f (.const:ti_sysbios_heaps_HeapMem_Object__PARAMS__C)
                  000109a0    00000024     empty_pem4f.oem4f (.const:ti_sysbios_knl_Clock_Object__PARAMS__C)
                  000109c4    00000024     empty_pem4f.oem4f (.const:ti_sysbios_knl_Semaphore_Object__PARAMS__C)
                  000109e8    00000020     drivers_tivaware.aem4f : PWMTimerTiva.oem4f (.const)
                  00010a08    00000020                            : PWMTiva.oem4f (.const)
                  00010a28    00000020     empty_pem4f.oem4f (.const:ti_sysbios_family_arm_m3_Hwi_Object__DESC__C)
                  00010a48    00000020     empty_pem4f.oem4f (.const:ti_sysbios_gates_GateHwi_Object__DESC__C)
                  00010a68    00000020     empty_pem4f.oem4f (.const:ti_sysbios_gates_GateMutex_Object__DESC__C)
                  00010a88    00000020     empty_pem4f.oem4f (.const:ti_sysbios_hal_Hwi_Object__DESC__C)
                  00010aa8    00000020     empty_pem4f.oem4f (.const:ti_sysbios_heaps_HeapMem_Object__DESC__C)
                  00010ac8    00000020     empty_pem4f.oem4f (.const:ti_sysbios_knl_Clock_Object__DESC__C)
                  00010ae8    00000020     empty_pem4f.oem4f (.const:ti_sysbios_knl_Event_Object__DESC__C)
                  00010b08    00000020     empty_pem4f.oem4f (.const:ti_sysbios_knl_Queue_Object__DESC__C)
                  00010b28    00000020     empty_pem4f.oem4f (.const:ti_sysbios_knl_Semaphore_Object__DESC__C)
                  00010b48    00000020     empty_pem4f.oem4f (.const:xdc_runtime_Startup_sfxnTab__A)
                  00010b68    0000001c     drivers_tivaware.aem4f : I2CTiva.oem4f (.const)
                  00010b84    0000001c     touch.obj (.const:g_pi32TouchParameters)
                  00010ba0    00000018     EK_TM4C1294XL.obj (.const:UART_config)
                  00010bb8    00000018     EK_TM4C1294XL.obj (.const:i2cTivaHWAttrs)
                  00010bd0    00000018     empty_pem4f.oem4f (.const:ti_sysbios_gates_GateHwi_Object__PARAMS__C)
                  00010be8    00000018     empty_pem4f.oem4f (.const:ti_sysbios_gates_GateMutex_Object__PARAMS__C)
                  00010c00    00000018     empty_pem4f.oem4f (.const:ti_sysbios_knl_Event_Object__PARAMS__C)
                  00010c18    00000018     empty_pem4f.oem4f (.const:ti_sysbios_knl_Queue_Object__PARAMS__C)
                  00010c30    00000018     EK_TM4C1294XL.obj (.const:uartTivaHWAttrs)
                  00010c48    00000014     EK_TM4C1294XL.obj (.const:GPIOTiva_config)
                  00010c5c    00000014     empty_pem4f.oem4f (.const:xdc_runtime_Startup_firstFxns__A)
                  00010c70    00000010     grlib.lib : context.obj (.const)
                  00010c80    00000010     MotorLib.lib : motorlib.obj (.const:motorLibPWMTimerTivaHWAttrs)
                  00010c90    00000010     empty_pem4f.oem4f (.const:xdc_runtime_Startup_sfxnRts__A)
                  00010ca0    0000000c     drivers_tivaware.aem4f : PWM.oem4f (.const)
                  00010cac    00000008     Boot.aem4f : Boot_sysctl.oem4f (.const)
                  00010cb4    00000008     driverlib.lib : sysctl.obj (.const)
                  00010cbc    00000008     empty_pem4f.oem4f (.const:ti_sysbios_family_arm_m3_Hwi_excHookFuncs__A)
                  00010cc4    00000008     empty_pem4f.oem4f (.const:ti_sysbios_knl_Idle_funcList__C)
                  00010ccc    00000008     empty_pem4f.oem4f (.const:xdc_runtime_Startup_firstFxns__C)
                  00010cd4    00000008     empty_pem4f.oem4f (.const:xdc_runtime_Startup_lastFxns__C)
                  00010cdc    00000004     empty_pem4f.oem4f (.const:ti_catalog_arm_cortexm4_tiva_ce_Boot_A_mustNotUseEnhancedClockMode__C)
                  00010ce0    00000004     empty_pem4f.oem4f (.const:ti_catalog_arm_cortexm4_tiva_ce_Boot_Module__diagsEnabled__C)
                  00010ce4    00000004     empty_pem4f.oem4f (.const:ti_catalog_arm_cortexm4_tiva_ce_Boot_Module__diagsIncluded__C)
                  00010ce8    00000004     empty_pem4f.oem4f (.const:ti_catalog_arm_cortexm4_tiva_ce_Boot_Module__diagsMask__C)
                  00010cec    00000004     empty_pem4f.oem4f (.const:ti_sysbios_family_arm_lm4_Timer_enableFunc__C)
                  00010cf0    00000004     empty_pem4f.oem4f (.const:ti_sysbios_family_arm_lm4_Timer_numTimerDevices__C)
                  00010cf4    00000004     empty_pem4f.oem4f (.const:ti_sysbios_family_arm_lm4_Timer_startupNeeded__C)
                  00010cf8    00000004     empty_pem4f.oem4f (.const:ti_sysbios_family_arm_m3_Hwi_E_NMI__C)
                  00010cfc    00000004     empty_pem4f.oem4f (.const:ti_sysbios_family_arm_m3_Hwi_E_alreadyDefined__C)
                  00010d00    00000004     empty_pem4f.oem4f (.const:ti_sysbios_family_arm_m3_Hwi_E_busFault__C)
                  00010d04    00000004     empty_pem4f.oem4f (.const:ti_sysbios_family_arm_m3_Hwi_E_debugMon__C)
                  00010d08    00000004     empty_pem4f.oem4f (.const:ti_sysbios_family_arm_m3_Hwi_E_hardFault__C)
                  00010d0c    00000004     empty_pem4f.oem4f (.const:ti_sysbios_family_arm_m3_Hwi_E_memFault__C)
                  00010d10    00000004     empty_pem4f.oem4f (.const:ti_sysbios_family_arm_m3_Hwi_E_noIsr__C)
                  00010d14    00000004     empty_pem4f.oem4f (.const:ti_sysbios_family_arm_m3_Hwi_E_reserved__C)
                  00010d18    00000004     empty_pem4f.oem4f (.const:ti_sysbios_family_arm_m3_Hwi_E_svCall__C)
                  00010d1c    00000004     empty_pem4f.oem4f (.const:ti_sysbios_family_arm_m3_Hwi_E_usageFault__C)
                  00010d20    00000004     empty_pem4f.oem4f (.const:ti_sysbios_family_arm_m3_Hwi_NUM_INTERRUPTS__C)
                  00010d24    00000004     empty_pem4f.oem4f (.const:ti_sysbios_family_arm_m3_Hwi_Object__count__C)
                  00010d28    00000004     empty_pem4f.oem4f (.const:ti_sysbios_family_arm_m3_Hwi_ccr__C)
                  00010d2c    00000004     empty_pem4f.oem4f (.const:ti_sysbios_family_arm_m3_Hwi_excHandlerFunc__C)
                  00010d30    00000004     empty_pem4f.oem4f (.const:ti_sysbios_family_arm_m3_Hwi_excHookFuncs__C)
                  00010d34    00000004     empty_pem4f.oem4f (.const:ti_sysbios_family_arm_m3_Hwi_nullIsrFunc__C)
                  00010d38    00000004     empty_pem4f.oem4f (.const:ti_sysbios_family_arm_m3_Hwi_priGroup__C)
                  00010d3c    00000004     empty_pem4f.oem4f (.const:ti_sysbios_gates_GateMutex_A_badContext__C)
                  00010d40    00000004     empty_pem4f.oem4f (.const:ti_sysbios_gates_GateMutex_Instance_State_sem__O)
                  00010d44    00000004     empty_pem4f.oem4f (.const:ti_sysbios_gates_GateMutex_Module__diagsEnabled__C)
                  00010d48    00000004     empty_pem4f.oem4f (.const:ti_sysbios_gates_GateMutex_Module__diagsIncluded__C)
                  00010d4c    00000004     empty_pem4f.oem4f (.const:ti_sysbios_gates_GateMutex_Module__diagsMask__C)
                  00010d50    00000004     empty_pem4f.oem4f (.const:ti_sysbios_hal_Hwi_E_stackOverflow__C)
                  00010d54    00000004     empty_pem4f.oem4f (.const:ti_sysbios_heaps_HeapMem_A_align__C)
                  00010d58    00000004     empty_pem4f.oem4f (.const:ti_sysbios_heaps_HeapMem_A_heapSize__C)
                  00010d5c    00000004     empty_pem4f.oem4f (.const:ti_sysbios_heaps_HeapMem_A_invalidFree__C)
                  00010d60    00000004     empty_pem4f.oem4f (.const:ti_sysbios_heaps_HeapMem_A_zeroBlock__C)
                  00010d64    00000004     empty_pem4f.oem4f (.const:ti_sysbios_heaps_HeapMem_E_memory__C)
                  00010d68    00000004     empty_pem4f.oem4f (.const:ti_sysbios_heaps_HeapMem_Module__diagsEnabled__C)
                  00010d6c    00000004     empty_pem4f.oem4f (.const:ti_sysbios_heaps_HeapMem_Module__diagsIncluded__C)
                  00010d70    00000004     empty_pem4f.oem4f (.const:ti_sysbios_heaps_HeapMem_Module__diagsMask__C)
                  00010d74    00000004     empty_pem4f.oem4f (.const:ti_sysbios_heaps_HeapMem_Module__gateObj__C)
                  00010d78    00000004     empty_pem4f.oem4f (.const:ti_sysbios_heaps_HeapMem_Object__count__C)
                  00010d7c    00000004     empty_pem4f.oem4f (.const:ti_sysbios_heaps_HeapMem_reqAlign__C)
                  00010d80    00000004     empty_pem4f.oem4f (.const:ti_sysbios_knl_Clock_A_badThreadType__C)
                  00010d84    00000004     empty_pem4f.oem4f (.const:ti_sysbios_knl_Clock_Module_State_clockQ__O)
                  00010d88    00000004     empty_pem4f.oem4f (.const:ti_sysbios_knl_Clock_Module__diagsEnabled__C)
                  00010d8c    00000004     empty_pem4f.oem4f (.const:ti_sysbios_knl_Clock_Module__diagsIncluded__C)
                  00010d90    00000004     empty_pem4f.oem4f (.const:ti_sysbios_knl_Clock_Module__diagsMask__C)
                  00010d94    00000004     empty_pem4f.oem4f (.const:ti_sysbios_knl_Event_A_nullEventId__C)
                  00010d98    00000004     empty_pem4f.oem4f (.const:ti_sysbios_knl_Event_Instance_State_pendQ__O)
                  00010d9c    00000004     empty_pem4f.oem4f (.const:ti_sysbios_knl_Event_Module__diagsEnabled__C)
                  00010da0    00000004     empty_pem4f.oem4f (.const:ti_sysbios_knl_Event_Module__diagsIncluded__C)
                  00010da4    00000004     empty_pem4f.oem4f (.const:ti_sysbios_knl_Event_Module__diagsMask__C)
                  00010da8    00000004     empty_pem4f.oem4f (.const:ti_sysbios_knl_Idle_funcList__A)
                  00010dac    00000004     empty_pem4f.oem4f (.const:ti_sysbios_knl_Semaphore_A_badContext__C)
                  00010db0    00000004     empty_pem4f.oem4f (.const:ti_sysbios_knl_Semaphore_A_noEvents__C)
                  00010db4    00000004     empty_pem4f.oem4f (.const:ti_sysbios_knl_Semaphore_A_overflow__C)
                  00010db8    00000004     empty_pem4f.oem4f (.const:ti_sysbios_knl_Semaphore_A_pendTaskDisabled__C)
                  00010dbc    00000004     empty_pem4f.oem4f (.const:ti_sysbios_knl_Semaphore_Instance_State_pendQ__O)
                  00010dc0    00000004     empty_pem4f.oem4f (.const:ti_sysbios_knl_Semaphore_Module__diagsEnabled__C)
                  00010dc4    00000004     empty_pem4f.oem4f (.const:ti_sysbios_knl_Semaphore_Module__diagsIncluded__C)
                  00010dc8    00000004     empty_pem4f.oem4f (.const:ti_sysbios_knl_Semaphore_Module__diagsMask__C)
                  00010dcc    00000004     empty_pem4f.oem4f (.const:ti_sysbios_knl_Swi_Object__count__C)
                  00010dd0    00000004     empty_pem4f.oem4f (.const:ti_sysbios_knl_Task_E_spOutOfBounds__C)
                  00010dd4    00000004     empty_pem4f.oem4f (.const:ti_sysbios_knl_Task_E_stackOverflow__C)
                  00010dd8    00000004     empty_pem4f.oem4f (.const:ti_sysbios_knl_Task_Module_State_inactiveQ__O)
                  00010ddc    00000004     empty_pem4f.oem4f (.const:ti_sysbios_knl_Task_Object__count__C)
                  00010de0    00000004     empty_pem4f.oem4f (.const:ti_sysbios_knl_Task_allBlockedFunc__C)
                  00010de4    00000004     empty_pem4f.oem4f (.const:ti_sysbios_knl_Task_numConstructedTasks__C)
                  00010de8    00000004     empty_pem4f.oem4f (.const:xdc_runtime_Assert_E_assertFailed__C)
                  00010dec    00000004     empty_pem4f.oem4f (.const:xdc_runtime_Core_A_initializedParams__C)
                  00010df0    00000004     empty_pem4f.oem4f (.const:xdc_runtime_Core_Module__diagsEnabled__C)
                  00010df4    00000004     empty_pem4f.oem4f (.const:xdc_runtime_Core_Module__diagsIncluded__C)
                  00010df8    00000004     empty_pem4f.oem4f (.const:xdc_runtime_Core_Module__diagsMask__C)
                  00010dfc    00000004     empty_pem4f.oem4f (.const:xdc_runtime_Error_E_generic__C)
                  00010e00    00000004     empty_pem4f.oem4f (.const:xdc_runtime_Error_E_memory__C)
                  00010e04    00000004     empty_pem4f.oem4f (.const:xdc_runtime_Error_Module__diagsEnabled__C)
                  00010e08    00000004     empty_pem4f.oem4f (.const:xdc_runtime_Error_Module__diagsIncluded__C)
                  00010e0c    00000004     empty_pem4f.oem4f (.const:xdc_runtime_Error_Module__diagsMask__C)
                  00010e10    00000004     empty_pem4f.oem4f (.const:xdc_runtime_Error_Module__loggerFxn8__C)
                  00010e14    00000004     empty_pem4f.oem4f (.const:xdc_runtime_Error_Module__loggerObj__C)
                  00010e18    00000004     empty_pem4f.oem4f (.const:xdc_runtime_Error_policyFxn__C)
[...]
00010de0  ti_sysbios_knl_Task_allBlockedFunc__C                                
00010de4  ti_sysbios_knl_Task_numConstructedTasks__C                           
00010de8  xdc_runtime_Assert_E_assertFailed__C                                 
00010dec  xdc_runtime_Core_A_initializedParams__C                              
00010df0  xdc_runtime_Core_Module__diagsEnabled__C                             
00010df4  xdc_runtime_Core_Module__diagsIncluded__C                            
00010df8  xdc_runtime_Core_Module__diagsMask__C                                
00010dfc  xdc_runtime_Error_E_generic__C                                       
00010e00  xdc_runtime_Error_E_memory__C                                        
00010e04  xdc_runtime_Error_Module__diagsEnabled__C                            
00010e08  xdc_runtime_Error_Module__diagsIncluded__C                           
00010e0c  xdc_runtime_Error_Module__diagsMask__C                               
00010e10  xdc_runtime_Error_Module__loggerFxn8__C                              
00010e14  xdc_runtime_Error_Module__loggerObj__C                               
00010e18  xdc_runtime_Error_policyFxn__C                                       
00010e1c  xdc_runtime_Error_raiseHook__C                                       
00010e20  xdc_runtime_IGateProvider_Interface__BASE__C                         
00010e24  xdc_runtime_IHeap_Interface__BASE__C                                 
00010e28  xdc_runtime_IModule_Interface__BASE__C                               
00010e2c  xdc_runtime_Log_L_error__C                                           
00010e30  xdc_runtime_Memory_defaultHeapInstance__C                            
00010e34  xdc_runtime_Startup_execImpl__C                                      
00010e38  xdc_runtime_Startup_maxPasses__C                                     
00010e3c  xdc_runtime_Startup_sfxnRts__C                                       
00010e40  xdc_runtime_Startup_sfxnTab__C                                       
00010e44  xdc_runtime_SysMin_bufSize__C                                        
00010e48  xdc_runtime_SysMin_outputFunc__C                                     
00010e4c  xdc_runtime_System_Module__gateObj__C                                
00010e50  xdc_runtime_System_abortFxn__C                                       
00010e54  xdc_runtime_System_exitFxn__C                                        
00010e58  xdc_runtime_System_extendFxn__C                                      
00010e5c  xdc_runtime_System_maxAtexitHandlers__C                              
00010e60  xdc_runtime_Text_charTab__C                                          
00010e64  xdc_runtime_Text_nameEmpty__C                                        
00010e68  xdc_runtime_Text_nameStatic__C                                       
00010e6c  xdc_runtime_Text_nameUnknown__C                                      
00010e70  xdc_runtime_Text_nodeTab__C                                          
00010e74  xdc_runtime_Text_visitRopeFxn__C                                     
00010e78  ti_sysbios_hal_Hwi_Module__id__C                                     
00010e7a  ti_sysbios_heaps_HeapMem_Module__id__C                               
00010e7c  ti_sysbios_knl_Clock_Module__id__C                                   
00010e7e  ti_sysbios_knl_Event_Module__id__C                                   
00010e80  ti_sysbios_knl_Semaphore_Module__id__C                               
00010e82  ti_sysbios_knl_Task_Module__id__C                                    
00010e84  xdc_runtime_Core_Module__id__C                                       
00010e86  xdc_runtime_Error_Module__loggerDefined__C                           
00010e88  xdc_runtime_Error_maxDepth__C                                        
00010e8a  xdc_runtime_Main_Module__id__C                                       
00010e8c  xdc_runtime_Memory_Module__id__C                                     
00010e8e  xdc_runtime_SysMin_flushAtExit__C                                    
00010e90  xdc_runtime_Text_charCnt__C                                          
00010e92  xdc_runtime_Text_isLoaded__C                                         
00010e94  xdc_runtime_Text_registryModsLastId__C                               
00010e96  xdc_runtime_Text_unnamedModsLastId__C                                
00010e98  __TI_static_base__                                                   
0001127c  __TI_Handler_Table_Base                                              
00011288  __TI_Handler_Table_Limit                                             
00011298  __TI_CINIT_Base                                                      
000112b0  __TI_CINIT_Limit                                                     
20000000  __start___llvm_prf_cnts                                              
20000000  __stop___llvm_prf_cnts                                               
20000000  ti_sysbios_family_arm_m3_Hwi_ramVectors                              
20000360  ti_sysbios_knl_Task_Instance_State_0_stack__A                        
20000b60  ti_sysbios_knl_Task_Instance_State_1_stack__A                        
20001360  ti_sysbios_knl_Task_Instance_State_2_stack__A                        
20001560  ti_sysbios_heaps_HeapMem_Instance_State_0_buf__A                     
20001960  xdc_runtime_SysMin_Module_State_0_outbuf__A                          
20001d60  ti_sysbios_family_arm_m3_Hwi_dispatchTable                           
20002200  __CIOBUF_                                                            
20002320  i2cTivaObjects                                                       
20002420  uartTivaObjects                                                      
2000257c  motorLibPWMObjects                                                   
200025b4  eb                                                                   
200025e4  sContext                                                             
20002610  clockUpdateGraph                                                     
20002694  maxTime                                                              
200026b4  minTime                                                              
200026d4  uartTivaRingBuffer                                                   
200026f4  semStruct                                                            
20002710  gHwiprms                                                             
20002728  motorLibPWMTimerObjects                                              
20002740  evtStruct                                                            
20002754  valueText                                                            
20002780  graphMax                                                             
20002788  graphMin                                                             
20002790  parmbuf                                                              
20002798  SysTicks                                                             
2000279c  acceleration                                                         
200027a0  acceleration_avg                                                     
200027a4  adc0                                                                 
200027a8  adc1                                                                 
200027ac  currentB                                                             
200027b0  currentC                                                             
200027b4  data_Graph                                                           
200027b8  delta_rpm                                                            
200027bc  delta_time                                                           
200027c0  error                                                                
200027c4  evtHandle                                                            
200027c8  g_accelerationLimit                                                  
200027cc  g_currentLimit                                                       
200027d0  g_drawingGraph                                                       
200027d4  g_motorSpeed                                                         
200027d8  g_numPlotOverflow                                                    
200027dc  g_numPlotPoints                                                      
200027e0  g_pi32ParmSet                                                        
200027e8  g_sCurrentPanel                                                      
200027ec  g_ui32SysClock                                                       
200027f0  gateHwi                                                              
200027f8  graphIntMax                                                          
200027fc  graphIntMin                                                          
20002800  hA                                                                   
20002804  hB                                                                   
20002808  hC                                                                   
2000280c  hallA                                                                
20002810  hallB                                                                
20002814  hallC                                                                
20002818  output                                                               
2000281c  previousPoint                                                        
20002820  pui32ADC0Value                                                       
20002824  pui32ADC1Value                                                       
20002828  rpm_avg                                                              
2000282c  rpm_from_UI                                                          
20002830  semHandle                                                            
20002834  uart                                                                 
20002838  voltageB                                                             
2000283c  voltageC                                                             
20002840  y_graph_step                                                         
20002844  g_i16TouchX                                                          
20002846  g_i16TouchY                                                          
20002848  e_event                                                              
20002849  e_stop                                                               
2000284a  motorStartedUI                                                       
2000284b  motorState                                                           
2000284c  print_from_clock                                                     
2000284d  running                                                              
2000284e  success                                                              
2000284f  updateGraph                                                          
20002850  ti_sysbios_knl_Task_Object__table__V                                 
20002934  ti_sysbios_knl_Swi_Module_State_0_readyQ__A                          
200029b4  motor                                                                
200029b8  prevMotor                                                            
200029bc  prevSysTick                                                          
200029c0  deltaPos                                                             
200029c4  clock_time_mins                                                      
200029c8  clock_time_secs                                                      
200029cc  rpm_actual                                                           
200029d0  acceleration_sum                                                     
200029d4  rpm_prev                                                             
200029d8  integral_error                                                       
200029dc  rpm_desired                                                          
200029e0  rpm_int                                                              
200029e4  jump                                                                 
200029e8  Kp                                                                   
200029ec  Ki                                                                   
200029f0  clock_count                                                          
200029f4  rpm_sum                                                              
200029f8  min_per_sysTick                                                      
200029fc  rotation                                                             
20002a00  rpm_sum_c                                                            
20002a04  dummy                                                                
20002a08  adc_test                                                             
20002a0c  vref                                                                 
20002a10  stepVoltage                                                          
20002a14  shunt                                                                
20002a18  gain                                                                 
20002a1c  g_sGraphAcceleration                                                 
20002a6c  g_sGraphBack                                                         
20002abc  g_sGraphExit                                                         
20002b0c  g_sGraphLight                                                        
20002b5c  g_sGraphOption                                                       
20002bac  g_sGraphPower                                                        
20002bfc  g_sGraphSpeed                                                        
20002c4c  g_sGraphTitle                                                        
20002c9c  g_sMotorOption                                                       
20002cec  g_sSetOption                                                         
20002d3c  g_sSettingAcceleration                                               
20002d8c  g_sSettingBack                                                       
20002ddc  g_sSettingCurrent                                                    
20002e2c  g_sSettingDecrease                                                   
20002e7c  g_sSettingExit                                                       
20002ecc  g_sSettingIncrease                                                   
20002f1c  g_sSettingSpeed                                                      
20002f6c  g_sSettingTitle                                                      
20002fbc  g_sSettingValue                                                      
2000300c  ti_sysbios_knl_Task_Module__state__V                                 
20003050  g_sGraph                                                             
20003090  g_sGraphPage                                                         
200030d0  g_sGraphsMainPage                                                    
20003110  g_sMainPage                                                          
20003150  g_sSettingPage                                                       
20003190  g_sSettingsMainPage                                                  
200031d0  ti_sysbios_family_arm_lm4_Timer_Module_State_0_device__A             
20003210  ti_sysbios_family_arm_lm4_Timer_Object__table__V                     
20003250  ti_sysbios_gates_GateMutex_Object__table__V                          
20003288  ti_sysbios_family_arm_m3_Hwi_Module__state__V                        
200032bc  ti_sysbios_family_arm_m3_Hwi_Object__table__V                        
200032ec  ti_sysbios_knl_Swi_Object__table__V                                  
2000331c  g_sRoot                                                              
2000334a  ti_sysbios_family_arm_m3_Hwi_Module_State_0_excActive__A             
2000334c  ti_sysbios_knl_Clock_Module__state__V                                
20003378  ti_sysbios_BIOS_Module__state__V                                     
2000339c  ti_sysbios_family_arm_lm4_Timer_Module_State_0_handles__A            
200033bc  ti_sysbios_knl_Task_Module_State_0_readyQ__A                         
200033dc  gpioPinConfigs                                                       
200033f8  ti_sysbios_knl_Swi_Module__state__V                                  
2000342c  ti_sysbios_heaps_HeapMem_Object__table__V                            
20003444  x_graph_step                                                         
20003448  x_graph_start                                                        
2000344c  y_graph_start                                                        
20003450  y_graph_max                                                          
20003454  y_graph_end                                                          
20003458  ti_sysbios_family_arm_lm4_Timer_Module__state__V                     
20003464  xdc_runtime_SysMin_Module__state__V                                  
20003470  _lock                                                                
20003474  _unlock                                                              
20003478  gpioCallbackFunctions                                                
20003480  ti_sysbios_family_arm_m3_Hwi_Module__root__V                         
20003488  ti_sysbios_gates_GateHwi_Module__root__V                             
20003490  ti_sysbios_gates_GateMutex_Module__root__V                           
20003498  ti_sysbios_hal_Hwi_Module__root__V                                   
200034a0  ti_sysbios_heaps_HeapMem_Module__root__V                             
200034a8  ti_sysbios_knl_Clock_Module__root__V                                 
200034b0  ti_sysbios_knl_Event_Module__root__V                                 
200034b8  ti_sysbios_knl_Queue_Module__root__V                                 
200034c0  ti_sysbios_knl_Semaphore_Module__root__V                             
200034c8  xdc_runtime_Registry_Module__state__V                                
200034d0  xdc_runtime_Startup_Module__state__V                                 
200034d8  xdc_runtime_System_Module_State_0_atexitHandlers__A                  
200034e0  xdc_runtime_System_Module__state__V                                  
200034ee  xdc_runtime_Error_Module__state__V                                   
200034fc  errno                                                                
20003500  main_func_sp                                                         
20003504  ti_sysbios_family_arm_m3_Hwi_Module_State_0_excContext__A            
20003508  ti_sysbios_family_arm_m3_Hwi_Module_State_0_excStack__A              
2000350c  ti_sysbios_gates_GateHwi_Object__table__V                            
20003510  ti_sysbios_knl_Task_Module_State_0_idleTask__A                       
20003514  g_i16TouchMin                                                        
20003518  xdc_runtime_Memory_Module__state__V                                  
20003520  __stack                                                              
20003820  __STACK_END                                                          
e000e000  ti_sysbios_family_arm_m3_Hwi_nvic                                    
ffffffff  __TI_pprof_out_hndl                                                  
ffffffff  __TI_prof_data_size                                                  
ffffffff  __TI_prof_data_start                                                 
ffffffff  __binit__                                                            
ffffffff  __c_args__                                                           
ffffffff  binit                                                                
UNDEFED   SHT$$INIT_ARRAY$$Base                                                
UNDEFED   SHT$$INIT_ARRAY$$Limit                                               

[956 symbols]
